01-01 00:00:25.568  1722  2022 V MediaScanner: /pruneDeadThumbnailFiles... android.database.sqlite.SQLiteCursor@15f344b8
01-01 00:00:25.611  2177  2240 I ContactLocale: AddressBook Labels [en-US]: [, A, B, C, D, E, F, G, H, I, J, K, L, M, N, O, P, Q, R, S, T, U, V, W, X, Y, Z, , , , , , , , , , , , , , , , , , , , , , , , , , , , , , , , , , , , , , , , , , , , , , , , , , , , , , , , , , , , , , , , , , , , , , , , , , , , , , , , , , , , , , , , , , , , , , , , , , , , , , , , , , , , , , , , , , , , , , , , , , , , , , , , , , , , , , , , , , , , , , , , , , , , , , , , , , , , , , , , , , , , , , , , , , , , , , , , , , , , , , , , , , , , #, ]
01-01 00:00:25.732   318  2245 I AudioPlayer: Pause Playback at 182539
01-01 00:00:25.733   318  1483 I AudioPlayer: reset: mPlaying=0 mReachedEOS=1 useOffload=0
01-01 00:00:25.737   423  1341 E modemanager: readXMLOp:Couldn't open OEM XML file!
01-01 00:00:25.737   423  1341 E modemanager: retrieveMode: Failed to enumerate modes
01-01 00:00:25.738   423  1341 E modemanager: in applyDefaultMode fail to retrieve default mode!
01-01 00:00:25.738   423  1341 I modemanager: in applyDefaultMode ret = 0 mCurMode = -1
01-01 00:00:25.738   423  1341 E PPDaemon: void* applyDefaultModeThreadFunc(void*) failed applying default mode!
01-01 00:00:26.559   440   440 I sh      : type=1400 audit(0.0:32): avc: denied { append } for name="performance_log.csv" dev="fuse" ino=3061868112 scontext=u:r:init:s0 tcontext=u:object_r:fuse:s0 tclass=file permissive=1
01-01 00:00:26.738   423  1341 E modemanager: readXMLOp:Couldn't open OEM XML file!
01-01 00:00:26.738   423  1341 E modemanager: retrieveMode: Failed to enumerate modes
01-01 00:00:26.738   423  1341 E modemanager: in applyDefaultMode fail to retrieve default mode!
01-01 00:00:26.738   423  1341 I modemanager: in applyDefaultMode ret = 0 mCurMode = -1
01-01 00:00:26.738   423  1341 E PPDaemon: void* applyDefaultModeThreadFunc(void*) failed applying default mode!
01-01 00:00:27.006   361   361 E QC-time-services: Daemon:genoff_modem_qmi_init: qmi_client_get_service_list returned -2num_services 0
01-01 00:00:27.006   361   361 E QC-time-services: Daemon:genoff_modem_qmi_init:retry count exceeds limitQMI init failed continuing withoutserver
01-01 00:00:27.126   361   361 E QC-time-services: Daemon: QMI init failed, QMI calls inactive
01-01 00:00:27.126   361  2344 D QC-time-services: Daemon: Time-services: All initializations done
01-01 00:00:27.126   361  2344 E QC-time-services: Daemon: Time-services: Waiting to acceptconnection
01-01 00:00:27.738   423  1341 E modemanager: readXMLOp:Couldn't open OEM XML file!
01-01 00:00:27.738   423  1341 E modemanager: retrieveMode: Failed to enumerate modes
01-01 00:00:27.738   423  1341 E modemanager: in applyDefaultMode fail to retrieve default mode!
01-01 00:00:27.738   423  1341 I modemanager: in applyDefaultMode ret = 0 mCurMode = -1
01-01 00:00:27.738   423  1341 E PPDaemon: void* applyDefaultModeThreadFunc(void*) failed applying default mode!
01-01 00:00:28.267   364  2143 E libsensor1: sensor1_open: Error in connect() errno=2 No such file or directory
01-01 00:00:28.267   364  2143 E mm-camera: dsps_proc_init: Failed to open sensor1 port
01-01 00:00:28.267   364  2143 E mm-camera: gyro_module_start_session: Exit successful
01-01 00:00:28.267   364  2143 E mm-camera: is_module_get_port: Exit successful
01-01 00:00:28.267   364  2143 E mm-camera: gyro_module_get_port: Exit successful
01-01 00:00:28.267   364   364 E mm-camera-sensor: module_sensor_query_mod:4697 led flash is not supported for this sensor.
01-01 00:00:28.267   364   364 I mm-camera-sensor: module_module_set_session_data:4863 max delay 2 report delay 1
01-01 00:00:28.284   364   364 I mm-camera-eztune: vendor/qcom/proprietary/mm-camera/mm-camera2/server-tuning/tuning/eztune_interface.cpp(301): "Create Server : 0xb6a4ef60"
01-01 00:00:28.284   364   364 I mm-camera-eztune: vendor/qcom/proprietary/mm-camera/mm-camera2/server-tuning/tuning/eztune_interface.cpp(301): "Create Server : 0xb69fa020"
01-01 00:00:28.284   364  2445 I mm-camera-eztune: vendor/qcom/proprietary/mm-camera/mm-camera2/server-tuning/tuning/eztune_interface.cpp(51): "Server: Waiting on new connection...\n"
01-01 00:00:28.285   364  2446 I mm-camera-eztune: vendor/qcom/proprietary/mm-camera/mm-camera2/server-tuning/tuning/eztune_interface.cpp(51): "Server: Waiting on new connection...\n"
01-01 00:00:28.285   318  2060 E QCameraHWI_Mem: int qcamera::QCameraMemory::alloc(int, int, int, uint32_t) : No memory pool available
01-01 00:00:28.286   364  2447 E mm-camera-sensor: module_sensor_query_mod:4697 led flash is not supported for this sensor.
01-01 00:00:28.296   318  2060 I mm-jpeg-intf: Max picture size 4000 x 3000, WorkBufSize = 18192384
01-01 00:00:28.329   318  2060 I qomx_image_core: OMX_Init:94] Complete 2
01-01 00:00:28.329   318  2060 E QCameraHWI_Mem: int qcamera::QCameraMemory::alloc(int, int, int, uint32_t) : No memory pool available
01-01 00:00:28.332   318  2060 E QCameraParameters: int32_t qcamera::QCameraParameters::setPreviewFpsRange(int, int, int, int): E minFps = 15000, maxFps = 30000 , vid minFps = 15000, vid maxFps = 30000
01-01 00:00:28.332   318  2060 E QCameraParameters: int32_t qcamera::QCameraParameters::setPreviewFpsRange(int, int, int, int): Setting preview fps range 15000,30000
01-01 00:00:28.332   318  2060 E QCameraParameters: int32_t qcamera::QCameraParameters::setPreviewFpsRange(int, int, int, int): Updated: minFps = 15000, maxFps = 30000 , vid minFps = 15000, vid maxFps = 30000
01-01 00:00:28.332   318  2060 E QCamera2HWI: int qcamera::QCamera2HardwareInterface::calcThermalLevel(qcamera::qcamera_thermal_level_enum_t, int, int, cam_fps_range_t&, msm_vfe_frame_skip_pattern&): level: 0, preview minfps 15000, preview maxfpS 30000video minfps 15000, video maxfpS 30000
01-01 00:00:28.332   318  2060 E QCameraParameters: int32_t qcamera::QCameraParameters::setPreviewFpsRange(int, int, int, int): Thermal adjusted preview fps range 15,30, 15, 30
01-01 00:00:28.332   318  2060 E QCameraParameters: int32_t qcamera::QCameraParameters::initDefaultParameters(): supported flash modes cnt is 0!!!
01-01 00:00:28.332   318  2060 E QCameraParameters: int32_t qcamera::QCameraParameters::setSceneMode(const char*): Setting SceneMode auto
01-01 00:00:28.334   318  2060 I Thermal-Lib: Thermal-Lib-Client: Registraion successful for camera with handle:1
01-01 00:00:28.334   318  2060 I Thermal-Lib: Thermal-Lib-Client: Registraion successful for camcorder with handle:2
01-01 00:00:28.334   338   494 I ThermalEngine: Thermal-Server: Adding thermal event listener on fd 46
01-01 00:00:28.334   318  2454 I Thermal-Lib: Thermal-Lib-Client: Client received msg camera 0
01-01 00:00:28.334   318  2454 I Thermal-Lib: Thermal-Lib-Client: Client received msg camcorder 0
01-01 00:00:28.335   318  2110 E QCamera2HWI: int qcamera::QCamera2HardwareInterface::calcThermalLevel(qcamera::qcamera_thermal_level_enum_t, int, int, cam_fps_range_t&, msm_vfe_frame_skip_pattern&): level: 0, preview minfps 15000, preview maxfpS 30000video minfps 15000, video maxfpS 30000
01-01 00:00:28.335   318  2110 E QCamera2HWI: int qcamera::QCamera2HardwareInterface::calcThermalLevel(qcamera::qcamera_thermal_level_enum_t, int, int, cam_fps_range_t&, msm_vfe_frame_skip_pattern&): level: 0, preview minfps 15000, preview maxfpS 30000video minfps 15000, video maxfpS 30000
01-01 00:00:28.337   318  2060 I CameraClient: Destroying camera 0
01-01 00:00:28.339   318  2060 I qomx_image_core: OMX_Deinit:118] Complete
01-01 00:00:28.342   318  2060 E QCameraPostProc: int32_t qcamera::QCameraPostProcessor::deinit(): Jpeg closed, rc = 0, mJpegClientHandle = 100
01-01 00:00:28.342   318  2060 I Thermal-Lib: Thermal-Lib-Client: Unregisteration is successfull for handle:1
01-01 00:00:28.342   338   494 I ThermalEngine: Thermal-Server: removing client on fd 46
01-01 00:00:28.343   318  2060 I Thermal-Lib: Thermal-Lib-Client: Unregisteration is successfull for handle:2
01-01 00:00:28.344   364  2447 E mm-camera: mct_pipeline_get_stream: no children
01-01 00:00:28.349   364   364 I mm-camera-eztune: vendor/qcom/proprietary/mm-camera/mm-camera2/server-tuning/tuning/eztune_interface.cpp(315): "Delete Server : 0xb6a4ef60"
01-01 00:00:28.349   364  2445 W mm-camera-eztune: vendor/qcom/proprietary/mm-camera/mm-camera2/server-tuning/tuning/mmcam_socket_utils.cpp(311): "Received event from non socket fd"
01-01 00:00:28.349   364  2445 W mm-camera-eztune: vendor/qcom/proprietary/mm-camera/mm-camera2/server-tuning/tuning/eztune_interface.cpp(61): "Stop message. Exiting server thread"
01-01 00:00:28.350   364   364 I mm-camera-eztune: vendor/qcom/proprietary/mm-camera/mm-camera2/server-tuning/tuning/eztune_interface.cpp(315): "Delete Server : 0xb69fa020"
01-01 00:00:28.350   364  2446 W mm-camera-eztune: vendor/qcom/proprietary/mm-camera/mm-camera2/server-tuning/tuning/mmcam_socket_utils.cpp(311): "Received event from non socket fd"
01-01 00:00:28.350   364  2446 W mm-camera-eztune: vendor/qcom/proprietary/mm-camera/mm-camera2/server-tuning/tuning/eztune_interface.cpp(61): "Stop message. Exiting server thread"
01-01 00:00:28.350   364  2456 I mm-camera-sensor: module_sensor_stop_session:1457 session 2
01-01 00:00:28.351   364  2458 E mm-camera-isp2: isp_module_stop_session:312 session id 2
01-01 00:00:28.352   364   364 E mm-camera: mct_pipeline_stop_session: left modules: 5
01-01 00:00:28.353   364   364 E mm-camera: mct_pipeline_stop_session: left modules: 4
01-01 00:00:28.354   364  2461 D hdr     : Session id 0x2 stopped
01-01 00:00:28.354   364   364 E mm-camera: mct_pipeline_stop_session: left modules: 3
01-01 00:00:28.354   364  2459 E mm-camera: is_module_stop_session: Enter
01-01 00:00:28.354   364  2459 E mm-camera: is_module_stop_session: Exit successful
01-01 00:00:28.354   364  2459 E mm-camera: gyro_module_stop_session: Enter
01-01 00:00:28.354   364  2459 E mm-camera: gyro_port_deinit: Deinit DSPS
01-01 00:00:28.355   364  2459 E mm-camera: gyro_module_stop_session: Exit successful
01-01 00:00:28.355   364   364 E mm-camera: mct_pipeline_stop_session: left modules: 2
01-01 00:00:28.355   364   364 E mm-camera: mct_pipeline_stop_session: left modules: 1
01-01 00:00:28.360   318   318 I CameraService: getCameraCharacteristics: Switching to HAL1 shim implementation...
01-01 00:00:28.360   318   318 I AwesomePlayer: setDataSource_l(<no-scheme URI suppressed>)
01-01 00:00:28.360   318   318 D AwesomePlayer: printFileName /system/media/audio/ui/camera_click.ogg
01-01 00:00:28.365   364   364 E mm-camera: mct_pipeline_stop_session: left modules: 0
01-01 00:00:28.365   364  2243 E mm-camera-sensor: Got some events
01-01 00:00:28.365   364  2243 I mm-camera-sensor: sensor_thread_func:154 sensor_thread_func:Sensor thread is exiting
01-01 00:00:28.378   318  2462 D ExtendedUtils: extended extractor not needed, return default
01-01 00:00:28.378   318  2462 D AudioPolicyManager: isOffloadSupported: stream_type != MUSIC, returning false
01-01 00:00:28.379   318  2462 D OMXCodec: Successfully allocated OMX node 'OMX.google.vorbis.decoder'
01-01 00:00:28.379   318  2462 I ExtendedUtils: decision 0 mime 
01-01 00:00:28.379   318  2462 I AwesomePlayer: Could not offload audio decode, try pcm offload
01-01 00:00:28.379   318  2462 D AudioPolicyManager: isOffloadSupported: stream_type != MUSIC, returning false
01-01 00:00:28.380   318   318 I AwesomePlayer: setDataSource_l(<no-scheme URI suppressed>)
01-01 00:00:28.380   318   318 D AwesomePlayer: printFileName /system/media/audio/ui/VideoRecord.ogg
01-01 00:00:28.395   318  2465 D ExtendedUtils: extended extractor not needed, return default
01-01 00:00:28.395   318  2465 D AudioPolicyManager: isOffloadSupported: stream_type != MUSIC, returning false
01-01 00:00:28.395   318  2465 D OMXCodec: Successfully allocated OMX node 'OMX.google.vorbis.decoder'
01-01 00:00:28.395   318  2465 I ExtendedUtils: decision 0 mime 
01-01 00:00:28.395   318  2465 I AwesomePlayer: Could not offload audio decode, try pcm offload
01-01 00:00:28.395   318  2465 D AudioPolicyManager: isOffloadSupported: stream_type != MUSIC, returning false
01-01 00:00:28.397   318   318 I CameraClient: Opening camera 1
01-01 00:00:28.402   364  2470 I mm-camera-sensor: module_sensor_start_session:1402 session 3
01-01 00:00:28.403   364  2473 E mm-camera-isp2: isp_module_start_session:166 session id 3
01-01 00:00:28.410   364  2474 E mm-camera-CORE: af_single_if_link: Link success! 
01-01 00:00:28.416   364  2479 D hdr     : Session id 0x3 started
01-01 00:00:28.417   364  2474 E mm-camera: is_module_start_session: Enter
01-01 00:00:28.417   364  2474 E mm-camera: is_module_start_session: Exit successful
01-01 00:00:28.417   364  2474 E mm-camera: gyro_module_start_session: Enter
01-01 00:00:28.417   364  2474 E mm-camera: gyro_port_init: Init DSPS
01-01 00:00:28.553   364  2470 E mm-camera-sensor: module_sensor_init_session:1140 Sensor path (null) name imx377_1
01-01 00:00:28.553   364  2470 I mm-camera-sensor: sensor_set_position:1416 Position ID: 0
01-01 00:00:28.553   364  2470 I mm-camera-sensor: sensor_set_mode:1447 Sensor Mode ID: 1
01-01 00:00:28.711   364  2470 I mm-camera-sensor: module_sensor_init_session:1301 Success
01-01 00:00:28.712   364  2470 E mm-camera-sensor: module_sensor_start_session:1435 SUCCESS
01-01 00:00:28.738   423  1341 E modemanager: readXMLOp:Couldn't open OEM XML file!
01-01 00:00:28.738   423  1341 E modemanager: retrieveMode: Failed to enumerate modes
01-01 00:00:28.738   423  1341 E modemanager: in applyDefaultMode fail to retrieve default mode!
01-01 00:00:28.738   423  1341 I modemanager: in applyDefaultMode ret = 0 mCurMode = -1
01-01 00:00:28.738   423  1341 E PPDaemon: void* applyDefaultModeThreadFunc(void*) failed applying default mode!
01-01 00:00:29.738   423  1341 E modemanager: readXMLOp:Couldn't open OEM XML file!
01-01 00:00:29.738   423  1341 E modemanager: retrieveMode: Failed to enumerate modes
01-01 00:00:29.738   423  1341 E modemanager: in applyDefaultMode fail to retrieve default mode!
01-01 00:00:29.738   423  1341 I modemanager: in applyDefaultMode ret = 0 mCurMode = -1
01-01 00:00:29.738   423  1341 E PPDaemon: void* applyDefaultModeThreadFunc(void*) failed applying default mode!
01-01 00:00:30.738   423  1341 E modemanager: readXMLOp:Couldn't open OEM XML file!
01-01 00:00:30.738   423  1341 E modemanager: retrieveMode: Failed to enumerate modes
01-01 00:00:30.738   423  1341 E modemanager: in applyDefaultMode fail to retrieve default mode!
01-01 00:00:30.738   423  1341 I modemanager: in applyDefaultMode ret = 0 mCurMode = -1
01-01 00:00:30.738   423  1341 E PPDaemon: void* applyDefaultModeThreadFunc(void*) failed applying default mode!
01-01 00:00:31.431   364  2474 E libsensor1: sensor1_open: Error in connect() errno=2 No such file or directory
01-01 00:00:31.432   364  2474 E mm-camera: dsps_proc_init: Failed to open sensor1 port
01-01 00:00:31.432   364  2474 E mm-camera: gyro_module_start_session: Exit successful
01-01 00:00:31.432   364  2474 E mm-camera: is_module_get_port: Exit successful
01-01 00:00:31.432   364  2474 E mm-camera: gyro_module_get_port: Exit successful
01-01 00:00:31.432   364   364 E mm-camera-sensor: module_sensor_query_mod:4697 led flash is not supported for this sensor.
01-01 00:00:31.432   364   364 I mm-camera-sensor: module_module_set_session_data:4863 max delay 2 report delay 1
01-01 00:00:31.433   364   364 I mm-camera-eztune: vendor/qcom/proprietary/mm-camera/mm-camera2/server-tuning/tuning/eztune_interface.cpp(301): "Create Server : 0xb69fa020"
01-01 00:00:31.433   364   364 I mm-camera-eztune: vendor/qcom/proprietary/mm-camera/mm-camera2/server-tuning/tuning/eztune_interface.cpp(301): "Create Server : 0xb6a4ef60"
01-01 00:00:31.434   364  3038 I mm-camera-eztune: vendor/qcom/proprietary/mm-camera/mm-camera2/server-tuning/tuning/eztune_interface.cpp(51): "Server: Waiting on new connection...\n"
01-01 00:00:31.434   364  3039 I mm-camera-eztune: vendor/qcom/proprietary/mm-camera/mm-camera2/server-tuning/tuning/eztune_interface.cpp(51): "Server: Waiting on new connection...\n"
01-01 00:00:31.434   318   318 E QCameraHWI_Mem: int qcamera::QCameraMemory::alloc(int, int, int, uint32_t) : No memory pool available
01-01 00:00:31.435   364  3040 E mm-camera-sensor: module_sensor_query_mod:4697 led flash is not supported for this sensor.
01-01 00:00:31.445   318   318 I mm-jpeg-intf: Max picture size 4000 x 3000, WorkBufSize = 18192384
01-01 00:00:31.446   318   318 I qomx_image_core: OMX_Init:94] Complete 2
01-01 00:00:31.446   318   318 E QCameraHWI_Mem: int qcamera::QCameraMemory::alloc(int, int, int, uint32_t) : No memory pool available
01-01 00:00:31.447   318   318 E QCameraParameters: int32_t qcamera::QCameraParameters::setPreviewFpsRange(int, int, int, int): E minFps = 15000, maxFps = 30000 , vid minFps = 15000, vid maxFps = 30000
01-01 00:00:31.447   318   318 E QCameraParameters: int32_t qcamera::QCameraParameters::setPreviewFpsRange(int, int, int, int): Setting preview fps range 15000,30000
01-01 00:00:31.447   318   318 E QCameraParameters: int32_t qcamera::QCameraParameters::setPreviewFpsRange(int, int, int, int): Updated: minFps = 15000, maxFps = 30000 , vid minFps = 15000, vid maxFps = 30000
01-01 00:00:31.447   318   318 E QCamera2HWI: int qcamera::QCamera2HardwareInterface::calcThermalLevel(qcamera::qcamera_thermal_level_enum_t, int, int, cam_fps_range_t&, msm_vfe_frame_skip_pattern&): level: 0, preview minfps 15000, preview maxfpS 30000video minfps 15000, video maxfpS 30000
01-01 00:00:31.447   318   318 E QCameraParameters: int32_t qcamera::QCameraParameters::setPreviewFpsRange(int, int, int, int): Thermal adjusted preview fps range 15,30, 15, 30
01-01 00:00:31.447   318   318 E QCameraParameters: int32_t qcamera::QCameraParameters::initDefaultParameters(): supported flash modes cnt is 0!!!
01-01 00:00:31.447   318   318 E QCameraParameters: int32_t qcamera::QCameraParameters::setSceneMode(const char*): Setting SceneMode auto
01-01 00:00:31.449   318   318 I Thermal-Lib: Thermal-Lib-Client: Registraion successful for camera with handle:1
01-01 00:00:31.449   318   318 I Thermal-Lib: Thermal-Lib-Client: Registraion successful for camcorder with handle:2
01-01 00:00:31.449   338   494 I ThermalEngine: Thermal-Server: Adding thermal event listener on fd 46
01-01 00:00:31.449   318  3047 I Thermal-Lib: Thermal-Lib-Client: Client received msg camera 0
01-01 00:00:31.449   318  2468 E QCamera2HWI: int qcamera::QCamera2HardwareInterface::calcThermalLevel(qcamera::qcamera_thermal_level_enum_t, int, int, cam_fps_range_t&, msm_vfe_frame_skip_pattern&): level: 0, preview minfps 15000, preview maxfpS 30000video minfps 15000, video maxfpS 30000
01-01 00:00:31.450   318  3047 I Thermal-Lib: Thermal-Lib-Client: Client received msg camcorder 0
01-01 00:00:31.450   318  2468 E QCamera2HWI: int qcamera::QCamera2HardwareInterface::calcThermalLevel(qcamera::qcamera_thermal_level_enum_t, int, int, cam_fps_range_t&, msm_vfe_frame_skip_pattern&): level: 0, preview minfps 15000, preview maxfpS 30000video minfps 15000, video maxfpS 30000
01-01 00:00:31.452   318   318 I CameraClient: Destroying camera 1
01-01 00:00:31.454   318   318 I qomx_image_core: OMX_Deinit:118] Complete
01-01 00:00:31.458   318   318 E QCameraPostProc: int32_t qcamera::QCameraPostProcessor::deinit(): Jpeg closed, rc = 0, mJpegClientHandle = 200
01-01 00:00:31.458   318   318 I Thermal-Lib: Thermal-Lib-Client: Unregisteration is successfull for handle:1
01-01 00:00:31.458   338   494 I ThermalEngine: Thermal-Server: removing client on fd 46
01-01 00:00:31.458   318   318 I Thermal-Lib: Thermal-Lib-Client: Unregisteration is successfull for handle:2
01-01 00:00:31.459   364  3040 E mm-camera: mct_pipeline_get_stream: no children
01-01 00:00:31.465   364   364 I mm-camera-eztune: vendor/qcom/proprietary/mm-camera/mm-camera2/server-tuning/tuning/eztune_interface.cpp(315): "Delete Server : 0xb69fa020"
01-01 00:00:31.465   364  3038 W mm-camera-eztune: vendor/qcom/proprietary/mm-camera/mm-camera2/server-tuning/tuning/mmcam_socket_utils.cpp(311): "Received event from non socket fd"
01-01 00:00:31.465   364  3038 W mm-camera-eztune: vendor/qcom/proprietary/mm-camera/mm-camera2/server-tuning/tuning/eztune_interface.cpp(61): "Stop message. Exiting server thread"
01-01 00:00:31.465   364   364 I mm-camera-eztune: vendor/qcom/proprietary/mm-camera/mm-camera2/server-tuning/tuning/eztune_interface.cpp(315): "Delete Server : 0xb6a4ef60"
01-01 00:00:31.465   364  3039 W mm-camera-eztune: vendor/qcom/proprietary/mm-camera/mm-camera2/server-tuning/tuning/mmcam_socket_utils.cpp(311): "Received event from non socket fd"
01-01 00:00:31.465   364  3039 W mm-camera-eztune: vendor/qcom/proprietary/mm-camera/mm-camera2/server-tuning/tuning/eztune_interface.cpp(61): "Stop message. Exiting server thread"
01-01 00:00:31.466   364  3049 I mm-camera-sensor: module_sensor_stop_session:1457 session 3
01-01 00:00:31.466   364  3051 E mm-camera-isp2: isp_module_stop_session:312 session id 3
01-01 00:00:31.467   364   364 E mm-camera: mct_pipeline_stop_session: left modules: 5
01-01 00:00:31.468   364  3054 D hdr     : Session id 0x3 stopped
01-01 00:00:31.468   364   364 E mm-camera: mct_pipeline_stop_session: left modules: 4
01-01 00:00:31.475   364   364 E mm-camera: mct_pipeline_stop_session: left modules: 3
01-01 00:00:31.475  1760  1784 W art     : Long monitor contention event with owner method=boolean android.os.BinderProxy.transactNative(int, android.os.Parcel, android.os.Parcel, int) from Binder.java:4294967294 waiters=0 for 6.310s
01-01 00:00:31.476   364  3052 E mm-camera: is_module_stop_session: Enter
01-01 00:00:31.477   364   364 E mm-camera: mct_pipeline_stop_session: left modules: 2
01-01 00:00:31.480  1760  1760 W ArrayUtils: Ignoring invalid value emboss
01-01 00:00:31.480  1760  1760 W ArrayUtils: Ignoring invalid value sketch
01-01 00:00:31.480  1760  1760 W ArrayUtils: Ignoring invalid value neon
01-01 00:00:31.480  1760  1760 W ArrayUtils: Ignoring invalid value asd
01-01 00:00:31.480  1760  1760 W ArrayUtils: Ignoring invalid value backlight
01-01 00:00:31.480  1760  1760 W ArrayUtils: Ignoring invalid value flowers
01-01 00:00:31.480  1760  1760 W ArrayUtils: Ignoring invalid value AR
01-01 00:00:31.481   364  2680 E mm-camera-sensor: Got some events
01-01 00:00:31.481   364  2680 I mm-camera-sensor: sensor_thread_func:154 sensor_thread_func:Sensor thread is exiting
01-01 00:00:31.481   364   364 E mm-camera: mct_pipeline_stop_session: left modules: 1
01-01 00:00:31.481   364  3052 E mm-camera: is_module_stop_session: Exit successful
01-01 00:00:31.481   364  3052 E mm-camera: gyro_module_stop_session: Enter
01-01 00:00:31.481   364  3052 E mm-camera: gyro_port_deinit: Deinit DSPS
01-01 00:00:31.481   364  3052 E mm-camera: gyro_module_stop_session: Exit successful
01-01 00:00:31.481   364   364 E mm-camera: mct_pipeline_stop_session: left modules: 0
01-01 00:00:31.486  1760  1760 W ArrayUtils: Ignoring invalid value emboss
01-01 00:00:31.486  1760  1760 W ArrayUtils: Ignoring invalid value sketch
01-01 00:00:31.486  1760  1760 W ArrayUtils: Ignoring invalid value neon
01-01 00:00:31.486  1760  1760 W ArrayUtils: Ignoring invalid value asd
01-01 00:00:31.486  1760  1760 W ArrayUtils: Ignoring invalid value backlight
01-01 00:00:31.486  1760  1760 W ArrayUtils: Ignoring invalid value flowers
01-01 00:00:31.486  1760  1760 W ArrayUtils: Ignoring invalid value AR
01-01 00:00:31.510  1760  3057 D BluetoothAdapter: 916804518: getState() :  mService = null. Returning STATE_OFF
01-01 00:00:31.510  1760  3057 D BluetoothAdapter: 916804518: getState() :  mService = null. Returning STATE_OFF
01-01 00:00:31.510  1760  3057 D BluetoothAdapter: 916804518: getState() :  mService = null. Returning STATE_OFF
01-01 00:00:31.510  1760  3057 D BluetoothAdapter: 916804518: getState() :  mService = null. Returning STATE_OFF
01-01 00:00:31.528  1760  3059 D OpenGLRenderer: Render dirty regions requested: true
01-01 00:00:31.530  1760  1760 D Atlas   : Validating map...
01-01 00:00:31.532  1760  1760 D PhoneStatusBar: disable: < expand icons alerts system_info back home recent clock search >
01-01 00:00:31.547  1760  1760 D BluetoothAdapter: 916804518: getState() :  mService = null. Returning STATE_OFF
01-01 00:00:31.547  1760  1760 D BluetoothAdapter: 916804518: getState() :  mService = null. Returning STATE_OFF
01-01 00:00:31.551  1760  1760 D PhoneStatusBar: heads up is enabled
01-01 00:00:31.556  1760  1760 I Choreographer: Skipped 426 frames!  The application may be doing too much work on its main thread.
01-01 00:00:31.558  1760  1760 D ViewRootImpl: changeCanvasOpacity: opaque=true
01-01 00:00:31.561  1760  1760 W Settings: Setting airplane_mode_on has moved from android.provider.Settings.System to android.provider.Settings.Global, returning read-only value.
01-01 00:00:31.564  1760  1760 W Settings: Setting airplane_mode_on has moved from android.provider.Settings.System to android.provider.Settings.Global, returning read-only value.
01-01 00:00:31.564  1760  1760 W TelecomManager: Telecom Service not found.
01-01 00:00:31.564  1760  1760 W TelecomManager: Telecom Service not found.
01-01 00:00:31.565  1760  1760 W TelecomManager: Telecom Service not found.
01-01 00:00:31.565  1760  1760 W TelecomManager: Telecom Service not found.
01-01 00:00:31.565  1760  1760 W Settings: Setting airplane_mode_on has moved from android.provider.Settings.System to android.provider.Settings.Global, returning read-only value.
01-01 00:00:31.593  1760  3059 I Adreno  : EGLInit: QTI Build: 01/16/15, 25d4fe7, 
01-01 00:00:31.605  1760  3059 I OpenGLRenderer: Initialized EGL, version 1.4
01-01 00:00:31.614  1760  3059 D OpenGLRenderer: Enabling debug mode 0
01-01 00:00:31.631  1347  1430 D WifiService: New client listening to asynchronous messages
01-01 00:00:31.661  1760  1760 D OpenGLRenderer: setting property extraRasterBucket to 0.95
01-01 00:00:31.661  1760  1760 D OpenGLRenderer:     failed
01-01 00:00:31.661  1760  1760 D OpenGLRenderer: setting property extraRasterBucket to 0.0
01-01 00:00:31.661  1760  1760 D OpenGLRenderer:     failed
01-01 00:00:31.739   423  1341 E modemanager: readXMLOp:Couldn't open OEM XML file!
01-01 00:00:31.739   423  1341 E modemanager: retrieveMode: Failed to enumerate modes
01-01 00:00:31.739   423  1341 E modemanager: in applyDefaultMode fail to retrieve default mode!
01-01 00:00:31.739   423  1341 I modemanager: in applyDefaultMode ret = 0 mCurMode = -1
01-01 00:00:31.739   423  1341 E PPDaemon: void* applyDefaultModeThreadFunc(void*) failed applying default mode!
01-01 00:00:32.739   423  1341 E modemanager: readXMLOp:Couldn't open OEM XML file!
01-01 00:00:32.739   423  1341 E modemanager: retrieveMode: Failed to enumerate modes
01-01 00:00:32.739   423  1341 E modemanager: in applyDefaultMode fail to retrieve default mode!
01-01 00:00:32.739   423  1341 I modemanager: in applyDefaultMode ret = 0 mCurMode = -1
01-01 00:00:32.739   423  1341 E PPDaemon: void* applyDefaultModeThreadFunc(void*) failed applying default mode!
01-01 00:00:33.739   423  1341 E modemanager: readXMLOp:Couldn't open OEM XML file!
01-01 00:00:33.739   423  1341 E modemanager: retrieveMode: Failed to enumerate modes
01-01 00:00:33.739   423  1341 E modemanager: in applyDefaultMode fail to retrieve default mode!
01-01 00:00:33.739   423  1341 I modemanager: in applyDefaultMode ret = 0 mCurMode = -1
01-01 00:00:33.739   423  1341 E PPDaemon: void* applyDefaultModeThreadFunc(void*) failed applying default mode!
01-01 00:00:34.739   423  1341 E modemanager: readXMLOp:Couldn't open OEM XML file!
01-01 00:00:34.739   423  1341 E modemanager: retrieveMode: Failed to enumerate modes
01-01 00:00:34.739   423  1341 E modemanager: in applyDefaultMode fail to retrieve default mode!
01-01 00:00:34.739   423  1341 I modemanager: in applyDefaultMode ret = 0 mCurMode = -1
01-01 00:00:34.739   423  1341 E PPDaemon: void* applyDefaultModeThreadFunc(void*) failed applying default mode!
01-01 00:00:35.740   423  1341 E modemanager: readXMLOp:Couldn't open OEM XML file!
01-01 00:00:35.740   423  1341 E modemanager: retrieveMode: Failed to enumerate modes
01-01 00:00:35.740   423  1341 E modemanager: in applyDefaultMode fail to retrieve default mode!
01-01 00:00:35.740   423  1341 I modemanager: in applyDefaultMode ret = 0 mCurMode = -1
01-01 00:00:35.740   423  1341 E PPDaemon: void* applyDefaultModeThreadFunc(void*) failed applying default mode!
01-01 00:00:36.740   423  1341 E modemanager: readXMLOp:Couldn't open OEM XML file!
01-01 00:00:36.740   423  1341 E modemanager: retrieveMode: Failed to enumerate modes
01-01 00:00:36.740   423  1341 E modemanager: in applyDefaultMode fail to retrieve default mode!
01-01 00:00:36.740   423  1341 I modemanager: in applyDefaultMode ret = 0 mCurMode = -1
01-01 00:00:36.740   423  1341 E PPDaemon: void* applyDefaultModeThreadFunc(void*) failed applying default mode!
01-01 00:00:37.740   423  1341 E modemanager: readXMLOp:Couldn't open OEM XML file!
01-01 00:00:37.740   423  1341 E modemanager: retrieveMode: Failed to enumerate modes
01-01 00:00:37.740   423  1341 E modemanager: in applyDefaultMode fail to retrieve default mode!
01-01 00:00:37.740   423  1341 I modemanager: in applyDefaultMode ret = 0 mCurMode = -1
01-01 00:00:37.740   423  1341 E PPDaemon: void* applyDefaultModeThreadFunc(void*) failed applying default mode!
01-01 00:00:38.740   423  1341 E modemanager: readXMLOp:Couldn't open OEM XML file!
01-01 00:00:38.740   423  1341 E modemanager: retrieveMode: Failed to enumerate modes
01-01 00:00:38.740   423  1341 E modemanager: in applyDefaultMode fail to retrieve default mode!
01-01 00:00:38.740   423  1341 I modemanager: in applyDefaultMode ret = 0 mCurMode = -1
01-01 00:00:38.740   423  1341 E PPDaemon: void* applyDefaultModeThreadFunc(void*) failed applying default mode!
01-01 00:00:39.713  1347  1347 E LocSvc_afw: E/GSS open failed: No such file or directory
01-01 00:00:39.713  1347  1347 E LocSvc_afw: E/get_extension: Invalid interface passed in
01-01 00:00:39.724  1347  1347 E LocSvc_afw: E/get_extension: Invalid interface passed in
01-01 00:00:39.724  1347  1347 E LocSvc_afw: E/get_extension: Invalid interface passed in
01-01 00:00:39.728  1347  1347 D GpsLocationProvider: Reset GPS properties, previous size = 0
01-01 00:00:39.728  1347  1347 D GpsLocationProvider: GpsParamsResource: SUPL_HOST=supl.google.com
01-01 00:00:39.729  1347  1347 D GpsLocationProvider: GpsParamsResource: SUPL_PORT=7275
01-01 00:00:39.729  1347  1347 D GpsLocationProvider: GpsParamsResource: NTP_SERVER=north-america.pool.ntp.org
01-01 00:00:39.729  1347  1347 D GpsLocationProvider: GpsParamsResource: SUPL_VER=0x20000
01-01 00:00:39.729  1347  1347 D GpsLocationProvider: GpsParamsResource: SUPL_MODE=1
01-01 00:00:39.731  1347  1347 D GpsLocationProvider: GPS properties reloaded, size = 16
01-01 00:00:39.731  1347  1347 E LocSvc_eng: I/===> int loc_eng_set_server_proxy(loc_eng_data_s_type&, LocServerType, const char*, int) line 2502 
01-01 00:00:39.731  1347  1347 E LocSvc_eng: W/set_server called before init. save the address, type: 3, hostname: supl.google.com, port: 7275
01-01 00:00:39.732  1347  1347 D GpsLocationProvider: GPS configuration:
01-01 00:00:39.732  1347  1347 D GpsLocationProvider:  #Thu Jan 01 00:00:39 GMT+00:00 1970
01-01 00:00:39.732  1347  1347 D GpsLocationProvider: SUPL_HOST=supl.google.com
01-01 00:00:39.732  1347  1347 D GpsLocationProvider: SUPL_PORT=7275
01-01 00:00:39.732  1347  1347 D GpsLocationProvider: XTRA_VERSION_CHECK=0
01-01 00:00:39.732  1347  1347 D GpsLocationProvider: DEBUG_LEVEL=3
01-01 00:00:39.732  1347  1347 D GpsLocationProvider: SUPL_ES=1
01-01 00:00:39.732  1347  1347 D GpsLocationProvider: NMEA_PROVIDER=0
01-01 00:00:39.732  1347  1347 D GpsLocationProvider: CAPABILITIES=0x37
01-01 00:00:39.732  1347  1347 D GpsLocationProvider: SUPL_VER=0x10000
01-01 00:00:39.732  1347  1347 D GpsLocationProvider: ERR_ESTIMATE=0
01-01 00:00:39.732  1347  1347 D GpsLocationProvider: A_GLONASS_POS_PROTOCOL_SELECT=0
01-01 00:00:39.732  1347  1347 D GpsLocationProvider: INTERMEDIATE_POS=0
01-01 00:00:39.732  1347  1347 D GpsLocationProvider: SGLTE_TARGET=0
01-01 00:00:39.732  1347  1347 D GpsLocationProvider: LPP_PROFILE=0
01-01 00:00:39.732  1347  1347 D GpsLocationProvider: USE_EMERGENCY_PDN_FOR_EMERGENCY_SUPL=1
01-01 00:00:39.732  1347  1347 D GpsLocationProvider: NTP_SERVER=time.gpsonextra.net
01-01 00:00:39.732  1347  1347 D GpsLocationProvider: SUPL_MODE=1
01-01 00:00:39.732  1347  1347 E LocSvc_eng: I/===> void loc_eng_configuration_update(loc_eng_data_s_type&, const char*, int32_t) line 2627 
01-01 00:00:39.732  1347  1347 D GpsLocationProvider: final config = #Thu Jan 01 00:00:39 GMT+00:00 1970
01-01 00:00:39.732  1347  1347 D GpsLocationProvider: SUPL_HOST=supl.google.com
01-01 00:00:39.732  1347  1347 D GpsLocationProvider: SUPL_PORT=7275
01-01 00:00:39.732  1347  1347 D GpsLocationProvider: XTRA_VERSION_CHECK=0
01-01 00:00:39.732  1347  1347 D GpsLocationProvider: DEBUG_LEVEL=3
01-01 00:00:39.732  1347  1347 D GpsLocationProvider: SUPL_ES=1
01-01 00:00:39.732  1347  1347 D GpsLocationProvider: NMEA_PROVIDER=0
01-01 00:00:39.732  1347  1347 D GpsLocationProvider: CAPABILITIES=0x37
01-01 00:00:39.732  1347  1347 D GpsLocationProvider: SUPL_VER=0x10000
01-01 00:00:39.732  1347  1347 D GpsLocationProvider: ERR_ESTIMATE=0
01-01 00:00:39.732  1347  1347 D GpsLocationProvider: A_GLONASS_POS_PROTOCOL_SELECT=0
01-01 00:00:39.732  1347  1347 D GpsLocationProvider: INTERMEDIATE_POS=0
01-01 00:00:39.732  1347  1347 D GpsLocationProvider: SGLTE_TARGET=0
01-01 00:00:39.732  1347  1347 D GpsLocationProvider: LPP_PROFILE=0
01-01 00:00:39.732  1347  1347 D GpsLocationProvider: USE_EMERGENCY_PDN_FOR_EMERGENCY_SUPL=1
01-01 00:00:39.732  1347  1347 D GpsLocationProvider: NTP_SERVER=time.gpsonextra.net
01-01 00:00:39.732  1347  1347 D GpsLocationProvider: SUPL_MODE=1
01-01 00:00:39.740  1347  1347 E LocationManagerService: no geocoder provider found
01-01 00:00:39.741   423  1341 E modemanager: readXMLOp:Couldn't open OEM XML file!
01-01 00:00:39.741   423  1341 E modemanager: retrieveMode: Failed to enumerate modes
01-01 00:00:39.741   423  1341 E modemanager: in applyDefaultMode fail to retrieve default mode!
01-01 00:00:39.741   423  1341 I modemanager: in applyDefaultMode ret = 0 mCurMode = -1
01-01 00:00:39.741   423  1341 E PPDaemon: void* applyDefaultModeThreadFunc(void*) failed applying default mode!
01-01 00:00:39.741  1347  1347 W ContextImpl: Calling a method in the system process without a qualified user: android.app.ContextImpl.bindService:1750 com.android.server.location.GeoFencerProxy.<init>:86 com.android.server.location.GeoFencerProxy.getGeoFencerProxy:77 com.android.server.LocationManagerService.loadProvidersLocked:520 com.android.server.LocationManagerService.systemRunning:293 
01-01 00:00:39.744  1347  1347 E LocSvc_flp: I/===> const FlpLocationInterface* get_flp_interface() line 69 
01-01 00:00:39.750  1347  4340 V FlpHardwareProvider: Callback thread attached: 0xb3f3a080
01-01 00:00:39.750  1347  4340 E LocSvc_api_v02: I/locClientOpen:2183]: Service instance id is -1
01-01 00:00:39.750  1347  4340 E LocSvc_api_v02: I/---> locClientOpenInstance line 2063 loc client open
01-01 00:00:39.750  1347  1347 E Geofence_Adapter: I/===> void GeofenceAdapter::addGfClients(GeoFencer*) line 65 
01-01 00:00:39.750  1347  1347 E Geofence_Adapter: I/===> void GeofenceAdapter::updateRegisteredEvents() line 81 
01-01 00:00:39.751  1347  1347 E LocationManagerService: Unable to bind FusedProxy.
01-01 00:00:39.753  1347  1347 E LocationManagerService: Unable to bind FLP Geofence proxy.
01-01 00:00:42.765  1347  1347 E libsensor1: sensor1_open: Error in connect() errno=2 No such file or directory
01-01 00:00:42.765  1347  1347 E qti_ar_hal: hal_init: Sensor1 open failed with error: 11 0
01-01 00:00:42.766  1347  1347 E qti_ar_hal: hal_ar_open: HAL control init failed
01-01 00:00:42.766  1347  1347 E ActivityRecognitionHardware: Error opening device: -1
01-01 00:00:42.766  1347  1347 E LocationManagerService: Hardware Activity-Recognition not supported.
01-01 00:00:42.766  1347  1366 W art     : Long monitor contention event with owner method=int android.os.Binder.getCallingUid() from Binder.java:4294967294 waiters=0 for 3.030s
01-01 00:00:42.767  1347  1366 E LocSvc_eng: I/===> int loc_eng_init(loc_eng_data_s_type&, LocCallbacks*, LOC_API_ADAPTER_EVENT_MASK_T, loc_core::ContextBase*) line 1629 
01-01 00:00:42.767  1347  1366 D GpsLocationProvider: set_capabilities_callback: 49u
01-01 00:00:42.767  1347  1366 I libmdmdetect: No supported ESOC's found
01-01 00:00:42.767  1347  1366 E PerMgrLib: Peripheral manager is not supported on this device
01-01 00:00:42.767  1347  1366 E LocSvc_afw: E/Error:  open failed: No such file or directory
01-01 00:00:42.767  1347  1366 E LocSvc_eng: I/===> void loc_eng_agps_init(loc_eng_data_s_type&, AGpsExtCallbacks*) line 2200 
01-01 00:00:42.767  1347  1366 E LocSvc_eng: I/===> void loc_eng_ni_init(loc_eng_data_s_type&, GpsNiExtCallbacks*) line 327 
01-01 00:00:42.767  1347  1366 E Geofence_Adapter: I/===> void GeofenceAdapter::addGfClients(GeoFencer*) line 65 
01-01 00:00:42.767  1347  1366 E Geofence_Adapter: I/===> void GeofenceAdapter::updateRegisteredEvents() line 81 
01-01 00:00:42.767  1347  1366 E LocSvc_eng: I/===> int loc_eng_set_server_proxy(loc_eng_data_s_type&, LocServerType, const char*, int) line 2502 
01-01 00:00:42.770  1347  1347 I CommonTimeManagementService: No common time service detected on this platform.  Common time services will be unavailable.
01-01 00:00:42.771  1347  1421 I InputReader: Reconfiguring input devices.  changes=0x00000020
01-01 00:00:42.772  1347  1347 I MmsServiceBroker: Connecting to MmsService
01-01 00:00:42.772  1347  1347 W ContextImpl: Calling a method in the system process without a qualified user: android.app.ContextImpl.bindService:1750 com.android.server.MmsServiceBroker.tryConnecting:134 com.android.server.MmsServiceBroker.systemRunning:121 com.android.server.SystemServer$2.run:1238 com.android.server.am.ActivityManagerService.systemReady:11347 
01-01 00:00:42.774  1347  1421 I InputReader: Reconfiguring input devices.  changes=0x00000010
01-01 00:00:42.805  1347  1347 I ActivityManager: Start proc com.android.phone for service com.android.mms.service/.MmsService: pid=4551 uid=1001 gids={41001, 9997, 3002, 3001, 3003, 1028, 1015} abi=armeabi-v7a
01-01 00:00:42.806  1347  1347 W VoiceInteractionManagerService: no available voice interaction services found for user 0
01-01 00:00:42.806  1347  1347 W VoiceInteractionManagerService: no available voice recognition services found for user 0
01-01 00:00:42.812   341   341 I art     : Explicit concurrent mark sweep GC freed 706(30KB) AllocSpace objects, 0(0B) LOS objects, 89% free, 114KB/1138KB, paused 123us total 6.450ms
01-01 00:00:42.818   341   341 I art     : Explicit concurrent mark sweep GC freed 5(160B) AllocSpace objects, 0(0B) LOS objects, 89% free, 114KB/1138KB, paused 110us total 5.731ms
01-01 00:00:42.824   341   341 I art     : Explicit concurrent mark sweep GC freed 5(160B) AllocSpace objects, 0(0B) LOS objects, 89% free, 114KB/1138KB, paused 98us total 5.570ms
01-01 00:00:42.852  1347  1347 I ActivityManager: Start proc com.sentera.snapcam for added application com.sentera.snapcam: pid=4569 uid=1000 gids={41000, 9997, 3002, 3001, 1028, 1015, 3003, 3005, 1021, 3004, 1000, 3009, 1023, 1010, 2001, 1007} abi=armeabi-v7a
01-01 00:00:42.881  1347  1347 I ActivityManager: Start proc com.quicinc.cne.CNEService for added application com.quicinc.cne.CNEService: pid=4587 uid=1000 gids={41000, 9997, 3002, 3001, 1028, 1015, 3003, 3005, 1021, 3004, 1000, 3009, 1023, 1010, 2001, 1007} abi=armeabi-v7a
01-01 00:00:42.912  1347  1347 I ActivityManager: Start proc com.android.server.telecom for added application com.android.server.telecom: pid=4605 uid=1001 gids={41001, 9997, 3002, 3001, 3003, 1028, 1015} abi=armeabi-v7a
01-01 00:00:42.942  1347  1347 I ActivityManager: Start proc com.android.phone for added application com.android.phone: pid=4623 uid=1001 gids={41001, 9997, 3002, 3001, 3003, 1028, 1015} abi=armeabi-v7a
01-01 00:00:42.943  1347  1347 I ActivityManager: START u0 {act=android.intent.action.MAIN cat=[android.intent.category.HOME] flg=0x10000000 cmp=com.android.launcher/com.android.launcher2.Launcher} from uid 0 on display 0
01-01 00:00:42.980  1347  1347 I ActivityManager: Start proc com.android.launcher for activity com.android.launcher/com.android.launcher2.Launcher: pid=4641 uid=10008 gids={50008, 9997} abi=armeabi-v7a
01-01 00:00:42.981  1347  1347 I SystemServer: Enabled StrictMode for system server main thread.
01-01 00:00:42.982  1347  1347 V ActivityManager: Display changed displayId=0
01-01 00:00:42.982  1347  1366 W art     : Long monitor contention event with owner method=void com.android.server.am.ActivityManagerService.systemReady(java.lang.Runnable) from ActivityManagerService.java:11355 waiters=0 for 171ms
01-01 00:00:42.983  1347  1347 V ActivityManager: Display changed displayId=0
01-01 00:00:42.983  1347  1347 V ActivityManager: Display changed displayId=0
01-01 00:00:43.017  1347  1366 I ActivityManager: Start proc com.android.printspooler for service com.android.printspooler/.model.PrintSpoolerService: pid=4679 uid=10047 gids={50047, 9997} abi=armeabi-v7a
01-01 00:00:43.041  1347  2196 W ActivityManager: No pending application record for pid 4551 (IApplicationThread android.app.ApplicationThreadProxy@28e17a1a); dropping process
01-01 00:00:43.041  4587  4587 W ResourcesManager: Asset path '/system/framework/com.quicinc.cne.jar' does not exist or contains no resources.
01-01 00:00:43.043  1347  1347 D WifiScanningService: SCAN_AVAILABLE : 1
01-01 00:00:43.043  1347  1347 D RttService: SCAN_AVAILABLE : 1
01-01 00:00:43.045  1347  1658 D WifiScanningService: DefaultState got{ when=0 what=160007 target=com.android.internal.util.StateMachine$SmHandler }
01-01 00:00:43.046  1347  1663 D RttService: DefaultState got{ when=-1ms what=160513 target=com.android.internal.util.StateMachine$SmHandler }
01-01 00:00:43.048  1347  1347 I Choreographer: Skipped 1149 frames!  The application may be doing too much work on its main thread.
01-01 00:00:43.054  1760  1760 V StatusBar: userId 0 is in the house
01-01 00:00:43.059  1347  1347 W InputMethodManagerService: Focus gain on non-focused client android.view.inputmethod.InputMethodManager$1@358ac4e2 (uid=1000 pid=1347)
01-01 00:00:43.060  1347  1347 V ActivityManager: Display changed displayId=0
01-01 00:00:43.079  4605  4605 D Telecom : MissedCallNotifier: updateOnStartup()...
01-01 00:00:43.081  4587  4587 D CNEServiceApp: start cne
01-01 00:00:43.120  1347  1430 D WifiService: New client listening to asynchronous messages
01-01 00:00:43.128  1347  1347 W ResourcesManager: Asset path '/system/framework/com.android.location.provider.jar' does not exist or contains no resources.
01-01 00:00:43.131  4587  4807 I QCNEJ   : |CORE:COM:RCVR| CNE creating socket
01-01 00:00:43.133  4587  4807 I QCNEJ   : |CORE:COM:RCVR| Connected to 'cnd' socket
01-01 00:00:43.135  4587  4807 W QCNEJ   : |CORE| UNKOWN Unsolicited Event 25
01-01 00:00:43.136  1347  1373 D BluetoothManagerService: Message: 20
01-01 00:00:43.136  1347  1373 D BluetoothManagerService: Added callback: android.bluetooth.IBluetoothManagerCallback$Stub$Proxy@ae70017:true
01-01 00:00:43.137  4587  4587 D CNEServiceApp: broadcast cne started
01-01 00:00:43.137  4587  4587 W ContextImpl: Calling a method in the system process without a qualified user: android.app.ContextImpl.sendBroadcast:1321 android.content.ContextWrapper.sendBroadcast:376 com.quicinc.cne.CNEService.CNEServiceApp.broadcastCNEStarted:102 com.quicinc.cne.CNEService.CNEServiceApp.startCne:114 com.quicinc.cne.CNEService.CNEServiceApp.onCreate:93 
01-01 00:00:43.138  4587  4807 I QCNEJ   : |CORE| CNE_REQUEST_GET_BROWSERS_INFO_LIST received
01-01 00:00:43.141  4587  4807 I QCNEJ   : |CORE| CNE_NOTIFY_FEATURE_STATUS received
01-01 00:00:43.141  4587  4807 I QCNEJ   : |CORE| CNE_NOTIFY_FEATURE_STATUS received
01-01 00:00:43.147  1347  1373 D BluetoothManagerService: Message: 30
01-01 00:00:43.153  4679  4679 I PrintSpoolerService: No existing print spooler state.
01-01 00:00:43.160  1347  1347 E NlpProxy: No NLPs exist to bind to!
01-01 00:00:43.165  1347  1347 V UlpService: +startAdditionalServices
01-01 00:00:43.202  1347  1347 I ActivityManager: Start proc com.qualcomm.location.XT for service com.qualcomm.location.XT/.XTSrv: pid=4840 uid=1000 gids={41000, 9997, 3002, 3001, 1028, 1015, 3003, 3005, 1021, 3004, 1000, 3009, 1023, 1010, 2001, 1007} abi=armeabi-v7a
01-01 00:00:43.203  1347  1347 V UlpService: -startAdditionalServices
01-01 00:00:43.213  4605  4605 D Telecom : ProximitySensorManager: onCreate: mProximityWakeLock: 
01-01 00:00:43.223  4623  4623 D MmsService: onCreate
01-01 00:00:43.230  1347  1347 D Ulp_jni : classInit invoked
01-01 00:00:43.231  1347  1347 D Ulp_jni : instanceInit invoked
01-01 00:00:43.231  1347  1347 E LocSvc_libulp: I/===> int ulp_init(UlpEngineCallbacks*, UlpNetworkLocationCallbacks*, UlpPhoneContextCallbacks*) line 131 
01-01 00:00:43.231  1347  1347 E LocSvc_libulp: I/===> int ulp_data_init() line 72 
01-01 00:00:43.232  1347  1347 E LocSvc_libulp: E/int ulp_data_init():100]: GTP WiFi is enabled.
01-01 00:00:43.232  1347  1347 E LocSvc_libulp: E/int ulp_data_init():116]: GTP AP cell is disabled
01-01 00:00:43.232  1347  1347 E LocSvc_libulp: I/int ulp_data_init(), quipc_enabled = 0, gps capabilities = 0x0 zpp trigger threshold = 10000
01-01 00:00:43.232  1347  1347 E LocSvc_libulp: I/===> int ulp_msg_init() line 330 
01-01 00:00:43.232  1347  1347 E LocSvc_libulp: I/===> int ulp_monitor_init() line 122 
01-01 00:00:43.232  1347  1347 E LocSvc_libulp: I/===> int ulp_quipc_init() line 296 
01-01 00:00:43.237  1347  1347 D GeoFenceService: onCreate
01-01 00:00:43.238  1760  1781 I art     : Background partial concurrent mark sweep GC freed 1101(82KB) AllocSpace objects, 0(0B) LOS objects, 39% free, 13MB/21MB, paused 15.397ms total 32.984ms
01-01 00:00:43.240  1347  1347 E Geofence_Adapter: I/===> void GeofenceAdapter::addGfClients(GeoFencer*) line 65 
01-01 00:00:43.240  1347  1347 E Geofence_Adapter: I/===> void GeofenceAdapter::updateRegisteredEvents() line 81 
01-01 00:00:43.240  4605  4605 D Telecom : MissedCallNotifier: onQueryComplete()...
01-01 00:00:43.242  4623  4874 I MmsService: MmsConfigManager.loadInBackground(): mcc/mnc: 0/0
01-01 00:00:43.243  1347  1347 D GeoFenceService: onBind
01-01 00:00:43.244  1347  1347 D GpsNetInitiatedHandler: location enabled :true
01-01 00:00:43.245  1347  1347 V WiredAccessoryManager: notifyWiredAccessoryChanged: when=0 bits= mask=54
01-01 00:00:43.245  1347  1347 V WiredAccessoryManager: newName=h2w newState=32 headsetState=32 prev headsetState=0
01-01 00:00:43.246  1347  4873 E LocSvc_libulp: I/===> void ulp_monitor_main(void*) line 56 
01-01 00:00:43.247  1347  1347 V WiredAccessoryManager: init()
01-01 00:00:43.251  1347  4872 E LocSvc_libulp: I/===> void ulp_msg_main(void*) line 89 
01-01 00:00:43.252  4605  4605 D Telecom : BluetoothPhoneService: onCreate
01-01 00:00:43.252  4623  4874 E MmsService: MmsConfigManager.load -- empty getActiveSubInfoList
01-01 00:00:43.254  1347  1373 D BluetoothManagerService: Message: 30
01-01 00:00:43.337  1347  1373 D BluetoothManagerService: Message: 300
01-01 00:00:43.337  1347  1373 D BluetoothManagerService: MESSAGE_USER_SWITCHED
01-01 00:00:43.341   248   266 D PermissionCache: checking android.permission.HARDWARE_TEST for uid=1000 => granted (139 us)
01-01 00:00:43.344   318  2127 D audio_hw_primary: adev_set_mic_mute state 0
01-01 00:00:43.357  1347  1347 V ActivityManager: Display changed displayId=0
01-01 00:00:43.359  1347  1347 V BackupManagerService: Connected to transport ComponentInfo{android/com.android.internal.backup.LocalTransportService}
01-01 00:00:43.359  1347  1347 V BackupManagerService: Registering transport android/com.android.internal.backup.LocalTransportService::android/com.android.internal.backup.LocalTransport = android.app.backup.BackupTransport$TransportImpl@214ad7ad
01-01 00:00:43.374  1347  1347 D LBSSystemMonitorService: SUPL_ES is: 1
01-01 00:00:43.377  1347  1347 D LBSSystemMonitorService: nonSGLTE device with ES SUPL
01-01 00:00:43.379  1347  4953 D LBSSystemMonitorService: handleMessage what - 1
01-01 00:00:43.379  1347  4953 D Wiper_jni: Inform wiper status.
01-01 00:00:43.379  1347  4953 D LBSSystemMonitorService: handleMessage what - 10
01-01 00:00:43.380  1347  4953 D RilInfoMonitor: handleMessage what - 0
01-01 00:00:43.380  1347  4953 D RilInfoMonitor: nonSGLTE device with ES SUPL
01-01 00:00:43.386  1347  4953 D LBSSystemMonitorService: handleMessage what - 15
01-01 00:00:43.386  1347  4953 D DeviceContext: handleMessage what - 0
01-01 00:00:43.386  1347  4953 D LBSSystemMonitorService: handleMessage what - 16
01-01 00:00:43.386  1347  4953 D DeviceContext: handleMessage what - 1
01-01 00:00:43.402  1347  1347 W XTWiFiOS: Constructor enter
01-01 00:00:43.402  1347  1347 W XTWiFiOS: Constructor exit
01-01 00:00:43.402  1347  1347 W XTWiFiOS: onCreate enter
01-01 00:00:43.405  1347  1347 V XTWiFiOS: GTP CELL PROC: MODEM GTP CELL AP mode: BASIC GTP WIFI mode: BASIC PIP mode: DISABLED
01-01 00:00:43.406  1347  1347 V XTWiFiOS: GTP AP CELL Disabled
01-01 00:00:43.406  1347  1347 V XTWiFiOS: Setting GTP WIFI mode to default mode: BASIC
01-01 00:00:43.406  1347  1347 V XTWiFiOS: Setting PIP mode to DISABLED
01-01 00:00:43.406  1347  1347 V XTWiFiOS: Setting GTP WAA mode to DISABLED
