01-01 00:00:24.316   318  1820 E OMXNodeInstance: getParameter(100663297) ERROR: 0x8000101a
01-01 00:00:24.320   318  1820 E OMXNodeInstance: getParameter(100663311) ERROR: 0x8000101a
01-01 00:00:24.320   318  1820 E OMXNodeInstance: getParameter(100663297) ERROR: 0x8000101a
01-01 00:00:24.323   318  1820 E OMXNodeInstance: getParameter(100663311) ERROR: 0x8000101a
01-01 00:00:24.323   318  1820 E OMXNodeInstance: getParameter(100663297) ERROR: 0x8000101a
01-01 00:00:24.330   318  1820 E OMXNodeInstance: getParameter(100663311) ERROR: 0x8000101a
01-01 00:00:24.330   318  1820 E OMXNodeInstance: getParameter(100663297) ERROR: 0x8000101a
01-01 00:00:24.334   318  1820 E OMXNodeInstance: getParameter(100663311) ERROR: 0x8000101a
01-01 00:00:24.334   318  1820 E OMXNodeInstance: getParameter(100663297) ERROR: 0x8000101a
01-01 00:00:24.337   318  1820 E QC_EVRCENC:  component init: role = OMX.qcom.audio.encoder.evrc
01-01 00:00:24.337   318  1820 I QC_EVRCENC:  component init: role = OMX.qcom.audio.encoder.evrc
01-01 00:00:24.337   318  1820 I QC_EVRCENC: 
01-01 00:00:24.337   318  1820 I QC_EVRCENC: component_init: Component OMX.qcom.audio.encoder.evrc LOADED 
01-01 00:00:24.344   318  1820 I QC_EVRCENC: Driver in Non Tunnel mode open
01-01 00:00:24.345   318  1820 E QC_EVRCENC: unknown param 0600000f
01-01 00:00:24.345   318  1820 E OMXNodeInstance: getParameter(100663311) ERROR: 0x8000101a
01-01 00:00:24.345   318  1820 E QC_EVRCENC: unknown param 06000001
01-01 00:00:24.345   318  1820 E OMXNodeInstance: getParameter(100663297) ERROR: 0x8000101a
01-01 00:00:24.345   318  1820 I QC_EVRCENC: Returning the state 1
01-01 00:00:24.345   318  1820 I QC_EVRCENC: Returning the state 1
01-01 00:00:24.345   318  1820 I QC_EVRCENC: Component-deinit being processed
01-01 00:00:24.345   318  1820 I QC_EVRCENC: ********************************
01-01 00:00:24.345   318  1820 I QC_EVRCENC: STATS: in-buf-len[0]out-buf-len[0] tot-pb-time[0]
01-01 00:00:24.345   318  1820 I QC_EVRCENC: STATS: fbd-cnt[0]ftb-cnt[0]etb-cnt[0]ebd-cnt[0]
01-01 00:00:24.347   318  1820 I QC_EVRCENC: ************************************
01-01 00:00:24.347   318  1820 I QC_EVRCENC:  DEINIT COMPLETED
01-01 00:00:24.347   318  1820 I QC_EVRCENC: ************************************
01-01 00:00:24.347   318  1820 E QC_EVRCENC: component_deinit:COMPONENT DEINIT...
01-01 00:00:24.347   318  1820 E QC_EVRCENC: EVRC Object getting destroyed comp-deinit=1
01-01 00:00:24.347   318  1820 E QC_EVRCENC: OMX EVRC component destroyed
01-01 00:00:24.349   318  1820 E QC_QCELP13ENC:  component init: role = OMX.qcom.audio.encoder.qcelp13
01-01 00:00:24.349   318  1820 I QC_QCELP13ENC:  component init: role = OMX.qcom.audio.encoder.qcelp13
01-01 00:00:24.349   318  1820 I QC_QCELP13ENC: 
01-01 00:00:24.349   318  1820 I QC_QCELP13ENC: component_init: Component OMX.qcom.audio.encoder.qcelp13 LOADED 
01-01 00:00:24.356   318  1820 I QC_QCELP13ENC: Driver in Non Tunnel mode open
01-01 00:00:24.362   318  1820 E QC_QCELP13ENC: unknown param 0600000f
01-01 00:00:24.362   318  1820 E OMXNodeInstance: getParameter(100663311) ERROR: 0x8000101a
01-01 00:00:24.362   318  1820 E QC_QCELP13ENC: unknown param 06000001
01-01 00:00:24.362   318  1820 E OMXNodeInstance: getParameter(100663297) ERROR: 0x8000101a
01-01 00:00:24.362   318  1820 I QC_QCELP13ENC: Returning the state 1
01-01 00:00:24.362   318  1820 I QC_QCELP13ENC: Returning the state 1
01-01 00:00:24.362   318  1820 I QC_QCELP13ENC: Component-deinit being processed
01-01 00:00:24.362   318  1820 I QC_QCELP13ENC: ********************************
01-01 00:00:24.362   318  1820 I QC_QCELP13ENC: STATS: in-buf-len[0]out-buf-len[0] tot-pb-time[0]
01-01 00:00:24.362   318  1820 I QC_QCELP13ENC: STATS: fbd-cnt[0]ftb-cnt[0]etb-cnt[0]ebd-cnt[0]
01-01 00:00:24.365   318  1820 I QC_QCELP13ENC: ************************************
01-01 00:00:24.366   318  1820 I QC_QCELP13ENC:  DEINIT COMPLETED
01-01 00:00:24.366   318  1820 I QC_QCELP13ENC: ************************************
01-01 00:00:24.366   318  1820 E QC_QCELP13ENC: component_deinit:COMPONENT DEINIT...
01-01 00:00:24.366   318  1820 E QC_QCELP13ENC: QCELP13 Object getting destroyed comp-deinit=1
01-01 00:00:24.366   318  1820 E QC_QCELP13ENC: OMX QCELP13 component destroyed
01-01 00:00:24.394  1770  1770 I fsck_msdos: ** Phase 2 - Check Cluster Chains 
01-01 00:00:24.394  1770  1770 I fsck_msdos: Begin to handle the cluster chain
01-01 00:00:24.442  1770  1770 D fsck_msdos: rootDir->head :2
01-01 00:00:24.443  1760  1760 D VolumeUI: Registering volume controller
01-01 00:00:24.444   247   277 I fsck_msdos: ** Phase 3 - Checking Directories
01-01 00:00:24.457   247   277 I fsck_msdos: ** Phase 4 - Checking for Lost Files
01-01 00:00:24.458  1770  1770 D fsck_msdos: Verify Filesystem information
01-01 00:00:24.458  1770  1770 W fsck_msdos: 31 files, 3609216 free (1947796 clusters)
01-01 00:00:24.458  1770  1770 I fsck_msdos: free_rb_tree 
01-01 00:00:24.458  1770  1770 I fsck_msdos: free_fragment_tree
01-01 00:00:24.458  1770  1770 I fsck_msdos: free_fragment_tree
01-01 00:00:24.458  1770  1770 I fsck_msdos: free_fragment_tree: rb_tree is empty 
01-01 00:00:24.474   318  1820 E OMX-VENC: Invalid entry returned from get_supported_profile_level 2130706433, 65536
01-01 00:00:24.474   318  1820 E OMXNodeInstance: getParameter(100663311) ERROR: 0x8000100e
01-01 00:00:24.474   318  1820 W ACodec  : do not know color format 0x7fa30c04 = 2141391876
01-01 00:00:24.474   318  1820 W ACodec  : do not know color format 0x7f000789 = 2130708361
01-01 00:00:24.474   318  1820 E OMXNodeInstance: getParameter(100663297) ERROR: 0x8000100e
01-01 00:00:24.478   247   277 I Vold    : Filesystem check completed OK
01-01 00:00:24.482   318  1820 E OMX-VENC: get_parameter: OMX_IndexParamVideoProfileLevelQuerySupported nProfileIndex ret NoMore 2
01-01 00:00:24.482   318  1820 E OMX-VENC: Invalid entry returned from get_supported_profile_level 32768, 128
01-01 00:00:24.482   318  1820 E OMXNodeInstance: getParameter(100663311) ERROR: 0x8000100e
01-01 00:00:24.482   318  1820 W ACodec  : do not know color format 0x7fa30c04 = 2141391876
01-01 00:00:24.482   318  1820 W ACodec  : do not know color format 0x7f000789 = 2130708361
01-01 00:00:24.482   318  1820 E OMXNodeInstance: getParameter(100663297) ERROR: 0x8000100e
01-01 00:00:24.494   318  1820 E OMX-VENC: get_parameter: OMX_IndexParamVideoProfileLevelQuerySupported nProfileIndex ret NoMore 1
01-01 00:00:24.494   318  1820 E OMX-VENC: Invalid entry returned from get_supported_profile_level 1, 128
01-01 00:00:24.494   318  1820 E OMXNodeInstance: getParameter(100663311) ERROR: 0x8000100e
01-01 00:00:24.494   318  1820 W ACodec  : do not know color format 0x7fa30c04 = 2141391876
01-01 00:00:24.494   318  1820 W ACodec  : do not know color format 0x7f000789 = 2130708361
01-01 00:00:24.494   318  1820 E OMXNodeInstance: getParameter(100663297) ERROR: 0x8000100e
01-01 00:00:24.499   318  1820 E OMX-VENC: Invalid entry returned from get_supported_profile_level 1, 2
01-01 00:00:24.499   318  1820 E OMXNodeInstance: getParameter(100663311) ERROR: 0x8000100e
01-01 00:00:24.499   318  1820 W ACodec  : do not know color format 0x7fa30c04 = 2141391876
01-01 00:00:24.499   318  1820 W ACodec  : do not know color format 0x7f000789 = 2130708361
01-01 00:00:24.499   318  1820 E OMXNodeInstance: getParameter(100663297) ERROR: 0x8000100e
01-01 00:00:24.500   247   277 D Vold    : blkid identified as /dev/block/vold/179:65: LABEL="DOUBLE 4K" UUID="13EE-1E60"
01-01 00:00:24.501   247   277 D Vold    : Volume sdcard1 state changing 3 (Checking) -> 4 (Mounted)
01-01 00:00:24.501  1347  1371 D MountService: volume state changed for /storage/sdcard1 (checking -> mounted)
01-01 00:00:24.501  1347  1422 W MountService: Duplicate state transition (mounted -> mounted) for /storage/emulated/0
01-01 00:00:24.501  1347  1371 I PackageManager: Updating external media status from unmounted to mounted
01-01 00:00:24.502  1347  1381 I PackageManager: No secure containers found
01-01 00:00:24.503  1347  1381 W PackageManager: Unknown permission com.google.android.googleapps.permission.GOOGLE_AUTH.mail in package com.android.calendar
01-01 00:00:24.503  1347  1381 W PackageManager: Unknown permission android.permission.MMS_PUSH in package org.codeaurora.bluetooth
01-01 00:00:24.503  1347  1381 W PackageManager: Unknown permission com.google.android.gallery3d.permission.PICASA_STORE in package com.android.dreams.phototable
01-01 00:00:24.503   318  1820 E QC_WMADEC:  component init: role = OMX.qcom.audio.decoder.wma
01-01 00:00:24.503  1347  1381 W PackageManager: Unknown permission com.google.android.googleapps.permission.GOOGLE_AUTH in package com.android.settings
01-01 00:00:24.503  1347  1381 W PackageManager: Unknown permission com.qualcomm.permission.ACCESS_LOCATION_API in package com.qualcomm.location
01-01 00:00:24.503  1347  1381 W PackageManager: Not granting permission android.permission.DELETE_PACKAGES to package com.svox.pico (protectionLevel=18 flags=0x88be45)
01-01 00:00:24.503  1347  1381 W PackageManager: Unknown permission com.google.android.gallery3d.permission.GALLERY_PROVIDER in package com.android.bluetooth
01-01 00:00:24.503  1347  1381 W PackageManager: Not granting permission android.permission.DEVICE_POWER to package com.android.deskclock (protectionLevel=2 flags=0xc8be45)
01-01 00:00:24.503  1347  1381 W PackageManager: Not granting permission android.permission.GLOBAL_SEARCH to package com.android.quicksearchbox (protectionLevel=18 flags=0xc8be45)
01-01 00:00:24.504  1347  1381 W PackageManager: Unknown permission com.google.android.googleapps.permission.GOOGLE_AUTH in package com.android.providers.calendar
01-01 00:00:24.504  1347  1381 W PackageManager: Unknown permission com.google.android.googleapps.permission.GOOGLE_AUTH.cl in package com.android.providers.calendar
01-01 00:00:24.504  1347  1381 W PackageManager: Unknown permission android.permission.INSTALL_DRM in package com.android.mms
01-01 00:00:24.504  1347  1381 W PackageManager: Not granting permission android.permission.ACCESS_DOWNLOAD_MANAGER to package com.android.browser (protectionLevel=18 flags=0x89be45)
01-01 00:00:24.504  1347  1381 W PackageManager: Not granting permission android.permission.SEND_DOWNLOAD_COMPLETED_INTENTS to package com.android.browser (protectionLevel=2 flags=0x89be45)
01-01 00:00:24.504  1347  1371 D MountService: sendStorageIntent Intent { act=android.intent.action.MEDIA_MOUNTED dat=file:///storage/sdcard1 flg=0x4000000 (has extras) } to UserHandle{-1}
01-01 00:00:24.516   318  1820 E QC_WMADEC: unknown param 0600000f
01-01 00:00:24.516   318  1820 E OMXNodeInstance: getParameter(100663311) ERROR: 0x8000101a
01-01 00:00:24.516   318  1820 E QC_WMADEC: unknown param 06000001
01-01 00:00:24.516   318  1820 E OMXNodeInstance: getParameter(100663297) ERROR: 0x8000101a
01-01 00:00:24.518   318  1820 E QC_WMADEC: COMPONENT DEINIT...
01-01 00:00:24.518   318  1820 E QC_WMADEC: OMX WMA component destroyed
01-01 00:00:24.518   318  1820 E QC_WMADEC:  component init: role = OMX.qcom.audio.decoder.wmaLossLess
01-01 00:00:24.526   318  1820 E QC_WMADEC: unknown param 0600000f
01-01 00:00:24.526   318  1820 E OMXNodeInstance: getParameter(100663311) ERROR: 0x8000101a
01-01 00:00:24.526   318  1820 E QC_WMADEC: unknown param 06000001
01-01 00:00:24.526   318  1820 E OMXNodeInstance: getParameter(100663297) ERROR: 0x8000101a
01-01 00:00:24.528   318  1820 E QC_WMADEC: COMPONENT DEINIT...
01-01 00:00:24.528   318  1820 E QC_WMADEC: OMX WMA component destroyed
01-01 00:00:24.528   318  1820 E QC_WMADEC:  component init: role = OMX.qcom.audio.decoder.wma10Pro
01-01 00:00:24.536   318  1820 E QC_WMADEC: unknown param 0600000f
01-01 00:00:24.536   318  1820 E OMXNodeInstance: getParameter(100663311) ERROR: 0x8000101a
01-01 00:00:24.536   318  1820 E QC_WMADEC: unknown param 06000001
01-01 00:00:24.536   318  1820 E OMXNodeInstance: getParameter(100663297) ERROR: 0x8000101a
01-01 00:00:24.538   318  1820 E QC_WMADEC: COMPONENT DEINIT...
01-01 00:00:24.538   318  1820 E QC_WMADEC: OMX WMA component destroyed
01-01 00:00:24.544  1347  1347 D PermissionMonitor: Monitoring
01-01 00:00:24.548   318  1820 E QC_AMRWBPLUSDEC: unknown param 0600000f
01-01 00:00:24.548   318  1820 E OMXNodeInstance: getParameter(100663311) ERROR: 0x8000101a
01-01 00:00:24.548   318  1820 E QC_AMRWBPLUSDEC: unknown param 06000001
01-01 00:00:24.548   318  1820 E OMXNodeInstance: getParameter(100663297) ERROR: 0x8000101a
01-01 00:00:24.556   318  1820 I OMX_QCELP13_DEC:  Enabling Non-Tunnel mode 
01-01 00:00:24.556   318  1820 I OMX_QCELP13_DEC: MIME type: aud
01-01 00:00:24.556   318  1820 I OMX_QCELP13_DEC:  component init: role = OMX.qcom.audio.decoder.Qcelp13
01-01 00:00:24.556   318  1820 I OMX_QCELP13_DEC: 
01-01 00:00:24.556   318  1820 I OMX_QCELP13_DEC: component_init: Component OMX.qcom.audio.decoder.Qcelp13 LOADED 
01-01 00:00:24.556   318  1820 I OMX_QCELP13_DEC: Created thread for INP 
01-01 00:00:24.556   318  1820 I OMX_QCELP13_DEC: Created thread for CMD 
01-01 00:00:24.557   318  1820 E OMX_QCELP13_DEC: unknown param 0600000f
01-01 00:00:24.557   318  1820 E OMXNodeInstance: getParameter(100663311) ERROR: 0x8000101a
01-01 00:00:24.557   318  1820 E OMX_QCELP13_DEC: unknown param 06000001
01-01 00:00:24.557   318  1820 E OMXNodeInstance: getParameter(100663297) ERROR: 0x8000101a
01-01 00:00:24.557   318  1820 I OMX_QCELP13_DEC: omx_Qcelp13_thread_stop stop server
01-01 00:00:24.557   318  1820 I OMX_QCELP13_DEC: omx_Qcelp13_thread_stop stop server
01-01 00:00:24.559   318  1820 E OMX_EVRC_DEC: COMPONENT INIT OMX.qcom.audio.decoder.evrc
01-01 00:00:24.559   318  1820 E OMX_EVRC_DEC: unknown param 0600000f
01-01 00:00:24.559   318  1820 E OMXNodeInstance: getParameter(100663311) ERROR: 0x8000101a
01-01 00:00:24.559   318  1820 E OMX_EVRC_DEC: unknown param 06000001
01-01 00:00:24.559   318  1820 E OMXNodeInstance: getParameter(100663297) ERROR: 0x8000101a
01-01 00:00:24.560   318  1820 E OMX_EVRC_DEC: COMPONENT DEINIT
01-01 00:00:24.571   318  1820 E OMXNodeInstance: getParameter(100663311) ERROR: 0x8000100e
01-01 00:00:24.571   318  1820 E OMX-VDEC-1080P: Extension: OMX.google.android.index.describeColorFormat not implemented
01-01 00:00:24.571   318  1820 W ACodec  : do not know color format 0x7fa30c04 = 2141391876
01-01 00:00:24.571   318  1820 E OMX-VDEC-1080P: Extension: OMX.google.android.index.describeColorFormat not implemented
01-01 00:00:24.571   318  1820 E OMXNodeInstance: getParameter(100663297) ERROR: 0x8000100e
01-01 00:00:24.572   318  1820 E OMX_C2D : Destroy C2D instance
01-01 00:00:24.572   318  1820 E OMX_C2D : Destroy C2D instance
01-01 00:00:24.580   318  1820 E OMXNodeInstance: getParameter(100663311) ERROR: 0x8000100e
01-01 00:00:24.580   318  1820 E OMX-VDEC-1080P: Extension: OMX.google.android.index.describeColorFormat not implemented
01-01 00:00:24.580   318  1820 W ACodec  : do not know color format 0x7fa30c04 = 2141391876
01-01 00:00:24.580   318  1820 E OMX-VDEC-1080P: Extension: OMX.google.android.index.describeColorFormat not implemented
01-01 00:00:24.580   318  1820 E OMXNodeInstance: getParameter(100663297) ERROR: 0x8000100e
01-01 00:00:24.582   318  1820 E OMX_C2D : Destroy C2D instance
01-01 00:00:24.582   318  1820 E OMX_C2D : Destroy C2D instance
01-01 00:00:24.586   318  1820 E OMXNodeInstance: getParameter(100663311) ERROR: 0x8000100e
01-01 00:00:24.586   318  1820 E OMX-VDEC-1080P: Extension: OMX.google.android.index.describeColorFormat not implemented
01-01 00:00:24.586   318  1820 W ACodec  : do not know color format 0x7fa30c04 = 2141391876
01-01 00:00:24.586   318  1820 E OMX-VDEC-1080P: Extension: OMX.google.android.index.describeColorFormat not implemented
01-01 00:00:24.586   318  1820 E OMXNodeInstance: getParameter(100663297) ERROR: 0x8000100e
01-01 00:00:24.587   318  1820 E OMX_C2D : Destroy C2D instance
01-01 00:00:24.587   318  1820 E OMX_C2D : Destroy C2D instance
01-01 00:00:24.590   318  1820 E OMXNodeInstance: getParameter(100663311) ERROR: 0x8000100e
01-01 00:00:24.590   318  1820 E OMX-VDEC-1080P: Extension: OMX.google.android.index.describeColorFormat not implemented
01-01 00:00:24.590   318  1820 W ACodec  : do not know color format 0x7fa30c04 = 2141391876
01-01 00:00:24.591   318  1820 E OMX-VDEC-1080P: Extension: OMX.google.android.index.describeColorFormat not implemented
01-01 00:00:24.591   318  1820 E OMXNodeInstance: getParameter(100663297) ERROR: 0x8000100e
01-01 00:00:24.592   318  1820 E OMX_C2D : Destroy C2D instance
01-01 00:00:24.592   318  1820 E OMX_C2D : Destroy C2D instance
01-01 00:00:24.592   318  1820 E OMX     : FAILED to allocate omx component 'OMX.qcom.video.decoder.mpeg2.secure'
01-01 00:00:24.594  1347  1347 D PermissionMonitor: Users: 1, Apps: 60
01-01 00:00:24.596   318  1820 E OMXNodeInstance: getParameter(100663311) ERROR: 0x8000100e
01-01 00:00:24.596   318  1820 E OMX-VDEC-1080P: Extension: OMX.google.android.index.describeColorFormat not implemented
01-01 00:00:24.596   318  1820 W ACodec  : do not know color format 0x7fa30c04 = 2141391876
01-01 00:00:24.596   318  1820 E OMX-VDEC-1080P: Extension: OMX.google.android.index.describeColorFormat not implemented
01-01 00:00:24.596   318  1820 E OMXNodeInstance: getParameter(100663297) ERROR: 0x8000100e
01-01 00:00:24.597  1347  1347 I SystemServiceManager: Starting phase 600
01-01 00:00:24.597   318  1820 E OMX_C2D : Destroy C2D instance
01-01 00:00:24.597   318  1820 E OMX_C2D : Destroy C2D instance
01-01 00:00:24.598  1347  1373 D BluetoothManagerService: Message: 20
01-01 00:00:24.598  1347  1373 D BluetoothManagerService: Added callback: android.bluetooth.BluetoothAdapter$1@2906245b:true
01-01 00:00:24.601  1347  1347 D ConditionProviders: onServiceAdded ManagedServiceInfo[component=ComponentInfo{android/com.android.server.notification.CountdownConditionProvider},userid=0,isSystem=true,targetSdkVersion=21,connection=null,service=android.service.notification.ConditionProviderService$Provider@101364f8]
01-01 00:00:24.601  1347  1347 D ConditionProviders: onServiceAdded ManagedServiceInfo[component=ComponentInfo{android/com.android.server.notification.DowntimeConditionProvider},userid=0,isSystem=true,targetSdkVersion=21,connection=null,service=android.service.notification.ConditionProviderService$Provider@10d5bdd1]
01-01 00:00:24.601  1347  1373 D BluetoothManagerService: Message: 30
01-01 00:00:24.602  1347  1364 I StatusBarManagerService: registerStatusBar bar=com.android.internal.statusbar.IStatusBar$Stub$Proxy@3495d8a4
01-01 00:00:24.602   318  1820 E OMX-VDEC-1080P: get_parameter: OMX_IndexParamVideoProfileLevelQuerySupported ret NoMore for codec: OMX.qcom.video.decoder.vc1
01-01 00:00:24.602   318  1820 E OMXNodeInstance: getParameter(100663311) ERROR: 0x8000100e
01-01 00:00:24.602   318  1820 E OMX-VDEC-1080P: Extension: OMX.google.android.index.describeColorFormat not implemented
01-01 00:00:24.602   318  1820 W ACodec  : do not know color format 0x7fa30c04 = 2141391876
01-01 00:00:24.602   318  1820 E OMX-VDEC-1080P: Extension: OMX.google.android.index.describeColorFormat not implemented
01-01 00:00:24.602   318  1820 E OMXNodeInstance: getParameter(100663297) ERROR: 0x8000100e
01-01 00:00:24.603   318  1820 E OMX_C2D : Destroy C2D instance
01-01 00:00:24.603   318  1820 E OMX_C2D : Destroy C2D instance
01-01 00:00:24.604   318  1820 E OMX     : FAILED to allocate omx component 'OMX.qcom.video.decoder.vc1.secure'
01-01 00:00:24.604   318  1820 E OMX-VDEC-1080P: DIVX 5/6 Decoder selected
01-01 00:00:24.608   318  1820 E OMX-VDEC-1080P: get_parameter: OMX_IndexParamVideoProfileLevelQuerySupported ret NoMore for codec: OMX.qcom.video.decoder.divx
01-01 00:00:24.609   318  1820 E OMXNodeInstance: getParameter(100663311) ERROR: 0x8000100e
01-01 00:00:24.609   318  1820 E OMX-VDEC-1080P: Extension: OMX.google.android.index.describeColorFormat not implemented
01-01 00:00:24.609   318  1820 W ACodec  : do not know color format 0x7fa30c04 = 2141391876
01-01 00:00:24.609   318  1820 E OMX-VDEC-1080P: Extension: OMX.google.android.index.describeColorFormat not implemented
01-01 00:00:24.609   318  1820 E OMXNodeInstance: getParameter(100663297) ERROR: 0x8000100e
01-01 00:00:24.609   318  1820 E OMX_C2D : Destroy C2D instance
01-01 00:00:24.609   318  1820 E OMX_C2D : Destroy C2D instance
01-01 00:00:24.613   318  1820 E OMX-VDEC-1080P: get_parameter: OMX_IndexParamVideoProfileLevelQuerySupported ret NoMore for codec: OMX.qcom.video.decoder.divx311
01-01 00:00:24.613   318  1820 E OMXNodeInstance: getParameter(100663311) ERROR: 0x8000100e
01-01 00:00:24.613   318  1820 E OMX-VDEC-1080P: Extension: OMX.google.android.index.describeColorFormat not implemented
01-01 00:00:24.613   318  1820 W ACodec  : do not know color format 0x7fa30c04 = 2141391876
01-01 00:00:24.613   318  1820 E OMX-VDEC-1080P: Extension: OMX.google.android.index.describeColorFormat not implemented
01-01 00:00:24.613   318  1820 E OMXNodeInstance: getParameter(100663297) ERROR: 0x8000100e
01-01 00:00:24.614   318  1820 E OMX_C2D : Destroy C2D instance
01-01 00:00:24.614   318  1820 E OMX_C2D : Destroy C2D instance
01-01 00:00:24.615   318  1820 E OMX-VDEC-1080P: DIVX 4 Decoder selected
01-01 00:00:24.618   318  1820 E OMX-VDEC-1080P: get_parameter: OMX_IndexParamVideoProfileLevelQuerySupported ret NoMore for codec: OMX.qcom.video.decoder.divx4
01-01 00:00:24.618   318  1820 E OMXNodeInstance: getParameter(100663311) ERROR: 0x8000100e
01-01 00:00:24.618   318  1820 E OMX-VDEC-1080P: Extension: OMX.google.android.index.describeColorFormat not implemented
01-01 00:00:24.618   318  1820 W ACodec  : do not know color format 0x7fa30c04 = 2141391876
01-01 00:00:24.618   318  1820 E OMX-VDEC-1080P: Extension: OMX.google.android.index.describeColorFormat not implemented
01-01 00:00:24.618   318  1820 E OMXNodeInstance: getParameter(100663297) ERROR: 0x8000100e
01-01 00:00:24.618   318  1820 E OMX_C2D : Destroy C2D instance
01-01 00:00:24.618   318  1820 E OMX_C2D : Destroy C2D instance
01-01 00:00:24.622   318  1820 E OMXNodeInstance: getParameter(100663311) ERROR: 0x8000100e
01-01 00:00:24.622   318  1820 E OMX-VDEC-1080P: Extension: OMX.google.android.index.describeColorFormat not implemented
01-01 00:00:24.622   318  1820 W ACodec  : do not know color format 0x7fa30c04 = 2141391876
01-01 00:00:24.622   318  1820 E OMX-VDEC-1080P: Extension: OMX.google.android.index.describeColorFormat not implemented
01-01 00:00:24.622   318  1820 E OMXNodeInstance: getParameter(100663297) ERROR: 0x8000100e
01-01 00:00:24.623   318  1820 E OMX_C2D : Destroy C2D instance
01-01 00:00:24.623   318  1820 E OMX_C2D : Destroy C2D instance
01-01 00:00:24.625  1347  1363 I ActivityManager: Start proc com.android.externalstorage for broadcast com.android.externalstorage/.MountReceiver: pid=1954 uid=10007 gids={50007, 9997, 1028, 1015, 1023} abi=armeabi-v7a
01-01 00:00:24.626  1347  1347 I BackupManagerService: Backup enabled => false
01-01 00:00:24.626  1347  1347 I BackupManagerService: Opting out of backup
01-01 00:00:24.628  1347  1373 D BluetoothManagerService: Message: 30
01-01 00:00:24.629   318  1820 E OMXNodeInstance: getParameter(100663311) ERROR: 0x8000100e
01-01 00:00:24.629   318  1820 E OMX-VDEC-1080P: Extension: OMX.google.android.index.describeColorFormat not implemented
01-01 00:00:24.629   318  1820 W ACodec  : do not know color format 0x7fa30c04 = 2141391876
01-01 00:00:24.629   318  1820 E OMX-VDEC-1080P: Extension: OMX.google.android.index.describeColorFormat not implemented
01-01 00:00:24.629   318  1820 E OMXNodeInstance: getParameter(100663297) ERROR: 0x8000100e
01-01 00:00:24.631  1347  1347 E InputMethodManagerService: Ignoring setImeWindowStatus due to an invalid token. uid:1000 token:null
01-01 00:00:24.636   318  1820 E OMX_C2D : Destroy C2D instance
01-01 00:00:24.636   318  1820 E OMX_C2D : Destroy C2D instance
01-01 00:00:24.645   318  1483 D Utils   : printFileName fd(23) -> /system/media/audio/ui/Effect_Tick.ogg
01-01 00:00:24.645   318  1820 E OMXNodeInstance: getParameter(100663311) ERROR: 0x8000100e
01-01 00:00:24.645   318  1820 E OMX-VDEC-1080P: Extension: OMX.google.android.index.describeColorFormat not implemented
01-01 00:00:24.645   318  1820 W ACodec  : do not know color format 0x7fa30c04 = 2141391876
01-01 00:00:24.645   318  1820 E OMX-VDEC-1080P: Extension: OMX.google.android.index.describeColorFormat not implemented
01-01 00:00:24.645   318  1820 E OMXNodeInstance: getParameter(100663297) ERROR: 0x8000100e
01-01 00:00:24.647   318  1820 E OMX_C2D : Destroy C2D instance
01-01 00:00:24.647   318  1820 E OMX_C2D : Destroy C2D instance
01-01 00:00:24.651   318  1820 E OMXNodeInstance: getParameter(100663311) ERROR: 0x8000100e
01-01 00:00:24.651   318  1820 E OMXNodeInstance: getParameter(100663297) ERROR: 0x8000100e
01-01 00:00:24.651   318  1820 E OMXNodeInstance: OMX_GetExtensionIndex OMX.google.android.index.storeMetaDataInBuffers failed
01-01 00:00:24.652   318  1820 E OMXNodeInstance: getParameter(100663311) ERROR: 0x8000100e
01-01 00:00:24.652   318  1820 E OMXNodeInstance: getParameter(100663297) ERROR: 0x8000100e
01-01 00:00:24.652   318  1820 E OMXNodeInstance: OMX_GetExtensionIndex OMX.google.android.index.storeMetaDataInBuffers failed
01-01 00:00:24.653   318  1820 W MediaCodecList: ignoring Limit specified outside of a Type
01-01 00:00:24.653   318  1820 W MediaCodecList: ignoring Limit specified outside of a Type
01-01 00:00:24.653   318  1820 W MediaCodecList: ignoring Limit specified outside of a Type
01-01 00:00:24.653   318  1820 W MediaCodecList: ignoring Limit specified outside of a Type
01-01 00:00:24.653   318  1820 W MediaCodecList: ignoring Limit specified outside of a Type
01-01 00:00:24.653   318  1820 W MediaCodecList: ignoring Feature specified outside of a Type
01-01 00:00:24.654   318  1820 E OMXNodeInstance: getParameter(100663311) ERROR: 0x8000100e
01-01 00:00:24.654   318  1820 E OMXNodeInstance: getParameter(100663297) ERROR: 0x8000100e
01-01 00:00:24.654   318  1820 E OMXNodeInstance: OMX_GetExtensionIndex OMX.google.android.index.storeMetaDataInBuffers failed
01-01 00:00:24.657   318  1820 E OMXNodeInstance: getParameter(100663311) ERROR: 0x8000100e
01-01 00:00:24.657   318  1820 E OMXNodeInstance: getParameter(100663297) ERROR: 0x8000100e
01-01 00:00:24.658   318  1820 E OMXNodeInstance: OMX_GetExtensionIndex OMX.google.android.index.storeMetaDataInBuffers failed
01-01 00:00:24.668   318  1820 D SoftHEVC: Number of CPU cores: 4
01-01 00:00:24.668   318  1820 D SoftHEVC: Initializing decoder
01-01 00:00:24.668   318  1820 D SoftHEVC: Set number of cores to 4
01-01 00:00:24.668   318  1820 D SoftHEVC: Ittiam decoder version number: @(#)Id:HEVCDEC_production Ver:04.01 Released by ITTIAM Build: Nov  9 2015 @ 10:35:06
01-01 00:00:24.668   318  1820 E OMXNodeInstance: getParameter(100663311) ERROR: 0x8000100e
01-01 00:00:24.668   318  1820 E OMXNodeInstance: getParameter(100663297) ERROR: 0x8000100e
01-01 00:00:24.668   318  1820 E OMXNodeInstance: OMX_GetExtensionIndex OMX.google.android.index.storeMetaDataInBuffers failed
01-01 00:00:24.668   318  1820 D SoftHEVC: Freeing codec memory
01-01 00:00:24.669   318  1820 D SoftHEVC: Number of CPU cores: 4
01-01 00:00:24.669  1347  1347 I ActivityManager: Start proc com.android.inputmethod.latin for service com.android.inputmethod.latin/.LatinIME: pid=1991 uid=10036 gids={50036, 9997, 1028, 1015} abi=armeabi-v7a
01-01 00:00:24.669   318  1820 D SoftHEVC: Initializing decoder
01-01 00:00:24.669  1347  1347 V InputMethodManagerService: Adding window token: android.os.Binder@28a72d6e
01-01 00:00:24.670   318  1820 D SoftHEVC: Set number of cores to 4
01-01 00:00:24.670   318  1820 D SoftHEVC: Ittiam decoder version number: @(#)Id:HEVCDEC_production Ver:04.01 Released by ITTIAM Build: Nov  9 2015 @ 10:35:06
01-01 00:00:24.677   318  1820 D SoftHEVC: In SoftHEVC::~SoftHEVC
01-01 00:00:24.677   318  1820 D SoftHEVC: Freeing codec memory
01-01 00:00:24.677   318  1483 D ExtendedUtils: extended extractor not needed, return default
01-01 00:00:24.680   318  2002 D AudioPolicyManager: isOffloadSupported: stream_type != MUSIC, returning false
01-01 00:00:24.687   318  1820 E OMXNodeInstance: getParameter(100663311) ERROR: 0x8000100e
01-01 00:00:24.687   318  1820 E OMXNodeInstance: getParameter(100663297) ERROR: 0x8000100e
01-01 00:00:24.687   318  1820 E OMXNodeInstance: OMX_GetExtensionIndex OMX.google.android.index.storeMetaDataInBuffers failed
01-01 00:00:24.691   318  1820 E OMXNodeInstance: getParameter(100663311) ERROR: 0x8000100e
01-01 00:00:24.691   318  1820 E OMXNodeInstance: getParameter(100663297) ERROR: 0x8000100e
01-01 00:00:24.691   318  1820 E OMXNodeInstance: OMX_GetExtensionIndex OMX.google.android.index.storeMetaDataInBuffers failed
01-01 00:00:24.695   318  1820 I SoftMPEG4Encoder: Construct SoftMPEG4Encoder
01-01 00:00:24.695   318  1820 E OMXNodeInstance: getParameter(100663311) ERROR: 0x8000100e
01-01 00:00:24.696   318  1820 W ACodec  : do not know color format 0x7f000789 = 2130708361
01-01 00:00:24.696   318  1820 E OMXNodeInstance: getParameter(100663297) ERROR: 0x8000100e
01-01 00:00:24.703   318  1820 I SoftAVCEncoder: Construct SoftAVCEncoder
01-01 00:00:24.703   318  1820 E OMXNodeInstance: getParameter(100663311) ERROR: 0x8000100e
01-01 00:00:24.703   318  1820 W ACodec  : do not know color format 0x7f000789 = 2130708361
01-01 00:00:24.703   318  1820 E OMXNodeInstance: getParameter(100663297) ERROR: 0x8000100e
01-01 00:00:24.704  1954  1954 D ExternalStorage: After updating volumes, found 2 active roots
01-01 00:00:24.705   318  1820 I SoftMPEG4Encoder: Construct SoftMPEG4Encoder
01-01 00:00:24.705   318  1820 E OMXNodeInstance: getParameter(100663311) ERROR: 0x8000100e
01-01 00:00:24.705   318  1820 W ACodec  : do not know color format 0x7f000789 = 2130708361
01-01 00:00:24.705   318  1820 E OMXNodeInstance: getParameter(100663297) ERROR: 0x8000100e
01-01 00:00:24.708  1954  1954 D ExternalStorage: After updating volumes, found 2 active roots
01-01 00:00:24.711  1722  1722 D MediaScannerReceiver: action: android.intent.action.MEDIA_MOUNTED path: /storage/sdcard1
01-01 00:00:24.716   318  1820 E OMXNodeInstance: getParameter(100663311) ERROR: 0x8000100e
01-01 00:00:24.716   318  1820 W ACodec  : do not know color format 0x7f000789 = 2130708361
01-01 00:00:24.716   318  1820 E OMXNodeInstance: getParameter(100663297) ERROR: 0x8000100e
01-01 00:00:24.718   318  1820 D OMXCodec: Successfully allocated OMX node 'OMX.google.vorbis.decoder'
01-01 00:00:24.719   318  2002 D OMXCodec: Successfully allocated OMX node 'OMX.google.vorbis.decoder'
01-01 00:00:24.720   318  2002 I ExtendedUtils: decision 0 mime 
01-01 00:00:24.720   318  2002 I AwesomePlayer: Could not offload audio decode, try pcm offload
01-01 00:00:24.720   318  2002 D AudioPolicyManager: isOffloadSupported: stream_type != MUSIC, returning false
01-01 00:00:24.720   318  1820 I ExtendedUtils: decision 0 mime 
01-01 00:00:24.720   318  1820 I AwesomePlayer: Could not offload audio decode, try pcm offload
01-01 00:00:24.720   318  1820 D AudioPolicyManager: isOffloadSupported: stream_type != MUSIC, returning false
01-01 00:00:24.721   318  1483 I AudioPlayer: start of Playback, useOffload 0
01-01 00:00:24.723   318  1484 I AudioPlayer: start of Playback, useOffload 0
01-01 00:00:24.737   423  1341 E modemanager: readXMLOp:Couldn't open OEM XML file!
01-01 00:00:24.737   423  1341 E modemanager: retrieveMode: Failed to enumerate modes
01-01 00:00:24.737   423  1341 E modemanager: in applyDefaultMode fail to retrieve default mode!
01-01 00:00:24.737   423  1341 I modemanager: in applyDefaultMode ret = 0 mCurMode = -1
01-01 00:00:24.737   423  1341 E PPDaemon: void* applyDefaultModeThreadFunc(void*) failed applying default mode!
01-01 00:00:24.740  1347  1746 I ActivityManager: Start proc com.sentera.updater for broadcast com.sentera.updater/.SDCardMountedReceiver: pid=2031 uid=1000 gids={41000, 9997, 3002, 3001, 1028, 1015, 3003, 3005, 1021, 3004, 1000, 3009, 1023, 1010, 2001, 1007} abi=armeabi-v7a
01-01 00:00:24.795  1991  1991 I LatinIME: Hardware accelerated drawing: true
01-01 00:00:24.821  1760  1781 W art     : Suspending all threads took: 8.617ms
01-01 00:00:24.823   318  2002 I AudioPlayer: Pause Playback at 94000
01-01 00:00:24.823   318  1483 I AudioPlayer: reset: mPlaying=0 mReachedEOS=1 useOffload=0
01-01 00:00:24.823  1760  1781 I art     : Background sticky concurrent mark sweep GC freed 6171(461KB) AllocSpace objects, 0(0B) LOS objects, 24% free, 1632KB/2MB, paused 9.634ms total 18.719ms
01-01 00:00:24.828   318   318 D Utils   : printFileName fd(21) -> /system/media/audio/ui/KeypressStandard.ogg
01-01 00:00:24.847  2031  2031 I SDCardMountedReceiver: ACTION_MEDIA_MOUNTED: Mounted To: file:///storage/sdcard1 in state "mounted"
01-01 00:00:24.847  2031  2031 D SDCardMountedReceiver: SDCard Mounted and Ready.  Starting firmware update service.
01-01 00:00:24.850  2031  2031 W ContextImpl: Calling a method in the system process without a qualified user: android.app.ContextImpl.startService:1686 android.content.ContextWrapper.startService:515 android.content.ContextWrapper.startService:515 com.sentera.updater.SDCardMountedReceiver.onReceive:47 android.app.ActivityThread.handleReceiver:2579 
01-01 00:00:24.853   318   318 D ExtendedUtils: extended extractor not needed, return default
01-01 00:00:24.853   318  2050 D AudioPolicyManager: isOffloadSupported: stream_type != MUSIC, returning false
01-01 00:00:24.854   318  2050 D OMXCodec: Successfully allocated OMX node 'OMX.google.vorbis.decoder'
01-01 00:00:24.854   318  2050 I ExtendedUtils: decision 0 mime 
01-01 00:00:24.854   318  2050 I AwesomePlayer: Could not offload audio decode, try pcm offload
01-01 00:00:24.854   318  2050 D AudioPolicyManager: isOffloadSupported: stream_type != MUSIC, returning false
01-01 00:00:24.855   318   318 I AudioPlayer: start of Playback, useOffload 0
01-01 00:00:24.856  2031  2031 D FirmwareUpdateService: Saving files versions to: /storage/sdcard1/info/
01-01 00:00:24.862  2031  2031 I FirmwareVersion: Firmware Version File: 
01-01 00:00:24.862  2031  2031 I FirmwareVersion: SENTERA SNAPCAM | [aa15283d] | SCR-H01 | 0.19.0 | 2018-04-16-171653 |  | 
01-01 00:00:24.873  1760  1760 W TelecomManager: Telecom Service not found.
01-01 00:00:24.873  1760  1760 W TelecomManager: Telecom Service not found.
01-01 00:00:24.874  1760  1760 W Settings: Setting airplane_mode_on has moved from android.provider.Settings.System to android.provider.Settings.Global, returning read-only value.
01-01 00:00:24.877  1760  1760 W Settings: Setting airplane_mode_on has moved from android.provider.Settings.System to android.provider.Settings.Global, returning read-only value.
01-01 00:00:24.877  1760  1760 W TelecomManager: Telecom Service not found.
01-01 00:00:24.956   318  1820 I AudioPlayer: Pause Playback at 226507
01-01 00:00:24.957   318  1484 I AudioPlayer: reset: mPlaying=0 mReachedEOS=1 useOffload=0
01-01 00:00:24.966   318  1483 D Utils   : printFileName fd(17) -> /system/media/audio/ui/Unlock.ogg
01-01 00:00:24.976   318  2050 I AudioPlayer: Pause Playback at 108145
01-01 00:00:24.976   318   318 I AudioPlayer: reset: mPlaying=0 mReachedEOS=1 useOffload=0
01-01 00:00:24.980   318  1484 D Utils   : printFileName fd(21) -> /system/media/audio/ui/KeypressSpacebar.ogg
01-01 00:00:24.981   318  1483 D ExtendedUtils: extended extractor not needed, return default
01-01 00:00:24.981   318  2056 D AudioPolicyManager: isOffloadSupported: stream_type != MUSIC, returning false
01-01 00:00:24.983   318  2056 D OMXCodec: Successfully allocated OMX node 'OMX.google.vorbis.decoder'
01-01 00:00:24.983   318  2056 I ExtendedUtils: decision 0 mime 
01-01 00:00:24.983   318  2056 I AwesomePlayer: Could not offload audio decode, try pcm offload
01-01 00:00:24.983   318  2056 D AudioPolicyManager: isOffloadSupported: stream_type != MUSIC, returning false
01-01 00:00:24.984   318  1483 I AudioPlayer: start of Playback, useOffload 0
01-01 00:00:24.996  2031  2031 W ActivityThread: ClassLoader.getResourceAsStream: The class loader returned by Thread.getContextClassLoader() may fail for processes that host multiple applications. You should explicitly specify a context class loader. For example: Thread.setContextClassLoader(getClass().getClassLoader());
01-01 00:00:25.002   318  1484 D ExtendedUtils: extended extractor not needed, return default
01-01 00:00:25.004   318  2061 D AudioPolicyManager: isOffloadSupported: stream_type != MUSIC, returning false
01-01 00:00:25.005   318  2061 D OMXCodec: Successfully allocated OMX node 'OMX.google.vorbis.decoder'
01-01 00:00:25.005   318  2061 I ExtendedUtils: decision 0 mime 
01-01 00:00:25.005   318  2061 I AwesomePlayer: Could not offload audio decode, try pcm offload
01-01 00:00:25.005   318  2061 D AudioPolicyManager: isOffloadSupported: stream_type != MUSIC, returning false
01-01 00:00:25.005   361   361 E QC-time-services: Daemon:genoff_modem_qmi_init: qmi_client_get_service_list returned -2num_services 0
01-01 00:00:25.006   318  1484 I AudioPlayer: start of Playback, useOffload 0
01-01 00:00:25.037  2031  2031 D FirmwareUpdateService: Checking for firmware in path: firmware
01-01 00:00:25.042  2031  2065 D FirmwareUpdateService: Checking for Firmware Updates...
01-01 00:00:25.042  2031  2065 D FirmwareChecker: Checking for previous updates file: /storage/sdcard1/firmware/applying_update
01-01 00:00:25.042  2031  2065 I FirmwareChecker: Scanning for firmware updates in: /storage/sdcard1/firmware
01-01 00:00:25.043  2031  2065 V FirmwareChecker: Rejecting Possible Update File: add_stored_configs - zip: false dotFile: false tempFile: false
01-01 00:00:25.043  2031  2065 D FirmwareChecker: No update files found. ( /storage/sdcard1/firmware )  Skipped update step.
01-01 00:00:25.043  2031  2065 D FirmwareChecker: Update Check Complete.
01-01 00:00:25.043  2031  2065 D FirmwareUpdateService: Stopping Service...
01-01 00:00:25.074  1760  1760 W Settings: Setting airplane_mode_on has moved from android.provider.Settings.System to android.provider.Settings.Global, returning read-only value.
01-01 00:00:25.085  1347  1430 D WifiService: New client listening to asynchronous messages
01-01 00:00:25.088  1347  1373 D BluetoothManagerService: Message: 20
01-01 00:00:25.088  1347  1373 D BluetoothManagerService: Added callback: android.bluetooth.IBluetoothManagerCallback$Stub$Proxy@2db2c9b8:true
01-01 00:00:25.089  1760  1760 D BluetoothAdapter: 916804518: getState() :  mService = null. Returning STATE_OFF
01-01 00:00:25.089  1760  1760 D BluetoothAdapter: 916804518: getState() :  mService = null. Returning STATE_OFF
01-01 00:00:25.094  1347  1364 D ConnectivityService: listenForNetwork for NetworkRequest [ id=2, legacyType=-1, [] ]
01-01 00:00:25.104  2069  2069 I logcat_to_sd: SD card mounted, creating log folder. 
01-01 00:00:25.108  1760  1760 D StatusBar.NetworkController: refreshSignalCluster - setMobileDataIndicators:  mHasMobileDataFeature = false mPhoneSignalIconId = (null) mDataSignalIconId = (null) mMobileActivityIconId = (null) mDataTypeIconId = (null) mNoSimIconId = (null)
01-01 00:00:25.108  1760  1760 D StatusBar.NetworkController: refreshSignalCluster - setMobileDataIndicators:  mHasMobileDataFeature = false mPhoneSignalIconId = (null) mDataSignalIconId = (null) mMobileActivityIconId = (null) mDataTypeIconId = (null) mNoSimIconId = (null)
01-01 00:00:25.108  1760  1760 D StatusBar.NetworkController: refreshSignalCluster - setMobileDataIndicators:  mHasMobileDataFeature = false mPhoneSignalIconId = (null) mDataSignalIconId = (null) mMobileActivityIconId = (null) mDataTypeIconId = (null) mNoSimIconId = (null)
01-01 00:00:25.110   318  2060 I CameraService: getCameraCharacteristics: Switching to HAL1 shim implementation...
01-01 00:00:25.111   318  2060 I AwesomePlayer: setDataSource_l(<no-scheme URI suppressed>)
01-01 00:00:25.111   318  2060 D AwesomePlayer: printFileName /system/media/audio/ui/camera_click.ogg
01-01 00:00:25.120   318  2061 I AudioPlayer: Pause Playback at 108145
01-01 00:00:25.120   318  1484 I AudioPlayer: reset: mPlaying=0 mReachedEOS=1 useOffload=0
01-01 00:00:25.131   318   318 D Utils   : printFileName fd(21) -> /system/media/audio/ui/KeypressDelete.ogg
01-01 00:00:25.133   318  2073 D ExtendedUtils: extended extractor not needed, return default
01-01 00:00:25.133   318  2073 D AudioPolicyManager: isOffloadSupported: stream_type != MUSIC, returning false
01-01 00:00:25.133   318  2073 D OMXCodec: Successfully allocated OMX node 'OMX.google.vorbis.decoder'
01-01 00:00:25.133   318  2073 I ExtendedUtils: decision 0 mime 
01-01 00:00:25.133   318  2073 I AwesomePlayer: Could not offload audio decode, try pcm offload
01-01 00:00:25.133   318  2073 D AudioPolicyManager: isOffloadSupported: stream_type != MUSIC, returning false
01-01 00:00:25.134   318  2060 I AwesomePlayer: setDataSource_l(<no-scheme URI suppressed>)
01-01 00:00:25.134   318  2060 D AwesomePlayer: printFileName /system/media/audio/ui/VideoRecord.ogg
01-01 00:00:25.145  2096  2096 I log_temperatures: SD card mounted, creating log folder. 
01-01 00:00:25.154   318  2092 D ExtendedUtils: extended extractor not needed, return default
01-01 00:00:25.154   318  2092 D AudioPolicyManager: isOffloadSupported: stream_type != MUSIC, returning false
01-01 00:00:25.155   318   318 D ExtendedUtils: extended extractor not needed, return default
01-01 00:00:25.155   318  2092 D OMXCodec: Successfully allocated OMX node 'OMX.google.vorbis.decoder'
01-01 00:00:25.155   318  2092 I ExtendedUtils: decision 0 mime 
01-01 00:00:25.155   318  2092 I AwesomePlayer: Could not offload audio decode, try pcm offload
01-01 00:00:25.155   318  2092 D AudioPolicyManager: isOffloadSupported: stream_type != MUSIC, returning false
01-01 00:00:25.158   318  2105 D AudioPolicyManager: isOffloadSupported: stream_type != MUSIC, returning false
01-01 00:00:25.159   420   420 I sh      : type=1400 audit(0.0:25): avc: denied { getattr } for path="/storage/sdcard1/info/logs/system_log.06.log" dev="fuse" ino=3061867952 scontext=u:r:init:s0 tcontext=u:object_r:fuse:s0 tclass=file permissive=1
01-01 00:00:25.159   318  2105 D OMXCodec: Successfully allocated OMX node 'OMX.google.vorbis.decoder'
01-01 00:00:25.159   318  2060 I CameraClient: Opening camera 0
01-01 00:00:25.163   318  2105 I ExtendedUtils: decision 0 mime 
01-01 00:00:25.163   318  2105 I AwesomePlayer: Could not offload audio decode, try pcm offload
01-01 00:00:25.163   318  2105 D AudioPolicyManager: isOffloadSupported: stream_type != MUSIC, returning false
01-01 00:00:25.169  2124  2124 I mv      : type=1400 audit(0.0:26): avc: denied { write } for name="logs" dev="fuse" ino=3061866672 scontext=u:r:init:s0 tcontext=u:object_r:fuse:s0 tclass=dir permissive=1
01-01 00:00:25.169  2124  2124 I mv      : type=1400 audit(0.0:27): avc: denied { remove_name } for name="system_log.06.log" dev="fuse" ino=3061867952 scontext=u:r:init:s0 tcontext=u:object_r:fuse:s0 tclass=dir permissive=1
01-01 00:00:25.169  2124  2124 I mv      : type=1400 audit(0.0:28): avc: denied { rename } for name="system_log.06.log" dev="fuse" ino=3061867952 scontext=u:r:init:s0 tcontext=u:object_r:fuse:s0 tclass=file permissive=1
01-01 00:00:25.169  2124  2124 I mv      : type=1400 audit(0.0:29): avc: denied { add_name } for name="system_log.07.log" scontext=u:r:init:s0 tcontext=u:object_r:fuse:s0 tclass=dir permissive=1
01-01 00:00:25.174   318   318 I AudioPlayer: start of Playback, useOffload 0
01-01 00:00:25.181   318  2056 I AudioPlayer: Pause Playback at 188866
01-01 00:00:25.181   318  1483 I AudioPlayer: reset: mPlaying=0 mReachedEOS=1 useOffload=0
01-01 00:00:25.186   364  2131 I mm-camera-sensor: module_sensor_start_session:1402 session 2
01-01 00:00:25.186   318  1484 D Utils   : printFileName fd(17) -> /system/media/audio/ui/Trusted.ogg
01-01 00:00:25.199   364  2141 E mm-camera-isp2: isp_module_start_session:166 session id 2
01-01 00:00:25.211  1991  1991 W InputAttributes: No editor info for this field. Bug?
01-01 00:00:25.214   318  1484 D ExtendedUtils: extended extractor not needed, return default
01-01 00:00:25.215   318  2151 D AudioPolicyManager: isOffloadSupported: stream_type != MUSIC, returning false
01-01 00:00:25.216   318  2151 D OMXCodec: Successfully allocated OMX node 'OMX.google.vorbis.decoder'
01-01 00:00:25.216   318  2151 I ExtendedUtils: decision 0 mime 
01-01 00:00:25.216   318  2151 I AwesomePlayer: Could not offload audio decode, try pcm offload
01-01 00:00:25.216   318  2151 D AudioPolicyManager: isOffloadSupported: stream_type != MUSIC, returning false
01-01 00:00:25.219   318  1484 I AudioPlayer: start of Playback, useOffload 0
01-01 00:00:25.238  1991  2159 I LatinIME:LogUtils: Dictionary info: dictionary = UserHistoryDictionary.en_US ; version = 23 ; date = 1530638219
01-01 00:00:25.244  1991  2160 I LatinIME:LogUtils: Dictionary info: dictionary = PersonalizationDictionary.en_US ; version = 25 ; date = ?
01-01 00:00:25.247   364  2148 D hdr     : Session id 0x2 started
01-01 00:00:25.252   364  2143 E mm-camera-CORE: af_single_if_link: Link success! 
01-01 00:00:25.259   364  2143 E mm-camera: is_module_start_session: Enter
01-01 00:00:25.259   364  2143 E mm-camera: is_module_start_session: Exit successful
01-01 00:00:25.259   364  2143 E mm-camera: gyro_module_start_session: Enter
01-01 00:00:25.259   364  2143 E mm-camera: gyro_port_init: Init DSPS
01-01 00:00:25.268  1347  1363 I ActivityManager: Start proc android.process.acore for content provider com.android.providers.userdictionary/.UserDictionaryProvider: pid=2177 uid=10003 gids={50003, 9997, 3003, 1028, 1015} abi=armeabi-v7a
01-01 00:00:25.271  1991  2171 I LatinIME:LogUtils: Dictionary info: dictionary = contacts.en_US ; version = 25 ; date = ?
01-01 00:00:25.273  1991  2167 I LatinIME:LogUtils: Dictionary info: dictionary = userunigram.en_US ; version = 25 ; date = ?
01-01 00:00:25.274  1991  2172 I LatinIME:LogUtils: Dictionary info: dictionary = ContextualDictionary.en_US ; version = 25 ; date = ?
01-01 00:00:25.293   318  2105 I AudioPlayer: Pause Playback at 108145
01-01 00:00:25.296   318   318 I AudioPlayer: reset: mPlaying=0 mReachedEOS=1 useOffload=0
01-01 00:00:25.315   318  2151 I AudioPlayer: Pause Playback at 80000
01-01 00:00:25.316   318  1484 I AudioPlayer: reset: mPlaying=0 mReachedEOS=1 useOffload=0
01-01 00:00:25.327   318  2127 D Utils   : printFileName fd(15) -> /system/media/audio/ui/KeypressReturn.ogg
01-01 00:00:25.339   364  2131 E mm-camera-sensor: module_sensor_init_session:1140 Sensor path (null) name imx377_0
01-01 00:00:25.339   364  2131 I mm-camera-sensor: sensor_set_position:1416 Position ID: 0
01-01 00:00:25.339   364  2131 I mm-camera-sensor: sensor_set_mode:1447 Sensor Mode ID: 1
01-01 00:00:25.350   318  2127 D ExtendedUtils: extended extractor not needed, return default
01-01 00:00:25.350   318  2210 D AudioPolicyManager: isOffloadSupported: stream_type != MUSIC, returning false
01-01 00:00:25.351   318  2210 D OMXCodec: Successfully allocated OMX node 'OMX.google.vorbis.decoder'
01-01 00:00:25.351   318  2210 I ExtendedUtils: decision 0 mime 
01-01 00:00:25.351   318  2210 I AwesomePlayer: Could not offload audio decode, try pcm offload
01-01 00:00:25.351   318  2210 D AudioPolicyManager: isOffloadSupported: stream_type != MUSIC, returning false
01-01 00:00:25.352   318  2127 I AudioPlayer: start of Playback, useOffload 0
01-01 00:00:25.383  2222  2222 I logcat_to_sd: Starting SDCard logging... 
01-01 00:00:25.379  2223  2223 I script  : type=1400 audit(0.0:30): avc: denied { create } for name="system_log.log" scontext=u:r:init:s0 tcontext=u:object_r:fuse:s0 tclass=file permissive=1
01-01 00:00:25.389  2223  2223 I script  : type=1400 audit(0.0:31): avc: denied { write open } for path="/storage/sdcard1/info/logs/system_log.log" dev="fuse" ino=3062916048 scontext=u:r:init:s0 tcontext=u:object_r:fuse:s0 tclass=file permissive=1
01-01 00:00:25.479   318  2210 I AudioPlayer: Pause Playback at 108145
01-01 00:00:25.479   318  2127 I AudioPlayer: reset: mPlaying=0 mReachedEOS=1 useOffload=0
01-01 00:00:25.490   318  1483 D Utils   : printFileName fd(17) -> /system/media/audio/ui/KeypressInvalid.ogg
01-01 00:00:25.498  1991  2160 I LatinIME:LogUtils: Dictionary info: dictionary = PersonalizationDictionary.en_US ; version = 25 ; date = ?
01-01 00:00:25.499  1991  2160 I LatinIME:LogUtils: Dictionary info: dictionary = PersonalizationDictionary.en_US ; version = 25 ; date = ?
01-01 00:00:25.503   364  2131 I mm-camera-sensor: module_sensor_init_session:1301 Success
01-01 00:00:25.505   364  2131 E mm-camera-sensor: module_sensor_start_session:1435 SUCCESS
01-01 00:00:25.531  1991  2241 I LatinIME:LogUtils: Dictionary info: dictionary = main:en ; version = 47 ; date = 1402373178
01-01 00:00:25.533   318  1483 D ExtendedUtils: extended extractor not needed, return default
01-01 00:00:25.534   318  2245 D AudioPolicyManager: isOffloadSupported: stream_type != MUSIC, returning false
01-01 00:00:25.535   318  2245 D OMXCodec: Successfully allocated OMX node 'OMX.google.vorbis.decoder'
01-01 00:00:25.535   318  2245 I ExtendedUtils: decision 0 mime 
01-01 00:00:25.535   318  2245 I AwesomePlayer: Could not offload audio decode, try pcm offload
01-01 00:00:25.535   318  2245 D AudioPolicyManager: isOffloadSupported: stream_type != MUSIC, returning false
01-01 00:00:25.537   318  1483 I AudioPlayer: start of Playback, useOffload 0
01-01 00:00:25.563  1722  2022 W MediaScanner: Error opening directory '/storage/usbotg/', skipping: No such file or directory.
01-01 00:00:25.566  1722  2022 V MediaScanner: pruneDeadThumbnailFiles... android.database.sqlite.SQLiteCursor@15f344b8
