01-01 00:00:21.495   318  1389 D audio_hw_fm: audio_extn_fm_set_parameters: set_fm_volume usecase
01-01 00:00:21.496   318  1389 D audio_hw_fm: fm_set_volume: (0.000000)
01-01 00:00:21.496   318   318 I AudioFlinger: HAL output buffer size 240 frames, normal sink buffer size 960 frames
01-01 00:00:21.497   318   318 E MonoPipe: Failed to fetch local time frequency when constructing a MonoPipe (res = -32).  getNextWriteTimestamp calls will be non-functional
01-01 00:00:21.498  1347  1363 W Binder  : Caught a RuntimeException from the binder stub implementation.
01-01 00:00:21.498  1347  1363 W Binder  : java.lang.NullPointerException: Attempt to invoke interface method 'int android.app.IActivityManager.checkPermission(java.lang.String, int, int)' on a null object reference
01-01 00:00:21.498  1347  1363 W Binder  : 	at android.app.ContextImpl.checkPermission(ContextImpl.java:1859)
01-01 00:00:21.498  1347  1363 W Binder  : 	at android.app.ContextImpl.checkCallingOrSelfPermission(ContextImpl.java:1885)
01-01 00:00:21.498  1347  1363 W Binder  : 	at android.app.ContextImpl.enforceCallingOrSelfPermission(ContextImpl.java:1922)
01-01 00:00:21.498  1347  1363 W Binder  : 	at com.android.server.power.PowerManagerService$BinderService.releaseWakeLock(PowerManagerService.java:2855)
01-01 00:00:21.498  1347  1363 W Binder  : 	at android.os.IPowerManager$Stub.onTransact(IPowerManager.java:94)
01-01 00:00:21.498  1347  1363 W Binder  : 	at android.os.Binder.execTransact(Binder.java:446)
01-01 00:00:21.504  1347  1363 W Binder  : Caught a RuntimeException from the binder stub implementation.
01-01 00:00:21.504  1347  1363 W Binder  : java.lang.NullPointerException: Attempt to invoke interface method 'int android.app.IActivityManager.checkPermission(java.lang.String, int, int)' on a null object reference
01-01 00:00:21.504  1347  1363 W Binder  : 	at android.app.ContextImpl.checkPermission(ContextImpl.java:1859)
01-01 00:00:21.504  1347  1363 W Binder  : 	at android.app.ContextImpl.checkCallingOrSelfPermission(ContextImpl.java:1885)
01-01 00:00:21.504  1347  1363 W Binder  : 	at android.app.ContextImpl.enforceCallingOrSelfPermission(ContextImpl.java:1922)
01-01 00:00:21.504  1347  1363 W Binder  : 	at com.android.server.power.PowerManagerService$BinderService.acquireWakeLock(PowerManagerService.java:2827)
01-01 00:00:21.504  1347  1363 W Binder  : 	at android.os.IPowerManager$Stub.onTransact(IPowerManager.java:66)
01-01 00:00:21.504  1347  1363 W Binder  : 	at android.os.Binder.execTransact(Binder.java:446)
01-01 00:00:21.510  1347  1363 W Binder  : Caught a RuntimeException from the binder stub implementation.
01-01 00:00:21.510  1347  1363 W Binder  : java.lang.NullPointerException: Attempt to invoke interface method 'int android.app.IActivityManager.checkPermission(java.lang.String, int, int)' on a null object reference
01-01 00:00:21.510  1347  1363 W Binder  : 	at android.app.ContextImpl.checkPermission(ContextImpl.java:1859)
01-01 00:00:21.510  1347  1363 W Binder  : 	at android.app.ContextImpl.checkCallingOrSelfPermission(ContextImpl.java:1885)
01-01 00:00:21.510  1347  1363 W Binder  : 	at android.app.ContextImpl.enforceCallingOrSelfPermission(ContextImpl.java:1922)
01-01 00:00:21.510  1347  1363 W Binder  : 	at com.android.server.power.PowerManagerService$BinderService.updateWakeLockWorkSource(PowerManagerService.java:2886)
01-01 00:00:21.510  1347  1363 W Binder  : 	at com.android.server.power.PowerManagerService$BinderService.updateWakeLockUids(PowerManagerService.java:2877)
01-01 00:00:21.510  1347  1363 W Binder  : 	at android.os.IPowerManager$Stub.onTransact(IPowerManager.java:105)
01-01 00:00:21.510  1347  1363 W Binder  : 	at android.os.Binder.execTransact(Binder.java:446)
01-01 00:00:21.596  1347  1365 I Sensors : InvenSense MA 5.1.6 RC54
01-01 00:00:21.601  1347  1365 V MPL-storeload: Bytes read = 6040
01-01 00:00:21.737   423  1341 E modemanager: readXMLOp:Couldn't open OEM XML file!
01-01 00:00:21.737   423  1341 E modemanager: retrieveMode: Failed to enumerate modes
01-01 00:00:21.737   423  1341 E modemanager: in applyDefaultMode fail to retrieve default mode!
01-01 00:00:21.737   423  1341 I modemanager: in applyDefaultMode ret = 0 mCurMode = -1
01-01 00:00:21.737   423  1341 E PPDaemon: void* applyDefaultModeThreadFunc(void*) failed applying default mode!
01-01 00:00:21.892  1347  1347 W ResourceType: Failure getting entry for 0x7f08031b (t=7 e=795) (error -75)
01-01 00:00:21.957  1347  1365 I         : System server: sensor init done.
01-01 00:00:21.958  1347  1391 D SensorService: nuSensorService thread starting...
01-01 00:00:21.958  1347  1391 I Sensors : HAL: dmpSign interrupt
01-01 00:00:21.958  1347  1391 I Sensors : HAL: dmpPed interrupt
01-01 00:00:21.959  1347  1392 D SensorService: new thread SensorEventAckReceiver
01-01 00:00:22.050  1347  1347 W PackageParser: No actions in intent filter at /system/app/BTTestApp/BTTestApp.apk Binary XML file line #66
01-01 00:00:22.099  1347  1347 W PackageParser: No actions in intent filter at /system/app/Bluetooth/Bluetooth.apk Binary XML file line #229
01-01 00:00:22.118  1347  1347 W PackageParser: Unknown element under <application>: uses-feature at /system/app/BluetoothExt/BluetoothExt.apk Binary XML file line #57
01-01 00:00:22.118  1347  1347 W PackageParser: No actions in intent filter at /system/app/BluetoothExt/BluetoothExt.apk Binary XML file line #110
01-01 00:00:22.118  1347  1347 W PackageParser: No actions in intent filter at /system/app/BluetoothExt/BluetoothExt.apk Binary XML file line #134
01-01 00:00:22.119  1347  1347 W PackageParser: No actions in intent filter at /system/app/BluetoothExt/BluetoothExt.apk Binary XML file line #161
01-01 00:00:22.170  1347  1347 W PackageManager: Failed to parse /system/app/CNESettings: Missing base APK in /system/app/CNESettings
01-01 00:00:22.411  1347  1347 W PackageManager: Failed to parse /system/app/FTMMode: Missing base APK in /system/app/FTMMode
01-01 00:00:22.457  1347  1347 W PackageParser: Unknown element under <application>: permission at /system/app/Gallery2/Gallery2.apk Binary XML file line #251
01-01 00:00:22.457  1347  1347 W PackageParser: Unknown element under <application>: permission at /system/app/Gallery2/Gallery2.apk Binary XML file line #254
01-01 00:00:22.491  1347  1347 W PackageManager: Failed to parse /system/app/InterfacePermissions: Missing base APK in /system/app/InterfacePermissions
01-01 00:00:22.606  1347  1347 W PackageManager: Failed to parse /system/app/NetworkSetting: Missing base APK in /system/app/NetworkSetting
01-01 00:00:22.613  1347  1347 W PackageManager: Failed to parse /system/app/ODLT: Missing base APK in /system/app/ODLT
01-01 00:00:22.634  1347  1347 W PackageManager: Failed to parse /system/app/PPPreference: Missing base APK in /system/app/PPPreference
01-01 00:00:22.729  1347  1347 W PackageManager: Failed to parse /system/app/QComQMIPermissions: Missing base APK in /system/app/QComQMIPermissions
01-01 00:00:22.730  1347  1347 W PackageManager: Failed to parse /system/app/QVTester: Missing base APK in /system/app/QVTester
01-01 00:00:22.737   423  1341 E modemanager: readXMLOp:Couldn't open OEM XML file!
01-01 00:00:22.737   423  1341 E modemanager: retrieveMode: Failed to enumerate modes
01-01 00:00:22.737   423  1341 E modemanager: in applyDefaultMode fail to retrieve default mode!
01-01 00:00:22.737   423  1341 I modemanager: in applyDefaultMode ret = 0 mCurMode = -1
01-01 00:00:22.737   423  1341 E PPDaemon: void* applyDefaultModeThreadFunc(void*) failed applying default mode!
01-01 00:00:22.750  1347  1347 W PackageManager: Failed to parse /system/app/RCSBootstraputil: Missing base APK in /system/app/RCSBootstraputil
01-01 00:00:22.822  1347  1347 W ResourceType: Failure getting entry for 0x7f04000f (t=3 e=15) (error -75)
01-01 00:00:22.822  1347  1347 W ResourceType: Failure getting entry for 0x7f04000f (t=3 e=15) (error -75)
01-01 00:00:22.854  1347  1347 W PackageManager: Failed to parse /system/app/TimeService: Missing base APK in /system/app/TimeService
01-01 00:00:22.873  1347  1347 W PackageManager: Failed to parse /system/app/WfdClient: Missing base APK in /system/app/WfdClient
01-01 00:00:22.873  1347  1347 W PackageManager: Failed to parse /system/app/WfdService: Missing base APK in /system/app/WfdService
01-01 00:00:22.874  1347  1347 W PackageManager: Failed to parse /system/app/com.qualcomm.qti.services.secureui: Missing base APK in /system/app/com.qualcomm.qti.services.secureui
01-01 00:00:22.874  1347  1347 W PackageManager: Failed to parse /system/app/fastdormancy: Missing base APK in /system/app/fastdormancy
01-01 00:00:22.875  1347  1347 W PackageManager: Failed to parse /system/app/qcrilmsgtunnel: Missing base APK in /system/app/qcrilmsgtunnel
01-01 00:00:22.875  1347  1347 W PackageManager: Failed to parse /system/app/shutdownlistener: Missing base APK in /system/app/shutdownlistener
01-01 00:00:22.913  1347  1347 D PackageManager: No files in app dir /oem/app
01-01 00:00:22.915  1347  1347 D PackageManager: No files in app dir /data/app
01-01 00:00:22.915  1347  1347 D PackageManager: No files in app dir /data/app-private
01-01 00:00:22.915  1347  1347 W PackageManager: Package com.android.gallery3d desires unavailable shared library com.google.android.media.effects; ignoring!
01-01 00:00:22.915  1347  1347 W PackageManager: Package com.android.gallery3d desires unavailable shared library com.google.android.media.effects; ignoring!
01-01 00:00:22.916  1347  1347 W PackageManager: Package org.codeaurora.bluetooth desires unavailable shared library com.quicinc.wbc; ignoring!
01-01 00:00:22.916  1347  1347 I PackageManager: Adjusting ABI for : com.android.inputdevices to armeabi-v7a
01-01 00:00:22.916  1347  1347 I PackageManager: Adjusting ABI for : com.qualcomm.msapm to armeabi-v7a
01-01 00:00:22.916  1347  1347 I PackageManager: Adjusting ABI for : com.quicinc.cne.CNEService to armeabi-v7a
01-01 00:00:22.917  1347  1347 I PackageManager: Adjusting ABI for : com.android.settings to armeabi-v7a
01-01 00:00:22.917  1347  1347 I PackageManager: Adjusting ABI for : com.android.location.fused to armeabi-v7a
01-01 00:00:22.918  1347  1347 I PackageManager: Adjusting ABI for : com.android.providers.settings to armeabi-v7a
01-01 00:00:22.918  1347  1347 I PackageManager: Adjusting ABI for : com.sentera.updater to armeabi-v7a
01-01 00:00:22.919  1347  1347 I PackageManager: Adjusting ABI for : com.sentera.snapcam to armeabi-v7a
01-01 00:00:22.919  1347  1347 I PackageManager: Adjusting ABI for : com.dsi.ant.server to armeabi-v7a
01-01 00:00:22.919  1347  1347 I PackageManager: Adjusting ABI for : com.qualcomm.location.XT to armeabi-v7a
01-01 00:00:22.921  1347  1347 I PackageManager: Adjusting ABI for : com.qualcomm.location to armeabi-v7a
01-01 00:00:22.921  1347  1347 I PackageManager: Adjusting ABI for : com.android.keychain to armeabi-v7a
01-01 00:00:22.921  1347  1347 I PackageManager: Adjusting ABI for : org.codeaurora.bluetooth to armeabi-v7a
01-01 00:00:22.922  1347  1347 I PackageManager: Time to scan packages: 1.952 seconds
01-01 00:00:22.922  1347  1347 W PackageManager: Unknown permission com.google.android.googleapps.permission.GOOGLE_AUTH.mail in package com.android.calendar
01-01 00:00:22.922  1347  1347 W PackageManager: Unknown permission android.permission.MMS_PUSH in package org.codeaurora.bluetooth
01-01 00:00:22.923  1347  1347 W PackageManager: Unknown permission com.google.android.gallery3d.permission.PICASA_STORE in package com.android.dreams.phototable
01-01 00:00:22.923  1347  1347 W PackageManager: Unknown permission com.google.android.googleapps.permission.GOOGLE_AUTH in package com.android.settings
01-01 00:00:22.923  1347  1347 W PackageManager: Unknown permission com.qualcomm.permission.ACCESS_LOCATION_API in package com.qualcomm.location
01-01 00:00:22.923  1347  1347 W PackageManager: Not granting permission android.permission.DELETE_PACKAGES to package com.svox.pico (protectionLevel=18 flags=0x8be45)
01-01 00:00:22.923  1347  1347 W PackageManager: Unknown permission com.google.android.gallery3d.permission.GALLERY_PROVIDER in package com.android.bluetooth
01-01 00:00:22.923  1347  1347 W PackageManager: Not granting permission android.permission.DEVICE_POWER to package com.android.deskclock (protectionLevel=2 flags=0x48be45)
01-01 00:00:22.924  1347  1347 W PackageManager: Not granting permission android.permission.GLOBAL_SEARCH to package com.android.quicksearchbox (protectionLevel=18 flags=0x48be45)
01-01 00:00:22.924  1347  1347 W PackageManager: Unknown permission com.google.android.googleapps.permission.GOOGLE_AUTH in package com.android.providers.calendar
01-01 00:00:22.924  1347  1347 W PackageManager: Unknown permission com.google.android.googleapps.permission.GOOGLE_AUTH.cl in package com.android.providers.calendar
01-01 00:00:22.924  1347  1347 W PackageManager: Unknown permission android.permission.INSTALL_DRM in package com.android.mms
01-01 00:00:22.924  1347  1347 W PackageManager: Not granting permission android.permission.ACCESS_DOWNLOAD_MANAGER to package com.android.browser (protectionLevel=18 flags=0x9be45)
01-01 00:00:22.924  1347  1347 W PackageManager: Not granting permission android.permission.SEND_DOWNLOAD_COMPLETED_INTENTS to package com.android.browser (protectionLevel=2 flags=0x9be45)
01-01 00:00:22.987  1347  1347 I art     : Explicit concurrent mark sweep GC freed 10034(663KB) AllocSpace objects, 2(32KB) LOS objects, 33% free, 2MB/4MB, paused 357us total 15.058ms
01-01 00:00:22.987  1347  1347 I SystemServer: User Service
01-01 00:00:22.992   245   245 I lowmemorykiller: ActivityManager connected
01-01 00:00:22.993  1347  1347 I SystemServiceManager: Starting com.android.server.lights.LightsService
01-01 00:00:22.996  1347  1347 I SystemServiceManager: Starting com.android.server.BatteryService
01-01 00:00:23.002   361   361 E QC-time-services: Daemon:genoff_modem_qmi_init: qmi_client_get_service_list returned -2num_services 0
01-01 00:00:23.002  1347  1347 I SystemServiceManager: Starting com.android.server.usage.UsageStatsService
01-01 00:00:23.013  1347  1347 I SystemServiceManager: Starting com.android.server.webkit.WebViewUpdateService
01-01 00:00:23.015  1347  1347 I SystemServer: Reading configuration...
01-01 00:00:23.015  1347  1347 I SystemServer: Scheduling Policy
01-01 00:00:23.015  1347  1347 I SystemServer: Telephony Registry
01-01 00:00:23.024  1347  1347 I SystemServer: Entropy Mixer
01-01 00:00:23.026  1347  1347 I EntropyMixer: Writing entropy...
01-01 00:00:23.036  1347  1347 I SystemServer: Account Manager
01-01 00:00:23.042  1347  1347 I SystemServer: Content Manager
01-01 00:00:23.048  1347  1347 I SystemServer: System Content Providers
01-01 00:00:23.049  1347  1347 W ActivityManager: Can't addPackageDependency on system process
01-01 00:00:23.077  1347  1347 W CoreSettingsObserver: Cannot find setting "debug_view_attributes"
01-01 00:00:23.077  1347  1347 W CoreSettingsObserver: android.provider.Settings$SettingNotFoundException: debug_view_attributes
01-01 00:00:23.077  1347  1347 W CoreSettingsObserver: 	at android.provider.Settings$Global.getInt(Settings.java:6884)
01-01 00:00:23.077  1347  1347 W CoreSettingsObserver: 	at com.android.server.am.CoreSettingsObserver.populateSettings(CoreSettingsObserver.java:129)
01-01 00:00:23.077  1347  1347 W CoreSettingsObserver: 	at com.android.server.am.CoreSettingsObserver.sendCoreSettings(CoreSettingsObserver.java:82)
01-01 00:00:23.077  1347  1347 W CoreSettingsObserver: 	at com.android.server.am.CoreSettingsObserver.<init>(CoreSettingsObserver.java:65)
01-01 00:00:23.077  1347  1347 W CoreSettingsObserver: 	at com.android.server.am.ActivityManagerService.installSystemProviders(ActivityManagerService.java:9868)
01-01 00:00:23.077  1347  1347 W CoreSettingsObserver: 	at com.android.server.SystemServer.startOtherServices(SystemServer.java:463)
01-01 00:00:23.077  1347  1347 W CoreSettingsObserver: 	at com.android.server.SystemServer.run(SystemServer.java:264)
01-01 00:00:23.077  1347  1347 W CoreSettingsObserver: 	at com.android.server.SystemServer.main(SystemServer.java:178)
01-01 00:00:23.077  1347  1347 W CoreSettingsObserver: 	at java.lang.reflect.Method.invoke(Native Method)
01-01 00:00:23.077  1347  1347 W CoreSettingsObserver: 	at java.lang.reflect.Method.invoke(Method.java:372)
01-01 00:00:23.077  1347  1347 W CoreSettingsObserver: 	at com.android.internal.os.ZygoteInit$MethodAndArgsCaller.run(ZygoteInit.java:898)
01-01 00:00:23.077  1347  1347 W CoreSettingsObserver: 	at com.android.internal.os.ZygoteInit.main(ZygoteInit.java:693)
01-01 00:00:23.077  1347  1347 I SystemServer: Vibrator Service
01-01 00:00:23.078  1347  1347 I SystemServer: Consumer IR Service
01-01 00:00:23.079  1347  1347 E ConsumerIrService: Can't open consumer IR HW Module, error: -2
01-01 00:00:23.079  1347  1347 I SystemServiceManager: Starting com.android.server.AlarmManagerService
01-01 00:00:23.084  1347  1347 I SystemServer: Init Watchdog
01-01 00:00:23.084  1347  1347 I SystemServer: Input Manager
01-01 00:00:23.085  1347  1347 I InputManager: Initializing input manager, mUseDevInputEventForAudioJack=true
01-01 00:00:23.086  1347  1347 I SystemServer: Window Manager
01-01 00:00:23.107  1347  1374 I WindowManager: No existing display settings /data/system/display_settings.xml; starting empty
01-01 00:00:23.108   248  1380 D PermissionCache: checking android.permission.ACCESS_SURFACE_FLINGER for uid=1000 => granted (629 us)
01-01 00:00:23.161  1347  1347 I InputManager: Starting input manager
01-01 00:00:23.162  1347  1347 I SystemServer: Bluetooth Manager Service
01-01 00:00:23.163  1347  1421 D EventHub: No input device configuration file found for device 'apq8084-taiko-sbc-snd-card Headset Jack'.
01-01 00:00:23.163  1347  1421 I EventHub: New device: id=1, fd=149, path='/dev/input/event4', name='apq8084-taiko-sbc-snd-card Headset Jack', classes=0x80, configuration='', keyLayout='', keyCharacterMap='', builtinKeyboard=false, wakeMechanism=EPOLLWAKEUP, usingClockIoctl=true
01-01 00:00:23.163  1347  1421 D EventHub: No input device configuration file found for device 'apq8084-taiko-sbc-snd-card Button Jack'.
01-01 00:00:23.165  1347  1347 D BluetoothManagerService: Loading stored name and address
01-01 00:00:23.165  1347  1347 D BluetoothManagerService: Stored bluetooth Name=Android Bluedroid,Address=00:00:00:0E:14:57
01-01 00:00:23.166  1347  1347 I SystemServer: Input Method Service
01-01 00:00:23.168  1347  1421 W EventHub: Unable to disable kernel key repeat for /dev/input/event3: Function not implemented
01-01 00:00:23.168  1347  1421 I EventHub: New device: id=2, fd=150, path='/dev/input/event3', name='apq8084-taiko-sbc-snd-card Button Jack', classes=0x1, configuration='', keyLayout='/system/usr/keylayout/Generic.kl', keyCharacterMap='/system/usr/keychars/Generic.kcm', builtinKeyboard=false, wakeMechanism=EPOLLWAKEUP, usingClockIoctl=true
01-01 00:00:23.169  1347  1421 D EventHub: No input device configuration file found for device 'qpnp_pon'.
01-01 00:00:23.171  1347  1421 W EventHub: Unable to disable kernel key repeat for /dev/input/event0: Function not implemented
01-01 00:00:23.171  1347  1421 I EventHub: New device: id=3, fd=151, path='/dev/input/event0', name='qpnp_pon', classes=0x1, configuration='', keyLayout='/system/usr/keylayout/Generic.kl', keyCharacterMap='/system/usr/keychars/Generic.kcm', builtinKeyboard=false, wakeMechanism=EPOLLWAKEUP, usingClockIoctl=true
01-01 00:00:23.171  1347  1421 E EventHub: could not get driver version for /dev/input/mice, Not a typewriter
01-01 00:00:23.171  1347  1347 W InputMethodManagerService: Couldn't create dir.: /data/system/inputmethod
01-01 00:00:23.191  1347  1347 I SystemServer: Accessibility Manager
01-01 00:00:23.196  1347  1347 I ActivityManager: Config changes=1df8 {1.0 ?mcc?mnc en_US ldltr sw864dp w1536dp h864dp 200dpi xlrg long land ?uimode ?night -touch -keyb/v/h -nav/h s.2}
01-01 00:00:23.196  1347  1421 D EventHub: No input device configuration file found for device 'gpio-keys'.
01-01 00:00:23.197  1347  1421 E KeyLayoutMap: /system/usr/keylayout/gpio-keys.kl:28: Expected key flag label, got 'WAKE_DROPPED'.
01-01 00:00:23.199  1347  1421 W EventHub: Unable to disable kernel key repeat for /dev/input/event1: Function not implemented
01-01 00:00:23.199  1347  1421 I EventHub: New device: id=4, fd=154, path='/dev/input/event1', name='gpio-keys', classes=0x1, configuration='', keyLayout='/system/usr/keylayout/Generic.kl', keyCharacterMap='/system/usr/keychars/Generic.kcm', builtinKeyboard=false, wakeMechanism=EPOLLWAKEUP, usingClockIoctl=true
01-01 00:00:23.199  1347  1421 D EventHub: No input device configuration file found for device 'buttons.77'.
01-01 00:00:23.202  1347  1421 I EventHub: New device: id=5, fd=156, path='/dev/input/event2', name='buttons.77', classes=0x1, configuration='', keyLayout='/system/usr/keylayout/Generic.kl', keyCharacterMap='/system/usr/keychars/Generic.kcm', builtinKeyboard=false, wakeMechanism=EPOLLWAKEUP, usingClockIoctl=true
01-01 00:00:23.209  1347  1421 I InputReader: Device added: id=-1, name='Virtual', sources=0x00000301
01-01 00:00:23.209  1347  1347 I ActivityManager: Config changes=400 {1.0 ?mcc?mnc en_US ldltr sw864dp w1536dp h791dp 200dpi xlrg long land ?uimode ?night -touch -keyb/v/h -nav/h s.3}
01-01 00:00:23.210  1347  1347 I SystemServer: Mount Service
01-01 00:00:23.210  1347  1421 I InputReader: Device added: id=5, name='buttons.77', sources=0x00000101
01-01 00:00:23.210  1347  1421 I InputReader: Device added: id=4, name='gpio-keys', sources=0x00000101
01-01 00:00:23.210  1347  1421 I InputReader: Device added: id=3, name='qpnp_pon', sources=0x00000101
01-01 00:00:23.210  1347  1421 I InputReader: Device added: id=2, name='apq8084-taiko-sbc-snd-card Button Jack', sources=0x00000101
01-01 00:00:23.210  1347  1421 I InputReader: Device added: id=1, name='apq8084-taiko-sbc-snd-card Headset Jack', sources=0x80000000
01-01 00:00:23.211  1347  1421 I InputReader: Reconfiguring input devices.  changes=0x00000004
01-01 00:00:23.217  1347  1347 D MountService: got storage path: /storage/sdcard0 description: Internal storage primary: true removable: false emulated: true mtpReserve: 100 allowMassStorage: false maxFileSize: 0 allowMtp: true
01-01 00:00:23.218  1347  1366 I UsageStatsService: User[0] Rollover scheduled @ 1970-01-02 00:00:00(86400000)
01-01 00:00:23.218  1347  1347 D MountService: addVolumeLocked() StorageVolume:
01-01 00:00:23.218  1347  1347 D MountService:     mStorageId=65537 mPath=/storage/emulated/0 mDescriptionId=17040807 
01-01 00:00:23.218  1347  1347 D MountService:     mPrimary=true mRemovable=false mEmulated=true mMtpReserveSpace=100 
01-01 00:00:23.218  1347  1347 D MountService:     mAllowMassStorage=false mMaxFileSize=0 mOwner=UserHandle{0} mUuid=null 
01-01 00:00:23.218  1347  1347 D MountService:     mUserLabel=null mState=null mAllowMtp=true 
01-01 00:00:23.218  1347  1347 D MountService: got storage path: /storage/sdcard1 description: SD card primary: false removable: true emulated: false mtpReserve: 0 allowMassStorage: true maxFileSize: 0 allowMtp: true
01-01 00:00:23.218  1347  1347 D MountService: addVolumeLocked() StorageVolume:
01-01 00:00:23.218  1347  1347 D MountService:     mStorageId=0 mPath=/storage/sdcard1 mDescriptionId=17040808 mPrimary=false 
01-01 00:00:23.218  1347  1347 D MountService:     mRemovable=true mEmulated=false mMtpReserveSpace=0 mAllowMassStorage=true 
01-01 00:00:23.218  1347  1347 D MountService:     mMaxFileSize=0 mOwner=null mUuid=null mUserLabel=null mState=null 
01-01 00:00:23.218  1347  1347 D MountService:     mAllowMtp=true 
01-01 00:00:23.218  1347  1347 D MountService: got storage path: /storage/usbotg description: USB storage primary: false removable: true emulated: false mtpReserve: 0 allowMassStorage: false maxFileSize: 0 allowMtp: true
01-01 00:00:23.218  1347  1347 D MountService: addVolumeLocked() StorageVolume:
01-01 00:00:23.218  1347  1347 D MountService:     mStorageId=0 mPath=/storage/usbotg mDescriptionId=17040809 mPrimary=false 
01-01 00:00:23.218  1347  1347 D MountService:     mRemovable=true mEmulated=false mMtpReserveSpace=0 mAllowMassStorage=false 
01-01 00:00:23.218  1347  1347 D MountService:     mMaxFileSize=0 mOwner=null mUuid=null mUserLabel=null mState=null 
01-01 00:00:23.218  1347  1347 D MountService:     mAllowMtp=true 
01-01 00:00:23.222  1347  1347 I SystemServer: LockSettingsService
01-01 00:00:23.225  1347  1424 W MountService: Duplicate state transition (unmounted -> unmounted) for /storage/sdcard1
01-01 00:00:23.226  1347  1347 I SystemServiceManager: Starting com.android.server.devicepolicy.DevicePolicyManagerService$Lifecycle
01-01 00:00:23.227  1347  1424 I PackageManager: No secure containers found
01-01 00:00:23.227  1347  1424 W PackageManager: Unknown permission com.google.android.googleapps.permission.GOOGLE_AUTH.mail in package com.android.calendar
01-01 00:00:23.227  1347  1424 W PackageManager: Unknown permission android.permission.MMS_PUSH in package org.codeaurora.bluetooth
01-01 00:00:23.227  1347  1424 W PackageManager: Unknown permission com.google.android.gallery3d.permission.PICASA_STORE in package com.android.dreams.phototable
01-01 00:00:23.227  1347  1424 W PackageManager: Unknown permission com.google.android.googleapps.permission.GOOGLE_AUTH in package com.android.settings
01-01 00:00:23.228  1347  1424 W PackageManager: Unknown permission com.qualcomm.permission.ACCESS_LOCATION_API in package com.qualcomm.location
01-01 00:00:23.228  1347  1424 W PackageManager: Not granting permission android.permission.DELETE_PACKAGES to package com.svox.pico (protectionLevel=18 flags=0x8be45)
01-01 00:00:23.228  1347  1424 W PackageManager: Unknown permission com.google.android.gallery3d.permission.GALLERY_PROVIDER in package com.android.bluetooth
01-01 00:00:23.228  1347  1424 W PackageManager: Not granting permission android.permission.DEVICE_POWER to package com.android.deskclock (protectionLevel=2 flags=0x48be45)
01-01 00:00:23.228  1347  1424 W PackageManager: Not granting permission android.permission.GLOBAL_SEARCH to package com.android.quicksearchbox (protectionLevel=18 flags=0x48be45)
01-01 00:00:23.228  1347  1424 W PackageManager: Unknown permission com.google.android.googleapps.permission.GOOGLE_AUTH in package com.android.providers.calendar
01-01 00:00:23.228  1347  1424 W PackageManager: Unknown permission com.google.android.googleapps.permission.GOOGLE_AUTH.cl in package com.android.providers.calendar
01-01 00:00:23.228  1347  1424 W PackageManager: Unknown permission android.permission.INSTALL_DRM in package com.android.mms
01-01 00:00:23.228  1347  1424 W PackageManager: Not granting permission android.permission.ACCESS_DOWNLOAD_MANAGER to package com.android.browser (protectionLevel=18 flags=0x9be45)
01-01 00:00:23.228  1347  1424 W PackageManager: Not granting permission android.permission.SEND_DOWNLOAD_COMPLETED_INTENTS to package com.android.browser (protectionLevel=2 flags=0x9be45)
01-01 00:00:23.274  1347  1347 I SystemServer: Status Bar
01-01 00:00:23.276  1347  1347 I SystemServer: Clipboard Service
01-01 00:00:23.278  1347  1347 W ClipboardService: No security bridge jar found, using default
01-01 00:00:23.279  1347  1347 I SystemServer: NetworkManagement Service
01-01 00:00:23.284  1347  1347 I SystemServer: Text Service Manager Service
01-01 00:00:23.289  1347  1347 I SystemServer: Network Score Service
01-01 00:00:23.290  1347  1347 I SystemServer: NetworkStats Service
01-01 00:00:23.297  1347  1347 I SystemServer: NetworkPolicy Service
01-01 00:00:23.308  1347  1347 I SystemServiceManager: Starting com.android.server.wifi.p2p.WifiP2pService
01-01 00:00:23.333  1347  1347 I WifiP2pService: Registering wifip2p
01-01 00:00:23.335  1347  1347 I SystemServiceManager: Starting com.android.server.wifi.WifiService
01-01 00:00:23.441  1347  1347 E WifiConfigStore: associatedPartialScanPeriodMilli set to 20000
01-01 00:00:23.453  1347  1347 D WifiController: isAirplaneModeOn = false, isWifiEnabled = false, isScanningAvailable = false
01-01 00:00:23.455  1347  1347 I WifiService: Registering wifi
01-01 00:00:23.456  1347  1347 I SystemServiceManager: Starting com.android.server.wifi.WifiScanningService
01-01 00:00:23.456  1347  1347 I WifiScanningService: Creating wifiscanner
01-01 00:00:23.456  1347  1347 I WifiScanningService: Starting wifiscanner
01-01 00:00:23.457  1347  1347 I SystemServiceManager: Starting com.android.server.wifi.RttService
01-01 00:00:23.457  1347  1347 I RttService: Creating rttmanager
01-01 00:00:23.458  1347  1347 I RttService: Starting rttmanager
01-01 00:00:23.458  1347  1347 I SystemServer: Connectivity Service
01-01 00:00:23.463  1347  1347 D ConnectivityService: ConnectivityService starting up
01-01 00:00:23.466  1347  1347 D ConnectivityService: wifiOnly=true
01-01 00:00:23.466  1347  1347 D ConnectivityService: networkAttributes - ignoring mobile as this dev is wifiOnly 0
01-01 00:00:23.466  1347  1347 D ConnectivityService: networkAttributes - ignoring mobile as this dev is wifiOnly 2
01-01 00:00:23.466  1347  1347 D ConnectivityService: networkAttributes - ignoring mobile as this dev is wifiOnly 3
01-01 00:00:23.466  1347  1347 D ConnectivityService: networkAttributes - ignoring mobile as this dev is wifiOnly 4
01-01 00:00:23.466  1347  1347 D ConnectivityService: networkAttributes - ignoring mobile as this dev is wifiOnly 5
01-01 00:00:23.466  1347  1347 D ConnectivityService: networkAttributes - ignoring mobile as this dev is wifiOnly 10
01-01 00:00:23.466  1347  1347 D ConnectivityService: networkAttributes - ignoring mobile as this dev is wifiOnly 11
01-01 00:00:23.466  1347  1347 D ConnectivityService: networkAttributes - ignoring mobile as this dev is wifiOnly 12
01-01 00:00:23.467  1347  1347 E ConnectivityService: Ignoring protectedNetwork 10
01-01 00:00:23.467  1347  1347 E ConnectivityService: Ignoring protectedNetwork 11
01-01 00:00:23.467  1347  1347 E ConnectivityService: Ignoring protectedNetwork 12
01-01 00:00:23.467  1347  1347 E ConnectivityService: Ignoring protectedNetwork 14
01-01 00:00:23.467  1347  1347 E ConnectivityService: Ignoring protectedNetwork 15
01-01 00:00:23.477  1347  1347 I SystemServer: Network Service Discovery Service
01-01 00:00:23.480  1347  1347 D NsdService: Network service discovery enabled true
01-01 00:00:23.481  1347  1347 I SystemServer: DPM Service
01-01 00:00:23.482  1347  1347 I SystemServer: DPM configuration set to 0
01-01 00:00:23.482  1347  1347 I SystemServer: UpdateLock Service
01-01 00:00:23.498   318  1434 I AudioFlinger: AudioFlinger's thread 0xb5b96000 ready to run
01-01 00:00:23.499   318  1434 D audio_hw_primary: out_set_parameters: enter: usecase(1: low-latency-playback) kvpairs: routing=2
01-01 00:00:23.499   318   318 I AudioFlinger: HAL output buffer size 768 frames, normal sink buffer size 1152 frames
01-01 00:00:23.500   318  1436 I AudioFlinger: AudioFlinger's thread 0xb5442000 ready to run
01-01 00:00:23.501   318  1436 D audio_hw_primary: out_set_parameters: enter: usecase(28: afe-proxy-playback) kvpairs: routing=65536
01-01 00:00:23.501   318   318 D audio_hw_primary: adev_open_input_stream: enter: sample_rate(48000) channel_mask(0xfc) devices(0x80000004)        stream_handle(0xb604dd40) io_handle(8)
01-01 00:00:23.501   318   318 W audio_hw_primary: adev_open_input_stream: surround sound recording is not supported
01-01 00:00:23.502   318   318 E AudioFlinger: not enough memory for pipe buffer size=24576
01-01 00:00:23.502   318  1437 I AudioFlinger: AudioFlinger's thread 0xb4d01000 ready to run
01-01 00:00:23.502   318   318 D audio_hw_primary: adev_close_input_stream: enter:stream_handle(0xb604dd40)
01-01 00:00:23.502   318   318 D audio_hw_primary: adev_open_input_stream: enter: sample_rate(48000) channel_mask(0xc) devices(0x80000040)        stream_handle(0xb604dd40) io_handle(9)
01-01 00:00:23.502   318   318 D audio_hw_primary: adev_open_input_stream: enter: sample_rate(48000) channel_mask(0xc) devices(0x80000040)        stream_handle(0xb604dd40) io_handle(9)
01-01 00:00:23.502   318   318 W AudioPolicyManager: Cannot open input stream for device 80000040 on hw module primary
01-01 00:00:23.504   318   318 I audio_a2dp_hw: adev_open:  adev_open in A2dp_hw module
01-01 00:00:23.504   318   318 I AudioFlinger: loadHwModule() Loaded a2dp audio interface from A2DP Audio HW HAL (audio) handle 10
01-01 00:00:23.505   318   318 I AudioFlinger: loadHwModule() Loaded usb audio interface from USB audio HW HAL (audio) handle 11
01-01 00:00:23.506   318   318 I r_submix: adev_open(name=audio_hw_if)
01-01 00:00:23.506   318   318 I r_submix: adev_init_check()
01-01 00:00:23.506   318   318 I AudioFlinger: loadHwModule() Loaded r_submix audio interface from Wifi Display audio HAL (audio) handle 12
01-01 00:00:23.506   318   318 D r_submix: adev_open_input_stream()
01-01 00:00:23.506   318   318 D r_submix: submix_audio_device_create_pipe()
01-01 00:00:23.507   318  1438 I AudioFlinger: AudioFlinger's thread 0xb4d01000 ready to run
01-01 00:00:23.507   318   318 D r_submix: adev_close_input_stream()
01-01 00:00:23.507   318   318 D r_submix: submix_audio_device_release_pipe()
01-01 00:00:23.507   318   318 D r_submix: submix_audio_device_destroy_pipe(): pipe destroyed
01-01 00:00:23.508   318   318 D sound_trigger_hw: stdev_open: Enter
01-01 00:00:23.508   318   318 I sound_trigger_platform: platform_stdev_init: Enter
01-01 00:00:23.526   248   266 I ServiceManager: Check passed after 5 seconds for android.permission.ACCESS_SURFACE_FLINGER from uid=1013 pid=1022
01-01 00:00:23.526   248   266 D PermissionCache: checking android.permission.ACCESS_SURFACE_FLINGER for uid=1013 => granted (5005629 us)
01-01 00:00:23.534  1347  1347 I SystemServiceManager: Starting com.android.server.notification.NotificationManagerService
01-01 00:00:23.545  1022  1439 D libEGL  : loaded /vendor/lib/egl/libEGL_adreno.so
01-01 00:00:23.551  1347  1347 I SystemServiceManager: Starting com.android.server.storage.DeviceStorageMonitorService
01-01 00:00:23.555  1347  1347 I SystemServer: Location Manager
01-01 00:00:23.558  1347  1347 I SystemServer: Country Detector
01-01 00:00:23.559  1347  1347 I SystemServer: Search Service
01-01 00:00:23.559  1022  1439 D libEGL  : loaded /vendor/lib/egl/libGLESv1_CM_adreno.so
01-01 00:00:23.562  1347  1347 I SystemServer: DropBox Service
01-01 00:00:23.565  1347  1347 I SystemServer: Wallpaper Service
01-01 00:00:23.567  1022  1439 D libEGL  : loaded /vendor/lib/egl/libGLESv2_adreno.so
01-01 00:00:23.569  1347  1347 I SystemServer: Audio Service
01-01 00:00:23.578  1022  1439 I Adreno  : EGLInit: QTI Build: 01/16/15, 25d4fe7, 
01-01 00:00:23.614  1347  1362 I art     : Background sticky concurrent mark sweep GC freed 6727(511KB) AllocSpace objects, 4(64KB) LOS objects, 10% free, 4MB/5MB, paused 8.867ms total 46.593ms
01-01 00:00:23.624  1347  1347 W TelecomManager: Telecom Service not found.
01-01 00:00:23.630   318   318 I sound_trigger_platform: platform_stdev_init: acdb_init: apq8084-taiko-sbc-snd-card
01-01 00:00:23.630   318   318 E ACDB-LOADER: ACDB -> No .acdb files found in /etc!
01-01 00:00:23.630   318   318 E ACDB-LOADER: ACDB -> Error: Could not open any directory! Failed for /etc
01-01 00:00:23.630   318   318 E ACDB-LOADER: ACDB -> Could not load .acdb files!
01-01 00:00:23.631   318   318 I sound_trigger_hw: stdev_get_properties
01-01 00:00:23.631   318   318 I SoundTriggerHwService: loaded default module Sound Trigger HAL, handle 1
01-01 00:00:23.633   318   318 D audio_hw_primary: adev_set_mic_mute state 0
01-01 00:00:23.647   318  1389 D audio_hw_primary: out_set_parameters: enter: usecase(0: deep-buffer-playback) kvpairs: fm_volume=0.4253543019
01-01 00:00:23.647   318  1389 D audio_hw_extn: audio_extn_set_anc_parameters: anc_enabled:0
01-01 00:00:23.647   318  1389 D audio_hw_fm: audio_extn_fm_set_parameters: set_fm_volume usecase
01-01 00:00:23.647   318  1389 D audio_hw_fm: fm_set_volume: (0.425354)
01-01 00:00:23.661  1347  1347 I SystemServiceManager: Starting com.android.server.DockObserver
01-01 00:00:23.662  1347  1347 W DockObserver: This kernel does not have dock station support
01-01 00:00:23.663  1347  1347 I SystemServer: Wired Accessory Manager
01-01 00:00:23.672  1347  1347 W WiredAccessoryManager: This kernel does not have usb audio support
01-01 00:00:23.672  1347  1347 I SystemServiceManager: Starting com.android.server.usb.UsbService$Lifecycle
01-01 00:00:23.673   248   248 D MDP_SCALE: Debug messages enabled = 0
01-01 00:00:23.686  1347  1347 I SystemServer: Serial Service
01-01 00:00:23.686  1347  1347 I SystemServiceManager: Starting com.android.server.twilight.TwilightService
01-01 00:00:23.695  1347  1347 I SystemServiceManager: Starting com.android.server.UiModeManagerService
01-01 00:00:23.699  1347  1347 I SystemServiceManager: Starting com.android.server.job.JobSchedulerService
01-01 00:00:23.705  1347  1347 I SystemServiceManager: Starting com.android.server.backup.BackupManagerService$Lifecycle
01-01 00:00:23.716  1347  1347 I SELinux : SELinux: Loaded file_contexts from /file_contexts
01-01 00:00:23.718  1347  1347 V BackupManagerService: No ancestral data
01-01 00:00:23.721  1347  1347 D BackupManagerService: Now staging backup of com.android.calendar
01-01 00:00:23.736  1347  1347 D BackupManagerService: Now staging backup of com.android.dialer
01-01 00:00:23.737   423  1341 E modemanager: readXMLOp:Couldn't open OEM XML file!
01-01 00:00:23.737   423  1341 E modemanager: retrieveMode: Failed to enumerate modes
01-01 00:00:23.737   423  1341 E modemanager: in applyDefaultMode fail to retrieve default mode!
01-01 00:00:23.737   423  1341 I modemanager: in applyDefaultMode ret = 0 mCurMode = -1
01-01 00:00:23.737   423  1341 E PPDaemon: void* applyDefaultModeThreadFunc(void*) failed applying default mode!
01-01 00:00:23.740  1347  1347 D BackupManagerService: Now staging backup of com.android.providers.userdictionary
01-01 00:00:23.743  1347  1347 D BackupManagerService: Now staging backup of com.android.sharedstoragebackup
01-01 00:00:23.746  1347  1347 D BackupManagerService: Now staging backup of com.android.providers.settings
01-01 00:00:23.750  1347  1347 D BackupManagerService: Now staging backup of android
01-01 00:00:23.756  1347  1347 D BackupManagerService: Now staging backup of com.android.mms
01-01 00:00:23.759  1347  1347 D BackupManagerService: Now staging backup of com.android.browser
01-01 00:00:23.763  1347  1347 V BackupManagerService: Starting with transport android/com.android.internal.backup.LocalTransport
01-01 00:00:23.763  1347  1347 V BackupManagerService: Found transports: 1
01-01 00:00:23.763  1347  1347 I BackupManagerService: Binding to transport host ComponentInfo{android/com.android.internal.backup.LocalTransportService}
01-01 00:00:23.766  1347  1347 I BackupManagerService: Found stale backup journal, scheduling
01-01 00:00:23.769  1347  1347 I SystemServiceManager: Starting com.android.server.appwidget.AppWidgetService
01-01 00:00:23.773  1347  1347 I SystemServiceManager: Starting com.android.server.voiceinteraction.VoiceInteractionManagerService
01-01 00:00:23.776  1347  1347 I SystemServer: DiskStats Service
01-01 00:00:23.777  1347  1347 I SystemServer: SamplingProfiler Service
01-01 00:00:23.786  1347  1347 I SystemServer: NetworkTimeUpdateService
01-01 00:00:23.787  1347  1347 I SystemServer: CommonTimeManagementService
01-01 00:00:23.789  1347  1347 I SystemServer: CertBlacklister
01-01 00:00:23.790  1347  1347 I SystemServiceManager: Starting com.android.server.dreams.DreamManagerService
01-01 00:00:23.793  1347  1347 I SystemServer: Assets Atlas Service
01-01 00:00:23.795  1347  1347 I SystemServiceManager: Starting com.android.server.print.PrintManagerService
01-01 00:00:23.797  1347  1598 D Atlas   : Loaded configuration: SliceMinArea (768x768) flags=0x2 count=2
01-01 00:00:23.798  1347  1347 I SystemServiceManager: Starting com.android.server.restrictions.RestrictionsManagerService
01-01 00:00:23.800  1347  1347 I SystemServiceManager: Starting com.android.server.media.MediaSessionService
01-01 00:00:23.804  1347  1347 I SystemServer: Media Router Service
01-01 00:00:23.807  1347  1347 I SystemServiceManager: Starting com.android.server.trust.TrustManagerService
01-01 00:00:23.813  1347  1347 I SystemServiceManager: Starting com.android.server.fingerprint.FingerprintService
01-01 00:00:23.813  1347  1347 V Fingerprint-JNI: nativeInit()
01-01 00:00:23.814  1347  1347 V Fingerprint-JNI: nativeOpenHal()
01-01 00:00:23.814  1347  1347 E Fingerprint-JNI: Can't open fingerprint HW Module, error: -2
01-01 00:00:23.814  1347  1347 I SystemServer: BackgroundDexOptService
01-01 00:00:23.816  1347  1347 I SystemServiceManager: Starting com.android.server.pm.LauncherAppsService
01-01 00:00:23.819  1347  1347 D SystemServer: Wipower not supported
01-01 00:00:23.820  1347  1347 I SystemServiceManager: Starting com.android.server.media.projection.MediaProjectionManagerService
01-01 00:00:23.821  1347  1598 I Adreno  : EGLInit: QTI Build: 01/16/15, 25d4fe7, 
01-01 00:00:23.836  1347  1347 I WindowManager: SAFE MODE not enabled
01-01 00:00:23.837  1347  1347 I SystemServiceManager: Starting com.android.server.MmsServiceBroker
01-01 00:00:23.847  1347  1347 E SQLiteLog: (283) recovered 16 frames from WAL file /data/system/locksettings.db-wal
01-01 00:00:23.852  1347  1347 I SystemServiceManager: Starting phase 480
01-01 00:00:23.859  1347  1347 I SystemServiceManager: Starting phase 500
01-01 00:00:23.859  1347  1347 I WifiService: WifiService starting up with Wi-Fi disabled
01-01 00:00:23.864  1347  1598 D Atlas   : Rendered atlas in 45.53ms (0.12+45.42ms)
01-01 00:00:23.868  1347  1430 D WifiService: New client listening to asynchronous messages
01-01 00:00:23.870  1347  1347 D WifiWatchdogStateMachine: Disabling poor network avoidance for wi-fi only device
01-01 00:00:23.870  1347  1347 I WifiScanningService: Registering wifiscanner
01-01 00:00:23.875  1347  1347 D WifiScanningService: New client, channel: null messenger: null
01-01 00:00:23.875  1347  1347 I RttService: Registering rttmanager
01-01 00:00:23.875  1347  1658 D WifiChangeStateMachine: Entering IdleState
01-01 00:00:23.875  1347  1658 D WifiScanningService: DefaultState
01-01 00:00:23.878  1347  1347 I ActivityManager: Config changes=200 {1.0 ?mcc?mnc en_US ldltr sw864dp w1536dp h791dp 200dpi xlrg long land -touch -keyb/v/h -nav/h s.4}
01-01 00:00:23.915   332   332 V WLAN_PSA: NL MSG, len[020], NL type[0x18] WNI type[0x   0] len[000]
01-01 00:00:23.915   332   332 V WLAN_PSA: NL MSG, PID: 0
01-01 00:00:23.915   332   332 D WLAN_PSA: KDriver Unloaded, NL Listen
01-01 00:00:23.918   248   248 D SurfaceFlinger: Set power mode=2, type=0 flinger=0xb6962000
01-01 00:00:23.918   248   248 D SurfaceFlinger: Screen type=0 is already mode=2
01-01 00:00:23.921  1347  1347 I AppOps  : Pruning old package media/1013: new uid=-1
01-01 00:00:23.921  1347  1347 I ActivityManager: System now ready
01-01 00:00:23.924  1347  1347 I SystemServer: Making services ready
01-01 00:00:23.924  1347  1347 I SystemServiceManager: Starting phase 550
01-01 00:00:23.926  1347  1374 I DisplayManagerService: Display device changed: DisplayDeviceInfo{"Built-in Screen": 1920 x 1080, 60.0 fps, supportedRefreshRates [60.0], density 200, 799.475 x 249.381 dpi, appVsyncOff 0, presDeadline 17666667, touch INTERNAL, rotation 0, type BUILT_IN, state ON, FLAG_DEFAULT_DISPLAY, FLAG_ROTATES_WITH_CONTENT, FLAG_SECURE, FLAG_SUPPORTS_PROTECTED_BUFFERS}
01-01 00:00:23.930  1347  1347 I SystemServer: WebViewFactory preparation
01-01 00:00:23.930  1347  1367 I Zygote  : Process: zygote socket opened, supported ABIS: armeabi-v7a,armeabi
01-01 00:00:23.956  1347  1706 D UsbHostManager: Added device UsbDevice[mName=/dev/bus/usb/001/002,mVendorId=1027,mProductId=24597,mClass=0,mSubclass=0,mProtocol=0,mManufacturerName=FTDI,mProductName=FT230X Basic UART,mSerialNumber=DM011IXA,mConfigurations=[
01-01 00:00:23.956  1347  1706 D UsbHostManager: UsbConfiguration[mId=1,mName=null,mAttributes=128,mMaxPower=45,mInterfaces=[
01-01 00:00:23.956  1347  1706 D UsbHostManager: UsbInterface[mId=0,mAlternateSetting=0,mName=FT230X Basic UART,mClass=255,mSubclass=255,mProtocol=255,mEndpoints=[
01-01 00:00:23.956  1347  1706 D UsbHostManager: UsbEndpoint[mAddress=129,mAttributes=2,mMaxPacketSize=64,mInterval=0]
01-01 00:00:23.956  1347  1706 D UsbHostManager: UsbEndpoint[mAddress=2,mAttributes=2,mMaxPacketSize=64,mInterval=0]]]]
01-01 00:00:23.957  1347  1367 I ActivityManager: Start proc android.process.media for broadcast com.android.providers.media/.MtpReceiver: pid=1722 uid=10006 gids={50006, 9997, 1028, 1015, 1023, 1024, 2001, 3003, 3007} abi=armeabi-v7a
01-01 00:00:23.959  1347  1706 W ContextImpl: Calling a method in the system process without a qualified user: android.app.ContextImpl.sendBroadcast:1321 com.android.server.usb.UsbSettingsManager.deviceAttached:741 com.android.server.usb.UsbHostManager.endUsbDeviceAdded:286 com.android.server.usb.UsbHostManager.monitorUsbHostBus:-2 com.android.server.usb.UsbHostManager.access$000:47 
01-01 00:00:23.988  1347  1347 I ActivityManager: Start proc WebViewLoader-armeabi-v7a [android.webkit.WebViewFactory$RelroFileCreator] for : pid=1740 uid=1037 gids={} abi=armeabi-v7a
01-01 00:00:24.000  1740  1740 V WebViewFactory: RelroFileCreator (64bit = false),  32-bit lib: /system/app/webview/lib/arm/libwebviewchromium.so, 64-bit lib: 
01-01 00:00:24.017  1347  1347 I ActivityManager: Start proc com.android.systemui for service com.android.systemui/.SystemUIService: pid=1760 uid=10015 gids={50015, 9997, 1028, 1015, 1035, 3002, 3001, 3006} abi=armeabi-v7a
01-01 00:00:24.018  1347  1347 D NetworkManagementService: enabling bandwidth control
01-01 00:00:24.019  1347  1422 E MountService: Boot-time mount failed (-1)
01-01 00:00:24.019   247   277 I Vold    : /dev/block/vold/179:65 being considered for volume sdcard1
01-01 00:00:24.019   247   277 D Vold    : Volume sdcard1 state changing 1 (Idle-Unmounted) -> 3 (Checking)
01-01 00:00:24.020  1347  1371 D MountService: volume state changed for /storage/sdcard1 (unmounted -> checking)
01-01 00:00:24.020  1347  1371 D MountService: sendStorageIntent Intent { act=android.intent.action.MEDIA_CHECKING dat=file:///storage/sdcard1 flg=0x4000000 (has extras) } to UserHandle{-1}
01-01 00:00:24.031   247   277 I fsck_msdos: ** /dev/block/vold/179:65
01-01 00:00:24.134  1722  1722 E SQLiteLog: (283) recovered 41 frames from WAL file /data/data/com.android.providers.media/databases/external.db-wal
01-01 00:00:24.140  1760  1760 V SystemUIService: Starting SystemUI services.
01-01 00:00:24.190  1347  1363 V FingerprintService: startListening(android.service.fingerprint.IFingerprintServiceReceiver$Stub$Proxy@161b75d8)
01-01 00:00:24.225   318  1484 E OMXMaster: A component of name 'OMX.qcom.audio.decoder.aac' already exists, ignoring this one.
01-01 00:00:24.226   318  1484 D Utils   : printFileName fd(17) -> /system/media/audio/ui/Lock.ogg
01-01 00:00:24.229  1740  1740 I art     : System.exit called, status: 0
01-01 00:00:24.229  1740  1740 I AndroidRuntime: VM exiting with result code 0, cleanup skipped.
01-01 00:00:24.234   318  1484 E WVMExtractor: Failed to open libwvm.so: dlopen failed: library "libwvm.so" not found
01-01 00:00:24.261   318  1484 D ExtendedUtils: extended extractor not needed, return default
01-01 00:00:24.262   318  1820 D AudioPolicyManager: isOffloadSupported: stream_type != MUSIC, returning false
01-01 00:00:24.268   318  1820 E OMXNodeInstance: getParameter(100663311) ERROR: 0x8000101a
01-01 00:00:24.268   318  1820 E OMXNodeInstance: getParameter(100663297) ERROR: 0x8000101a
01-01 00:00:24.273   318  1820 E OMXNodeInstance: getParameter(100663311) ERROR: 0x8000101a
01-01 00:00:24.273   318  1820 E OMXNodeInstance: getParameter(100663297) ERROR: 0x8000101a
01-01 00:00:24.278   318  1820 E OMXNodeInstance: getParameter(100663311) ERROR: 0x8000101a
01-01 00:00:24.278   318  1820 E OMXNodeInstance: getParameter(100663297) ERROR: 0x8000101a
01-01 00:00:24.284   318  1820 E OMXNodeInstance: getParameter(100663311) ERROR: 0x8000101a
01-01 00:00:24.284   318  1820 E OMXNodeInstance: getParameter(100663297) ERROR: 0x8000101a
01-01 00:00:24.291   318  1820 E OMXNodeInstance: getParameter(100663311) ERROR: 0x8000101a
01-01 00:00:24.291   318  1820 E OMXNodeInstance: getParameter(100663297) ERROR: 0x8000101a
01-01 00:00:24.296   318  1820 E OMXNodeInstance: getParameter(100663311) ERROR: 0x8000101a
01-01 00:00:24.296   318  1820 E OMXNodeInstance: getParameter(100663297) ERROR: 0x8000101a
01-01 00:00:24.299   318  1820 E OMXNodeInstance: getParameter(100663311) ERROR: 0x8000101a
01-01 00:00:24.299   318  1820 E OMXNodeInstance: getParameter(100663297) ERROR: 0x8000101a
01-01 00:00:24.300  1770  1770 D fsck_msdos: sectors Per cluster :64 
01-01 00:00:24.300  1770  1770 D fsck_msdos: boot->ClusterOffset :30342 
01-01 00:00:24.300  1770  1770 I fsck_msdos: FAT32 Filesystem
01-01 00:00:24.300  1770  1770 D fsck_msdos: Using cluster_chain_descriptor
01-01 00:00:24.300  1770  1770 I fsck_msdos: Total clusters 1948005 
01-01 00:00:24.301   247   277 I fsck_msdos: ** Phase 1 - Read FAT (compare skipped)
01-01 00:00:24.301   247   277 I fsck_msdos: Attempting to allocate 7609 KB for FAT
01-01 00:00:24.302   318  1820 E OMXNodeInstance: getParameter(100663311) ERROR: 0x8000101a
01-01 00:00:24.302   318  1820 E OMXNodeInstance: getParameter(100663297) ERROR: 0x8000101a
01-01 00:00:24.306   318  1820 E OMXNodeInstance: getParameter(100663311) ERROR: 0x8000101a
01-01 00:00:24.306   318  1820 E OMXNodeInstance: getParameter(100663297) ERROR: 0x8000101a
01-01 00:00:24.316   318  1820 E OMXNodeInstance: getParameter(100663311) ERROR: 0x8000101a
