01-01 00:00:25.099  1943  1943 I script  : type=1400 audit(0.0:39): avc: denied { create } for name="system_log.log" scontext=u:r:init:s0 tcontext=u:object_r:fuse:s0 tclass=file permissive=1
01-01 00:00:25.101  1454  1754 V MediaScanner: /pruneDeadThumbnailFiles... android.database.sqlite.SQLiteCursor@3014ef47
01-01 00:00:25.109  1943  1943 I script  : type=1400 audit(0.0:40): avc: denied { write open } for path="/storage/sdcard1/info/logs/system_log.log" dev="fuse" ino=3062916448 scontext=u:r:init:s0 tcontext=u:object_r:fuse:s0 tclass=file permissive=1
01-01 00:00:25.158  1731  1921 I LatinIME:LogUtils: Dictionary info: dictionary = main:en ; version = 47 ; date = 1402373178
01-01 00:00:25.179  1828  1914 I ContactLocale: AddressBook Labels [en-US]: [, A, B, C, D, E, F, G, H, I, J, K, L, M, N, O, P, Q, R, S, T, U, V, W, X, Y, Z, , , , , , , , , , , , , , , , , , , , , , , , , , , , , , , , , , , , , , , , , , , , , , , , , , , , , , , , , , , , , , , , , , , , , , , , , , , , , , , , , , , , , , , , , , , , , , , , , , , , , , , , , , , , , , , , , , , , , , , , , , , , , , , , , , , , , , , , , , , , , , , , , , , , , , , , , , , , , , , , , , , , , , , , , , , , , , , , , , , , , , , , , , , , #, ]
01-01 00:00:25.192   306  1930 I AudioPlayer: Pause Playback at 108145
01-01 00:00:25.192   306  1824 I AudioPlayer: reset: mPlaying=0 mReachedEOS=1 useOffload=0
01-01 00:00:25.196   306  1432 D Utils   : printFileName fd(17) -> /system/media/audio/ui/KeypressInvalid.ogg
01-01 00:00:25.223   306  1432 D ExtendedUtils: extended extractor not needed, return default
01-01 00:00:25.223   306  1971 D AudioPolicyManager: isOffloadSupported: stream_type != MUSIC, returning false
01-01 00:00:25.224   306  1971 D OMXCodec: Successfully allocated OMX node 'OMX.google.vorbis.decoder'
01-01 00:00:25.224   306  1971 I ExtendedUtils: decision 0 mime 
01-01 00:00:25.224   306  1971 I AwesomePlayer: Could not offload audio decode, try pcm offload
01-01 00:00:25.224   306  1971 D AudioPolicyManager: isOffloadSupported: stream_type != MUSIC, returning false
01-01 00:00:25.225   306  1432 I AudioPlayer: start of Playback, useOffload 0
01-01 00:00:25.414   306  1971 I AudioPlayer: Pause Playback at 182539
01-01 00:00:25.415   306  1432 I AudioPlayer: reset: mPlaying=0 mReachedEOS=1 useOffload=0
01-01 00:00:25.533   383  1324 E modemanager: readXMLOp:Couldn't open OEM XML file!
01-01 00:00:25.533   383  1324 E modemanager: retrieveMode: Failed to enumerate modes
01-01 00:00:25.533   383  1324 E modemanager: in applyDefaultMode fail to retrieve default mode!
01-01 00:00:25.533   383  1324 I modemanager: in applyDefaultMode ret = 0 mCurMode = -1
01-01 00:00:25.533   383  1324 E PPDaemon: void* applyDefaultModeThreadFunc(void*) failed applying default mode!
01-01 00:00:26.299   417   417 I sh      : type=1400 audit(0.0:41): avc: denied { append } for name="performance_log.csv" dev="fuse" ino=3061867872 scontext=u:r:init:s0 tcontext=u:object_r:fuse:s0 tclass=file permissive=1
01-01 00:00:26.533   383  1324 E modemanager: readXMLOp:Couldn't open OEM XML file!
01-01 00:00:26.533   383  1324 E modemanager: retrieveMode: Failed to enumerate modes
01-01 00:00:26.533   383  1324 E modemanager: in applyDefaultMode fail to retrieve default mode!
01-01 00:00:26.533   383  1324 I modemanager: in applyDefaultMode ret = 0 mCurMode = -1
01-01 00:00:26.533   383  1324 E PPDaemon: void* applyDefaultModeThreadFunc(void*) failed applying default mode!
01-01 00:00:27.005   339   339 E QC-time-services: Daemon:genoff_modem_qmi_init: qmi_client_get_service_list returned -2num_services 0
01-01 00:00:27.005   339   339 E QC-time-services: Daemon:genoff_modem_qmi_init:retry count exceeds limitQMI init failed continuing withoutserver
01-01 00:00:27.311   339   339 E QC-time-services: Daemon: QMI init failed, QMI calls inactive
01-01 00:00:27.312   339  2071 D QC-time-services: Daemon: Time-services: All initializations done
01-01 00:00:27.312   339  2071 E QC-time-services: Daemon: Time-services: Waiting to acceptconnection
01-01 00:00:27.534   383  1324 E modemanager: readXMLOp:Couldn't open OEM XML file!
01-01 00:00:27.534   383  1324 E modemanager: retrieveMode: Failed to enumerate modes
01-01 00:00:27.534   383  1324 E modemanager: in applyDefaultMode fail to retrieve default mode!
01-01 00:00:27.534   383  1324 I modemanager: in applyDefaultMode ret = 0 mCurMode = -1
01-01 00:00:27.534   383  1324 E PPDaemon: void* applyDefaultModeThreadFunc(void*) failed applying default mode!
01-01 00:00:27.794   341  1806 E libsensor1: sensor1_open: Error in connect() errno=2 No such file or directory
01-01 00:00:27.794   341  1806 E mm-camera: dsps_proc_init: Failed to open sensor1 port
01-01 00:00:27.794   341  1806 E mm-camera: gyro_module_start_session: Exit successful
01-01 00:00:27.794   341  1806 E mm-camera: is_module_get_port: Exit successful
01-01 00:00:27.794   341  1806 E mm-camera: gyro_module_get_port: Exit successful
01-01 00:00:27.794   341   341 E mm-camera-sensor: module_sensor_query_mod:4697 led flash is not supported for this sensor.
01-01 00:00:27.794   341   341 I mm-camera-sensor: module_module_set_session_data:4863 max delay 2 report delay 1
01-01 00:00:27.811   341   341 I mm-camera-eztune: vendor/qcom/proprietary/mm-camera/mm-camera2/server-tuning/tuning/eztune_interface.cpp(301): "Create Server : 0xb6a4ef60"
01-01 00:00:27.811   341   341 I mm-camera-eztune: vendor/qcom/proprietary/mm-camera/mm-camera2/server-tuning/tuning/eztune_interface.cpp(301): "Create Server : 0xb69fa020"
01-01 00:00:27.811   341  2166 I mm-camera-eztune: vendor/qcom/proprietary/mm-camera/mm-camera2/server-tuning/tuning/eztune_interface.cpp(51): "Server: Waiting on new connection...\n"
01-01 00:00:27.811   341  2167 I mm-camera-eztune: vendor/qcom/proprietary/mm-camera/mm-camera2/server-tuning/tuning/eztune_interface.cpp(51): "Server: Waiting on new connection...\n"
01-01 00:00:27.812   306   306 E QCameraHWI_Mem: int qcamera::QCameraMemory::alloc(int, int, int, uint32_t) : No memory pool available
01-01 00:00:27.813   341  2168 E mm-camera-sensor: module_sensor_query_mod:4697 led flash is not supported for this sensor.
01-01 00:00:27.822   306   306 I mm-jpeg-intf: Max picture size 4000 x 3000, WorkBufSize = 18192384
01-01 00:00:27.858   306   306 I qomx_image_core: OMX_Init:94] Complete 2
01-01 00:00:27.858   306   306 E QCameraHWI_Mem: int qcamera::QCameraMemory::alloc(int, int, int, uint32_t) : No memory pool available
01-01 00:00:27.861   306   306 E QCameraParameters: int32_t qcamera::QCameraParameters::setPreviewFpsRange(int, int, int, int): E minFps = 15000, maxFps = 30000 , vid minFps = 15000, vid maxFps = 30000
01-01 00:00:27.861   306   306 E QCameraParameters: int32_t qcamera::QCameraParameters::setPreviewFpsRange(int, int, int, int): Setting preview fps range 15000,30000
01-01 00:00:27.861   306   306 E QCameraParameters: int32_t qcamera::QCameraParameters::setPreviewFpsRange(int, int, int, int): Updated: minFps = 15000, maxFps = 30000 , vid minFps = 15000, vid maxFps = 30000
01-01 00:00:27.861   306   306 E QCamera2HWI: int qcamera::QCamera2HardwareInterface::calcThermalLevel(qcamera::qcamera_thermal_level_enum_t, int, int, cam_fps_range_t&, msm_vfe_frame_skip_pattern&): level: 0, preview minfps 15000, preview maxfpS 30000video minfps 15000, video maxfpS 30000
01-01 00:00:27.861   306   306 E QCameraParameters: int32_t qcamera::QCameraParameters::setPreviewFpsRange(int, int, int, int): Thermal adjusted preview fps range 15,30, 15, 30
01-01 00:00:27.861   306   306 E QCameraParameters: int32_t qcamera::QCameraParameters::initDefaultParameters(): supported flash modes cnt is 0!!!
01-01 00:00:27.861   306   306 E QCameraParameters: int32_t qcamera::QCameraParameters::setSceneMode(const char*): Setting SceneMode auto
01-01 00:00:27.863   306   306 I Thermal-Lib: Thermal-Lib-Client: Registraion successful for camera with handle:1
01-01 00:00:27.863   306   306 I Thermal-Lib: Thermal-Lib-Client: Registraion successful for camcorder with handle:2
01-01 00:00:27.863   318   507 I ThermalEngine: Thermal-Server: Adding thermal event listener on fd 19
01-01 00:00:27.863   306  2175 I Thermal-Lib: Thermal-Lib-Client: Client received msg camera 0
01-01 00:00:27.864   306  2175 I Thermal-Lib: Thermal-Lib-Client: Client received msg camcorder 0
01-01 00:00:27.864   306  1800 E QCamera2HWI: int qcamera::QCamera2HardwareInterface::calcThermalLevel(qcamera::qcamera_thermal_level_enum_t, int, int, cam_fps_range_t&, msm_vfe_frame_skip_pattern&): level: 0, preview minfps 15000, preview maxfpS 30000video minfps 15000, video maxfpS 30000
01-01 00:00:27.864   306  1800 E QCamera2HWI: int qcamera::QCamera2HardwareInterface::calcThermalLevel(qcamera::qcamera_thermal_level_enum_t, int, int, cam_fps_range_t&, msm_vfe_frame_skip_pattern&): level: 0, preview minfps 15000, preview maxfpS 30000video minfps 15000, video maxfpS 30000
01-01 00:00:27.866   306   306 I CameraClient: Destroying camera 0
01-01 00:00:27.867   306   306 I qomx_image_core: OMX_Deinit:118] Complete
01-01 00:00:27.871   306   306 E QCameraPostProc: int32_t qcamera::QCameraPostProcessor::deinit(): Jpeg closed, rc = 0, mJpegClientHandle = 100
01-01 00:00:27.871   306   306 I Thermal-Lib: Thermal-Lib-Client: Unregisteration is successfull for handle:1
01-01 00:00:27.871   318   507 I ThermalEngine: Thermal-Server: removing client on fd 19
01-01 00:00:27.871   306   306 I Thermal-Lib: Thermal-Lib-Client: Unregisteration is successfull for handle:2
01-01 00:00:27.872   341  2168 E mm-camera: mct_pipeline_get_stream: no children
01-01 00:00:27.878   341   341 I mm-camera-eztune: vendor/qcom/proprietary/mm-camera/mm-camera2/server-tuning/tuning/eztune_interface.cpp(315): "Delete Server : 0xb6a4ef60"
01-01 00:00:27.878   341  2166 W mm-camera-eztune: vendor/qcom/proprietary/mm-camera/mm-camera2/server-tuning/tuning/mmcam_socket_utils.cpp(311): "Received event from non socket fd"
01-01 00:00:27.878   341  2166 W mm-camera-eztune: vendor/qcom/proprietary/mm-camera/mm-camera2/server-tuning/tuning/eztune_interface.cpp(61): "Stop message. Exiting server thread"
01-01 00:00:27.878   341   341 I mm-camera-eztune: vendor/qcom/proprietary/mm-camera/mm-camera2/server-tuning/tuning/eztune_interface.cpp(315): "Delete Server : 0xb69fa020"
01-01 00:00:27.878   341  2167 W mm-camera-eztune: vendor/qcom/proprietary/mm-camera/mm-camera2/server-tuning/tuning/mmcam_socket_utils.cpp(311): "Received event from non socket fd"
01-01 00:00:27.878   341  2167 W mm-camera-eztune: vendor/qcom/proprietary/mm-camera/mm-camera2/server-tuning/tuning/eztune_interface.cpp(61): "Stop message. Exiting server thread"
01-01 00:00:27.879   341  2177 I mm-camera-sensor: module_sensor_stop_session:1457 session 2
01-01 00:00:27.879   341  2179 E mm-camera-isp2: isp_module_stop_session:312 session id 2
01-01 00:00:27.880   341   341 E mm-camera: mct_pipeline_stop_session: left modules: 5
01-01 00:00:27.881   341   341 E mm-camera: mct_pipeline_stop_session: left modules: 4
01-01 00:00:27.881   341  2182 D hdr     : Session id 0x2 stopped
01-01 00:00:27.882   341   341 E mm-camera: mct_pipeline_stop_session: left modules: 3
01-01 00:00:27.882   341  2180 E mm-camera: is_module_stop_session: Enter
01-01 00:00:27.882   341  2180 E mm-camera: is_module_stop_session: Exit successful
01-01 00:00:27.883   341  2180 E mm-camera: gyro_module_stop_session: Enter
01-01 00:00:27.883   341  2180 E mm-camera: gyro_port_deinit: Deinit DSPS
01-01 00:00:27.883   341  2180 E mm-camera: gyro_module_stop_session: Exit successful
01-01 00:00:27.883   341   341 E mm-camera: mct_pipeline_stop_session: left modules: 2
01-01 00:00:27.883   341   341 E mm-camera: mct_pipeline_stop_session: left modules: 1
01-01 00:00:27.889   306  1433 I CameraService: getCameraCharacteristics: Switching to HAL1 shim implementation...
01-01 00:00:27.889   306  1433 I AwesomePlayer: setDataSource_l(<no-scheme URI suppressed>)
01-01 00:00:27.889   306  1433 D AwesomePlayer: printFileName /system/media/audio/ui/camera_click.ogg
01-01 00:00:27.896   341   341 E mm-camera: mct_pipeline_stop_session: left modules: 0
01-01 00:00:27.896   341  1941 E mm-camera-sensor: Got some events
01-01 00:00:27.896   341  1941 I mm-camera-sensor: sensor_thread_func:154 sensor_thread_func:Sensor thread is exiting
01-01 00:00:27.906   306  2183 D ExtendedUtils: extended extractor not needed, return default
01-01 00:00:27.906   306  2183 D AudioPolicyManager: isOffloadSupported: stream_type != MUSIC, returning false
01-01 00:00:27.907   306  2183 D OMXCodec: Successfully allocated OMX node 'OMX.google.vorbis.decoder'
01-01 00:00:27.908   306  2183 I ExtendedUtils: decision 0 mime 
01-01 00:00:27.908   306  2183 I AwesomePlayer: Could not offload audio decode, try pcm offload
01-01 00:00:27.908   306  2183 D AudioPolicyManager: isOffloadSupported: stream_type != MUSIC, returning false
01-01 00:00:27.909   306  1433 I AwesomePlayer: setDataSource_l(<no-scheme URI suppressed>)
01-01 00:00:27.909   306  1433 D AwesomePlayer: printFileName /system/media/audio/ui/VideoRecord.ogg
01-01 00:00:27.924   306  2186 D ExtendedUtils: extended extractor not needed, return default
01-01 00:00:27.924   306  2186 D AudioPolicyManager: isOffloadSupported: stream_type != MUSIC, returning false
01-01 00:00:27.925   306  2186 D OMXCodec: Successfully allocated OMX node 'OMX.google.vorbis.decoder'
01-01 00:00:27.925   306  2186 I ExtendedUtils: decision 0 mime 
01-01 00:00:27.925   306  2186 I AwesomePlayer: Could not offload audio decode, try pcm offload
01-01 00:00:27.925   306  2186 D AudioPolicyManager: isOffloadSupported: stream_type != MUSIC, returning false
01-01 00:00:27.926   306  1433 I CameraClient: Opening camera 1
01-01 00:00:27.931   341  2191 I mm-camera-sensor: module_sensor_start_session:1402 session 3
01-01 00:00:27.932   341  2193 E mm-camera-isp2: isp_module_start_session:166 session id 3
01-01 00:00:27.934   341  2197 D hdr     : Session id 0x3 started
01-01 00:00:27.940   341  2195 E mm-camera-CORE: af_single_if_link: Link success! 
01-01 00:00:27.941   341  2195 E mm-camera: is_module_start_session: Enter
01-01 00:00:27.941   341  2195 E mm-camera: is_module_start_session: Exit successful
01-01 00:00:27.941   341  2195 E mm-camera: gyro_module_start_session: Enter
01-01 00:00:27.941   341  2195 E mm-camera: gyro_port_init: Init DSPS
01-01 00:00:28.083   341  2191 E mm-camera-sensor: module_sensor_init_session:1140 Sensor path (null) name imx377_1
01-01 00:00:28.083   341  2191 I mm-camera-sensor: sensor_set_position:1416 Position ID: 0
01-01 00:00:28.083   341  2191 I mm-camera-sensor: sensor_set_mode:1447 Sensor Mode ID: 1
01-01 00:00:28.257   341  2191 I mm-camera-sensor: module_sensor_init_session:1301 Success
01-01 00:00:28.257   341  2191 E mm-camera-sensor: module_sensor_start_session:1435 SUCCESS
01-01 00:00:28.534   383  1324 E modemanager: readXMLOp:Couldn't open OEM XML file!
01-01 00:00:28.534   383  1324 E modemanager: retrieveMode: Failed to enumerate modes
01-01 00:00:28.534   383  1324 E modemanager: in applyDefaultMode fail to retrieve default mode!
01-01 00:00:28.534   383  1324 I modemanager: in applyDefaultMode ret = 0 mCurMode = -1
01-01 00:00:28.534   383  1324 E PPDaemon: void* applyDefaultModeThreadFunc(void*) failed applying default mode!
01-01 00:00:29.534   383  1324 E modemanager: readXMLOp:Couldn't open OEM XML file!
01-01 00:00:29.534   383  1324 E modemanager: retrieveMode: Failed to enumerate modes
01-01 00:00:29.534   383  1324 E modemanager: in applyDefaultMode fail to retrieve default mode!
01-01 00:00:29.534   383  1324 I modemanager: in applyDefaultMode ret = 0 mCurMode = -1
01-01 00:00:29.534   383  1324 E PPDaemon: void* applyDefaultModeThreadFunc(void*) failed applying default mode!
01-01 00:00:30.534   383  1324 E modemanager: readXMLOp:Couldn't open OEM XML file!
01-01 00:00:30.534   383  1324 E modemanager: retrieveMode: Failed to enumerate modes
01-01 00:00:30.534   383  1324 E modemanager: in applyDefaultMode fail to retrieve default mode!
01-01 00:00:30.534   383  1324 I modemanager: in applyDefaultMode ret = 0 mCurMode = -1
01-01 00:00:30.534   383  1324 E PPDaemon: void* applyDefaultModeThreadFunc(void*) failed applying default mode!
01-01 00:00:30.948   341  2195 E libsensor1: sensor1_open: Error in connect() errno=2 No such file or directory
01-01 00:00:30.948   341  2195 E mm-camera: dsps_proc_init: Failed to open sensor1 port
01-01 00:00:30.948   341  2195 E mm-camera: gyro_module_start_session: Exit successful
01-01 00:00:30.948   341  2195 E mm-camera: is_module_get_port: Exit successful
01-01 00:00:30.948   341  2195 E mm-camera: gyro_module_get_port: Exit successful
01-01 00:00:30.949   341   341 E mm-camera-sensor: module_sensor_query_mod:4697 led flash is not supported for this sensor.
01-01 00:00:30.949   341   341 I mm-camera-sensor: module_module_set_session_data:4863 max delay 2 report delay 1
01-01 00:00:30.950   341   341 I mm-camera-eztune: vendor/qcom/proprietary/mm-camera/mm-camera2/server-tuning/tuning/eztune_interface.cpp(301): "Create Server : 0xb69fa020"
01-01 00:00:30.950   341  2490 I mm-camera-eztune: vendor/qcom/proprietary/mm-camera/mm-camera2/server-tuning/tuning/eztune_interface.cpp(51): "Server: Waiting on new connection...\n"
01-01 00:00:30.950   341   341 I mm-camera-eztune: vendor/qcom/proprietary/mm-camera/mm-camera2/server-tuning/tuning/eztune_interface.cpp(301): "Create Server : 0xb6a4ef60"
01-01 00:00:30.950   341  2491 I mm-camera-eztune: vendor/qcom/proprietary/mm-camera/mm-camera2/server-tuning/tuning/eztune_interface.cpp(51): "Server: Waiting on new connection...\n"
01-01 00:00:30.951   306  1433 E QCameraHWI_Mem: int qcamera::QCameraMemory::alloc(int, int, int, uint32_t) : No memory pool available
01-01 00:00:30.951   341  2492 E mm-camera-sensor: module_sensor_query_mod:4697 led flash is not supported for this sensor.
01-01 00:00:30.962   306  1433 I mm-jpeg-intf: Max picture size 4000 x 3000, WorkBufSize = 18192384
01-01 00:00:30.962   306  1433 I qomx_image_core: OMX_Init:94] Complete 2
01-01 00:00:30.962   306  1433 E QCameraHWI_Mem: int qcamera::QCameraMemory::alloc(int, int, int, uint32_t) : No memory pool available
01-01 00:00:30.963   306  1433 E QCameraParameters: int32_t qcamera::QCameraParameters::setPreviewFpsRange(int, int, int, int): E minFps = 15000, maxFps = 30000 , vid minFps = 15000, vid maxFps = 30000
01-01 00:00:30.963   306  1433 E QCameraParameters: int32_t qcamera::QCameraParameters::setPreviewFpsRange(int, int, int, int): Setting preview fps range 15000,30000
01-01 00:00:30.963   306  1433 E QCameraParameters: int32_t qcamera::QCameraParameters::setPreviewFpsRange(int, int, int, int): Updated: minFps = 15000, maxFps = 30000 , vid minFps = 15000, vid maxFps = 30000
01-01 00:00:30.963   306  1433 E QCamera2HWI: int qcamera::QCamera2HardwareInterface::calcThermalLevel(qcamera::qcamera_thermal_level_enum_t, int, int, cam_fps_range_t&, msm_vfe_frame_skip_pattern&): level: 0, preview minfps 15000, preview maxfpS 30000video minfps 15000, video maxfpS 30000
01-01 00:00:30.963   306  1433 E QCameraParameters: int32_t qcamera::QCameraParameters::setPreviewFpsRange(int, int, int, int): Thermal adjusted preview fps range 15,30, 15, 30
01-01 00:00:30.963   306  1433 E QCameraParameters: int32_t qcamera::QCameraParameters::initDefaultParameters(): supported flash modes cnt is 0!!!
01-01 00:00:30.963   306  1433 E QCameraParameters: int32_t qcamera::QCameraParameters::setSceneMode(const char*): Setting SceneMode auto
01-01 00:00:30.964   306  1433 I Thermal-Lib: Thermal-Lib-Client: Registraion successful for camera with handle:1
01-01 00:00:30.964   306  1433 I Thermal-Lib: Thermal-Lib-Client: Registraion successful for camcorder with handle:2
01-01 00:00:30.965   318   507 I ThermalEngine: Thermal-Server: Adding thermal event listener on fd 19
01-01 00:00:30.965   306  2499 I Thermal-Lib: Thermal-Lib-Client: Client received msg camera 0
01-01 00:00:30.965   306  2189 E QCamera2HWI: int qcamera::QCamera2HardwareInterface::calcThermalLevel(qcamera::qcamera_thermal_level_enum_t, int, int, cam_fps_range_t&, msm_vfe_frame_skip_pattern&): level: 0, preview minfps 15000, preview maxfpS 30000video minfps 15000, video maxfpS 30000
01-01 00:00:30.965   306  2499 I Thermal-Lib: Thermal-Lib-Client: Client received msg camcorder 0
01-01 00:00:30.965   306  2189 E QCamera2HWI: int qcamera::QCamera2HardwareInterface::calcThermalLevel(qcamera::qcamera_thermal_level_enum_t, int, int, cam_fps_range_t&, msm_vfe_frame_skip_pattern&): level: 0, preview minfps 15000, preview maxfpS 30000video minfps 15000, video maxfpS 30000
01-01 00:00:30.967   306  1433 I CameraClient: Destroying camera 1
01-01 00:00:30.969   306  1433 I qomx_image_core: OMX_Deinit:118] Complete
01-01 00:00:30.972   306  1433 E QCameraPostProc: int32_t qcamera::QCameraPostProcessor::deinit(): Jpeg closed, rc = 0, mJpegClientHandle = 200
01-01 00:00:30.972   306  1433 I Thermal-Lib: Thermal-Lib-Client: Unregisteration is successfull for handle:1
01-01 00:00:30.972   318   507 I ThermalEngine: Thermal-Server: removing client on fd 19
01-01 00:00:30.972   306  1433 I Thermal-Lib: Thermal-Lib-Client: Unregisteration is successfull for handle:2
01-01 00:00:30.973   341  2492 E mm-camera: mct_pipeline_get_stream: no children
01-01 00:00:30.974   341   341 I mm-camera-eztune: vendor/qcom/proprietary/mm-camera/mm-camera2/server-tuning/tuning/eztune_interface.cpp(315): "Delete Server : 0xb69fa020"
01-01 00:00:30.979   341  2490 W mm-camera-eztune: vendor/qcom/proprietary/mm-camera/mm-camera2/server-tuning/tuning/mmcam_socket_utils.cpp(311): "Received event from non socket fd"
01-01 00:00:30.979   341  2490 W mm-camera-eztune: vendor/qcom/proprietary/mm-camera/mm-camera2/server-tuning/tuning/eztune_interface.cpp(61): "Stop message. Exiting server thread"
01-01 00:00:30.979   341   341 I mm-camera-eztune: vendor/qcom/proprietary/mm-camera/mm-camera2/server-tuning/tuning/eztune_interface.cpp(315): "Delete Server : 0xb6a4ef60"
01-01 00:00:30.979   341  2491 W mm-camera-eztune: vendor/qcom/proprietary/mm-camera/mm-camera2/server-tuning/tuning/mmcam_socket_utils.cpp(311): "Received event from non socket fd"
01-01 00:00:30.979   341  2491 W mm-camera-eztune: vendor/qcom/proprietary/mm-camera/mm-camera2/server-tuning/tuning/eztune_interface.cpp(61): "Stop message. Exiting server thread"
01-01 00:00:30.980   341  2501 I mm-camera-sensor: module_sensor_stop_session:1457 session 3
01-01 00:00:30.980   341  2503 E mm-camera-isp2: isp_module_stop_session:312 session id 3
01-01 00:00:30.982   341   341 E mm-camera: mct_pipeline_stop_session: left modules: 5
01-01 00:00:30.982   341   341 E mm-camera: mct_pipeline_stop_session: left modules: 4
01-01 00:00:30.984   341  2506 D hdr     : Session id 0x3 stopped
01-01 00:00:30.984   341   341 E mm-camera: mct_pipeline_stop_session: left modules: 3
01-01 00:00:30.985   341  2504 E mm-camera: is_module_stop_session: Enter
01-01 00:00:30.985   341  2504 E mm-camera: is_module_stop_session: Exit successful
01-01 00:00:30.985   341  2504 E mm-camera: gyro_module_stop_session: Enter
01-01 00:00:30.985   341  2504 E mm-camera: gyro_port_deinit: Deinit DSPS
01-01 00:00:30.986   341  2504 E mm-camera: gyro_module_stop_session: Exit successful
01-01 00:00:30.986   341   341 E mm-camera: mct_pipeline_stop_session: left modules: 2
01-01 00:00:30.988   341   341 E mm-camera: mct_pipeline_stop_session: left modules: 1
01-01 00:00:30.989  1490  1511 W art     : Long monitor contention event with owner method=boolean android.os.BinderProxy.transactNative(int, android.os.Parcel, android.os.Parcel, int) from Binder.java:4294967294 waiters=0 for 6.225s
01-01 00:00:30.993  1490  1490 W ArrayUtils: Ignoring invalid value emboss
01-01 00:00:30.993  1490  1490 W ArrayUtils: Ignoring invalid value sketch
01-01 00:00:30.993  1490  1490 W ArrayUtils: Ignoring invalid value neon
01-01 00:00:30.993  1490  1490 W ArrayUtils: Ignoring invalid value asd
01-01 00:00:30.993  1490  1490 W ArrayUtils: Ignoring invalid value backlight
01-01 00:00:30.993  1490  1490 W ArrayUtils: Ignoring invalid value flowers
01-01 00:00:30.993  1490  1490 W ArrayUtils: Ignoring invalid value AR
01-01 00:00:30.996   341  2206 E mm-camera-sensor: Got some events
01-01 00:00:30.996   341  2206 I mm-camera-sensor: sensor_thread_func:154 sensor_thread_func:Sensor thread is exiting
01-01 00:00:30.996   341   341 E mm-camera: mct_pipeline_stop_session: left modules: 0
01-01 00:00:31.000  1490  1490 W ArrayUtils: Ignoring invalid value emboss
01-01 00:00:31.000  1490  1490 W ArrayUtils: Ignoring invalid value sketch
01-01 00:00:31.000  1490  1490 W ArrayUtils: Ignoring invalid value neon
01-01 00:00:31.000  1490  1490 W ArrayUtils: Ignoring invalid value asd
01-01 00:00:31.000  1490  1490 W ArrayUtils: Ignoring invalid value backlight
01-01 00:00:31.000  1490  1490 W ArrayUtils: Ignoring invalid value flowers
01-01 00:00:31.000  1490  1490 W ArrayUtils: Ignoring invalid value AR
01-01 00:00:31.030  1490  2509 D BluetoothAdapter: 606829582: getState() :  mService = null. Returning STATE_OFF
01-01 00:00:31.030  1490  2509 D BluetoothAdapter: 606829582: getState() :  mService = null. Returning STATE_OFF
01-01 00:00:31.030  1490  2509 D BluetoothAdapter: 606829582: getState() :  mService = null. Returning STATE_OFF
01-01 00:00:31.030  1490  2509 D BluetoothAdapter: 606829582: getState() :  mService = null. Returning STATE_OFF
01-01 00:00:31.042  1490  2511 D OpenGLRenderer: Render dirty regions requested: true
01-01 00:00:31.044  1490  1490 D Atlas   : Validating map...
01-01 00:00:31.046  1490  1490 D PhoneStatusBar: disable: < expand icons alerts system_info back home recent clock search >
01-01 00:00:31.062  1490  1490 D BluetoothAdapter: 606829582: getState() :  mService = null. Returning STATE_OFF
01-01 00:00:31.062  1490  1490 D BluetoothAdapter: 606829582: getState() :  mService = null. Returning STATE_OFF
01-01 00:00:31.067  1490  1490 D PhoneStatusBar: heads up is enabled
01-01 00:00:31.072  1490  1490 I Choreographer: Skipped 417 frames!  The application may be doing too much work on its main thread.
01-01 00:00:31.074  1490  1490 D ViewRootImpl: changeCanvasOpacity: opaque=true
01-01 00:00:31.077  1490  1490 W Settings: Setting airplane_mode_on has moved from android.provider.Settings.System to android.provider.Settings.Global, returning read-only value.
01-01 00:00:31.079  1490  1490 W Settings: Setting airplane_mode_on has moved from android.provider.Settings.System to android.provider.Settings.Global, returning read-only value.
01-01 00:00:31.080  1490  1490 W TelecomManager: Telecom Service not found.
01-01 00:00:31.080  1490  1490 W TelecomManager: Telecom Service not found.
01-01 00:00:31.080  1490  1490 W TelecomManager: Telecom Service not found.
01-01 00:00:31.080  1490  1490 W TelecomManager: Telecom Service not found.
01-01 00:00:31.081  1490  1490 W Settings: Setting airplane_mode_on has moved from android.provider.Settings.System to android.provider.Settings.Global, returning read-only value.
01-01 00:00:31.106  1490  2511 I Adreno  : EGLInit: QTI Build: 01/16/15, 25d4fe7, 
01-01 00:00:31.118  1490  2511 I OpenGLRenderer: Initialized EGL, version 1.4
01-01 00:00:31.127  1490  2511 D OpenGLRenderer: Enabling debug mode 0
01-01 00:00:31.143  1330  1427 D WifiService: New client listening to asynchronous messages
01-01 00:00:31.180  1490  1490 D OpenGLRenderer: setting property extraRasterBucket to 0.95
01-01 00:00:31.180  1490  1490 D OpenGLRenderer:     failed
01-01 00:00:31.180  1490  1490 D OpenGLRenderer: setting property extraRasterBucket to 0.0
01-01 00:00:31.180  1490  1490 D OpenGLRenderer:     failed
01-01 00:00:31.534   383  1324 E modemanager: readXMLOp:Couldn't open OEM XML file!
01-01 00:00:31.534   383  1324 E modemanager: retrieveMode: Failed to enumerate modes
01-01 00:00:31.534   383  1324 E modemanager: in applyDefaultMode fail to retrieve default mode!
01-01 00:00:31.534   383  1324 I modemanager: in applyDefaultMode ret = 0 mCurMode = -1
01-01 00:00:31.534   383  1324 E PPDaemon: void* applyDefaultModeThreadFunc(void*) failed applying default mode!
01-01 00:00:32.535   383  1324 E modemanager: readXMLOp:Couldn't open OEM XML file!
01-01 00:00:32.535   383  1324 E modemanager: retrieveMode: Failed to enumerate modes
01-01 00:00:32.535   383  1324 E modemanager: in applyDefaultMode fail to retrieve default mode!
01-01 00:00:32.535   383  1324 I modemanager: in applyDefaultMode ret = 0 mCurMode = -1
01-01 00:00:32.535   383  1324 E PPDaemon: void* applyDefaultModeThreadFunc(void*) failed applying default mode!
01-01 00:00:33.535   383  1324 E modemanager: readXMLOp:Couldn't open OEM XML file!
01-01 00:00:33.535   383  1324 E modemanager: retrieveMode: Failed to enumerate modes
01-01 00:00:33.535   383  1324 E modemanager: in applyDefaultMode fail to retrieve default mode!
01-01 00:00:33.535   383  1324 I modemanager: in applyDefaultMode ret = 0 mCurMode = -1
01-01 00:00:33.535   383  1324 E PPDaemon: void* applyDefaultModeThreadFunc(void*) failed applying default mode!
01-01 00:00:34.535   383  1324 E modemanager: readXMLOp:Couldn't open OEM XML file!
01-01 00:00:34.535   383  1324 E modemanager: retrieveMode: Failed to enumerate modes
01-01 00:00:34.535   383  1324 E modemanager: in applyDefaultMode fail to retrieve default mode!
01-01 00:00:34.535   383  1324 I modemanager: in applyDefaultMode ret = 0 mCurMode = -1
01-01 00:00:34.535   383  1324 E PPDaemon: void* applyDefaultModeThreadFunc(void*) failed applying default mode!
01-01 00:00:35.535   383  1324 E modemanager: readXMLOp:Couldn't open OEM XML file!
01-01 00:00:35.535   383  1324 E modemanager: retrieveMode: Failed to enumerate modes
01-01 00:00:35.535   383  1324 E modemanager: in applyDefaultMode fail to retrieve default mode!
01-01 00:00:35.535   383  1324 I modemanager: in applyDefaultMode ret = 0 mCurMode = -1
01-01 00:00:35.535   383  1324 E PPDaemon: void* applyDefaultModeThreadFunc(void*) failed applying default mode!
01-01 00:00:36.535   383  1324 E modemanager: readXMLOp:Couldn't open OEM XML file!
01-01 00:00:36.535   383  1324 E modemanager: retrieveMode: Failed to enumerate modes
01-01 00:00:36.535   383  1324 E modemanager: in applyDefaultMode fail to retrieve default mode!
01-01 00:00:36.535   383  1324 I modemanager: in applyDefaultMode ret = 0 mCurMode = -1
01-01 00:00:36.535   383  1324 E PPDaemon: void* applyDefaultModeThreadFunc(void*) failed applying default mode!
01-01 00:00:37.535   383  1324 E modemanager: readXMLOp:Couldn't open OEM XML file!
01-01 00:00:37.535   383  1324 E modemanager: retrieveMode: Failed to enumerate modes
01-01 00:00:37.535   383  1324 E modemanager: in applyDefaultMode fail to retrieve default mode!
01-01 00:00:37.535   383  1324 I modemanager: in applyDefaultMode ret = 0 mCurMode = -1
01-01 00:00:37.535   383  1324 E PPDaemon: void* applyDefaultModeThreadFunc(void*) failed applying default mode!
01-01 00:00:38.536   383  1324 E modemanager: readXMLOp:Couldn't open OEM XML file!
01-01 00:00:38.536   383  1324 E modemanager: retrieveMode: Failed to enumerate modes
01-01 00:00:38.536   383  1324 E modemanager: in applyDefaultMode fail to retrieve default mode!
01-01 00:00:38.536   383  1324 I modemanager: in applyDefaultMode ret = 0 mCurMode = -1
01-01 00:00:38.536   383  1324 E PPDaemon: void* applyDefaultModeThreadFunc(void*) failed applying default mode!
01-01 00:00:39.405  1330  1330 E LocSvc_afw: E/GSS open failed: No such file or directory
01-01 00:00:39.405  1330  1330 E LocSvc_afw: E/get_extension: Invalid interface passed in
01-01 00:00:39.416  1330  1330 E LocSvc_afw: E/get_extension: Invalid interface passed in
01-01 00:00:39.416  1330  1330 E LocSvc_afw: E/get_extension: Invalid interface passed in
01-01 00:00:39.421  1330  1330 D GpsLocationProvider: Reset GPS properties, previous size = 0
01-01 00:00:39.421  1330  1330 D GpsLocationProvider: GpsParamsResource: SUPL_HOST=supl.google.com
01-01 00:00:39.421  1330  1330 D GpsLocationProvider: GpsParamsResource: SUPL_PORT=7275
01-01 00:00:39.421  1330  1330 D GpsLocationProvider: GpsParamsResource: NTP_SERVER=north-america.pool.ntp.org
01-01 00:00:39.421  1330  1330 D GpsLocationProvider: GpsParamsResource: SUPL_VER=0x20000
01-01 00:00:39.421  1330  1330 D GpsLocationProvider: GpsParamsResource: SUPL_MODE=1
01-01 00:00:39.423  1330  1330 D GpsLocationProvider: GPS properties reloaded, size = 16
01-01 00:00:39.423  1330  1330 E LocSvc_eng: I/===> int loc_eng_set_server_proxy(loc_eng_data_s_type&, LocServerType, const char*, int) line 2502 
01-01 00:00:39.423  1330  1330 E LocSvc_eng: W/set_server called before init. save the address, type: 3, hostname: supl.google.com, port: 7275
01-01 00:00:39.424  1330  1330 D GpsLocationProvider: GPS configuration:
01-01 00:00:39.424  1330  1330 D GpsLocationProvider:  #Thu Jan 01 00:00:39 GMT+00:00 1970
01-01 00:00:39.424  1330  1330 D GpsLocationProvider: SUPL_HOST=supl.google.com
01-01 00:00:39.424  1330  1330 D GpsLocationProvider: SUPL_PORT=7275
01-01 00:00:39.424  1330  1330 D GpsLocationProvider: XTRA_VERSION_CHECK=0
01-01 00:00:39.424  1330  1330 D GpsLocationProvider: DEBUG_LEVEL=3
01-01 00:00:39.424  1330  1330 D GpsLocationProvider: SUPL_ES=1
01-01 00:00:39.424  1330  1330 D GpsLocationProvider: NMEA_PROVIDER=0
01-01 00:00:39.424  1330  1330 D GpsLocationProvider: CAPABILITIES=0x37
01-01 00:00:39.424  1330  1330 D GpsLocationProvider: SUPL_VER=0x10000
01-01 00:00:39.424  1330  1330 D GpsLocationProvider: ERR_ESTIMATE=0
01-01 00:00:39.424  1330  1330 D GpsLocationProvider: A_GLONASS_POS_PROTOCOL_SELECT=0
01-01 00:00:39.424  1330  1330 D GpsLocationProvider: INTERMEDIATE_POS=0
01-01 00:00:39.424  1330  1330 D GpsLocationProvider: SGLTE_TARGET=0
01-01 00:00:39.424  1330  1330 D GpsLocationProvider: LPP_PROFILE=0
01-01 00:00:39.424  1330  1330 D GpsLocationProvider: USE_EMERGENCY_PDN_FOR_EMERGENCY_SUPL=1
01-01 00:00:39.424  1330  1330 D GpsLocationProvider: NTP_SERVER=time.gpsonextra.net
01-01 00:00:39.424  1330  1330 D GpsLocationProvider: SUPL_MODE=1
01-01 00:00:39.424  1330  1330 E LocSvc_eng: I/===> void loc_eng_configuration_update(loc_eng_data_s_type&, const char*, int32_t) line 2627 
01-01 00:00:39.424  1330  1330 D GpsLocationProvider: final config = #Thu Jan 01 00:00:39 GMT+00:00 1970
01-01 00:00:39.424  1330  1330 D GpsLocationProvider: SUPL_HOST=supl.google.com
01-01 00:00:39.424  1330  1330 D GpsLocationProvider: SUPL_PORT=7275
01-01 00:00:39.424  1330  1330 D GpsLocationProvider: XTRA_VERSION_CHECK=0
01-01 00:00:39.424  1330  1330 D GpsLocationProvider: DEBUG_LEVEL=3
01-01 00:00:39.424  1330  1330 D GpsLocationProvider: SUPL_ES=1
01-01 00:00:39.424  1330  1330 D GpsLocationProvider: NMEA_PROVIDER=0
01-01 00:00:39.424  1330  1330 D GpsLocationProvider: CAPABILITIES=0x37
01-01 00:00:39.424  1330  1330 D GpsLocationProvider: SUPL_VER=0x10000
01-01 00:00:39.424  1330  1330 D GpsLocationProvider: ERR_ESTIMATE=0
01-01 00:00:39.424  1330  1330 D GpsLocationProvider: A_GLONASS_POS_PROTOCOL_SELECT=0
01-01 00:00:39.424  1330  1330 D GpsLocationProvider: INTERMEDIATE_POS=0
01-01 00:00:39.424  1330  1330 D GpsLocationProvider: SGLTE_TARGET=0
01-01 00:00:39.424  1330  1330 D GpsLocationProvider: LPP_PROFILE=0
01-01 00:00:39.424  1330  1330 D GpsLocationProvider: USE_EMERGENCY_PDN_FOR_EMERGENCY_SUPL=1
01-01 00:00:39.424  1330  1330 D GpsLocationProvider: NTP_SERVER=time.gpsonextra.net
01-01 00:00:39.424  1330  1330 D GpsLocationProvider: SUPL_MODE=1
01-01 00:00:39.434  1330  1330 E LocationManagerService: no geocoder provider found
01-01 00:00:39.436  1330  1330 W ContextImpl: Calling a method in the system process without a qualified user: android.app.ContextImpl.bindService:1750 com.android.server.location.GeoFencerProxy.<init>:86 com.android.server.location.GeoFencerProxy.getGeoFencerProxy:77 com.android.server.LocationManagerService.loadProvidersLocked:520 com.android.server.LocationManagerService.systemRunning:293 
01-01 00:00:39.439  1330  1330 E LocSvc_flp: I/===> const FlpLocationInterface* get_flp_interface() line 69 
01-01 00:00:39.450  1330  1330 E Geofence_Adapter: I/===> void GeofenceAdapter::addGfClients(GeoFencer*) line 65 
01-01 00:00:39.450  1330  1330 E Geofence_Adapter: I/===> void GeofenceAdapter::updateRegisteredEvents() line 81 
01-01 00:00:39.451  1330  1330 E LocationManagerService: Unable to bind FusedProxy.
01-01 00:00:39.452  1330  3235 V FlpHardwareProvider: Callback thread attached: 0xb403b080
01-01 00:00:39.452  1330  3235 E LocSvc_api_v02: I/locClientOpen:2183]: Service instance id is -1
01-01 00:00:39.452  1330  3235 E LocSvc_api_v02: I/---> locClientOpenInstance line 2063 loc client open
01-01 00:00:39.454  1330  1330 E LocationManagerService: Unable to bind FLP Geofence proxy.
01-01 00:00:39.536   383  1324 E modemanager: readXMLOp:Couldn't open OEM XML file!
01-01 00:00:39.536   383  1324 E modemanager: retrieveMode: Failed to enumerate modes
01-01 00:00:39.536   383  1324 E modemanager: in applyDefaultMode fail to retrieve default mode!
01-01 00:00:39.536   383  1324 I modemanager: in applyDefaultMode ret = 0 mCurMode = -1
01-01 00:00:39.536   383  1324 E PPDaemon: void* applyDefaultModeThreadFunc(void*) failed applying default mode!
01-01 00:00:42.464  1330  1330 E libsensor1: sensor1_open: Error in connect() errno=2 No such file or directory
01-01 00:00:42.464  1330  1330 E qti_ar_hal: hal_init: Sensor1 open failed with error: 11 0
01-01 00:00:42.465  1330  1330 E qti_ar_hal: hal_ar_open: HAL control init failed
01-01 00:00:42.465  1330  1330 E ActivityRecognitionHardware: Error opening device: -1
01-01 00:00:42.465  1330  1330 E LocationManagerService: Hardware Activity-Recognition not supported.
01-01 00:00:42.466  1330  1349 W art     : Long monitor contention event with owner method=void com.android.server.location.FlpHardwareProvider.nativeClassInit() from FlpHardwareProvider.java:4294967294 waiters=0 for 3.028s
01-01 00:00:42.466  1330  1349 E LocSvc_eng: I/===> int loc_eng_init(loc_eng_data_s_type&, LocCallbacks*, LOC_API_ADAPTER_EVENT_MASK_T, loc_core::ContextBase*) line 1629 
01-01 00:00:42.466  1330  1349 D GpsLocationProvider: set_capabilities_callback: 49u
01-01 00:00:42.466  1330  1349 I libmdmdetect: No supported ESOC's found
01-01 00:00:42.466  1330  1349 E PerMgrLib: Peripheral manager is not supported on this device
01-01 00:00:42.466  1330  1349 E LocSvc_afw: E/Error:  open failed: No such file or directory
01-01 00:00:42.466  1330  1349 E LocSvc_eng: I/===> void loc_eng_agps_init(loc_eng_data_s_type&, AGpsExtCallbacks*) line 2200 
01-01 00:00:42.466  1330  1349 E LocSvc_eng: I/===> void loc_eng_ni_init(loc_eng_data_s_type&, GpsNiExtCallbacks*) line 327 
01-01 00:00:42.466  1330  1349 E Geofence_Adapter: I/===> void GeofenceAdapter::addGfClients(GeoFencer*) line 65 
01-01 00:00:42.466  1330  1349 E Geofence_Adapter: I/===> void GeofenceAdapter::updateRegisteredEvents() line 81 
01-01 00:00:42.466  1330  1349 E LocSvc_eng: I/===> int loc_eng_set_server_proxy(loc_eng_data_s_type&, LocServerType, const char*, int) line 2502 
01-01 00:00:42.469  1330  1330 I CommonTimeManagementService: No common time service detected on this platform.  Common time services will be unavailable.
01-01 00:00:42.471  1330  1410 I InputReader: Reconfiguring input devices.  changes=0x00000020
01-01 00:00:42.471  1330  1330 I MmsServiceBroker: Connecting to MmsService
01-01 00:00:42.472  1330  1330 W ContextImpl: Calling a method in the system process without a qualified user: android.app.ContextImpl.bindService:1750 com.android.server.MmsServiceBroker.tryConnecting:134 com.android.server.MmsServiceBroker.systemRunning:121 com.android.server.SystemServer$2.run:1238 com.android.server.am.ActivityManagerService.systemReady:11347 
01-01 00:00:42.474  1330  1410 I InputReader: Reconfiguring input devices.  changes=0x00000010
01-01 00:00:42.500  1330  1330 I ActivityManager: Start proc com.android.phone for service com.android.mms.service/.MmsService: pid=3451 uid=1001 gids={41001, 9997, 3002, 3001, 3003, 1028, 1015} abi=armeabi-v7a
01-01 00:00:42.501  1330  1330 W VoiceInteractionManagerService: no available voice interaction services found for user 0
01-01 00:00:42.501  1330  1330 W VoiceInteractionManagerService: no available voice recognition services found for user 0
01-01 00:00:42.508   320   320 I art     : Explicit concurrent mark sweep GC freed 706(30KB) AllocSpace objects, 0(0B) LOS objects, 89% free, 114KB/1138KB, paused 122us total 6.572ms
01-01 00:00:42.515   320   320 I art     : Explicit concurrent mark sweep GC freed 5(160B) AllocSpace objects, 0(0B) LOS objects, 89% free, 114KB/1138KB, paused 100us total 5.722ms
01-01 00:00:42.522   320   320 I art     : Explicit concurrent mark sweep GC freed 5(160B) AllocSpace objects, 0(0B) LOS objects, 89% free, 114KB/1138KB, paused 96us total 6.087ms
01-01 00:00:42.550  1330  1330 I ActivityManager: Start proc com.sentera.snapcam for added application com.sentera.snapcam: pid=3469 uid=1000 gids={41000, 9997, 3002, 3001, 1028, 1015, 3003, 3005, 1021, 3004, 1000, 3009, 1023, 1010, 2001, 1007} abi=armeabi-v7a
01-01 00:00:42.579  1330  1330 I ActivityManager: Start proc com.quicinc.cne.CNEService for added application com.quicinc.cne.CNEService: pid=3487 uid=1000 gids={41000, 9997, 3002, 3001, 1028, 1015, 3003, 3005, 1021, 3004, 1000, 3009, 1023, 1010, 2001, 1007} abi=armeabi-v7a
01-01 00:00:42.609  1330  1330 I ActivityManager: Start proc com.android.server.telecom for added application com.android.server.telecom: pid=3505 uid=1001 gids={41001, 9997, 3002, 3001, 3003, 1028, 1015} abi=armeabi-v7a
01-01 00:00:42.638  1330  1330 I ActivityManager: Start proc com.android.phone for added application com.android.phone: pid=3523 uid=1001 gids={41001, 9997, 3002, 3001, 3003, 1028, 1015} abi=armeabi-v7a
01-01 00:00:42.639  1330  1330 I ActivityManager: START u0 {act=android.intent.action.MAIN cat=[android.intent.category.HOME] flg=0x10000000 cmp=com.android.launcher/com.android.launcher2.Launcher} from uid 0 on display 0
01-01 00:00:42.674  1330  1330 I ActivityManager: Start proc com.android.launcher for activity com.android.launcher/com.android.launcher2.Launcher: pid=3542 uid=10008 gids={50008, 9997} abi=armeabi-v7a
01-01 00:00:42.675  1330  1330 I SystemServer: Enabled StrictMode for system server main thread.
01-01 00:00:42.705  1330  1349 I ActivityManager: Start proc com.android.printspooler for service com.android.printspooler/.model.PrintSpoolerService: pid=3577 uid=10047 gids={50047, 9997} abi=armeabi-v7a
01-01 00:00:42.705  1330  1347 W ActivityManager: No pending application record for pid 3451 (IApplicationThread android.app.ApplicationThreadProxy@18a1347f); dropping process
01-01 00:00:42.718  1330  1330 V ActivityManager: Display changed displayId=0
01-01 00:00:42.719  1330  1330 V ActivityManager: Display changed displayId=0
01-01 00:00:42.719  1330  1330 V ActivityManager: Display changed displayId=0
01-01 00:00:42.737  3487  3487 W ResourcesManager: Asset path '/system/framework/com.quicinc.cne.jar' does not exist or contains no resources.
01-01 00:00:42.747  1330  1330 D WifiScanningService: SCAN_AVAILABLE : 1
01-01 00:00:42.747  1330  1330 D RttService: SCAN_AVAILABLE : 1
01-01 00:00:42.747  1330  1330 I Choreographer: Skipped 1149 frames!  The application may be doing too much work on its main thread.
01-01 00:00:42.750  1330  1442 D WifiScanningService: DefaultState got{ when=-1ms what=160007 target=com.android.internal.util.StateMachine$SmHandler }
01-01 00:00:42.750  1330  1443 D RttService: DefaultState got{ when=-1ms what=160513 target=com.android.internal.util.StateMachine$SmHandler }
01-01 00:00:42.753  1490  1490 V StatusBar: userId 0 is in the house
01-01 00:00:42.753  3505  3505 D Telecom : MissedCallNotifier: updateOnStartup()...
01-01 00:00:42.756  1330  1330 W InputMethodManagerService: Focus gain on non-focused client android.view.inputmethod.InputMethodManager$1@1af18279 (uid=1000 pid=1330)
01-01 00:00:42.756  1330  1330 V ActivityManager: Display changed displayId=0
01-01 00:00:42.788  3487  3487 D CNEServiceApp: start cne
01-01 00:00:42.794  1330  1330 W ResourcesManager: Asset path '/system/framework/com.android.location.provider.jar' does not exist or contains no resources.
01-01 00:00:42.806  1330  1354 D BluetoothManagerService: Message: 20
01-01 00:00:42.806  1330  1354 D BluetoothManagerService: Added callback: android.bluetooth.IBluetoothManagerCallback$Stub$Proxy@38fc8926:true
01-01 00:00:42.818  3577  3577 I PrintSpoolerService: No existing print spooler state.
01-01 00:00:42.822  1330  1354 D BluetoothManagerService: Message: 30
01-01 00:00:42.830  1330  1427 D WifiService: New client listening to asynchronous messages
01-01 00:00:42.831  3523  3523 D MmsService: onCreate
01-01 00:00:42.838  1330  1330 E NlpProxy: No NLPs exist to bind to!
01-01 00:00:42.829   417   417 I sh      : type=1400 audit(0.0:42): avc: denied { append } for name="performance_log.csv" dev="fuse" ino=3061867872 scontext=u:r:init:s0 tcontext=u:object_r:fuse:s0 tclass=file permissive=1
01-01 00:00:42.829   417   417 I sh      : type=1400 audit(0.0:43): avc: denied { open } for path="/storage/sdcard1/info/logs/performance_log.csv" dev="fuse" ino=3061867872 scontext=u:r:init:s0 tcontext=u:object_r:fuse:s0 tclass=file permissive=1
01-01 00:00:42.840  3487  3487 D CNEServiceApp: broadcast cne started
01-01 00:00:42.841  3487  3487 W ContextImpl: Calling a method in the system process without a qualified user: android.app.ContextImpl.sendBroadcast:1321 android.content.ContextWrapper.sendBroadcast:376 com.quicinc.cne.CNEService.CNEServiceApp.broadcastCNEStarted:102 com.quicinc.cne.CNEService.CNEServiceApp.startCne:114 com.quicinc.cne.CNEService.CNEServiceApp.onCreate:93 
01-01 00:00:42.843  3487  3688 I QCNEJ   : |CORE:COM:RCVR| CNE creating socket
01-01 00:00:42.844  3487  3688 I QCNEJ   : |CORE:COM:RCVR| Connected to 'cnd' socket
01-01 00:00:42.846  3487  3688 W QCNEJ   : |CORE| UNKOWN Unsolicited Event 25
01-01 00:00:42.847  3487  3688 I QCNEJ   : |CORE| CNE_REQUEST_GET_BROWSERS_INFO_LIST received
01-01 00:00:42.848  3523  3695 I MmsService: MmsConfigManager.loadInBackground(): mcc/mnc: 0/0
01-01 00:00:42.851  3523  3695 E MmsService: MmsConfigManager.load -- empty getActiveSubInfoList
01-01 00:00:42.853  3487  3688 I QCNEJ   : |CORE| CNE_NOTIFY_FEATURE_STATUS received
01-01 00:00:42.853  3487  3688 I QCNEJ   : |CORE| CNE_NOTIFY_FEATURE_STATUS received
01-01 00:00:42.858  1330  1330 V UlpService: +startAdditionalServices
01-01 00:00:42.883  1330  1330 I ActivityManager: Start proc com.qualcomm.location.XT for service com.qualcomm.location.XT/.XTSrv: pid=3698 uid=1000 gids={41000, 9997, 3002, 3001, 1028, 1015, 3003, 3005, 1021, 3004, 1000, 3009, 1023, 1010, 2001, 1007} abi=armeabi-v7a
01-01 00:00:42.885  1330  1330 V UlpService: -startAdditionalServices
01-01 00:00:42.887  3505  3505 D Telecom : ProximitySensorManager: onCreate: mProximityWakeLock: 
01-01 00:00:42.894  1330  1330 D Ulp_jni : classInit invoked
01-01 00:00:42.895  1330  1330 D Ulp_jni : instanceInit invoked
01-01 00:00:42.896  1330  1330 E LocSvc_libulp: I/===> int ulp_init(UlpEngineCallbacks*, UlpNetworkLocationCallbacks*, UlpPhoneContextCallbacks*) line 131 
01-01 00:00:42.896  1330  1330 E LocSvc_libulp: I/===> int ulp_data_init() line 72 
01-01 00:00:42.896  1330  1330 E LocSvc_libulp: E/int ulp_data_init():100]: GTP WiFi is enabled.
01-01 00:00:42.896  1330  1330 E LocSvc_libulp: E/int ulp_data_init():116]: GTP AP cell is disabled
01-01 00:00:42.896  1330  1330 E LocSvc_libulp: I/int ulp_data_init(), quipc_enabled = 0, gps capabilities = 0x0 zpp trigger threshold = 10000
01-01 00:00:42.896  1330  1330 E LocSvc_libulp: I/===> int ulp_msg_init() line 330 
01-01 00:00:42.896  3505  3505 D Telecom : MissedCallNotifier: onQueryComplete()...
01-01 00:00:42.896  1330  1330 E LocSvc_libulp: I/===> int ulp_monitor_init() line 122 
01-01 00:00:42.897  1330  1330 E LocSvc_libulp: I/===> int ulp_quipc_init() line 296 
01-01 00:00:42.898  3505  3505 D Telecom : BluetoothPhoneService: onCreate
01-01 00:00:42.899  1330  1354 D BluetoothManagerService: Message: 30
01-01 00:00:42.902  1330  1330 D GeoFenceService: onCreate
01-01 00:00:42.903  1330  1330 E Geofence_Adapter: I/===> void GeofenceAdapter::addGfClients(GeoFencer*) line 65 
01-01 00:00:42.903  1330  1330 E Geofence_Adapter: I/===> void GeofenceAdapter::updateRegisteredEvents() line 81 
01-01 00:00:42.904  1330  3715 E LocSvc_libulp: I/===> void ulp_msg_main(void*) line 89 
01-01 00:00:42.907  1330  1330 D GeoFenceService: onBind
01-01 00:00:42.909  1330  1330 D GpsNetInitiatedHandler: location enabled :true
01-01 00:00:42.909  1330  1330 V WiredAccessoryManager: notifyWiredAccessoryChanged: when=0 bits= mask=54
01-01 00:00:42.909  1330  1330 V WiredAccessoryManager: newName=h2w newState=32 headsetState=32 prev headsetState=0
01-01 00:00:42.910  1330  1330 V WiredAccessoryManager: init()
01-01 00:00:42.912  1330  3716 E LocSvc_libulp: I/===> void ulp_monitor_main(void*) line 56 
01-01 00:00:42.962  1330  1354 D BluetoothManagerService: Message: 300
01-01 00:00:42.962  1330  1354 D BluetoothManagerService: MESSAGE_USER_SWITCHED
01-01 00:00:42.965   249   294 D PermissionCache: checking android.permission.HARDWARE_TEST for uid=1000 => granted (224 us)
01-01 00:00:42.967   306   306 D audio_hw_primary: adev_set_mic_mute state 0
01-01 00:00:42.981  1330  1330 V BackupManagerService: Connected to transport ComponentInfo{android/com.android.internal.backup.LocalTransportService}
01-01 00:00:42.981  1330  1330 V BackupManagerService: Registering transport android/com.android.internal.backup.LocalTransportService::android/com.android.internal.backup.LocalTransport = android.app.backup.BackupTransport$TransportImpl@739397d
01-01 00:00:43.010  1330  1330 I MmsServiceBroker: MmsService connected
