01-01 00:00:26.450   393  1366 I modemanager: in applyDefaultMode ret = 0 mCurMode = -1
01-01 00:00:26.450   393  1366 E PPDaemon: void* applyDefaultModeThreadFunc(void*) failed applying default mode!
01-01 00:00:27.451   393  1366 E modemanager: readXMLOp:Couldn't open OEM XML file!
01-01 00:00:27.451   393  1366 E modemanager: retrieveMode: Failed to enumerate modes
01-01 00:00:27.451   393  1366 E modemanager: in applyDefaultMode fail to retrieve default mode!
01-01 00:00:27.451   393  1366 I modemanager: in applyDefaultMode ret = 0 mCurMode = -1
01-01 00:00:27.451   393  1366 E PPDaemon: void* applyDefaultModeThreadFunc(void*) failed applying default mode!
01-01 00:00:27.796   343  2079 E libsensor1: sensor1_open: Error in connect() errno=2 No such file or directory
01-01 00:00:27.796   343  2079 E mm-camera: dsps_proc_init: Failed to open sensor1 port
01-01 00:00:27.796   343  2079 E mm-camera: gyro_module_start_session: Exit successful
01-01 00:00:27.796   343  2079 E mm-camera: is_module_get_port: Exit successful
01-01 00:00:27.796   343  2079 E mm-camera: gyro_module_get_port: Exit successful
01-01 00:00:27.796   343   343 E mm-camera-sensor: module_sensor_query_mod:4697 led flash is not supported for this sensor.
01-01 00:00:27.796   343   343 I mm-camera-sensor: module_module_set_session_data:4863 max delay 2 report delay 1
01-01 00:00:27.825   343   343 I mm-camera-eztune: vendor/qcom/proprietary/mm-camera/mm-camera2/server-tuning/tuning/eztune_interface.cpp(301): "Create Server : 0xb6a4ef60"
01-01 00:00:27.825   343   343 I mm-camera-eztune: vendor/qcom/proprietary/mm-camera/mm-camera2/server-tuning/tuning/eztune_interface.cpp(301): "Create Server : 0xb69fa020"
01-01 00:00:27.825   343  2659 I mm-camera-eztune: vendor/qcom/proprietary/mm-camera/mm-camera2/server-tuning/tuning/eztune_interface.cpp(51): "Server: Waiting on new connection...\n"
01-01 00:00:27.825   343  2660 I mm-camera-eztune: vendor/qcom/proprietary/mm-camera/mm-camera2/server-tuning/tuning/eztune_interface.cpp(51): "Server: Waiting on new connection...\n"
01-01 00:00:27.826   308  1709 E QCameraHWI_Mem: int qcamera::QCameraMemory::alloc(int, int, int, uint32_t) : No memory pool available
01-01 00:00:27.826   343  2661 E mm-camera-sensor: module_sensor_query_mod:4697 led flash is not supported for this sensor.
01-01 00:00:27.836   308  1709 I mm-jpeg-intf: Max picture size 4000 x 3000, WorkBufSize = 18192384
01-01 00:00:27.870   308  1709 I qomx_image_core: OMX_Init:94] Complete 2
01-01 00:00:27.871   308  1709 E QCameraHWI_Mem: int qcamera::QCameraMemory::alloc(int, int, int, uint32_t) : No memory pool available
01-01 00:00:27.873   308  1709 E QCameraParameters: int32_t qcamera::QCameraParameters::setPreviewFpsRange(int, int, int, int): E minFps = 15000, maxFps = 30000 , vid minFps = 15000, vid maxFps = 30000
01-01 00:00:27.873   308  1709 E QCameraParameters: int32_t qcamera::QCameraParameters::setPreviewFpsRange(int, int, int, int): Setting preview fps range 15000,30000
01-01 00:00:27.873   308  1709 E QCameraParameters: int32_t qcamera::QCameraParameters::setPreviewFpsRange(int, int, int, int): Updated: minFps = 15000, maxFps = 30000 , vid minFps = 15000, vid maxFps = 30000
01-01 00:00:27.873   308  1709 E QCamera2HWI: int qcamera::QCamera2HardwareInterface::calcThermalLevel(qcamera::qcamera_thermal_level_enum_t, int, int, cam_fps_range_t&, msm_vfe_frame_skip_pattern&): level: 0, preview minfps 15000, preview maxfpS 30000video minfps 15000, video maxfpS 30000
01-01 00:00:27.873   308  1709 E QCameraParameters: int32_t qcamera::QCameraParameters::setPreviewFpsRange(int, int, int, int): Thermal adjusted preview fps range 15,30, 15, 30
01-01 00:00:27.874   308  1709 E QCameraParameters: int32_t qcamera::QCameraParameters::initDefaultParameters(): supported flash modes cnt is 0!!!
01-01 00:00:27.874   308  1709 E QCameraParameters: int32_t qcamera::QCameraParameters::setSceneMode(const char*): Setting SceneMode auto
01-01 00:00:27.876   308  1709 I Thermal-Lib: Thermal-Lib-Client: Registraion successful for camera with handle:1
01-01 00:00:27.876   308  1709 I Thermal-Lib: Thermal-Lib-Client: Registraion successful for camcorder with handle:2
01-01 00:00:27.876   321   508 I ThermalEngine: Thermal-Server: Adding thermal event listener on fd 20
01-01 00:00:27.876   308  2668 I Thermal-Lib: Thermal-Lib-Client: Client received msg camera 0
01-01 00:00:27.876   308  2668 I Thermal-Lib: Thermal-Lib-Client: Client received msg camcorder 0
01-01 00:00:27.877   308  2073 E QCamera2HWI: int qcamera::QCamera2HardwareInterface::calcThermalLevel(qcamera::qcamera_thermal_level_enum_t, int, int, cam_fps_range_t&, msm_vfe_frame_skip_pattern&): level: 0, preview minfps 15000, preview maxfpS 30000video minfps 15000, video maxfpS 30000
01-01 00:00:27.877   308  2073 E QCamera2HWI: int qcamera::QCamera2HardwareInterface::calcThermalLevel(qcamera::qcamera_thermal_level_enum_t, int, int, cam_fps_range_t&, msm_vfe_frame_skip_pattern&): level: 0, preview minfps 15000, preview maxfpS 30000video minfps 15000, video maxfpS 30000
01-01 00:00:27.878   308  1709 I CameraClient: Destroying camera 0
01-01 00:00:27.880   308  1709 I qomx_image_core: OMX_Deinit:118] Complete
01-01 00:00:27.883   308  1709 E QCameraPostProc: int32_t qcamera::QCameraPostProcessor::deinit(): Jpeg closed, rc = 0, mJpegClientHandle = 100
01-01 00:00:27.883   308  1709 I Thermal-Lib: Thermal-Lib-Client: Unregisteration is successfull for handle:1
01-01 00:00:27.883   321   508 I ThermalEngine: Thermal-Server: removing client on fd 20
01-01 00:00:27.883   308  1709 I Thermal-Lib: Thermal-Lib-Client: Unregisteration is successfull for handle:2
01-01 00:00:27.884   343  2661 E mm-camera: mct_pipeline_get_stream: no children
01-01 00:00:27.885   343   343 I mm-camera-eztune: vendor/qcom/proprietary/mm-camera/mm-camera2/server-tuning/tuning/eztune_interface.cpp(315): "Delete Server : 0xb6a4ef60"
01-01 00:00:27.885   343  2659 W mm-camera-eztune: vendor/qcom/proprietary/mm-camera/mm-camera2/server-tuning/tuning/mmcam_socket_utils.cpp(311): "Received event from non socket fd"
01-01 00:00:27.885   343  2659 W mm-camera-eztune: vendor/qcom/proprietary/mm-camera/mm-camera2/server-tuning/tuning/eztune_interface.cpp(61): "Stop message. Exiting server thread"
01-01 00:00:27.890   343   343 I mm-camera-eztune: vendor/qcom/proprietary/mm-camera/mm-camera2/server-tuning/tuning/eztune_interface.cpp(315): "Delete Server : 0xb69fa020"
01-01 00:00:27.890   343  2660 W mm-camera-eztune: vendor/qcom/proprietary/mm-camera/mm-camera2/server-tuning/tuning/mmcam_socket_utils.cpp(311): "Received event from non socket fd"
01-01 00:00:27.890   343  2660 W mm-camera-eztune: vendor/qcom/proprietary/mm-camera/mm-camera2/server-tuning/tuning/eztune_interface.cpp(61): "Stop message. Exiting server thread"
01-01 00:00:27.891   343  2670 I mm-camera-sensor: module_sensor_stop_session:1457 session 2
01-01 00:00:27.891   343  2672 E mm-camera-isp2: isp_module_stop_session:312 session id 2
01-01 00:00:27.893   343   343 E mm-camera: mct_pipeline_stop_session: left modules: 5
01-01 00:00:27.893   343   343 E mm-camera: mct_pipeline_stop_session: left modules: 4
01-01 00:00:27.894   343  2675 D hdr     : Session id 0x2 stopped
01-01 00:00:27.894   343   343 E mm-camera: mct_pipeline_stop_session: left modules: 3
01-01 00:00:27.897   343  2673 E mm-camera: is_module_stop_session: Enter
01-01 00:00:27.897   343  2673 E mm-camera: is_module_stop_session: Exit successful
01-01 00:00:27.897   343  2673 E mm-camera: gyro_module_stop_session: Enter
01-01 00:00:27.897   343  2673 E mm-camera: gyro_port_deinit: Deinit DSPS
01-01 00:00:27.897   343  2673 E mm-camera: gyro_module_stop_session: Exit successful
01-01 00:00:27.898   343   343 E mm-camera: mct_pipeline_stop_session: left modules: 2
01-01 00:00:27.898   343   343 E mm-camera: mct_pipeline_stop_session: left modules: 1
01-01 00:00:27.901   308  1715 I CameraService: getCameraCharacteristics: Switching to HAL1 shim implementation...
01-01 00:00:27.901   308  1715 I AwesomePlayer: setDataSource_l(<no-scheme URI suppressed>)
01-01 00:00:27.901   308  1715 D AwesomePlayer: printFileName /system/media/audio/ui/camera_click.ogg
01-01 00:00:27.906   343  2136 E mm-camera-sensor: Got some events
01-01 00:00:27.906   343  2136 I mm-camera-sensor: sensor_thread_func:154 sensor_thread_func:Sensor thread is exiting
01-01 00:00:27.906   343   343 E mm-camera: mct_pipeline_stop_session: left modules: 0
01-01 00:00:27.918   308  2676 D ExtendedUtils: extended extractor not needed, return default
01-01 00:00:27.918   308  2676 D AudioPolicyManager: isOffloadSupported: stream_type != MUSIC, returning false
01-01 00:00:27.919   308  2676 D OMXCodec: Successfully allocated OMX node 'OMX.google.vorbis.decoder'
01-01 00:00:27.919   308  2676 I ExtendedUtils: decision 0 mime 
01-01 00:00:27.919   308  2676 I AwesomePlayer: Could not offload audio decode, try pcm offload
01-01 00:00:27.919   308  2676 D AudioPolicyManager: isOffloadSupported: stream_type != MUSIC, returning false
01-01 00:00:27.920   308  1715 I AwesomePlayer: setDataSource_l(<no-scheme URI suppressed>)
01-01 00:00:27.920   308  1715 D AwesomePlayer: printFileName /system/media/audio/ui/VideoRecord.ogg
01-01 00:00:27.935   308  2679 D ExtendedUtils: extended extractor not needed, return default
01-01 00:00:27.935   308  2679 D AudioPolicyManager: isOffloadSupported: stream_type != MUSIC, returning false
01-01 00:00:27.935   308  2679 D OMXCodec: Successfully allocated OMX node 'OMX.google.vorbis.decoder'
01-01 00:00:27.935   308  2679 I ExtendedUtils: decision 0 mime 
01-01 00:00:27.935   308  2679 I AwesomePlayer: Could not offload audio decode, try pcm offload
01-01 00:00:27.935   308  2679 D AudioPolicyManager: isOffloadSupported: stream_type != MUSIC, returning false
01-01 00:00:27.936   308  1715 I CameraClient: Opening camera 1
01-01 00:00:27.942   343  2684 I mm-camera-sensor: module_sensor_start_session:1402 session 3
01-01 00:00:27.943   343  2686 E mm-camera-isp2: isp_module_start_session:166 session id 3
01-01 00:00:27.945   343  2690 D hdr     : Session id 0x3 started
01-01 00:00:27.950   343  2688 E mm-camera-CORE: af_single_if_link: Link success! 
01-01 00:00:27.951   343  2688 E mm-camera: is_module_start_session: Enter
01-01 00:00:27.951   343  2688 E mm-camera: is_module_start_session: Exit successful
01-01 00:00:27.951   343  2688 E mm-camera: gyro_module_start_session: Enter
01-01 00:00:27.951   343  2688 E mm-camera: gyro_port_init: Init DSPS
01-01 00:00:28.107   343  2684 E mm-camera-sensor: module_sensor_init_session:1140 Sensor path (null) name imx377_1
01-01 00:00:28.107   343  2684 I mm-camera-sensor: sensor_set_position:1416 Position ID: 0
01-01 00:00:28.107   343  2684 I mm-camera-sensor: sensor_set_mode:1447 Sensor Mode ID: 1
01-01 00:00:28.274   343  2684 I mm-camera-sensor: module_sensor_init_session:1301 Success
01-01 00:00:28.274   343  2684 E mm-camera-sensor: module_sensor_start_session:1435 SUCCESS
01-01 00:00:28.451   393  1366 E modemanager: readXMLOp:Couldn't open OEM XML file!
01-01 00:00:28.451   393  1366 E modemanager: retrieveMode: Failed to enumerate modes
01-01 00:00:28.451   393  1366 E modemanager: in applyDefaultMode fail to retrieve default mode!
01-01 00:00:28.451   393  1366 I modemanager: in applyDefaultMode ret = 0 mCurMode = -1
01-01 00:00:28.451   393  1366 E PPDaemon: void* applyDefaultModeThreadFunc(void*) failed applying default mode!
01-01 00:00:29.451   393  1366 E modemanager: readXMLOp:Couldn't open OEM XML file!
01-01 00:00:29.451   393  1366 E modemanager: retrieveMode: Failed to enumerate modes
01-01 00:00:29.451   393  1366 E modemanager: in applyDefaultMode fail to retrieve default mode!
01-01 00:00:29.451   393  1366 I modemanager: in applyDefaultMode ret = 0 mCurMode = -1
01-01 00:00:29.451   393  1366 E PPDaemon: void* applyDefaultModeThreadFunc(void*) failed applying default mode!
01-01 00:00:30.451   393  1366 E modemanager: readXMLOp:Couldn't open OEM XML file!
01-01 00:00:30.451   393  1366 E modemanager: retrieveMode: Failed to enumerate modes
01-01 00:00:30.451   393  1366 E modemanager: in applyDefaultMode fail to retrieve default mode!
01-01 00:00:30.451   393  1366 I modemanager: in applyDefaultMode ret = 0 mCurMode = -1
01-01 00:00:30.451   393  1366 E PPDaemon: void* applyDefaultModeThreadFunc(void*) failed applying default mode!
01-01 00:00:30.959   343  2688 E libsensor1: sensor1_open: Error in connect() errno=2 No such file or directory
01-01 00:00:30.959   343  2688 E mm-camera: dsps_proc_init: Failed to open sensor1 port
01-01 00:00:30.959   343  2688 E mm-camera: gyro_module_start_session: Exit successful
01-01 00:00:30.959   343  2688 E mm-camera: is_module_get_port: Exit successful
01-01 00:00:30.959   343  2688 E mm-camera: gyro_module_get_port: Exit successful
01-01 00:00:30.960   343   343 E mm-camera-sensor: module_sensor_query_mod:4697 led flash is not supported for this sensor.
01-01 00:00:30.960   343   343 I mm-camera-sensor: module_module_set_session_data:4863 max delay 2 report delay 1
01-01 00:00:30.961   343   343 I mm-camera-eztune: vendor/qcom/proprietary/mm-camera/mm-camera2/server-tuning/tuning/eztune_interface.cpp(301): "Create Server : 0xb69fa020"
01-01 00:00:30.961   343  2985 I mm-camera-eztune: vendor/qcom/proprietary/mm-camera/mm-camera2/server-tuning/tuning/eztune_interface.cpp(51): "Server: Waiting on new connection...\n"
01-01 00:00:30.961   343   343 I mm-camera-eztune: vendor/qcom/proprietary/mm-camera/mm-camera2/server-tuning/tuning/eztune_interface.cpp(301): "Create Server : 0xb6a4ef60"
01-01 00:00:30.961   343  2986 I mm-camera-eztune: vendor/qcom/proprietary/mm-camera/mm-camera2/server-tuning/tuning/eztune_interface.cpp(51): "Server: Waiting on new connection...\n"
01-01 00:00:30.962   308  1715 E QCameraHWI_Mem: int qcamera::QCameraMemory::alloc(int, int, int, uint32_t) : No memory pool available
01-01 00:00:30.962   343  2987 E mm-camera-sensor: module_sensor_query_mod:4697 led flash is not supported for this sensor.
01-01 00:00:30.972   308  1715 I mm-jpeg-intf: Max picture size 4000 x 3000, WorkBufSize = 18192384
01-01 00:00:30.973   308  1715 I qomx_image_core: OMX_Init:94] Complete 2
01-01 00:00:30.973   308  1715 E QCameraHWI_Mem: int qcamera::QCameraMemory::alloc(int, int, int, uint32_t) : No memory pool available
01-01 00:00:30.974   308  1715 E QCameraParameters: int32_t qcamera::QCameraParameters::setPreviewFpsRange(int, int, int, int): E minFps = 15000, maxFps = 30000 , vid minFps = 15000, vid maxFps = 30000
01-01 00:00:30.974   308  1715 E QCameraParameters: int32_t qcamera::QCameraParameters::setPreviewFpsRange(int, int, int, int): Setting preview fps range 15000,30000
01-01 00:00:30.974   308  1715 E QCameraParameters: int32_t qcamera::QCameraParameters::setPreviewFpsRange(int, int, int, int): Updated: minFps = 15000, maxFps = 30000 , vid minFps = 15000, vid maxFps = 30000
01-01 00:00:30.974   308  1715 E QCamera2HWI: int qcamera::QCamera2HardwareInterface::calcThermalLevel(qcamera::qcamera_thermal_level_enum_t, int, int, cam_fps_range_t&, msm_vfe_frame_skip_pattern&): level: 0, preview minfps 15000, preview maxfpS 30000video minfps 15000, video maxfpS 30000
01-01 00:00:30.974   308  1715 E QCameraParameters: int32_t qcamera::QCameraParameters::setPreviewFpsRange(int, int, int, int): Thermal adjusted preview fps range 15,30, 15, 30
01-01 00:00:30.974   308  1715 E QCameraParameters: int32_t qcamera::QCameraParameters::initDefaultParameters(): supported flash modes cnt is 0!!!
01-01 00:00:30.974   308  1715 E QCameraParameters: int32_t qcamera::QCameraParameters::setSceneMode(const char*): Setting SceneMode auto
01-01 00:00:30.975   308  1715 I Thermal-Lib: Thermal-Lib-Client: Registraion successful for camera with handle:1
01-01 00:00:30.975   308  1715 I Thermal-Lib: Thermal-Lib-Client: Registraion successful for camcorder with handle:2
01-01 00:00:30.975   321   508 I ThermalEngine: Thermal-Server: Adding thermal event listener on fd 20
01-01 00:00:30.975   308  2994 I Thermal-Lib: Thermal-Lib-Client: Client received msg camera 0
01-01 00:00:30.975   308  2994 I Thermal-Lib: Thermal-Lib-Client: Client received msg camcorder 0
01-01 00:00:30.976   308  2682 E QCamera2HWI: int qcamera::QCamera2HardwareInterface::calcThermalLevel(qcamera::qcamera_thermal_level_enum_t, int, int, cam_fps_range_t&, msm_vfe_frame_skip_pattern&): level: 0, preview minfps 15000, preview maxfpS 30000video minfps 15000, video maxfpS 30000
01-01 00:00:30.976   308  2682 E QCamera2HWI: int qcamera::QCamera2HardwareInterface::calcThermalLevel(qcamera::qcamera_thermal_level_enum_t, int, int, cam_fps_range_t&, msm_vfe_frame_skip_pattern&): level: 0, preview minfps 15000, preview maxfpS 30000video minfps 15000, video maxfpS 30000
01-01 00:00:30.978   308  1715 I CameraClient: Destroying camera 1
01-01 00:00:30.980   308  1715 I qomx_image_core: OMX_Deinit:118] Complete
01-01 00:00:30.983   308  1715 E QCameraPostProc: int32_t qcamera::QCameraPostProcessor::deinit(): Jpeg closed, rc = 0, mJpegClientHandle = 200
01-01 00:00:30.983   308  1715 I Thermal-Lib: Thermal-Lib-Client: Unregisteration is successfull for handle:1
01-01 00:00:30.983   321   508 I ThermalEngine: Thermal-Server: removing client on fd 20
01-01 00:00:30.983   308  1715 I Thermal-Lib: Thermal-Lib-Client: Unregisteration is successfull for handle:2
01-01 00:00:30.984   343  2987 E mm-camera: mct_pipeline_get_stream: no children
01-01 00:00:30.984   343   343 I mm-camera-eztune: vendor/qcom/proprietary/mm-camera/mm-camera2/server-tuning/tuning/eztune_interface.cpp(315): "Delete Server : 0xb69fa020"
01-01 00:00:30.984   343  2985 W mm-camera-eztune: vendor/qcom/proprietary/mm-camera/mm-camera2/server-tuning/tuning/mmcam_socket_utils.cpp(311): "Received event from non socket fd"
01-01 00:00:30.985   343  2985 W mm-camera-eztune: vendor/qcom/proprietary/mm-camera/mm-camera2/server-tuning/tuning/eztune_interface.cpp(61): "Stop message. Exiting server thread"
01-01 00:00:30.985   343   343 I mm-camera-eztune: vendor/qcom/proprietary/mm-camera/mm-camera2/server-tuning/tuning/eztune_interface.cpp(315): "Delete Server : 0xb6a4ef60"
01-01 00:00:30.985   343  2986 W mm-camera-eztune: vendor/qcom/proprietary/mm-camera/mm-camera2/server-tuning/tuning/mmcam_socket_utils.cpp(311): "Received event from non socket fd"
01-01 00:00:30.985   343  2986 W mm-camera-eztune: vendor/qcom/proprietary/mm-camera/mm-camera2/server-tuning/tuning/eztune_interface.cpp(61): "Stop message. Exiting server thread"
01-01 00:00:30.986   343  2996 I mm-camera-sensor: module_sensor_stop_session:1457 session 3
01-01 00:00:30.986   343  2998 E mm-camera-isp2: isp_module_stop_session:312 session id 3
01-01 00:00:30.989   343  2999 E mm-camera: is_module_stop_session: Enter
01-01 00:00:30.989   343   343 E mm-camera: mct_pipeline_stop_session: left modules: 5
01-01 00:00:30.990   343   343 E mm-camera: mct_pipeline_stop_session: left modules: 4
01-01 00:00:30.990   343  2999 E mm-camera: is_module_stop_session: Exit successful
01-01 00:00:30.990   343  2999 E mm-camera: gyro_module_stop_session: Enter
01-01 00:00:30.990   343  2999 E mm-camera: gyro_port_deinit: Deinit DSPS
01-01 00:00:30.990   343  2999 E mm-camera: gyro_module_stop_session: Exit successful
01-01 00:00:30.990   343  3001 D hdr     : Session id 0x3 stopped
01-01 00:00:30.990   343   343 E mm-camera: mct_pipeline_stop_session: left modules: 3
01-01 00:00:30.990   343   343 E mm-camera: mct_pipeline_stop_session: left modules: 2
01-01 00:00:30.991   343   343 E mm-camera: mct_pipeline_stop_session: left modules: 1
01-01 00:00:30.999  1769  1788 W art     : Long monitor contention event with owner method=boolean android.os.BinderProxy.transactNative(int, android.os.Parcel, android.os.Parcel, int) from Binder.java:4294967294 waiters=0 for 6.237s
01-01 00:00:31.004  1769  1769 W ArrayUtils: Ignoring invalid value emboss
01-01 00:00:31.004   343  2699 E mm-camera-sensor: Got some events
01-01 00:00:31.004  1769  1769 W ArrayUtils: Ignoring invalid value sketch
01-01 00:00:31.004   343  2699 I mm-camera-sensor: sensor_thread_func:154 sensor_thread_func:Sensor thread is exiting
01-01 00:00:31.004  1769  1769 W ArrayUtils: Ignoring invalid value neon
01-01 00:00:31.004  1769  1769 W ArrayUtils: Ignoring invalid value asd
01-01 00:00:31.004  1769  1769 W ArrayUtils: Ignoring invalid value backlight
01-01 00:00:31.004  1769  1769 W ArrayUtils: Ignoring invalid value flowers
01-01 00:00:31.004   343   343 E mm-camera: mct_pipeline_stop_session: left modules: 0
01-01 00:00:31.004  1769  1769 W ArrayUtils: Ignoring invalid value AR
01-01 00:00:31.011  1769  1769 W ArrayUtils: Ignoring invalid value emboss
01-01 00:00:31.011  1769  1769 W ArrayUtils: Ignoring invalid value sketch
01-01 00:00:31.011  1769  1769 W ArrayUtils: Ignoring invalid value neon
01-01 00:00:31.011  1769  1769 W ArrayUtils: Ignoring invalid value asd
01-01 00:00:31.011  1769  1769 W ArrayUtils: Ignoring invalid value backlight
01-01 00:00:31.011  1769  1769 W ArrayUtils: Ignoring invalid value flowers
01-01 00:00:31.011  1769  1769 W ArrayUtils: Ignoring invalid value AR
01-01 00:00:31.048  1769  3004 D BluetoothAdapter: 961556596: getState() :  mService = null. Returning STATE_OFF
01-01 00:00:31.048  1769  3004 D BluetoothAdapter: 961556596: getState() :  mService = null. Returning STATE_OFF
01-01 00:00:31.048  1769  3004 D BluetoothAdapter: 961556596: getState() :  mService = null. Returning STATE_OFF
01-01 00:00:31.048  1769  3004 D BluetoothAdapter: 961556596: getState() :  mService = null. Returning STATE_OFF
01-01 00:00:31.066  1769  3006 D OpenGLRenderer: Render dirty regions requested: true
01-01 00:00:31.068  1769  1769 D Atlas   : Validating map...
01-01 00:00:31.071  1769  1769 D PhoneStatusBar: disable: < expand icons alerts system_info back home recent clock search >
01-01 00:00:31.089  1769  1769 D BluetoothAdapter: 961556596: getState() :  mService = null. Returning STATE_OFF
01-01 00:00:31.089  1769  1769 D BluetoothAdapter: 961556596: getState() :  mService = null. Returning STATE_OFF
01-01 00:00:31.093  1769  1769 D PhoneStatusBar: heads up is enabled
01-01 00:00:31.099  1769  1769 I Choreographer: Skipped 422 frames!  The application may be doing too much work on its main thread.
01-01 00:00:31.101  1769  1769 D ViewRootImpl: changeCanvasOpacity: opaque=true
01-01 00:00:31.104  1769  1769 W Settings: Setting airplane_mode_on has moved from android.provider.Settings.System to android.provider.Settings.Global, returning read-only value.
01-01 00:00:31.106  1769  1769 W Settings: Setting airplane_mode_on has moved from android.provider.Settings.System to android.provider.Settings.Global, returning read-only value.
01-01 00:00:31.107  1769  1769 W TelecomManager: Telecom Service not found.
01-01 00:00:31.107  1769  1769 W TelecomManager: Telecom Service not found.
01-01 00:00:31.107  1769  1769 W TelecomManager: Telecom Service not found.
01-01 00:00:31.107  1769  1769 W TelecomManager: Telecom Service not found.
01-01 00:00:31.107  1769  1769 W Settings: Setting airplane_mode_on has moved from android.provider.Settings.System to android.provider.Settings.Global, returning read-only value.
01-01 00:00:31.126  1769  3006 I Adreno  : EGLInit: QTI Build: 01/16/15, 25d4fe7, 
01-01 00:00:31.144  1769  3006 I OpenGLRenderer: Initialized EGL, version 1.4
01-01 00:00:31.153  1769  3006 D OpenGLRenderer: Enabling debug mode 0
01-01 00:00:31.169  1345  1695 D WifiService: New client listening to asynchronous messages
01-01 00:00:31.200  1769  1769 D OpenGLRenderer: setting property extraRasterBucket to 0.95
01-01 00:00:31.200  1769  1769 D OpenGLRenderer:     failed
01-01 00:00:31.200  1769  1769 D OpenGLRenderer: setting property extraRasterBucket to 0.0
01-01 00:00:31.200  1769  1769 D OpenGLRenderer:     failed
01-01 00:00:31.451   393  1366 E modemanager: readXMLOp:Couldn't open OEM XML file!
01-01 00:00:31.451   393  1366 E modemanager: retrieveMode: Failed to enumerate modes
01-01 00:00:31.451   393  1366 E modemanager: in applyDefaultMode fail to retrieve default mode!
01-01 00:00:31.451   393  1366 I modemanager: in applyDefaultMode ret = 0 mCurMode = -1
01-01 00:00:31.451   393  1366 E PPDaemon: void* applyDefaultModeThreadFunc(void*) failed applying default mode!
01-01 00:00:32.451   393  1366 E modemanager: readXMLOp:Couldn't open OEM XML file!
01-01 00:00:32.451   393  1366 E modemanager: retrieveMode: Failed to enumerate modes
01-01 00:00:32.451   393  1366 E modemanager: in applyDefaultMode fail to retrieve default mode!
01-01 00:00:32.451   393  1366 I modemanager: in applyDefaultMode ret = 0 mCurMode = -1
01-01 00:00:32.451   393  1366 E PPDaemon: void* applyDefaultModeThreadFunc(void*) failed applying default mode!
01-01 00:00:33.452   393  1366 E modemanager: readXMLOp:Couldn't open OEM XML file!
01-01 00:00:33.452   393  1366 E modemanager: retrieveMode: Failed to enumerate modes
01-01 00:00:33.452   393  1366 E modemanager: in applyDefaultMode fail to retrieve default mode!
01-01 00:00:33.452   393  1366 I modemanager: in applyDefaultMode ret = 0 mCurMode = -1
01-01 00:00:33.452   393  1366 E PPDaemon: void* applyDefaultModeThreadFunc(void*) failed applying default mode!
01-01 00:00:34.452   393  1366 E modemanager: readXMLOp:Couldn't open OEM XML file!
01-01 00:00:34.452   393  1366 E modemanager: retrieveMode: Failed to enumerate modes
01-01 00:00:34.452   393  1366 E modemanager: in applyDefaultMode fail to retrieve default mode!
01-01 00:00:34.452   393  1366 I modemanager: in applyDefaultMode ret = 0 mCurMode = -1
01-01 00:00:34.452   393  1366 E PPDaemon: void* applyDefaultModeThreadFunc(void*) failed applying default mode!
01-01 00:00:35.452   393  1366 E modemanager: readXMLOp:Couldn't open OEM XML file!
01-01 00:00:35.452   393  1366 E modemanager: retrieveMode: Failed to enumerate modes
01-01 00:00:35.452   393  1366 E modemanager: in applyDefaultMode fail to retrieve default mode!
01-01 00:00:35.452   393  1366 I modemanager: in applyDefaultMode ret = 0 mCurMode = -1
01-01 00:00:35.452   393  1366 E PPDaemon: void* applyDefaultModeThreadFunc(void*) failed applying default mode!
01-01 00:00:36.452   393  1366 E modemanager: readXMLOp:Couldn't open OEM XML file!
01-01 00:00:36.452   393  1366 E modemanager: retrieveMode: Failed to enumerate modes
01-01 00:00:36.452   393  1366 E modemanager: in applyDefaultMode fail to retrieve default mode!
01-01 00:00:36.452   393  1366 I modemanager: in applyDefaultMode ret = 0 mCurMode = -1
01-01 00:00:36.452   393  1366 E PPDaemon: void* applyDefaultModeThreadFunc(void*) failed applying default mode!
01-01 00:00:37.452   393  1366 E modemanager: readXMLOp:Couldn't open OEM XML file!
01-01 00:00:37.452   393  1366 E modemanager: retrieveMode: Failed to enumerate modes
01-01 00:00:37.452   393  1366 E modemanager: in applyDefaultMode fail to retrieve default mode!
01-01 00:00:37.452   393  1366 I modemanager: in applyDefaultMode ret = 0 mCurMode = -1
01-01 00:00:37.452   393  1366 E PPDaemon: void* applyDefaultModeThreadFunc(void*) failed applying default mode!
01-01 00:00:38.452   393  1366 E modemanager: readXMLOp:Couldn't open OEM XML file!
01-01 00:00:38.452   393  1366 E modemanager: retrieveMode: Failed to enumerate modes
01-01 00:00:38.452   393  1366 E modemanager: in applyDefaultMode fail to retrieve default mode!
01-01 00:00:38.453   393  1366 I modemanager: in applyDefaultMode ret = 0 mCurMode = -1
01-01 00:00:38.453   393  1366 E PPDaemon: void* applyDefaultModeThreadFunc(void*) failed applying default mode!
01-01 00:00:39.355  1345  1345 E LocSvc_afw: E/GSS open failed: No such file or directory
01-01 00:00:39.355  1345  1345 E LocSvc_afw: E/get_extension: Invalid interface passed in
01-01 00:00:39.364  1345  1345 E LocSvc_afw: E/get_extension: Invalid interface passed in
01-01 00:00:39.364  1345  1345 E LocSvc_afw: E/get_extension: Invalid interface passed in
01-01 00:00:39.368  1345  1345 D GpsLocationProvider: Reset GPS properties, previous size = 0
01-01 00:00:39.369  1345  1345 D GpsLocationProvider: GpsParamsResource: SUPL_HOST=supl.google.com
01-01 00:00:39.369  1345  1345 D GpsLocationProvider: GpsParamsResource: SUPL_PORT=7275
01-01 00:00:39.369  1345  1345 D GpsLocationProvider: GpsParamsResource: NTP_SERVER=north-america.pool.ntp.org
01-01 00:00:39.369  1345  1345 D GpsLocationProvider: GpsParamsResource: SUPL_VER=0x20000
01-01 00:00:39.369  1345  1345 D GpsLocationProvider: GpsParamsResource: SUPL_MODE=1
01-01 00:00:39.370  1345  1345 D GpsLocationProvider: GPS properties reloaded, size = 16
01-01 00:00:39.371  1345  1345 E LocSvc_eng: I/===> int loc_eng_set_server_proxy(loc_eng_data_s_type&, LocServerType, const char*, int) line 2502 
01-01 00:00:39.371  1345  1345 E LocSvc_eng: W/set_server called before init. save the address, type: 3, hostname: supl.google.com, port: 7275
01-01 00:00:39.372  1345  1345 D GpsLocationProvider: GPS configuration:
01-01 00:00:39.372  1345  1345 D GpsLocationProvider:  #Thu Jan 01 00:00:39 GMT+00:00 1970
01-01 00:00:39.372  1345  1345 D GpsLocationProvider: SUPL_HOST=supl.google.com
01-01 00:00:39.372  1345  1345 D GpsLocationProvider: SUPL_PORT=7275
01-01 00:00:39.372  1345  1345 D GpsLocationProvider: XTRA_VERSION_CHECK=0
01-01 00:00:39.372  1345  1345 D GpsLocationProvider: DEBUG_LEVEL=3
01-01 00:00:39.372  1345  1345 D GpsLocationProvider: SUPL_ES=1
01-01 00:00:39.372  1345  1345 D GpsLocationProvider: NMEA_PROVIDER=0
01-01 00:00:39.372  1345  1345 D GpsLocationProvider: CAPABILITIES=0x37
01-01 00:00:39.372  1345  1345 D GpsLocationProvider: SUPL_VER=0x10000
01-01 00:00:39.372  1345  1345 D GpsLocationProvider: ERR_ESTIMATE=0
01-01 00:00:39.372  1345  1345 D GpsLocationProvider: A_GLONASS_POS_PROTOCOL_SELECT=0
01-01 00:00:39.372  1345  1345 D GpsLocationProvider: INTERMEDIATE_POS=0
01-01 00:00:39.372  1345  1345 D GpsLocationProvider: SGLTE_TARGET=0
01-01 00:00:39.372  1345  1345 D GpsLocationProvider: LPP_PROFILE=0
01-01 00:00:39.372  1345  1345 D GpsLocationProvider: USE_EMERGENCY_PDN_FOR_EMERGENCY_SUPL=1
01-01 00:00:39.372  1345  1345 D GpsLocationProvider: NTP_SERVER=time.gpsonextra.net
01-01 00:00:39.372  1345  1345 D GpsLocationProvider: SUPL_MODE=1
01-01 00:00:39.372  1345  1345 E LocSvc_eng: I/===> void loc_eng_configuration_update(loc_eng_data_s_type&, const char*, int32_t) line 2627 
01-01 00:00:39.372  1345  1345 D GpsLocationProvider: final config = #Thu Jan 01 00:00:39 GMT+00:00 1970
01-01 00:00:39.372  1345  1345 D GpsLocationProvider: SUPL_HOST=supl.google.com
01-01 00:00:39.372  1345  1345 D GpsLocationProvider: SUPL_PORT=7275
01-01 00:00:39.372  1345  1345 D GpsLocationProvider: XTRA_VERSION_CHECK=0
01-01 00:00:39.372  1345  1345 D GpsLocationProvider: DEBUG_LEVEL=3
01-01 00:00:39.372  1345  1345 D GpsLocationProvider: SUPL_ES=1
01-01 00:00:39.372  1345  1345 D GpsLocationProvider: NMEA_PROVIDER=0
01-01 00:00:39.372  1345  1345 D GpsLocationProvider: CAPABILITIES=0x37
01-01 00:00:39.372  1345  1345 D GpsLocationProvider: SUPL_VER=0x10000
01-01 00:00:39.372  1345  1345 D GpsLocationProvider: ERR_ESTIMATE=0
01-01 00:00:39.372  1345  1345 D GpsLocationProvider: A_GLONASS_POS_PROTOCOL_SELECT=0
01-01 00:00:39.372  1345  1345 D GpsLocationProvider: INTERMEDIATE_POS=0
01-01 00:00:39.372  1345  1345 D GpsLocationProvider: SGLTE_TARGET=0
01-01 00:00:39.372  1345  1345 D GpsLocationProvider: LPP_PROFILE=0
01-01 00:00:39.372  1345  1345 D GpsLocationProvider: USE_EMERGENCY_PDN_FOR_EMERGENCY_SUPL=1
01-01 00:00:39.372  1345  1345 D GpsLocationProvider: NTP_SERVER=time.gpsonextra.net
01-01 00:00:39.372  1345  1345 D GpsLocationProvider: SUPL_MODE=1
01-01 00:00:39.380  1345  1345 E LocationManagerService: no geocoder provider found
01-01 00:00:39.382  1345  1345 W ContextImpl: Calling a method in the system process without a qualified user: android.app.ContextImpl.bindService:1750 com.android.server.location.GeoFencerProxy.<init>:86 com.android.server.location.GeoFencerProxy.getGeoFencerProxy:77 com.android.server.LocationManagerService.loadProvidersLocked:520 com.android.server.LocationManagerService.systemRunning:293 
01-01 00:00:39.385  1345  1345 E LocSvc_flp: I/===> const FlpLocationInterface* get_flp_interface() line 69 
01-01 00:00:39.392  1345  1345 E Geofence_Adapter: I/===> void GeofenceAdapter::addGfClients(GeoFencer*) line 65 
01-01 00:00:39.392  1345  1345 E Geofence_Adapter: I/===> void GeofenceAdapter::updateRegisteredEvents() line 81 
01-01 00:00:39.393  1345  4235 V FlpHardwareProvider: Callback thread attached: 0xb426b080
01-01 00:00:39.393  1345  4235 E LocSvc_api_v02: I/locClientOpen:2183]: Service instance id is -1
01-01 00:00:39.393  1345  4235 E LocSvc_api_v02: I/---> locClientOpenInstance line 2063 loc client open
01-01 00:00:39.395  1345  1345 E LocationManagerService: Unable to bind FusedProxy.
01-01 00:00:39.397  1345  1345 E LocationManagerService: Unable to bind FLP Geofence proxy.
01-01 00:00:39.453   393  1366 E modemanager: readXMLOp:Couldn't open OEM XML file!
01-01 00:00:39.453   393  1366 E modemanager: retrieveMode: Failed to enumerate modes
01-01 00:00:39.453   393  1366 E modemanager: in applyDefaultMode fail to retrieve default mode!
01-01 00:00:39.453   393  1366 I modemanager: in applyDefaultMode ret = 0 mCurMode = -1
01-01 00:00:39.453   393  1366 E PPDaemon: void* applyDefaultModeThreadFunc(void*) failed applying default mode!
01-01 00:00:42.407  1345  1345 E libsensor1: sensor1_open: Error in connect() errno=2 No such file or directory
01-01 00:00:42.407  1345  1345 E qti_ar_hal: hal_init: Sensor1 open failed with error: 11 0
01-01 00:00:42.407  1345  1345 E qti_ar_hal: hal_ar_open: HAL control init failed
01-01 00:00:42.407  1345  1345 E ActivityRecognitionHardware: Error opening device: -1
01-01 00:00:42.408  1345  1345 E LocationManagerService: Hardware Activity-Recognition not supported.
01-01 00:00:42.409  1345  1364 W art     : Long monitor contention event with owner method=void com.android.server.ServiceWatcher.<init>(android.content.Context, java.lang.String, java.lang.String, int, int, int, java.lang.Runnable, android.os.Handler) from ServiceWatcher.java:271 waiters=0 for 3.031s
01-01 00:00:42.409  1345  1364 E LocSvc_eng: I/===> int loc_eng_init(loc_eng_data_s_type&, LocCallbacks*, LOC_API_ADAPTER_EVENT_MASK_T, loc_core::ContextBase*) line 1629 
01-01 00:00:42.409  1345  1364 D GpsLocationProvider: set_capabilities_callback: 49u
01-01 00:00:42.409  1345  1364 I libmdmdetect: No supported ESOC's found
01-01 00:00:42.409  1345  1364 E PerMgrLib: Peripheral manager is not supported on this device
01-01 00:00:42.409  1345  1364 E LocSvc_afw: E/Error:  open failed: No such file or directory
01-01 00:00:42.409  1345  1364 E LocSvc_eng: I/===> void loc_eng_agps_init(loc_eng_data_s_type&, AGpsExtCallbacks*) line 2200 
01-01 00:00:42.409  1345  1364 E LocSvc_eng: I/===> void loc_eng_ni_init(loc_eng_data_s_type&, GpsNiExtCallbacks*) line 327 
01-01 00:00:42.409  1345  1364 E Geofence_Adapter: I/===> void GeofenceAdapter::addGfClients(GeoFencer*) line 65 
01-01 00:00:42.409  1345  1364 E Geofence_Adapter: I/===> void GeofenceAdapter::updateRegisteredEvents() line 81 
01-01 00:00:42.409  1345  1364 E LocSvc_eng: I/===> int loc_eng_set_server_proxy(loc_eng_data_s_type&, LocServerType, const char*, int) line 2502 
01-01 00:00:42.412  1345  1345 I CommonTimeManagementService: No common time service detected on this platform.  Common time services will be unavailable.
01-01 00:00:42.413  1345  1676 I InputReader: Reconfiguring input devices.  changes=0x00000020
01-01 00:00:42.414  1345  1345 I MmsServiceBroker: Connecting to MmsService
01-01 00:00:42.414  1345  1345 W ContextImpl: Calling a method in the system process without a qualified user: android.app.ContextImpl.bindService:1750 com.android.server.MmsServiceBroker.tryConnecting:134 com.android.server.MmsServiceBroker.systemRunning:121 com.android.server.SystemServer$2.run:1238 com.android.server.am.ActivityManagerService.systemReady:11347 
01-01 00:00:42.417  1345  1676 I InputReader: Reconfiguring input devices.  changes=0x00000010
01-01 00:00:42.443  1345  1345 I ActivityManager: Start proc com.android.phone for service com.android.mms.service/.MmsService: pid=4764 uid=1001 gids={41001, 9997, 3002, 3001, 3003, 1028, 1015} abi=armeabi-v7a
01-01 00:00:42.444  1345  1345 W VoiceInteractionManagerService: no available voice interaction services found for user 0
01-01 00:00:42.444  1345  1345 W VoiceInteractionManagerService: no available voice recognition services found for user 0
01-01 00:00:42.474  1345  1345 I ActivityManager: Start proc com.sentera.snapcam for added application com.sentera.snapcam: pid=4782 uid=1000 gids={41000, 9997, 3002, 3001, 1028, 1015, 3003, 3005, 1021, 3004, 1000, 3009, 1023, 1010, 2001, 1007} abi=armeabi-v7a
01-01 00:00:42.504  1345  1345 I ActivityManager: Start proc com.quicinc.cne.CNEService for added application com.quicinc.cne.CNEService: pid=4800 uid=1000 gids={41000, 9997, 3002, 3001, 1028, 1015, 3003, 3005, 1021, 3004, 1000, 3009, 1023, 1010, 2001, 1007} abi=armeabi-v7a
01-01 00:00:42.511   323   323 I art     : Explicit concurrent mark sweep GC freed 709(30KB) AllocSpace objects, 0(0B) LOS objects, 89% free, 114KB/1138KB, paused 126us total 6.593ms
01-01 00:00:42.517   323   323 I art     : Explicit concurrent mark sweep GC freed 5(160B) AllocSpace objects, 0(0B) LOS objects, 89% free, 114KB/1138KB, paused 99us total 5.648ms
01-01 00:00:42.523   323   323 I art     : Explicit concurrent mark sweep GC freed 5(160B) AllocSpace objects, 0(0B) LOS objects, 89% free, 114KB/1138KB, paused 98us total 5.616ms
01-01 00:00:42.550  1345  1345 I ActivityManager: Start proc com.android.server.telecom for added application com.android.server.telecom: pid=4818 uid=1001 gids={41001, 9997, 3002, 3001, 3003, 1028, 1015} abi=armeabi-v7a
01-01 00:00:42.581  1345  1345 I ActivityManager: Start proc com.android.phone for added application com.android.phone: pid=4836 uid=1001 gids={41001, 9997, 3002, 3001, 3003, 1028, 1015} abi=armeabi-v7a
01-01 00:00:42.582  1345  1345 I ActivityManager: START u0 {act=android.intent.action.MAIN cat=[android.intent.category.HOME] flg=0x10000000 cmp=com.android.launcher/com.android.launcher2.Launcher} from uid 0 on display 0
01-01 00:00:42.617  1345  1345 I ActivityManager: Start proc com.android.launcher for activity com.android.launcher/com.android.launcher2.Launcher: pid=4854 uid=10008 gids={50008, 9997} abi=armeabi-v7a
01-01 00:00:42.619  1345  1345 I SystemServer: Enabled StrictMode for system server main thread.
01-01 00:00:42.619  1345  1364 W art     : Long monitor contention event with owner method=void com.android.server.am.ActivityManagerService.systemReady(java.lang.Runnable) from ActivityManagerService.java:11355 waiters=0 for 169ms
01-01 00:00:42.619  1345  1345 V ActivityManager: Display changed displayId=0
01-01 00:00:42.619  1345  2055 W ActivityManager: No pending application record for pid 4764 (IApplicationThread android.app.ApplicationThreadProxy@1f41ea6d); dropping process
01-01 00:00:42.620  1345  1345 V ActivityManager: Display changed displayId=0
01-01 00:00:42.620  1345  1345 V ActivityManager: Display changed displayId=0
01-01 00:00:42.637  4800  4800 W ResourcesManager: Asset path '/system/framework/com.quicinc.cne.jar' does not exist or contains no resources.
01-01 00:00:42.653  4818  4818 D Telecom : MissedCallNotifier: updateOnStartup()...
01-01 00:00:42.659  4800  4800 D CNEServiceApp: start cne
01-01 00:00:42.669  1345  1364 I ActivityManager: Start proc com.android.printspooler for service com.android.printspooler/.model.PrintSpoolerService: pid=4882 uid=10047 gids={50047, 9997} abi=armeabi-v7a
01-01 00:00:42.671  1345  1345 D WifiScanningService: SCAN_AVAILABLE : 1
01-01 00:00:42.672  1345  1345 D RttService: SCAN_AVAILABLE : 1
01-01 00:00:42.673  1769  1769 V StatusBar: userId 0 is in the house
01-01 00:00:42.676  1345  1721 D RttService: DefaultState got{ when=-1ms what=160513 target=com.android.internal.util.StateMachine$SmHandler }
01-01 00:00:42.676  1345  1720 D WifiScanningService: DefaultState got{ when=0 what=160007 target=com.android.internal.util.StateMachine$SmHandler }
01-01 00:00:42.677  1345  1345 I Choreographer: Skipped 1151 frames!  The application may be doing too much work on its main thread.
01-01 00:00:42.681  1345  1345 W InputMethodManagerService: Focus gain on non-focused client android.view.inputmethod.InputMethodManager$1@584010 (uid=1000 pid=1345)
01-01 00:00:42.681  1345  1345 V ActivityManager: Display changed displayId=0
01-01 00:00:42.688  1345  1370 D BluetoothManagerService: Message: 20
01-01 00:00:42.689  1345  1370 D BluetoothManagerService: Added callback: android.bluetooth.IBluetoothManagerCallback$Stub$Proxy@2d3a1b9e:true
01-01 00:00:42.699  1345  1370 D BluetoothManagerService: Message: 30
01-01 00:00:42.713  1345  1695 D WifiService: New client listening to asynchronous messages
01-01 00:00:42.724  4800  4800 D CNEServiceApp: broadcast cne started
01-01 00:00:42.725  4800  4800 W ContextImpl: Calling a method in the system process without a qualified user: android.app.ContextImpl.sendBroadcast:1321 android.content.ContextWrapper.sendBroadcast:376 com.quicinc.cne.CNEService.CNEServiceApp.broadcastCNEStarted:102 com.quicinc.cne.CNEService.CNEServiceApp.startCne:114 com.quicinc.cne.CNEService.CNEServiceApp.onCreate:93 
01-01 00:00:42.727  4800  4952 I QCNEJ   : |CORE:COM:RCVR| CNE creating socket
01-01 00:00:42.728  4800  4952 I QCNEJ   : |CORE:COM:RCVR| Connected to 'cnd' socket
01-01 00:00:42.730  4800  4952 W QCNEJ   : |CORE| UNKOWN Unsolicited Event 25
01-01 00:00:42.730  4800  4952 I QCNEJ   : |CORE| CNE_REQUEST_GET_BROWSERS_INFO_LIST received
01-01 00:00:42.741  1345  1345 W ResourcesManager: Asset path '/system/framework/com.android.location.provider.jar' does not exist or contains no resources.
01-01 00:00:42.750  4800  4952 I QCNEJ   : |CORE| CNE_NOTIFY_FEATURE_STATUS received
01-01 00:00:42.750  4800  4952 I QCNEJ   : |CORE| CNE_NOTIFY_FEATURE_STATUS received
01-01 00:00:42.752  1345  1362 I ActivityManager: Start proc com.android.externalstorage for broadcast com.android.externalstorage/.MountReceiver: pid=4972 uid=10007 gids={50007, 9997, 1028, 1015, 1023} abi=armeabi-v7a
01-01 00:00:42.765  4818  4818 D Telecom : ProximitySensorManager: onCreate: mProximityWakeLock: 
01-01 00:00:42.773  4882  4882 I PrintSpoolerService: No existing print spooler state.
01-01 00:00:42.777  1345  1345 E NlpProxy: No NLPs exist to bind to!
01-01 00:00:42.787  4836  4836 D MmsService: onCreate
01-01 00:00:42.792  4818  4818 D Telecom : MissedCallNotifier: onQueryComplete()...
01-01 00:00:42.799  4818  4818 D Telecom : BluetoothPhoneService: onCreate
01-01 00:00:42.800  1345  1370 D BluetoothManagerService: Message: 30
01-01 00:00:42.803  1345  1345 V UlpService: +startAdditionalServices
01-01 00:00:42.808  4836  5020 I MmsService: MmsConfigManager.loadInBackground(): mcc/mnc: 0/0
01-01 00:00:42.812  4836  5020 E MmsService: MmsConfigManager.load -- empty getActiveSubInfoList
01-01 00:00:42.820  1769  1787 I art     : Background partial concurrent mark sweep GC freed 1028(76KB) AllocSpace objects, 0(0B) LOS objects, 39% free, 13MB/21MB, paused 8.560ms total 29.499ms
01-01 00:00:42.824  1345  1345 I ActivityManager: Start proc com.qualcomm.location.XT for service com.qualcomm.location.XT/.XTSrv: pid=5031 uid=1000 gids={41000, 9997, 3002, 3001, 1028, 1015, 3003, 3005, 1021, 3004, 1000, 3009, 1023, 1010, 2001, 1007} abi=armeabi-v7a
01-01 00:00:42.826  1345  1345 V UlpService: -startAdditionalServices
01-01 00:00:42.829   410   410 I sh      : type=1400 audit(0.0:34): avc: denied { append } for name="performance_log.csv" dev="fuse" ino=3060818336 scontext=u:r:init:s0 tcontext=u:object_r:fuse:s0 tclass=file permissive=1
01-01 00:00:42.829   410   410 I sh      : type=1400 audit(0.0:35): avc: denied { open } for path="/storage/sdcard1/info/logs/performance_log.csv" dev="fuse" ino=3060818336 scontext=u:r:init:s0 tcontext=u:object_r:fuse:s0 tclass=file permissive=1
01-01 00:00:42.843  1345  1345 D Ulp_jni : classInit invoked
01-01 00:00:42.845  1345  1345 D Ulp_jni : instanceInit invoked
01-01 00:00:42.845  1345  1345 E LocSvc_libulp: I/===> int ulp_init(UlpEngineCallbacks*, UlpNetworkLocationCallbacks*, UlpPhoneContextCallbacks*) line 131 
01-01 00:00:42.845  1345  1345 E LocSvc_libulp: I/===> int ulp_data_init() line 72 
01-01 00:00:42.845  1345  1345 E LocSvc_libulp: E/int ulp_data_init():100]: GTP WiFi is enabled.
01-01 00:00:42.845  1345  1345 E LocSvc_libulp: E/int ulp_data_init():116]: GTP AP cell is disabled
01-01 00:00:42.845  1345  1345 E LocSvc_libulp: I/int ulp_data_init(), quipc_enabled = 0, gps capabilities = 0x0 zpp trigger threshold = 10000
01-01 00:00:42.845  1345  1345 E LocSvc_libulp: I/===> int ulp_msg_init() line 330 
01-01 00:00:42.845  1345  1345 E LocSvc_libulp: I/===> int ulp_monitor_init() line 122 
01-01 00:00:42.845  1345  1345 E LocSvc_libulp: I/===> int ulp_quipc_init() line 296 
01-01 00:00:42.846  1345  5049 E LocSvc_libulp: I/===> void ulp_msg_main(void*) line 89 
01-01 00:00:42.847  1345  5050 E LocSvc_libulp: I/===> void ulp_monitor_main(void*) line 56 
01-01 00:00:42.849  1345  1345 D GeoFenceService: onCreate
01-01 00:00:42.851  1345  1345 E Geofence_Adapter: I/===> void GeofenceAdapter::addGfClients(GeoFencer*) line 65 
01-01 00:00:42.851  1345  1345 E Geofence_Adapter: I/===> void GeofenceAdapter::updateRegisteredEvents() line 81 
01-01 00:00:42.859  1345  1345 D GeoFenceService: onBind
01-01 00:00:42.862  1345  1345 D GpsNetInitiatedHandler: location enabled :true
01-01 00:00:42.863  1345  1345 V WiredAccessoryManager: notifyWiredAccessoryChanged: when=0 bits= mask=54
01-01 00:00:42.863  1345  1345 V WiredAccessoryManager: newName=h2w newState=32 headsetState=32 prev headsetState=0
01-01 00:00:42.866  1345  1345 V WiredAccessoryManager: init()
01-01 00:00:42.909  4972  4972 D ExternalStorage: After updating volumes, found 2 active roots
01-01 00:00:42.912  4972  4972 D ExternalStorage: After updating volumes, found 2 active roots
01-01 00:00:42.914  1732  1732 D MediaScannerReceiver: action: android.intent.action.MEDIA_MOUNTED path: /storage/sdcard1
01-01 00:00:42.951  1345  2055 I ActivityManager: Start proc com.sentera.updater for broadcast com.sentera.updater/.SDCardMountedReceiver: pid=5070 uid=1000 gids={41000, 9997, 3002, 3001, 1028, 1015, 3003, 3005, 1021, 3004, 1000, 3009, 1023, 1010, 2001, 1007} abi=armeabi-v7a
01-01 00:00:42.953  1345  1370 D BluetoothManagerService: Message: 300
01-01 00:00:42.953  1345  1370 D BluetoothManagerService: MESSAGE_USER_SWITCHED
01-01 00:00:42.955   249  4874 D PermissionCache: checking android.permission.HARDWARE_TEST for uid=1000 => granted (169 us)
01-01 00:00:42.957   308  1710 D audio_hw_primary: adev_set_mic_mute state 0
01-01 00:00:42.977  1345  1345 V BackupManagerService: Connected to transport ComponentInfo{android/com.android.internal.backup.LocalTransportService}
01-01 00:00:42.978  1345  1345 V BackupManagerService: Registering transport android/com.android.internal.backup.LocalTransportService::android/com.android.internal.backup.LocalTransport = android.app.backup.BackupTransport$TransportImpl@2be4d237
01-01 00:00:42.980  1345  1345 V ActivityManager: Display changed displayId=0
01-01 00:00:43.006  1345  1345 D LBSSystemMonitorService: SUPL_ES is: 1
01-01 00:00:43.008  1345  5090 D LBSSystemMonitorService: handleMessage what - 1
01-01 00:00:43.008  1345  1345 D LBSSystemMonitorService: nonSGLTE device with ES SUPL
01-01 00:00:43.010  1345  5090 D Wiper_jni: Inform wiper status.
01-01 00:00:43.010  1345  5090 D LBSSystemMonitorService: handleMessage what - 10
01-01 00:00:43.010  1345  5090 D RilInfoMonitor: handleMessage what - 0
01-01 00:00:43.010  1345  5090 D RilInfoMonitor: nonSGLTE device with ES SUPL
01-01 00:00:43.011  1345  5090 D LBSSystemMonitorService: handleMessage what - 15
01-01 00:00:43.011  1345  5090 D DeviceContext: handleMessage what - 0
01-01 00:00:43.011  1345  5090 D LBSSystemMonitorService: handleMessage what - 16
01-01 00:00:43.011  1345  5090 D DeviceContext: handleMessage what - 1
01-01 00:00:43.039  5070  5070 I SDCardMountedReceiver: ACTION_MEDIA_MOUNTED: Mounted To: file:///storage/sdcard1 in state "mounted"
01-01 00:00:43.039  5070  5070 D SDCardMountedReceiver: SDCard Mounted and Ready.  Starting firmware update service.
01-01 00:00:43.041  5070  5070 W ContextImpl: Calling a method in the system process without a qualified user: android.app.ContextImpl.startService:1686 android.content.ContextWrapper.startService:515 android.content.ContextWrapper.startService:515 com.sentera.updater.SDCardMountedReceiver.onReceive:47 android.app.ActivityThread.handleReceiver:2579 
01-01 00:00:43.043  5070  5070 D FirmwareUpdateService: Saving files versions to: /storage/sdcard1/info/
01-01 00:00:43.046  1345  1345 W XTWiFiOS: Constructor enter
01-01 00:00:43.047  1345  1345 W XTWiFiOS: Constructor exit
01-01 00:00:43.047  1345  1345 W XTWiFiOS: onCreate enter
01-01 00:00:43.051  1345  1345 V XTWiFiOS: GTP CELL PROC: MODEM GTP CELL AP mode: BASIC GTP WIFI mode: BASIC PIP mode: DISABLED
01-01 00:00:43.051  1345  1345 V XTWiFiOS: GTP AP CELL Disabled
01-01 00:00:43.051  1345  1345 V XTWiFiOS: Setting GTP WIFI mode to default mode: BASIC
01-01 00:00:43.051  1345  1345 V XTWiFiOS: Setting PIP mode to DISABLED
01-01 00:00:43.051  1345  1345 V XTWiFiOS: Setting GTP WAA mode to DISABLED
01-01 00:00:43.051  1345  1345 V XTWiFiOS: iZat enabled: true, GTP WIFI feature: true, GTP CELL AP feature: false, PIP feature: false, GTP WAA feature: false
01-01 00:00:43.051  1345  1345 V XTWiFiOS: iZat enabled is true, continue initialization
01-01 00:00:43.053  1345  1345 W XTWiFiOS: onCreate exit
01-01 00:00:43.054  5070  5070 I FirmwareVersion: Firmware Version File: 
