01-01 00:00:24.994   311  1817 E OMXNodeInstance: getParameter(100663297) ERROR: 0x8000101a
01-01 00:00:25.003   343   343 E QC-time-services: Daemon:genoff_modem_qmi_init: qmi_client_get_service_list returned -2num_services 0
01-01 00:00:25.006   311  1817 E OMXNodeInstance: getParameter(100663311) ERROR: 0x8000101a
01-01 00:00:25.006   311  1817 E OMXNodeInstance: getParameter(100663297) ERROR: 0x8000101a
01-01 00:00:25.008   311  1817 E OMXNodeInstance: getParameter(100663311) ERROR: 0x8000101a
01-01 00:00:25.008   311  1817 E OMXNodeInstance: getParameter(100663297) ERROR: 0x8000101a
01-01 00:00:25.015   311  1817 E OMXNodeInstance: getParameter(100663311) ERROR: 0x8000101a
01-01 00:00:25.015   311  1817 E OMXNodeInstance: getParameter(100663297) ERROR: 0x8000101a
01-01 00:00:25.017  1778  1778 D fsck_msdos: sectors Per cluster :64 
01-01 00:00:25.017  1778  1778 D fsck_msdos: boot->ClusterOffset :30342 
01-01 00:00:25.017  1778  1778 I fsck_msdos: FAT32 Filesystem
01-01 00:00:25.017  1778  1778 D fsck_msdos: Using cluster_chain_descriptor
01-01 00:00:25.017  1778  1778 I fsck_msdos: Total clusters 1948005 
01-01 00:00:25.017   247   300 I fsck_msdos: ** Phase 1 - Read FAT (compare skipped)
01-01 00:00:25.017   247   300 I fsck_msdos: Attempting to allocate 7609 KB for FAT
01-01 00:00:25.019   311  1817 E OMXNodeInstance: getParameter(100663311) ERROR: 0x8000101a
01-01 00:00:25.019   311  1817 E OMXNodeInstance: getParameter(100663297) ERROR: 0x8000101a
01-01 00:00:25.022   311  1817 E OMXNodeInstance: getParameter(100663311) ERROR: 0x8000101a
01-01 00:00:25.022   311  1817 E OMXNodeInstance: getParameter(100663297) ERROR: 0x8000101a
01-01 00:00:25.026   311  1817 E OMXNodeInstance: getParameter(100663311) ERROR: 0x8000101a
01-01 00:00:25.026   311  1817 E OMXNodeInstance: getParameter(100663297) ERROR: 0x8000101a
01-01 00:00:25.029   311  1817 E OMXNodeInstance: getParameter(100663311) ERROR: 0x8000101a
01-01 00:00:25.029   311  1817 E OMXNodeInstance: getParameter(100663297) ERROR: 0x8000101a
01-01 00:00:25.032   311  1817 E QC_EVRCENC:  component init: role = OMX.qcom.audio.encoder.evrc
01-01 00:00:25.032   311  1817 I QC_EVRCENC:  component init: role = OMX.qcom.audio.encoder.evrc
01-01 00:00:25.032   311  1817 I QC_EVRCENC: 
01-01 00:00:25.032   311  1817 I QC_EVRCENC: component_init: Component OMX.qcom.audio.encoder.evrc LOADED 
01-01 00:00:25.041   311  1817 I QC_EVRCENC: Driver in Non Tunnel mode open
01-01 00:00:25.041   311  1817 E QC_EVRCENC: unknown param 0600000f
01-01 00:00:25.041   311  1817 E OMXNodeInstance: getParameter(100663311) ERROR: 0x8000101a
01-01 00:00:25.041   311  1817 E QC_EVRCENC: unknown param 06000001
01-01 00:00:25.041   311  1817 E OMXNodeInstance: getParameter(100663297) ERROR: 0x8000101a
01-01 00:00:25.041   311  1817 I QC_EVRCENC: Returning the state 1
01-01 00:00:25.041   311  1817 I QC_EVRCENC: Returning the state 1
01-01 00:00:25.041   311  1817 I QC_EVRCENC: Component-deinit being processed
01-01 00:00:25.041   311  1817 I QC_EVRCENC: ********************************
01-01 00:00:25.041   311  1817 I QC_EVRCENC: STATS: in-buf-len[0]out-buf-len[0] tot-pb-time[0]
01-01 00:00:25.041   311  1817 I QC_EVRCENC: STATS: fbd-cnt[0]ftb-cnt[0]etb-cnt[0]ebd-cnt[0]
01-01 00:00:25.043   311  1817 I QC_EVRCENC: ************************************
01-01 00:00:25.043   311  1817 I QC_EVRCENC:  DEINIT COMPLETED
01-01 00:00:25.043   311  1817 I QC_EVRCENC: ************************************
01-01 00:00:25.043   311  1817 E QC_EVRCENC: component_deinit:COMPONENT DEINIT...
01-01 00:00:25.043   311  1817 E QC_EVRCENC: EVRC Object getting destroyed comp-deinit=1
01-01 00:00:25.043   311  1817 E QC_EVRCENC: OMX EVRC component destroyed
01-01 00:00:25.046   311  1817 E QC_QCELP13ENC:  component init: role = OMX.qcom.audio.encoder.qcelp13
01-01 00:00:25.046   311  1817 I QC_QCELP13ENC:  component init: role = OMX.qcom.audio.encoder.qcelp13
01-01 00:00:25.046   311  1817 I QC_QCELP13ENC: 
01-01 00:00:25.046   311  1817 I QC_QCELP13ENC: component_init: Component OMX.qcom.audio.encoder.qcelp13 LOADED 
01-01 00:00:25.053   311  1817 I QC_QCELP13ENC: Driver in Non Tunnel mode open
01-01 00:00:25.055   311  1817 E QC_QCELP13ENC: unknown param 0600000f
01-01 00:00:25.055   311  1817 E OMXNodeInstance: getParameter(100663311) ERROR: 0x8000101a
01-01 00:00:25.055   311  1817 E QC_QCELP13ENC: unknown param 06000001
01-01 00:00:25.055   311  1817 E OMXNodeInstance: getParameter(100663297) ERROR: 0x8000101a
01-01 00:00:25.055   311  1817 I QC_QCELP13ENC: Returning the state 1
01-01 00:00:25.055   311  1817 I QC_QCELP13ENC: Returning the state 1
01-01 00:00:25.055   311  1817 I QC_QCELP13ENC: Component-deinit being processed
01-01 00:00:25.055   311  1817 I QC_QCELP13ENC: ********************************
01-01 00:00:25.055   311  1817 I QC_QCELP13ENC: STATS: in-buf-len[0]out-buf-len[0] tot-pb-time[0]
01-01 00:00:25.055   311  1817 I QC_QCELP13ENC: STATS: fbd-cnt[0]ftb-cnt[0]etb-cnt[0]ebd-cnt[0]
01-01 00:00:25.057   311  1817 I QC_QCELP13ENC: ************************************
01-01 00:00:25.057   311  1817 I QC_QCELP13ENC:  DEINIT COMPLETED
01-01 00:00:25.057   311  1817 I QC_QCELP13ENC: ************************************
01-01 00:00:25.057   311  1817 E QC_QCELP13ENC: component_deinit:COMPONENT DEINIT...
01-01 00:00:25.057   311  1817 E QC_QCELP13ENC: QCELP13 Object getting destroyed comp-deinit=1
01-01 00:00:25.057   311  1817 E QC_QCELP13ENC: OMX QCELP13 component destroyed
01-01 00:00:25.115  1778  1778 I fsck_msdos: ** Phase 2 - Check Cluster Chains 
01-01 00:00:25.115  1778  1778 I fsck_msdos: Begin to handle the cluster chain
01-01 00:00:25.143  1765  1765 D VolumeUI: Registering volume controller
01-01 00:00:25.161   247   300 I fsck_msdos: ** Phase 3 - Checking Directories
01-01 00:00:25.162  1778  1778 D fsck_msdos: rootDir->head :2
01-01 00:00:25.175  1778  1778 D fsck_msdos: Verify Filesystem information
01-01 00:00:25.175   247   300 I fsck_msdos: ** Phase 4 - Checking for Lost Files
01-01 00:00:25.175  1778  1778 W fsck_msdos: 29 files, 3609856 free (1947816 clusters)
01-01 00:00:25.175  1778  1778 I fsck_msdos: free_rb_tree 
01-01 00:00:25.175  1778  1778 I fsck_msdos: free_fragment_tree
01-01 00:00:25.175  1778  1778 I fsck_msdos: free_fragment_tree
01-01 00:00:25.175  1778  1778 I fsck_msdos: free_fragment_tree: rb_tree is empty 
01-01 00:00:25.184   311  1817 E OMX-VENC: Invalid entry returned from get_supported_profile_level 2130706433, 65536
01-01 00:00:25.184   311  1817 E OMXNodeInstance: getParameter(100663311) ERROR: 0x8000100e
01-01 00:00:25.184   311  1817 W ACodec  : do not know color format 0x7fa30c04 = 2141391876
01-01 00:00:25.184   311  1817 W ACodec  : do not know color format 0x7f000789 = 2130708361
01-01 00:00:25.184   311  1817 E OMXNodeInstance: getParameter(100663297) ERROR: 0x8000100e
01-01 00:00:25.189   247   300 I Vold    : Filesystem check completed OK
01-01 00:00:25.190   311  1817 E OMX-VENC: get_parameter: OMX_IndexParamVideoProfileLevelQuerySupported nProfileIndex ret NoMore 2
01-01 00:00:25.190   311  1817 E OMX-VENC: Invalid entry returned from get_supported_profile_level 32768, 128
01-01 00:00:25.190   311  1817 E OMXNodeInstance: getParameter(100663311) ERROR: 0x8000100e
01-01 00:00:25.190   311  1817 W ACodec  : do not know color format 0x7fa30c04 = 2141391876
01-01 00:00:25.190   311  1817 W ACodec  : do not know color format 0x7f000789 = 2130708361
01-01 00:00:25.190   311  1817 E OMXNodeInstance: getParameter(100663297) ERROR: 0x8000100e
01-01 00:00:25.199   247   300 D Vold    : blkid identified as /dev/block/vold/179:65: LABEL="DOUBLE 4K" UUID="13EE-1E60"
01-01 00:00:25.202   247   300 D Vold    : Volume sdcard1 state changing 3 (Checking) -> 4 (Mounted)
01-01 00:00:25.203  1343  1679 W MountService: Duplicate state transition (mounted -> mounted) for /storage/emulated/0
01-01 00:00:25.203  1343  1365 D MountService: volume state changed for /storage/sdcard1 (checking -> mounted)
01-01 00:00:25.204  1343  1365 I PackageManager: Updating external media status from unmounted to mounted
01-01 00:00:25.205   311  1817 E OMX-VENC: get_parameter: OMX_IndexParamVideoProfileLevelQuerySupported nProfileIndex ret NoMore 1
01-01 00:00:25.205   311  1817 E OMX-VENC: Invalid entry returned from get_supported_profile_level 1, 128
01-01 00:00:25.205   311  1817 E OMXNodeInstance: getParameter(100663311) ERROR: 0x8000100e
01-01 00:00:25.205   311  1817 W ACodec  : do not know color format 0x7fa30c04 = 2141391876
01-01 00:00:25.205   311  1817 W ACodec  : do not know color format 0x7f000789 = 2130708361
01-01 00:00:25.205   311  1817 E OMXNodeInstance: getParameter(100663297) ERROR: 0x8000100e
01-01 00:00:25.206  1343  1365 D MountService: sendStorageIntent Intent { act=android.intent.action.MEDIA_MOUNTED dat=file:///storage/sdcard1 flg=0x4000000 (has extras) } to UserHandle{-1}
01-01 00:00:25.206  1343  1375 I PackageManager: No secure containers found
01-01 00:00:25.207  1343  1375 W PackageManager: Unknown permission com.google.android.googleapps.permission.GOOGLE_AUTH.mail in package com.android.calendar
01-01 00:00:25.207  1343  1375 W PackageManager: Unknown permission android.permission.MMS_PUSH in package org.codeaurora.bluetooth
01-01 00:00:25.207  1343  1375 W PackageManager: Unknown permission com.google.android.gallery3d.permission.PICASA_STORE in package com.android.dreams.phototable
01-01 00:00:25.207  1343  1375 W PackageManager: Unknown permission com.google.android.googleapps.permission.GOOGLE_AUTH in package com.android.settings
01-01 00:00:25.208  1343  1375 W PackageManager: Unknown permission com.qualcomm.permission.ACCESS_LOCATION_API in package com.qualcomm.location
01-01 00:00:25.208  1343  1375 W PackageManager: Not granting permission android.permission.DELETE_PACKAGES to package com.svox.pico (protectionLevel=18 flags=0x88be45)
01-01 00:00:25.208  1343  1375 W PackageManager: Unknown permission com.google.android.gallery3d.permission.GALLERY_PROVIDER in package com.android.bluetooth
01-01 00:00:25.208  1343  1375 W PackageManager: Not granting permission android.permission.DEVICE_POWER to package com.android.deskclock (protectionLevel=2 flags=0xc8be45)
01-01 00:00:25.208  1343  1375 W PackageManager: Not granting permission android.permission.GLOBAL_SEARCH to package com.android.quicksearchbox (protectionLevel=18 flags=0xc8be45)
01-01 00:00:25.208  1343  1375 W PackageManager: Unknown permission com.google.android.googleapps.permission.GOOGLE_AUTH in package com.android.providers.calendar
01-01 00:00:25.208  1343  1375 W PackageManager: Unknown permission com.google.android.googleapps.permission.GOOGLE_AUTH.cl in package com.android.providers.calendar
01-01 00:00:25.208  1343  1375 W PackageManager: Unknown permission android.permission.INSTALL_DRM in package com.android.mms
01-01 00:00:25.209  1343  1375 W PackageManager: Not granting permission android.permission.ACCESS_DOWNLOAD_MANAGER to package com.android.browser (protectionLevel=18 flags=0x89be45)
01-01 00:00:25.209  1343  1375 W PackageManager: Not granting permission android.permission.SEND_DOWNLOAD_COMPLETED_INTENTS to package com.android.browser (protectionLevel=2 flags=0x89be45)
01-01 00:00:25.211   311  1817 E OMX-VENC: Invalid entry returned from get_supported_profile_level 1, 2
01-01 00:00:25.211   311  1817 E OMXNodeInstance: getParameter(100663311) ERROR: 0x8000100e
01-01 00:00:25.211   311  1817 W ACodec  : do not know color format 0x7fa30c04 = 2141391876
01-01 00:00:25.211   311  1817 W ACodec  : do not know color format 0x7f000789 = 2130708361
01-01 00:00:25.211   311  1817 E OMXNodeInstance: getParameter(100663297) ERROR: 0x8000100e
01-01 00:00:25.215   311  1817 E QC_WMADEC:  component init: role = OMX.qcom.audio.decoder.wma
01-01 00:00:25.222   311  1817 E QC_WMADEC: unknown param 0600000f
01-01 00:00:25.222   311  1817 E OMXNodeInstance: getParameter(100663311) ERROR: 0x8000101a
01-01 00:00:25.222   311  1817 E QC_WMADEC: unknown param 06000001
01-01 00:00:25.222   311  1817 E OMXNodeInstance: getParameter(100663297) ERROR: 0x8000101a
01-01 00:00:25.224   311  1817 E QC_WMADEC: COMPONENT DEINIT...
01-01 00:00:25.224   311  1817 E QC_WMADEC: OMX WMA component destroyed
01-01 00:00:25.224  1343  1343 D PermissionMonitor: Monitoring
01-01 00:00:25.225   311  1817 E QC_WMADEC:  component init: role = OMX.qcom.audio.decoder.wmaLossLess
01-01 00:00:25.232   311  1817 E QC_WMADEC: unknown param 0600000f
01-01 00:00:25.232   311  1817 E OMXNodeInstance: getParameter(100663311) ERROR: 0x8000101a
01-01 00:00:25.232   311  1817 E QC_WMADEC: unknown param 06000001
01-01 00:00:25.232   311  1817 E OMXNodeInstance: getParameter(100663297) ERROR: 0x8000101a
01-01 00:00:25.232   311  1904 E QC_WMADEC: INPUT_THREAD:message pipe read n=0xffffffff err=0x       9
01-01 00:00:25.234   311  1817 E QC_WMADEC: COMPONENT DEINIT...
01-01 00:00:25.234   311  1817 E QC_WMADEC: OMX WMA component destroyed
01-01 00:00:25.234   311  1817 E QC_WMADEC:  component init: role = OMX.qcom.audio.decoder.wma10Pro
01-01 00:00:25.242   311  1817 E QC_WMADEC: unknown param 0600000f
01-01 00:00:25.242   311  1817 E OMXNodeInstance: getParameter(100663311) ERROR: 0x8000101a
01-01 00:00:25.242   311  1817 E QC_WMADEC: unknown param 06000001
01-01 00:00:25.242   311  1817 E OMXNodeInstance: getParameter(100663297) ERROR: 0x8000101a
01-01 00:00:25.244   311  1817 E QC_WMADEC: COMPONENT DEINIT...
01-01 00:00:25.244   311  1817 E QC_WMADEC: OMX WMA component destroyed
01-01 00:00:25.257   311  1817 E QC_AMRWBPLUSDEC: unknown param 0600000f
01-01 00:00:25.257   311  1817 E OMXNodeInstance: getParameter(100663311) ERROR: 0x8000101a
01-01 00:00:25.257   311  1817 E QC_AMRWBPLUSDEC: unknown param 06000001
01-01 00:00:25.257   311  1817 E OMXNodeInstance: getParameter(100663297) ERROR: 0x8000101a
01-01 00:00:25.262   311  1817 I OMX_QCELP13_DEC:  Enabling Non-Tunnel mode 
01-01 00:00:25.262   311  1817 I OMX_QCELP13_DEC: MIME type: aud
01-01 00:00:25.262   311  1817 I OMX_QCELP13_DEC:  component init: role = OMX.qcom.audio.decoder.Qcelp13
01-01 00:00:25.262   311  1817 I OMX_QCELP13_DEC: 
01-01 00:00:25.262   311  1817 I OMX_QCELP13_DEC: component_init: Component OMX.qcom.audio.decoder.Qcelp13 LOADED 
01-01 00:00:25.263   311  1817 I OMX_QCELP13_DEC: Created thread for INP 
01-01 00:00:25.263   311  1817 I OMX_QCELP13_DEC: Created thread for CMD 
01-01 00:00:25.263   311  1817 E OMX_QCELP13_DEC: unknown param 0600000f
01-01 00:00:25.263   311  1817 E OMXNodeInstance: getParameter(100663311) ERROR: 0x8000101a
01-01 00:00:25.263   311  1817 E OMX_QCELP13_DEC: unknown param 06000001
01-01 00:00:25.263   311  1817 E OMXNodeInstance: getParameter(100663297) ERROR: 0x8000101a
01-01 00:00:25.263   311  1817 I OMX_QCELP13_DEC: omx_Qcelp13_thread_stop stop server
01-01 00:00:25.263   311  1817 I OMX_QCELP13_DEC: omx_Qcelp13_thread_stop stop server
01-01 00:00:25.265   311  1817 E OMX_EVRC_DEC: COMPONENT INIT OMX.qcom.audio.decoder.evrc
01-01 00:00:25.265   311  1817 E OMX_EVRC_DEC: unknown param 0600000f
01-01 00:00:25.265   311  1817 E OMXNodeInstance: getParameter(100663311) ERROR: 0x8000101a
01-01 00:00:25.265   311  1817 E OMX_EVRC_DEC: unknown param 06000001
01-01 00:00:25.266   311  1817 E OMXNodeInstance: getParameter(100663297) ERROR: 0x8000101a
01-01 00:00:25.266   311  1817 E OMX_EVRC_DEC: COMPONENT DEINIT
01-01 00:00:25.277   311  1817 E OMXNodeInstance: getParameter(100663311) ERROR: 0x8000100e
01-01 00:00:25.277   311  1817 E OMX-VDEC-1080P: Extension: OMX.google.android.index.describeColorFormat not implemented
01-01 00:00:25.277   311  1817 W ACodec  : do not know color format 0x7fa30c04 = 2141391876
01-01 00:00:25.277   311  1817 E OMX-VDEC-1080P: Extension: OMX.google.android.index.describeColorFormat not implemented
01-01 00:00:25.277   311  1817 E OMXNodeInstance: getParameter(100663297) ERROR: 0x8000100e
01-01 00:00:25.278   311  1817 E OMX_C2D : Destroy C2D instance
01-01 00:00:25.278   311  1817 E OMX_C2D : Destroy C2D instance
01-01 00:00:25.286   311  1817 E OMXNodeInstance: getParameter(100663311) ERROR: 0x8000100e
01-01 00:00:25.286   311  1817 E OMX-VDEC-1080P: Extension: OMX.google.android.index.describeColorFormat not implemented
01-01 00:00:25.286   311  1817 W ACodec  : do not know color format 0x7fa30c04 = 2141391876
01-01 00:00:25.286   311  1817 E OMX-VDEC-1080P: Extension: OMX.google.android.index.describeColorFormat not implemented
01-01 00:00:25.286   311  1817 E OMXNodeInstance: getParameter(100663297) ERROR: 0x8000100e
01-01 00:00:25.288   311  1817 E OMX_C2D : Destroy C2D instance
01-01 00:00:25.288   311  1817 E OMX_C2D : Destroy C2D instance
01-01 00:00:25.293   311  1817 E OMXNodeInstance: getParameter(100663311) ERROR: 0x8000100e
01-01 00:00:25.293   311  1817 E OMX-VDEC-1080P: Extension: OMX.google.android.index.describeColorFormat not implemented
01-01 00:00:25.293   311  1817 W ACodec  : do not know color format 0x7fa30c04 = 2141391876
01-01 00:00:25.293   311  1817 E OMX-VDEC-1080P: Extension: OMX.google.android.index.describeColorFormat not implemented
01-01 00:00:25.293   311  1817 E OMXNodeInstance: getParameter(100663297) ERROR: 0x8000100e
01-01 00:00:25.294   311  1817 E OMX_C2D : Destroy C2D instance
01-01 00:00:25.294   311  1817 E OMX_C2D : Destroy C2D instance
01-01 00:00:25.295  1343  1343 D PermissionMonitor: Users: 1, Apps: 60
01-01 00:00:25.297   311  1817 E OMXNodeInstance: getParameter(100663311) ERROR: 0x8000100e
01-01 00:00:25.297   311  1817 E OMX-VDEC-1080P: Extension: OMX.google.android.index.describeColorFormat not implemented
01-01 00:00:25.297   311  1817 W ACodec  : do not know color format 0x7fa30c04 = 2141391876
01-01 00:00:25.298   311  1817 E OMX-VDEC-1080P: Extension: OMX.google.android.index.describeColorFormat not implemented
01-01 00:00:25.298   311  1817 E OMXNodeInstance: getParameter(100663297) ERROR: 0x8000100e
01-01 00:00:25.298  1343  1343 I SystemServiceManager: Starting phase 600
01-01 00:00:25.299  1343  1367 D BluetoothManagerService: Message: 20
01-01 00:00:25.300  1343  1367 D BluetoothManagerService: Added callback: android.bluetooth.BluetoothAdapter$1@2597ab20:true
01-01 00:00:25.300  1343  1367 D BluetoothManagerService: Message: 30
01-01 00:00:25.301   311  1817 E OMX_C2D : Destroy C2D instance
01-01 00:00:25.301   311  1817 E OMX_C2D : Destroy C2D instance
01-01 00:00:25.301  1343  1343 D ConditionProviders: onServiceAdded ManagedServiceInfo[component=ComponentInfo{android/com.android.server.notification.CountdownConditionProvider},userid=0,isSystem=true,targetSdkVersion=21,connection=null,service=android.service.notification.ConditionProviderService$Provider@642869e]
01-01 00:00:25.301  1343  1343 D ConditionProviders: onServiceAdded ManagedServiceInfo[component=ComponentInfo{android/com.android.server.notification.DowntimeConditionProvider},userid=0,isSystem=true,targetSdkVersion=21,connection=null,service=android.service.notification.ConditionProviderService$Provider@2b8ba57f]
01-01 00:00:25.302   311  1817 E OMX     : FAILED to allocate omx component 'OMX.qcom.video.decoder.mpeg2.secure'
01-01 00:00:25.304  1343  1343 I BackupManagerService: Backup enabled => false
01-01 00:00:25.305  1343  1343 I BackupManagerService: Opting out of backup
01-01 00:00:25.305   311  1817 E OMXNodeInstance: getParameter(100663311) ERROR: 0x8000100e
01-01 00:00:25.305   311  1817 E OMX-VDEC-1080P: Extension: OMX.google.android.index.describeColorFormat not implemented
01-01 00:00:25.305   311  1817 W ACodec  : do not know color format 0x7fa30c04 = 2141391876
01-01 00:00:25.305   311  1817 E OMX-VDEC-1080P: Extension: OMX.google.android.index.describeColorFormat not implemented
01-01 00:00:25.305   311  1817 E OMXNodeInstance: getParameter(100663297) ERROR: 0x8000100e
01-01 00:00:25.306  1343  1360 I StatusBarManagerService: registerStatusBar bar=com.android.internal.statusbar.IStatusBar$Stub$Proxy@161c594c
01-01 00:00:25.307   311  1817 E OMX_C2D : Destroy C2D instance
01-01 00:00:25.307   311  1817 E OMX_C2D : Destroy C2D instance
01-01 00:00:25.310   311  1817 E OMX-VDEC-1080P: get_parameter: OMX_IndexParamVideoProfileLevelQuerySupported ret NoMore for codec: OMX.qcom.video.decoder.vc1
01-01 00:00:25.310   311  1817 E OMXNodeInstance: getParameter(100663311) ERROR: 0x8000100e
01-01 00:00:25.310   311  1817 E OMX-VDEC-1080P: Extension: OMX.google.android.index.describeColorFormat not implemented
01-01 00:00:25.310   311  1817 W ACodec  : do not know color format 0x7fa30c04 = 2141391876
01-01 00:00:25.310   311  1817 E OMX-VDEC-1080P: Extension: OMX.google.android.index.describeColorFormat not implemented
01-01 00:00:25.311   311  1817 E OMXNodeInstance: getParameter(100663297) ERROR: 0x8000100e
01-01 00:00:25.315   311  1817 E OMX_C2D : Destroy C2D instance
01-01 00:00:25.315   311  1817 E OMX_C2D : Destroy C2D instance
01-01 00:00:25.315   311  1817 E OMX     : FAILED to allocate omx component 'OMX.qcom.video.decoder.vc1.secure'
01-01 00:00:25.316   311  1817 E OMX-VDEC-1080P: DIVX 5/6 Decoder selected
01-01 00:00:25.320   311  1817 E OMX-VDEC-1080P: get_parameter: OMX_IndexParamVideoProfileLevelQuerySupported ret NoMore for codec: OMX.qcom.video.decoder.divx
01-01 00:00:25.320   311  1817 E OMXNodeInstance: getParameter(100663311) ERROR: 0x8000100e
01-01 00:00:25.320   311  1817 E OMX-VDEC-1080P: Extension: OMX.google.android.index.describeColorFormat not implemented
01-01 00:00:25.320   311  1817 W ACodec  : do not know color format 0x7fa30c04 = 2141391876
01-01 00:00:25.320   311  1817 E OMX-VDEC-1080P: Extension: OMX.google.android.index.describeColorFormat not implemented
01-01 00:00:25.320   311  1817 E OMXNodeInstance: getParameter(100663297) ERROR: 0x8000100e
01-01 00:00:25.321   311  1817 E OMX_C2D : Destroy C2D instance
01-01 00:00:25.321   311  1817 E OMX_C2D : Destroy C2D instance
01-01 00:00:25.326   311  1817 E OMX-VDEC-1080P: get_parameter: OMX_IndexParamVideoProfileLevelQuerySupported ret NoMore for codec: OMX.qcom.video.decoder.divx311
01-01 00:00:25.326   311  1817 E OMXNodeInstance: getParameter(100663311) ERROR: 0x8000100e
01-01 00:00:25.326   311  1817 E OMX-VDEC-1080P: Extension: OMX.google.android.index.describeColorFormat not implemented
01-01 00:00:25.326   311  1817 W ACodec  : do not know color format 0x7fa30c04 = 2141391876
01-01 00:00:25.326   311  1817 E OMX-VDEC-1080P: Extension: OMX.google.android.index.describeColorFormat not implemented
01-01 00:00:25.326   311  1817 E OMXNodeInstance: getParameter(100663297) ERROR: 0x8000100e
01-01 00:00:25.327  1343  1702 I ActivityManager: Start proc com.android.externalstorage for broadcast com.android.externalstorage/.MountReceiver: pid=1947 uid=10007 gids={50007, 9997, 1028, 1015, 1023} abi=armeabi-v7a
01-01 00:00:25.329   311  1817 E OMX_C2D : Destroy C2D instance
01-01 00:00:25.329   311  1817 E OMX_C2D : Destroy C2D instance
01-01 00:00:25.332   311  1817 E OMX-VDEC-1080P: DIVX 4 Decoder selected
01-01 00:00:25.333  1343  1367 D BluetoothManagerService: Message: 30
01-01 00:00:25.333  1343  1343 E InputMethodManagerService: Ignoring setImeWindowStatus due to an invalid token. uid:1000 token:null
01-01 00:00:25.335   311  1817 E OMX-VDEC-1080P: get_parameter: OMX_IndexParamVideoProfileLevelQuerySupported ret NoMore for codec: OMX.qcom.video.decoder.divx4
01-01 00:00:25.335   311  1817 E OMXNodeInstance: getParameter(100663311) ERROR: 0x8000100e
01-01 00:00:25.335   311  1817 E OMX-VDEC-1080P: Extension: OMX.google.android.index.describeColorFormat not implemented
01-01 00:00:25.335   311  1817 W ACodec  : do not know color format 0x7fa30c04 = 2141391876
01-01 00:00:25.335   311  1817 E OMX-VDEC-1080P: Extension: OMX.google.android.index.describeColorFormat not implemented
01-01 00:00:25.335   311  1817 E OMXNodeInstance: getParameter(100663297) ERROR: 0x8000100e
01-01 00:00:25.335   311  1817 E OMX_C2D : Destroy C2D instance
01-01 00:00:25.335   311  1817 E OMX_C2D : Destroy C2D instance
01-01 00:00:25.339   311  1817 E OMXNodeInstance: getParameter(100663311) ERROR: 0x8000100e
01-01 00:00:25.339   311  1817 E OMX-VDEC-1080P: Extension: OMX.google.android.index.describeColorFormat not implemented
01-01 00:00:25.339   311  1817 W ACodec  : do not know color format 0x7fa30c04 = 2141391876
01-01 00:00:25.339   311  1817 E OMX-VDEC-1080P: Extension: OMX.google.android.index.describeColorFormat not implemented
01-01 00:00:25.339   311  1817 E OMXNodeInstance: getParameter(100663297) ERROR: 0x8000100e
01-01 00:00:25.340   311  1817 E OMX_C2D : Destroy C2D instance
01-01 00:00:25.340   311  1817 E OMX_C2D : Destroy C2D instance
01-01 00:00:25.344   311  1817 E OMXNodeInstance: getParameter(100663311) ERROR: 0x8000100e
01-01 00:00:25.344   311  1817 E OMX-VDEC-1080P: Extension: OMX.google.android.index.describeColorFormat not implemented
01-01 00:00:25.344   311  1817 W ACodec  : do not know color format 0x7fa30c04 = 2141391876
01-01 00:00:25.344   311  1817 E OMX-VDEC-1080P: Extension: OMX.google.android.index.describeColorFormat not implemented
01-01 00:00:25.344   311  1817 E OMXNodeInstance: getParameter(100663297) ERROR: 0x8000100e
01-01 00:00:25.351   311  1817 E OMX_C2D : Destroy C2D instance
01-01 00:00:25.351   311  1817 E OMX_C2D : Destroy C2D instance
01-01 00:00:25.353   311  1708 D Utils   : printFileName fd(22) -> /system/media/audio/ui/Effect_Tick.ogg
01-01 00:00:25.360   311  1817 E OMXNodeInstance: getParameter(100663311) ERROR: 0x8000100e
01-01 00:00:25.360   311  1817 E OMX-VDEC-1080P: Extension: OMX.google.android.index.describeColorFormat not implemented
01-01 00:00:25.360   311  1817 W ACodec  : do not know color format 0x7fa30c04 = 2141391876
01-01 00:00:25.360   311  1817 E OMX-VDEC-1080P: Extension: OMX.google.android.index.describeColorFormat not implemented
01-01 00:00:25.360   311  1817 E OMXNodeInstance: getParameter(100663297) ERROR: 0x8000100e
01-01 00:00:25.365   311  1817 E OMX_C2D : Destroy C2D instance
01-01 00:00:25.365   311  1817 E OMX_C2D : Destroy C2D instance
01-01 00:00:25.369   311  1817 E OMXNodeInstance: getParameter(100663311) ERROR: 0x8000100e
01-01 00:00:25.369   311  1817 E OMXNodeInstance: getParameter(100663297) ERROR: 0x8000100e
01-01 00:00:25.369   311  1817 E OMXNodeInstance: OMX_GetExtensionIndex OMX.google.android.index.storeMetaDataInBuffers failed
01-01 00:00:25.375   311  1817 E OMXNodeInstance: getParameter(100663311) ERROR: 0x8000100e
01-01 00:00:25.375   311  1817 E OMXNodeInstance: getParameter(100663297) ERROR: 0x8000100e
01-01 00:00:25.376   311  1817 E OMXNodeInstance: OMX_GetExtensionIndex OMX.google.android.index.storeMetaDataInBuffers failed
01-01 00:00:25.378   311  1708 D ExtendedUtils: extended extractor not needed, return default
01-01 00:00:25.379   311  1817 W MediaCodecList: ignoring Limit specified outside of a Type
01-01 00:00:25.379   311  1817 W MediaCodecList: ignoring Limit specified outside of a Type
01-01 00:00:25.379   311  1817 W MediaCodecList: ignoring Limit specified outside of a Type
01-01 00:00:25.379   311  1817 W MediaCodecList: ignoring Limit specified outside of a Type
01-01 00:00:25.379   311  1817 W MediaCodecList: ignoring Limit specified outside of a Type
01-01 00:00:25.379   311  1817 W MediaCodecList: ignoring Feature specified outside of a Type
01-01 00:00:25.380   311  1817 E OMXNodeInstance: getParameter(100663311) ERROR: 0x8000100e
01-01 00:00:25.380   311  1817 E OMXNodeInstance: getParameter(100663297) ERROR: 0x8000100e
01-01 00:00:25.380   311  1817 E OMXNodeInstance: OMX_GetExtensionIndex OMX.google.android.index.storeMetaDataInBuffers failed
01-01 00:00:25.380   311  1988 D AudioPolicyManager: isOffloadSupported: stream_type != MUSIC, returning false
01-01 00:00:25.383  1343  1343 I ActivityManager: Start proc com.android.inputmethod.latin for service com.android.inputmethod.latin/.LatinIME: pid=1985 uid=10036 gids={50036, 9997, 1028, 1015} abi=armeabi-v7a
01-01 00:00:25.383  1343  1343 V InputMethodManagerService: Adding window token: android.os.Binder@ff4a75
01-01 00:00:25.384   311  1817 E OMXNodeInstance: getParameter(100663311) ERROR: 0x8000100e
01-01 00:00:25.384   311  1817 E OMXNodeInstance: getParameter(100663297) ERROR: 0x8000100e
01-01 00:00:25.384   311  1817 E OMXNodeInstance: OMX_GetExtensionIndex OMX.google.android.index.storeMetaDataInBuffers failed
01-01 00:00:25.393   311  1817 D SoftHEVC: Number of CPU cores: 4
01-01 00:00:25.393   311  1817 D SoftHEVC: Initializing decoder
01-01 00:00:25.393   311  1817 D SoftHEVC: Set number of cores to 4
01-01 00:00:25.393   311  1817 D SoftHEVC: Ittiam decoder version number: @(#)Id:HEVCDEC_production Ver:04.01 Released by ITTIAM Build: Nov  9 2015 @ 10:35:06
01-01 00:00:25.393   311  1817 E OMXNodeInstance: getParameter(100663311) ERROR: 0x8000100e
01-01 00:00:25.393   311  1817 E OMXNodeInstance: getParameter(100663297) ERROR: 0x8000100e
01-01 00:00:25.393   311  1817 E OMXNodeInstance: OMX_GetExtensionIndex OMX.google.android.index.storeMetaDataInBuffers failed
01-01 00:00:25.393   311  1817 D SoftHEVC: Freeing codec memory
01-01 00:00:25.394   311  1817 D SoftHEVC: Number of CPU cores: 4
01-01 00:00:25.394   311  1817 D SoftHEVC: Initializing decoder
01-01 00:00:25.395   311  1817 D SoftHEVC: Set number of cores to 4
01-01 00:00:25.395   311  1817 D SoftHEVC: Ittiam decoder version number: @(#)Id:HEVCDEC_production Ver:04.01 Released by ITTIAM Build: Nov  9 2015 @ 10:35:06
01-01 00:00:25.395   311  1817 D SoftHEVC: In SoftHEVC::~SoftHEVC
01-01 00:00:25.395   311  1817 D SoftHEVC: Freeing codec memory
01-01 00:00:25.403   311  1817 E OMXNodeInstance: getParameter(100663311) ERROR: 0x8000100e
01-01 00:00:25.403   311  1817 E OMXNodeInstance: getParameter(100663297) ERROR: 0x8000100e
01-01 00:00:25.403   311  1817 E OMXNodeInstance: OMX_GetExtensionIndex OMX.google.android.index.storeMetaDataInBuffers failed
01-01 00:00:25.406   311  1817 E OMXNodeInstance: getParameter(100663311) ERROR: 0x8000100e
01-01 00:00:25.406   311  1817 E OMXNodeInstance: getParameter(100663297) ERROR: 0x8000100e
01-01 00:00:25.406   311  1817 E OMXNodeInstance: OMX_GetExtensionIndex OMX.google.android.index.storeMetaDataInBuffers failed
01-01 00:00:25.410   311  1817 I SoftMPEG4Encoder: Construct SoftMPEG4Encoder
01-01 00:00:25.410   311  1817 E OMXNodeInstance: getParameter(100663311) ERROR: 0x8000100e
01-01 00:00:25.410   311  1817 W ACodec  : do not know color format 0x7f000789 = 2130708361
01-01 00:00:25.410   311  1817 E OMXNodeInstance: getParameter(100663297) ERROR: 0x8000100e
01-01 00:00:25.415   311  1817 I SoftAVCEncoder: Construct SoftAVCEncoder
01-01 00:00:25.415   311  1817 E OMXNodeInstance: getParameter(100663311) ERROR: 0x8000100e
01-01 00:00:25.415   311  1817 W ACodec  : do not know color format 0x7f000789 = 2130708361
01-01 00:00:25.415   311  1817 E OMXNodeInstance: getParameter(100663297) ERROR: 0x8000100e
01-01 00:00:25.425   311  1817 I SoftMPEG4Encoder: Construct SoftMPEG4Encoder
01-01 00:00:25.425   311  1817 E OMXNodeInstance: getParameter(100663311) ERROR: 0x8000100e
01-01 00:00:25.425   311  1817 W ACodec  : do not know color format 0x7f000789 = 2130708361
01-01 00:00:25.425   311  1817 E OMXNodeInstance: getParameter(100663297) ERROR: 0x8000100e
01-01 00:00:25.433   311  1817 E OMXNodeInstance: getParameter(100663311) ERROR: 0x8000100e
01-01 00:00:25.433   311  1817 W ACodec  : do not know color format 0x7f000789 = 2130708361
01-01 00:00:25.433   311  1817 E OMXNodeInstance: getParameter(100663297) ERROR: 0x8000100e
01-01 00:00:25.434   311  1817 D OMXCodec: Successfully allocated OMX node 'OMX.google.vorbis.decoder'
01-01 00:00:25.435  1947  1947 D ExternalStorage: After updating volumes, found 2 active roots
01-01 00:00:25.436   311  1988 D OMXCodec: Successfully allocated OMX node 'OMX.google.vorbis.decoder'
01-01 00:00:25.436   311  1988 I ExtendedUtils: decision 0 mime 
01-01 00:00:25.436   311  1817 I ExtendedUtils: decision 0 mime 
01-01 00:00:25.436   311  1817 I AwesomePlayer: Could not offload audio decode, try pcm offload
01-01 00:00:25.436   311  1988 I AwesomePlayer: Could not offload audio decode, try pcm offload
01-01 00:00:25.436   311  1817 D AudioPolicyManager: isOffloadSupported: stream_type != MUSIC, returning false
01-01 00:00:25.436   311  1988 D AudioPolicyManager: isOffloadSupported: stream_type != MUSIC, returning false
01-01 00:00:25.437   311   311 I AudioPlayer: start of Playback, useOffload 0
01-01 00:00:25.441   311  1708 I AudioPlayer: start of Playback, useOffload 0
01-01 00:00:25.446  1947  1947 D ExternalStorage: After updating volumes, found 2 active roots
01-01 00:00:25.448  1729  1729 D MediaScannerReceiver: action: android.intent.action.MEDIA_MOUNTED path: /storage/sdcard1
01-01 00:00:25.489  1343  1702 I ActivityManager: Start proc com.sentera.updater for broadcast com.sentera.updater/.SDCardMountedReceiver: pid=2031 uid=1000 gids={41000, 9997, 3002, 3001, 1028, 1015, 3003, 3005, 1021, 3004, 1000, 3009, 1023, 1010, 2001, 1007} abi=armeabi-v7a
01-01 00:00:25.540  1985  1985 I LatinIME: Hardware accelerated drawing: true
01-01 00:00:25.544   311  1988 I AudioPlayer: Pause Playback at 94000
01-01 00:00:25.546   311  1708 I AudioPlayer: reset: mPlaying=0 mReachedEOS=1 useOffload=0
01-01 00:00:25.558   311  1707 D Utils   : printFileName fd(22) -> /system/media/audio/ui/KeypressStandard.ogg
01-01 00:00:25.574  1765  1765 W TelecomManager: Telecom Service not found.
01-01 00:00:25.574  1765  1765 W TelecomManager: Telecom Service not found.
01-01 00:00:25.575  1765  1765 W Settings: Setting airplane_mode_on has moved from android.provider.Settings.System to android.provider.Settings.Global, returning read-only value.
01-01 00:00:25.578  1765  1765 W Settings: Setting airplane_mode_on has moved from android.provider.Settings.System to android.provider.Settings.Global, returning read-only value.
01-01 00:00:25.578  1765  1765 W TelecomManager: Telecom Service not found.
01-01 00:00:25.601   311  1707 D ExtendedUtils: extended extractor not needed, return default
01-01 00:00:25.601   311  2050 D AudioPolicyManager: isOffloadSupported: stream_type != MUSIC, returning false
01-01 00:00:25.602   311  2050 D OMXCodec: Successfully allocated OMX node 'OMX.google.vorbis.decoder'
01-01 00:00:25.602   311  2050 I ExtendedUtils: decision 0 mime 
01-01 00:00:25.602   311  2050 I AwesomePlayer: Could not offload audio decode, try pcm offload
01-01 00:00:25.602   311  2050 D AudioPolicyManager: isOffloadSupported: stream_type != MUSIC, returning false
01-01 00:00:25.606   400  1338 E modemanager: readXMLOp:Couldn't open OEM XML file!
01-01 00:00:25.606   400  1338 E modemanager: retrieveMode: Failed to enumerate modes
01-01 00:00:25.606   400  1338 E modemanager: in applyDefaultMode fail to retrieve default mode!
01-01 00:00:25.606   400  1338 I modemanager: in applyDefaultMode ret = 0 mCurMode = -1
01-01 00:00:25.606   400  1338 E PPDaemon: void* applyDefaultModeThreadFunc(void*) failed applying default mode!
01-01 00:00:25.614   311  1707 I AudioPlayer: start of Playback, useOffload 0
01-01 00:00:25.618  2031  2031 I SDCardMountedReceiver: ACTION_MEDIA_MOUNTED: Mounted To: file:///storage/sdcard1 in state "mounted"
01-01 00:00:25.619  2031  2031 D SDCardMountedReceiver: SDCard Mounted and Ready.  Starting firmware update service.
01-01 00:00:25.626  2031  2031 W ContextImpl: Calling a method in the system process without a qualified user: android.app.ContextImpl.startService:1686 android.content.ContextWrapper.startService:515 android.content.ContextWrapper.startService:515 com.sentera.updater.SDCardMountedReceiver.onReceive:47 android.app.ActivityThread.handleReceiver:2579 
01-01 00:00:25.629  2031  2031 D FirmwareUpdateService: Saving files versions to: /storage/sdcard1/info/
01-01 00:00:25.632  2031  2031 I FirmwareVersion: Firmware Version File: 
01-01 00:00:25.632  2031  2031 I FirmwareVersion: SENTERA SNAPCAM | [aa15283d] | SCR-H01 | 0.19.0 | 2018-04-16-171653 |  | 
01-01 00:00:25.678   311  1817 I AudioPlayer: Pause Playback at 226507
01-01 00:00:25.678   311   311 I AudioPlayer: reset: mPlaying=0 mReachedEOS=1 useOffload=0
01-01 00:00:25.684   311  1708 D Utils   : printFileName fd(17) -> /system/media/audio/ui/Unlock.ogg
01-01 00:00:25.698   311  1708 D ExtendedUtils: extended extractor not needed, return default
01-01 00:00:25.698   311  2057 D AudioPolicyManager: isOffloadSupported: stream_type != MUSIC, returning false
01-01 00:00:25.699   311  2057 D OMXCodec: Successfully allocated OMX node 'OMX.google.vorbis.decoder'
01-01 00:00:25.699   311  2057 I ExtendedUtils: decision 0 mime 
01-01 00:00:25.699   311  2057 I AwesomePlayer: Could not offload audio decode, try pcm offload
01-01 00:00:25.699   311  2057 D AudioPolicyManager: isOffloadSupported: stream_type != MUSIC, returning false
01-01 00:00:25.700   311  1708 I AudioPlayer: start of Playback, useOffload 0
01-01 00:00:25.728   311  2050 I AudioPlayer: Pause Playback at 108145
01-01 00:00:25.728   311  1707 I AudioPlayer: reset: mPlaying=0 mReachedEOS=1 useOffload=0
01-01 00:00:25.732  2031  2031 W ActivityThread: ClassLoader.getResourceAsStream: The class loader returned by Thread.getContextClassLoader() may fail for processes that host multiple applications. You should explicitly specify a context class loader. For example: Thread.setContextClassLoader(getClass().getClassLoader());
01-01 00:00:25.744   311  2061 D Utils   : printFileName fd(22) -> /system/media/audio/ui/KeypressSpacebar.ogg
01-01 00:00:25.749  2031  2031 D FirmwareUpdateService: Checking for firmware in path: firmware
01-01 00:00:25.753  2031  2062 D FirmwareUpdateService: Checking for Firmware Updates...
01-01 00:00:25.753  2031  2062 D FirmwareChecker: Checking for previous updates file: /storage/sdcard1/firmware/applying_update
01-01 00:00:25.753  2031  2062 I FirmwareChecker: Scanning for firmware updates in: /storage/sdcard1/firmware
01-01 00:00:25.755  2031  2062 V FirmwareChecker: Rejecting Possible Update File: add_stored_configs - zip: false dotFile: false tempFile: false
01-01 00:00:25.755  2031  2062 D FirmwareChecker: No update files found. ( /storage/sdcard1/firmware )  Skipped update step.
01-01 00:00:25.755  2031  2062 D FirmwareChecker: Update Check Complete.
01-01 00:00:25.755  2031  2062 D FirmwareUpdateService: Stopping Service...
01-01 00:00:25.766   311  2061 D ExtendedUtils: extended extractor not needed, return default
01-01 00:00:25.767   311  2063 D AudioPolicyManager: isOffloadSupported: stream_type != MUSIC, returning false
01-01 00:00:25.767   311  2063 D OMXCodec: Successfully allocated OMX node 'OMX.google.vorbis.decoder'
01-01 00:00:25.767   311  2063 I ExtendedUtils: decision 0 mime 
01-01 00:00:25.767   311  2063 I AwesomePlayer: Could not offload audio decode, try pcm offload
01-01 00:00:25.767   311  2063 D AudioPolicyManager: isOffloadSupported: stream_type != MUSIC, returning false
01-01 00:00:25.768   311  2061 I AudioPlayer: start of Playback, useOffload 0
01-01 00:00:25.813  1765  1765 W Settings: Setting airplane_mode_on has moved from android.provider.Settings.System to android.provider.Settings.Global, returning read-only value.
01-01 00:00:25.820  1343  1691 D WifiService: New client listening to asynchronous messages
01-01 00:00:25.823  1343  1367 D BluetoothManagerService: Message: 20
01-01 00:00:25.823  1343  1367 D BluetoothManagerService: Added callback: android.bluetooth.IBluetoothManagerCallback$Stub$Proxy@21cb847:true
01-01 00:00:25.824  1765  1765 D BluetoothAdapter: 939180557: getState() :  mService = null. Returning STATE_OFF
01-01 00:00:25.824  1765  1765 D BluetoothAdapter: 939180557: getState() :  mService = null. Returning STATE_OFF
01-01 00:00:25.827  1343  1360 D ConnectivityService: listenForNetwork for NetworkRequest [ id=2, legacyType=-1, [] ]
01-01 00:00:25.839  1765  1765 D StatusBar.NetworkController: refreshSignalCluster - setMobileDataIndicators:  mHasMobileDataFeature = false mPhoneSignalIconId = (null) mDataSignalIconId = (null) mMobileActivityIconId = (null) mDataTypeIconId = (null) mNoSimIconId = (null)
01-01 00:00:25.839  1765  1765 D StatusBar.NetworkController: refreshSignalCluster - setMobileDataIndicators:  mHasMobileDataFeature = false mPhoneSignalIconId = (null) mDataSignalIconId = (null) mMobileActivityIconId = (null) mDataTypeIconId = (null) mNoSimIconId = (null)
01-01 00:00:25.839  1765  1765 D StatusBar.NetworkController: refreshSignalCluster - setMobileDataIndicators:  mHasMobileDataFeature = false mPhoneSignalIconId = (null) mDataSignalIconId = (null) mMobileActivityIconId = (null) mDataTypeIconId = (null) mNoSimIconId = (null)
01-01 00:00:25.841   311  1707 I CameraService: getCameraCharacteristics: Switching to HAL1 shim implementation...
01-01 00:00:25.842   311  1707 I AwesomePlayer: setDataSource_l(<no-scheme URI suppressed>)
01-01 00:00:25.842   311  1707 D AwesomePlayer: printFileName /system/media/audio/ui/camera_click.ogg
01-01 00:00:25.862   311  2070 D ExtendedUtils: extended extractor not needed, return default
01-01 00:00:25.862   311  2070 D AudioPolicyManager: isOffloadSupported: stream_type != MUSIC, returning false
01-01 00:00:25.862   311  2070 D OMXCodec: Successfully allocated OMX node 'OMX.google.vorbis.decoder'
01-01 00:00:25.862   311  2070 I ExtendedUtils: decision 0 mime 
01-01 00:00:25.862   311  2070 I AwesomePlayer: Could not offload audio decode, try pcm offload
01-01 00:00:25.862   311  2070 D AudioPolicyManager: isOffloadSupported: stream_type != MUSIC, returning false
01-01 00:00:25.863   311  1707 I AwesomePlayer: setDataSource_l(<no-scheme URI suppressed>)
01-01 00:00:25.863   311  1707 D AwesomePlayer: printFileName /system/media/audio/ui/VideoRecord.ogg
01-01 00:00:25.880   311  2063 I AudioPlayer: Pause Playback at 108145
01-01 00:00:25.881   311  2061 I AudioPlayer: reset: mPlaying=0 mReachedEOS=1 useOffload=0
01-01 00:00:25.884   311  2073 D ExtendedUtils: extended extractor not needed, return default
01-01 00:00:25.884   311  2073 D AudioPolicyManager: isOffloadSupported: stream_type != MUSIC, returning false
01-01 00:00:25.885   311  2073 D OMXCodec: Successfully allocated OMX node 'OMX.google.vorbis.decoder'
01-01 00:00:25.885   311  2073 I ExtendedUtils: decision 0 mime 
01-01 00:00:25.885   311  2073 I AwesomePlayer: Could not offload audio decode, try pcm offload
01-01 00:00:25.885   311  2073 D AudioPolicyManager: isOffloadSupported: stream_type != MUSIC, returning false
01-01 00:00:25.886   311   311 D Utils   : printFileName fd(24) -> /system/media/audio/ui/KeypressDelete.ogg
01-01 00:00:25.896   311  1707 I CameraClient: Opening camera 0
01-01 00:00:25.896   311  2057 I AudioPlayer: Pause Playback at 188866
01-01 00:00:25.897   311  1708 I AudioPlayer: reset: mPlaying=0 mReachedEOS=1 useOffload=0
01-01 00:00:25.908   311   311 D ExtendedUtils: extended extractor not needed, return default
01-01 00:00:25.908   311  2078 D AudioPolicyManager: isOffloadSupported: stream_type != MUSIC, returning false
01-01 00:00:25.909   311  2078 D OMXCodec: Successfully allocated OMX node 'OMX.google.vorbis.decoder'
01-01 00:00:25.909   311  2078 I ExtendedUtils: decision 0 mime 
01-01 00:00:25.909   311  2078 I AwesomePlayer: Could not offload audio decode, try pcm offload
01-01 00:00:25.909   311  2078 D AudioPolicyManager: isOffloadSupported: stream_type != MUSIC, returning false
01-01 00:00:25.909   311   311 I AudioPlayer: start of Playback, useOffload 0
01-01 00:00:25.918   311  2061 D Utils   : printFileName fd(19) -> /system/media/audio/ui/Trusted.ogg
01-01 00:00:25.935   345  2082 I mm-camera-sensor: module_sensor_start_session:1402 session 2
01-01 00:00:25.935   345  2084 E mm-camera-isp2: isp_module_start_session:166 session id 2
01-01 00:00:25.940   311  2061 D ExtendedUtils: extended extractor not needed, return default
01-01 00:00:25.940   311  2087 D AudioPolicyManager: isOffloadSupported: stream_type != MUSIC, returning false
01-01 00:00:25.941   311  2087 D OMXCodec: Successfully allocated OMX node 'OMX.google.vorbis.decoder'
01-01 00:00:25.941   311  2087 I ExtendedUtils: decision 0 mime 
01-01 00:00:25.941   311  2087 I AwesomePlayer: Could not offload audio decode, try pcm offload
01-01 00:00:25.941   311  2087 D AudioPolicyManager: isOffloadSupported: stream_type != MUSIC, returning false
01-01 00:00:25.942   311  2061 I AudioPlayer: start of Playback, useOffload 0
01-01 00:00:25.958   345  2085 E mm-camera-CORE: af_single_if_link: Link success! 
01-01 00:00:25.959   345  2085 E mm-camera: is_module_start_session: Enter
01-01 00:00:25.959   345  2085 E mm-camera: is_module_start_session: Exit successful
01-01 00:00:25.959   345  2085 E mm-camera: gyro_module_start_session: Enter
01-01 00:00:25.959   345  2085 E mm-camera: gyro_port_init: Init DSPS
01-01 00:00:25.966   345  2094 D hdr     : Session id 0x2 started
01-01 00:00:25.973  1985  1985 W InputAttributes: No editor info for this field. Bug?
01-01 00:00:26.027   311  2087 I AudioPlayer: Pause Playback at 80000
01-01 00:00:26.027   311  2061 I AudioPlayer: reset: mPlaying=0 mReachedEOS=1 useOffload=0
01-01 00:00:26.028   311  2078 I AudioPlayer: Pause Playback at 108145
01-01 00:00:26.028   311   311 I AudioPlayer: reset: mPlaying=0 mReachedEOS=1 useOffload=0
01-01 00:00:26.055   324   499 I ThermalEngine: Sensor:tsens_tz_sensor6:91000 mC
01-01 00:00:26.060   311  1708 D Utils   : printFileName fd(19) -> /system/media/audio/ui/KeypressReturn.ogg
01-01 00:00:26.063  1985  2101 I LatinIME:LogUtils: Dictionary info: dictionary = PersonalizationDictionary.en_US ; version = 26 ; date = ?
01-01 00:00:26.065  1985  2104 I LatinIME:LogUtils: Dictionary info: dictionary = ContextualDictionary.en_US ; version = 26 ; date = ?
01-01 00:00:26.066  1985  2102 I LatinIME:LogUtils: Dictionary info: dictionary = userunigram.en_US ; version = 26 ; date = ?
01-01 00:00:26.066  1985  2103 I LatinIME:LogUtils: Dictionary info: dictionary = contacts.en_US ; version = 26 ; date = ?
01-01 00:00:26.079  1985  2100 I LatinIME:LogUtils: Dictionary info: dictionary = UserHistoryDictionary.en_US ; version = 23 ; date = 1530638219
01-01 00:00:26.080  1343  1360 I ActivityManager: Start proc android.process.acore for content provider com.android.providers.userdictionary/.UserDictionaryProvider: pid=2107 uid=10003 gids={50003, 9997, 3003, 1028, 1015} abi=armeabi-v7a
01-01 00:00:26.084   345  2082 E mm-camera-sensor: module_sensor_init_session:1140 Sensor path (null) name imx377_0
01-01 00:00:26.085   345  2082 I mm-camera-sensor: sensor_set_position:1416 Position ID: 0
01-01 00:00:26.085   345  2082 I mm-camera-sensor: sensor_set_mode:1447 Sensor Mode ID: 1
01-01 00:00:26.087   311  1708 D ExtendedUtils: extended extractor not needed, return default
01-01 00:00:26.088   311  2124 D AudioPolicyManager: isOffloadSupported: stream_type != MUSIC, returning false
01-01 00:00:26.089   311  2124 D OMXCodec: Successfully allocated OMX node 'OMX.google.vorbis.decoder'
01-01 00:00:26.089   311  2124 I ExtendedUtils: decision 0 mime 
01-01 00:00:26.089   311  2124 I AwesomePlayer: Could not offload audio decode, try pcm offload
01-01 00:00:26.089   311  2124 D AudioPolicyManager: isOffloadSupported: stream_type != MUSIC, returning false
01-01 00:00:26.091   311  1708 I AudioPlayer: start of Playback, useOffload 0
01-01 00:00:26.113  2132  2132 I log_temperatures: SD card mounted, creating log folder. 
01-01 00:00:26.120   324   499 I ThermalEngine: Sensor:tsens_tz_sensor6:84000 mC
01-01 00:00:26.120   324   499 I ThermalEngine: Sensor:tsens_tz_sensor6:84000 mC
01-01 00:00:26.143  2144  2144 I logcat_to_sd: SD card mounted, creating log folder. 
01-01 00:00:26.169   413   413 I sh      : type=1400 audit(0.0:23): avc: denied { getattr } for path="/storage/sdcard1/info/logs/performance_log.05.csv" dev="fuse" ino=3062915888 scontext=u:r:init:s0 tcontext=u:object_r:fuse:s0 tclass=file permissive=1
01-01 00:00:26.179  2195  2195 I mv      : type=1400 audit(0.0:24): avc: denied { write } for name="logs" dev="fuse" ino=3061866672 scontext=u:r:init:s0 tcontext=u:object_r:fuse:s0 tclass=dir permissive=1
01-01 00:00:26.179  2195  2195 I mv      : type=1400 audit(0.0:25): avc: denied { remove_name } for name="performance_log.05.csv" dev="fuse" ino=3062915888 scontext=u:r:init:s0 tcontext=u:object_r:fuse:s0 tclass=dir permissive=1
01-01 00:00:26.179  2195  2195 I mv      : type=1400 audit(0.0:26): avc: denied { rename } for name="performance_log.05.csv" dev="fuse" ino=3062915888 scontext=u:r:init:s0 tcontext=u:object_r:fuse:s0 tclass=file permissive=1
01-01 00:00:26.179  2195  2195 I mv      : type=1400 audit(0.0:27): avc: denied { add_name } for name="performance_log.06.csv" scontext=u:r:init:s0 tcontext=u:object_r:fuse:s0 tclass=dir permissive=1
01-01 00:00:26.203  1985  2101 I LatinIME:LogUtils: Dictionary info: dictionary = PersonalizationDictionary.en_US ; version = 26 ; date = ?
01-01 00:00:26.204  1985  2101 I LatinIME:LogUtils: Dictionary info: dictionary = PersonalizationDictionary.en_US ; version = 26 ; date = ?
01-01 00:00:26.210   311  2124 I AudioPlayer: Pause Playback at 108145
01-01 00:00:26.210   311  1708 I AudioPlayer: reset: mPlaying=0 mReachedEOS=1 useOffload=0
01-01 00:00:26.214   311  2061 D Utils   : printFileName fd(19) -> /system/media/audio/ui/KeypressInvalid.ogg
01-01 00:00:26.246   311  2061 D ExtendedUtils: extended extractor not needed, return default
01-01 00:00:26.247   311  2217 D AudioPolicyManager: isOffloadSupported: stream_type != MUSIC, returning false
01-01 00:00:26.247   311  2217 D OMXCodec: Successfully allocated OMX node 'OMX.google.vorbis.decoder'
01-01 00:00:26.248   311  2217 I ExtendedUtils: decision 0 mime 
01-01 00:00:26.248   311  2217 I AwesomePlayer: Could not offload audio decode, try pcm offload
01-01 00:00:26.248   311  2217 D AudioPolicyManager: isOffloadSupported: stream_type != MUSIC, returning false
