01-01 00:00:24.235   298  1929 I AwesomePlayer: Could not offload audio decode, try pcm offload
01-01 00:00:24.235   298  1929 D AudioPolicyManager: isOffloadSupported: stream_type != MUSIC, returning false
01-01 00:00:24.236   298   298 I AudioPlayer: start of Playback, useOffload 0
01-01 00:00:24.425   298  1929 I AudioPlayer: Pause Playback at 182539
01-01 00:00:24.426   298   298 I AudioPlayer: reset: mPlaying=0 mReachedEOS=1 useOffload=0
01-01 00:00:24.562   376  1358 E modemanager: readXMLOp:Couldn't open OEM XML file!
01-01 00:00:24.562   376  1358 E modemanager: retrieveMode: Failed to enumerate modes
01-01 00:00:24.562   376  1358 E modemanager: in applyDefaultMode fail to retrieve default mode!
01-01 00:00:24.562   376  1358 I modemanager: in applyDefaultMode ret = 0 mCurMode = -1
01-01 00:00:24.562   376  1358 E PPDaemon: void* applyDefaultModeThreadFunc(void*) failed applying default mode!
01-01 00:00:25.269   391   391 I sh      : type=1400 audit(0.0:40): avc: denied { append } for name="performance_log.csv" dev="fuse" ino=3061867552 scontext=u:r:init:s0 tcontext=u:object_r:fuse:s0 tclass=file permissive=1
01-01 00:00:25.562   376  1358 E modemanager: readXMLOp:Couldn't open OEM XML file!
01-01 00:00:25.562   376  1358 E modemanager: retrieveMode: Failed to enumerate modes
01-01 00:00:25.562   376  1358 E modemanager: in applyDefaultMode fail to retrieve default mode!
01-01 00:00:25.562   376  1358 I modemanager: in applyDefaultMode ret = 0 mCurMode = -1
01-01 00:00:25.562   376  1358 E PPDaemon: void* applyDefaultModeThreadFunc(void*) failed applying default mode!
01-01 00:00:26.001   325   325 E QC-time-services: Daemon:genoff_modem_qmi_init: qmi_client_get_service_list returned -2num_services 0
01-01 00:00:26.001   325   325 E QC-time-services: Daemon:genoff_modem_qmi_init:retry count exceeds limitQMI init failed continuing withoutserver
01-01 00:00:26.168   325   325 E QC-time-services: Daemon: QMI init failed, QMI calls inactive
01-01 00:00:26.168   325  2028 D QC-time-services: Daemon: Time-services: All initializations done
01-01 00:00:26.168   325  2028 E QC-time-services: Daemon: Time-services: Waiting to acceptconnection
01-01 00:00:26.563   376  1358 E modemanager: readXMLOp:Couldn't open OEM XML file!
01-01 00:00:26.563   376  1358 E modemanager: retrieveMode: Failed to enumerate modes
01-01 00:00:26.563   376  1358 E modemanager: in applyDefaultMode fail to retrieve default mode!
01-01 00:00:26.563   376  1358 I modemanager: in applyDefaultMode ret = 0 mCurMode = -1
01-01 00:00:26.563   376  1358 E PPDaemon: void* applyDefaultModeThreadFunc(void*) failed applying default mode!
01-01 00:00:26.842   327  1790 E libsensor1: sensor1_open: Error in connect() errno=2 No such file or directory
01-01 00:00:26.842   327  1790 E mm-camera: dsps_proc_init: Failed to open sensor1 port
01-01 00:00:26.842   327  1790 E mm-camera: gyro_module_start_session: Exit successful
01-01 00:00:26.842   327  1790 E mm-camera: is_module_get_port: Exit successful
01-01 00:00:26.842   327  1790 E mm-camera: gyro_module_get_port: Exit successful
01-01 00:00:26.842   327   327 E mm-camera-sensor: module_sensor_query_mod:4697 led flash is not supported for this sensor.
01-01 00:00:26.842   327   327 I mm-camera-sensor: module_module_set_session_data:4863 max delay 2 report delay 1
01-01 00:00:26.867   327   327 I mm-camera-eztune: vendor/qcom/proprietary/mm-camera/mm-camera2/server-tuning/tuning/eztune_interface.cpp(301): "Create Server : 0xb6a4ef60"
01-01 00:00:26.868   327   327 I mm-camera-eztune: vendor/qcom/proprietary/mm-camera/mm-camera2/server-tuning/tuning/eztune_interface.cpp(301): "Create Server : 0xb69fa020"
01-01 00:00:26.868   327  2124 I mm-camera-eztune: vendor/qcom/proprietary/mm-camera/mm-camera2/server-tuning/tuning/eztune_interface.cpp(51): "Server: Waiting on new connection...\n"
01-01 00:00:26.868   327  2125 I mm-camera-eztune: vendor/qcom/proprietary/mm-camera/mm-camera2/server-tuning/tuning/eztune_interface.cpp(51): "Server: Waiting on new connection...\n"
01-01 00:00:26.868   298  1431 E QCameraHWI_Mem: int qcamera::QCameraMemory::alloc(int, int, int, uint32_t) : No memory pool available
01-01 00:00:26.869   327  2126 E mm-camera-sensor: module_sensor_query_mod:4697 led flash is not supported for this sensor.
01-01 00:00:26.879   298  1431 I mm-jpeg-intf: Max picture size 4000 x 3000, WorkBufSize = 18192384
01-01 00:00:26.913   298  1431 I qomx_image_core: OMX_Init:94] Complete 2
01-01 00:00:26.913   298  1431 E QCameraHWI_Mem: int qcamera::QCameraMemory::alloc(int, int, int, uint32_t) : No memory pool available
01-01 00:00:26.915   298  1431 E QCameraParameters: int32_t qcamera::QCameraParameters::setPreviewFpsRange(int, int, int, int): E minFps = 15000, maxFps = 30000 , vid minFps = 15000, vid maxFps = 30000
01-01 00:00:26.916   298  1431 E QCameraParameters: int32_t qcamera::QCameraParameters::setPreviewFpsRange(int, int, int, int): Setting preview fps range 15000,30000
01-01 00:00:26.916   298  1431 E QCameraParameters: int32_t qcamera::QCameraParameters::setPreviewFpsRange(int, int, int, int): Updated: minFps = 15000, maxFps = 30000 , vid minFps = 15000, vid maxFps = 30000
01-01 00:00:26.916   298  1431 E QCamera2HWI: int qcamera::QCamera2HardwareInterface::calcThermalLevel(qcamera::qcamera_thermal_level_enum_t, int, int, cam_fps_range_t&, msm_vfe_frame_skip_pattern&): level: 0, preview minfps 15000, preview maxfpS 30000video minfps 15000, video maxfpS 30000
01-01 00:00:26.916   298  1431 E QCameraParameters: int32_t qcamera::QCameraParameters::setPreviewFpsRange(int, int, int, int): Thermal adjusted preview fps range 15,30, 15, 30
01-01 00:00:26.916   298  1431 E QCameraParameters: int32_t qcamera::QCameraParameters::initDefaultParameters(): supported flash modes cnt is 0!!!
01-01 00:00:26.916   298  1431 E QCameraParameters: int32_t qcamera::QCameraParameters::setSceneMode(const char*): Setting SceneMode auto
01-01 00:00:26.918   298  1431 I Thermal-Lib: Thermal-Lib-Client: Registraion successful for camera with handle:1
01-01 00:00:26.918   298  1431 I Thermal-Lib: Thermal-Lib-Client: Registraion successful for camcorder with handle:2
01-01 00:00:26.918   309   501 I ThermalEngine: Thermal-Server: Adding thermal event listener on fd 51
01-01 00:00:26.918   298  2133 I Thermal-Lib: Thermal-Lib-Client: Client received msg camera 0
01-01 00:00:26.919   298  2133 I Thermal-Lib: Thermal-Lib-Client: Client received msg camcorder 0
01-01 00:00:26.919   298  1783 E QCamera2HWI: int qcamera::QCamera2HardwareInterface::calcThermalLevel(qcamera::qcamera_thermal_level_enum_t, int, int, cam_fps_range_t&, msm_vfe_frame_skip_pattern&): level: 0, preview minfps 15000, preview maxfpS 30000video minfps 15000, video maxfpS 30000
01-01 00:00:26.919   298  1783 E QCamera2HWI: int qcamera::QCamera2HardwareInterface::calcThermalLevel(qcamera::qcamera_thermal_level_enum_t, int, int, cam_fps_range_t&, msm_vfe_frame_skip_pattern&): level: 0, preview minfps 15000, preview maxfpS 30000video minfps 15000, video maxfpS 30000
01-01 00:00:26.921   298  1431 I CameraClient: Destroying camera 0
01-01 00:00:26.922   298  1431 I qomx_image_core: OMX_Deinit:118] Complete
01-01 00:00:26.926   298  1431 E QCameraPostProc: int32_t qcamera::QCameraPostProcessor::deinit(): Jpeg closed, rc = 0, mJpegClientHandle = 100
01-01 00:00:26.926   298  1431 I Thermal-Lib: Thermal-Lib-Client: Unregisteration is successfull for handle:1
01-01 00:00:26.926   309   501 I ThermalEngine: Thermal-Server: removing client on fd 51
01-01 00:00:26.927   298  1431 I Thermal-Lib: Thermal-Lib-Client: Unregisteration is successfull for handle:2
01-01 00:00:26.928   327  2126 E mm-camera: mct_pipeline_get_stream: no children
01-01 00:00:26.928   327   327 I mm-camera-eztune: vendor/qcom/proprietary/mm-camera/mm-camera2/server-tuning/tuning/eztune_interface.cpp(315): "Delete Server : 0xb6a4ef60"
01-01 00:00:26.928   327  2124 W mm-camera-eztune: vendor/qcom/proprietary/mm-camera/mm-camera2/server-tuning/tuning/mmcam_socket_utils.cpp(311): "Received event from non socket fd"
01-01 00:00:26.928   327  2124 W mm-camera-eztune: vendor/qcom/proprietary/mm-camera/mm-camera2/server-tuning/tuning/eztune_interface.cpp(61): "Stop message. Exiting server thread"
01-01 00:00:26.928   327   327 I mm-camera-eztune: vendor/qcom/proprietary/mm-camera/mm-camera2/server-tuning/tuning/eztune_interface.cpp(315): "Delete Server : 0xb69fa020"
01-01 00:00:26.928   327  2125 W mm-camera-eztune: vendor/qcom/proprietary/mm-camera/mm-camera2/server-tuning/tuning/mmcam_socket_utils.cpp(311): "Received event from non socket fd"
01-01 00:00:26.928   327  2125 W mm-camera-eztune: vendor/qcom/proprietary/mm-camera/mm-camera2/server-tuning/tuning/eztune_interface.cpp(61): "Stop message. Exiting server thread"
01-01 00:00:26.929   327  2135 I mm-camera-sensor: module_sensor_stop_session:1457 session 2
01-01 00:00:26.929   327  2137 E mm-camera-isp2: isp_module_stop_session:312 session id 2
01-01 00:00:26.931   327   327 E mm-camera: mct_pipeline_stop_session: left modules: 5
01-01 00:00:26.934   327   327 E mm-camera: mct_pipeline_stop_session: left modules: 4
01-01 00:00:26.934   327  2138 E mm-camera: is_module_stop_session: Enter
01-01 00:00:26.935   327  2138 E mm-camera: is_module_stop_session: Exit successful
01-01 00:00:26.935   327  2138 E mm-camera: gyro_module_stop_session: Enter
01-01 00:00:26.935   327  2138 E mm-camera: gyro_port_deinit: Deinit DSPS
01-01 00:00:26.935   327  2138 E mm-camera: gyro_module_stop_session: Exit successful
01-01 00:00:26.935   327   327 E mm-camera: mct_pipeline_stop_session: left modules: 3
01-01 00:00:26.935   327   327 E mm-camera: mct_pipeline_stop_session: left modules: 2
01-01 00:00:26.935   327  2140 D hdr     : Session id 0x2 stopped
01-01 00:00:26.935   327   327 E mm-camera: mct_pipeline_stop_session: left modules: 1
01-01 00:00:26.940   327   327 E mm-camera: mct_pipeline_stop_session: left modules: 0
01-01 00:00:26.940   327  1912 E mm-camera-sensor: Got some events
01-01 00:00:26.940   327  1912 I mm-camera-sensor: sensor_thread_func:154 sensor_thread_func:Sensor thread is exiting
01-01 00:00:26.947   298  1799 I CameraService: getCameraCharacteristics: Switching to HAL1 shim implementation...
01-01 00:00:26.948   298  1799 I AwesomePlayer: setDataSource_l(<no-scheme URI suppressed>)
01-01 00:00:26.948   298  1799 D AwesomePlayer: printFileName /system/media/audio/ui/camera_click.ogg
01-01 00:00:26.964   298  2141 D ExtendedUtils: extended extractor not needed, return default
01-01 00:00:26.964   298  2141 D AudioPolicyManager: isOffloadSupported: stream_type != MUSIC, returning false
01-01 00:00:26.965   298  2141 D OMXCodec: Successfully allocated OMX node 'OMX.google.vorbis.decoder'
01-01 00:00:26.966   298  2141 I ExtendedUtils: decision 0 mime 
01-01 00:00:26.966   298  2141 I AwesomePlayer: Could not offload audio decode, try pcm offload
01-01 00:00:26.966   298  2141 D AudioPolicyManager: isOffloadSupported: stream_type != MUSIC, returning false
01-01 00:00:26.966   298  1799 I AwesomePlayer: setDataSource_l(<no-scheme URI suppressed>)
01-01 00:00:26.966   298  1799 D AwesomePlayer: printFileName /system/media/audio/ui/VideoRecord.ogg
01-01 00:00:26.981   298  2144 D ExtendedUtils: extended extractor not needed, return default
01-01 00:00:26.981   298  2144 D AudioPolicyManager: isOffloadSupported: stream_type != MUSIC, returning false
01-01 00:00:26.982   298  2144 D OMXCodec: Successfully allocated OMX node 'OMX.google.vorbis.decoder'
01-01 00:00:26.982   298  2144 I ExtendedUtils: decision 0 mime 
01-01 00:00:26.982   298  2144 I AwesomePlayer: Could not offload audio decode, try pcm offload
01-01 00:00:26.982   298  2144 D AudioPolicyManager: isOffloadSupported: stream_type != MUSIC, returning false
01-01 00:00:26.983   298  1799 I CameraClient: Opening camera 1
01-01 00:00:26.988   327  2149 I mm-camera-sensor: module_sensor_start_session:1402 session 3
01-01 00:00:26.989   327  2151 E mm-camera-isp2: isp_module_start_session:166 session id 3
01-01 00:00:26.992   327  2155 D hdr     : Session id 0x3 started
01-01 00:00:26.996   327  2153 E mm-camera-CORE: af_single_if_link: Link success! 
01-01 00:00:26.997   327  2153 E mm-camera: is_module_start_session: Enter
01-01 00:00:26.997   327  2153 E mm-camera: is_module_start_session: Exit successful
01-01 00:00:26.997   327  2153 E mm-camera: gyro_module_start_session: Enter
01-01 00:00:26.997   327  2153 E mm-camera: gyro_port_init: Init DSPS
01-01 00:00:27.139   327  2149 E mm-camera-sensor: module_sensor_init_session:1140 Sensor path (null) name imx377_1
01-01 00:00:27.140   327  2149 I mm-camera-sensor: sensor_set_position:1416 Position ID: 0
01-01 00:00:27.140   327  2149 I mm-camera-sensor: sensor_set_mode:1447 Sensor Mode ID: 1
01-01 00:00:27.306   327  2149 I mm-camera-sensor: module_sensor_init_session:1301 Success
01-01 00:00:27.306   327  2149 E mm-camera-sensor: module_sensor_start_session:1435 SUCCESS
01-01 00:00:27.563   376  1358 E modemanager: readXMLOp:Couldn't open OEM XML file!
01-01 00:00:27.563   376  1358 E modemanager: retrieveMode: Failed to enumerate modes
01-01 00:00:27.563   376  1358 E modemanager: in applyDefaultMode fail to retrieve default mode!
01-01 00:00:27.563   376  1358 I modemanager: in applyDefaultMode ret = 0 mCurMode = -1
01-01 00:00:27.563   376  1358 E PPDaemon: void* applyDefaultModeThreadFunc(void*) failed applying default mode!
01-01 00:00:28.563   376  1358 E modemanager: readXMLOp:Couldn't open OEM XML file!
01-01 00:00:28.563   376  1358 E modemanager: retrieveMode: Failed to enumerate modes
01-01 00:00:28.563   376  1358 E modemanager: in applyDefaultMode fail to retrieve default mode!
01-01 00:00:28.563   376  1358 I modemanager: in applyDefaultMode ret = 0 mCurMode = -1
01-01 00:00:28.563   376  1358 E PPDaemon: void* applyDefaultModeThreadFunc(void*) failed applying default mode!
01-01 00:00:29.563   376  1358 E modemanager: readXMLOp:Couldn't open OEM XML file!
01-01 00:00:29.563   376  1358 E modemanager: retrieveMode: Failed to enumerate modes
01-01 00:00:29.563   376  1358 E modemanager: in applyDefaultMode fail to retrieve default mode!
01-01 00:00:29.563   376  1358 I modemanager: in applyDefaultMode ret = 0 mCurMode = -1
01-01 00:00:29.563   376  1358 E PPDaemon: void* applyDefaultModeThreadFunc(void*) failed applying default mode!
01-01 00:00:30.007   327  2153 E libsensor1: sensor1_open: Error in connect() errno=2 No such file or directory
01-01 00:00:30.007   327  2153 E mm-camera: dsps_proc_init: Failed to open sensor1 port
01-01 00:00:30.007   327  2153 E mm-camera: gyro_module_start_session: Exit successful
01-01 00:00:30.007   327  2153 E mm-camera: is_module_get_port: Exit successful
01-01 00:00:30.007   327  2153 E mm-camera: gyro_module_get_port: Exit successful
01-01 00:00:30.008   327   327 E mm-camera-sensor: module_sensor_query_mod:4697 led flash is not supported for this sensor.
01-01 00:00:30.008   327   327 I mm-camera-sensor: module_module_set_session_data:4863 max delay 2 report delay 1
01-01 00:00:30.009   327   327 I mm-camera-eztune: vendor/qcom/proprietary/mm-camera/mm-camera2/server-tuning/tuning/eztune_interface.cpp(301): "Create Server : 0xb69fa020"
01-01 00:00:30.009   327   327 I mm-camera-eztune: vendor/qcom/proprietary/mm-camera/mm-camera2/server-tuning/tuning/eztune_interface.cpp(301): "Create Server : 0xb6a4ef60"
01-01 00:00:30.009   327  2446 I mm-camera-eztune: vendor/qcom/proprietary/mm-camera/mm-camera2/server-tuning/tuning/eztune_interface.cpp(51): "Server: Waiting on new connection...\n"
01-01 00:00:30.010   298  1799 E QCameraHWI_Mem: int qcamera::QCameraMemory::alloc(int, int, int, uint32_t) : No memory pool available
01-01 00:00:30.010   327  2445 I mm-camera-eztune: vendor/qcom/proprietary/mm-camera/mm-camera2/server-tuning/tuning/eztune_interface.cpp(51): "Server: Waiting on new connection...\n"
01-01 00:00:30.010   327  2447 E mm-camera-sensor: module_sensor_query_mod:4697 led flash is not supported for this sensor.
01-01 00:00:30.020   298  1799 I mm-jpeg-intf: Max picture size 4000 x 3000, WorkBufSize = 18192384
01-01 00:00:30.020   298  1799 I qomx_image_core: OMX_Init:94] Complete 2
01-01 00:00:30.021   298  1799 E QCameraHWI_Mem: int qcamera::QCameraMemory::alloc(int, int, int, uint32_t) : No memory pool available
01-01 00:00:30.022   298  1799 E QCameraParameters: int32_t qcamera::QCameraParameters::setPreviewFpsRange(int, int, int, int): E minFps = 15000, maxFps = 30000 , vid minFps = 15000, vid maxFps = 30000
01-01 00:00:30.022   298  1799 E QCameraParameters: int32_t qcamera::QCameraParameters::setPreviewFpsRange(int, int, int, int): Setting preview fps range 15000,30000
01-01 00:00:30.022   298  1799 E QCameraParameters: int32_t qcamera::QCameraParameters::setPreviewFpsRange(int, int, int, int): Updated: minFps = 15000, maxFps = 30000 , vid minFps = 15000, vid maxFps = 30000
01-01 00:00:30.022   298  1799 E QCamera2HWI: int qcamera::QCamera2HardwareInterface::calcThermalLevel(qcamera::qcamera_thermal_level_enum_t, int, int, cam_fps_range_t&, msm_vfe_frame_skip_pattern&): level: 0, preview minfps 15000, preview maxfpS 30000video minfps 15000, video maxfpS 30000
01-01 00:00:30.022   298  1799 E QCameraParameters: int32_t qcamera::QCameraParameters::setPreviewFpsRange(int, int, int, int): Thermal adjusted preview fps range 15,30, 15, 30
01-01 00:00:30.022   298  1799 E QCameraParameters: int32_t qcamera::QCameraParameters::initDefaultParameters(): supported flash modes cnt is 0!!!
01-01 00:00:30.022   298  1799 E QCameraParameters: int32_t qcamera::QCameraParameters::setSceneMode(const char*): Setting SceneMode auto
01-01 00:00:30.023   298  1799 I Thermal-Lib: Thermal-Lib-Client: Registraion successful for camera with handle:1
01-01 00:00:30.023   298  1799 I Thermal-Lib: Thermal-Lib-Client: Registraion successful for camcorder with handle:2
01-01 00:00:30.024   309   501 I ThermalEngine: Thermal-Server: Adding thermal event listener on fd 51
01-01 00:00:30.024   298  2454 I Thermal-Lib: Thermal-Lib-Client: Client received msg camera 0
01-01 00:00:30.024   298  2454 I Thermal-Lib: Thermal-Lib-Client: Client received msg camcorder 0
01-01 00:00:30.024   298  2147 E QCamera2HWI: int qcamera::QCamera2HardwareInterface::calcThermalLevel(qcamera::qcamera_thermal_level_enum_t, int, int, cam_fps_range_t&, msm_vfe_frame_skip_pattern&): level: 0, preview minfps 15000, preview maxfpS 30000video minfps 15000, video maxfpS 30000
01-01 00:00:30.025   298  2147 E QCamera2HWI: int qcamera::QCamera2HardwareInterface::calcThermalLevel(qcamera::qcamera_thermal_level_enum_t, int, int, cam_fps_range_t&, msm_vfe_frame_skip_pattern&): level: 0, preview minfps 15000, preview maxfpS 30000video minfps 15000, video maxfpS 30000
01-01 00:00:30.027   298  1799 I CameraClient: Destroying camera 1
01-01 00:00:30.029   298  1799 I qomx_image_core: OMX_Deinit:118] Complete
01-01 00:00:30.032   298  1799 E QCameraPostProc: int32_t qcamera::QCameraPostProcessor::deinit(): Jpeg closed, rc = 0, mJpegClientHandle = 200
01-01 00:00:30.032   298  1799 I Thermal-Lib: Thermal-Lib-Client: Unregisteration is successfull for handle:1
01-01 00:00:30.032   309   501 I ThermalEngine: Thermal-Server: removing client on fd 51
01-01 00:00:30.032   298  1799 I Thermal-Lib: Thermal-Lib-Client: Unregisteration is successfull for handle:2
01-01 00:00:30.033   327  2447 E mm-camera: mct_pipeline_get_stream: no children
01-01 00:00:30.034   327   327 I mm-camera-eztune: vendor/qcom/proprietary/mm-camera/mm-camera2/server-tuning/tuning/eztune_interface.cpp(315): "Delete Server : 0xb69fa020"
01-01 00:00:30.034   327  2445 W mm-camera-eztune: vendor/qcom/proprietary/mm-camera/mm-camera2/server-tuning/tuning/mmcam_socket_utils.cpp(311): "Received event from non socket fd"
01-01 00:00:30.034   327  2445 W mm-camera-eztune: vendor/qcom/proprietary/mm-camera/mm-camera2/server-tuning/tuning/eztune_interface.cpp(61): "Stop message. Exiting server thread"
01-01 00:00:30.034   327   327 I mm-camera-eztune: vendor/qcom/proprietary/mm-camera/mm-camera2/server-tuning/tuning/eztune_interface.cpp(315): "Delete Server : 0xb6a4ef60"
01-01 00:00:30.034   327  2446 W mm-camera-eztune: vendor/qcom/proprietary/mm-camera/mm-camera2/server-tuning/tuning/mmcam_socket_utils.cpp(311): "Received event from non socket fd"
01-01 00:00:30.034   327  2446 W mm-camera-eztune: vendor/qcom/proprietary/mm-camera/mm-camera2/server-tuning/tuning/eztune_interface.cpp(61): "Stop message. Exiting server thread"
01-01 00:00:30.040   327  2456 I mm-camera-sensor: module_sensor_stop_session:1457 session 3
01-01 00:00:30.040   327  2458 E mm-camera-isp2: isp_module_stop_session:312 session id 3
01-01 00:00:30.043   327   327 E mm-camera: mct_pipeline_stop_session: left modules: 5
01-01 00:00:30.043   327   327 E mm-camera: mct_pipeline_stop_session: left modules: 4
01-01 00:00:30.044   327  2459 E mm-camera: is_module_stop_session: Enter
01-01 00:00:30.044   327  2461 D hdr     : Session id 0x3 stopped
01-01 00:00:30.044   327   327 E mm-camera: mct_pipeline_stop_session: left modules: 3
01-01 00:00:30.044   327  2459 E mm-camera: is_module_stop_session: Exit successful
01-01 00:00:30.044   327  2459 E mm-camera: gyro_module_stop_session: Enter
01-01 00:00:30.044   327  2459 E mm-camera: gyro_port_deinit: Deinit DSPS
01-01 00:00:30.044   327  2459 E mm-camera: gyro_module_stop_session: Exit successful
01-01 00:00:30.045   327   327 E mm-camera: mct_pipeline_stop_session: left modules: 2
01-01 00:00:30.045   327   327 E mm-camera: mct_pipeline_stop_session: left modules: 1
01-01 00:00:30.051  1488  1507 W art     : Long monitor contention event with owner method=boolean android.os.BinderProxy.transactNative(int, android.os.Parcel, android.os.Parcel, int) from Binder.java:4294967294 waiters=0 for 6.245s
01-01 00:00:30.056  1488  1488 W ArrayUtils: Ignoring invalid value emboss
01-01 00:00:30.056  1488  1488 W ArrayUtils: Ignoring invalid value sketch
01-01 00:00:30.056  1488  1488 W ArrayUtils: Ignoring invalid value neon
01-01 00:00:30.056  1488  1488 W ArrayUtils: Ignoring invalid value asd
01-01 00:00:30.056  1488  1488 W ArrayUtils: Ignoring invalid value backlight
01-01 00:00:30.056  1488  1488 W ArrayUtils: Ignoring invalid value flowers
01-01 00:00:30.056  1488  1488 W ArrayUtils: Ignoring invalid value AR
01-01 00:00:30.056   327  2164 E mm-camera-sensor: Got some events
01-01 00:00:30.056   327   327 E mm-camera: mct_pipeline_stop_session: left modules: 0
01-01 00:00:30.056   327  2164 I mm-camera-sensor: sensor_thread_func:154 sensor_thread_func:Sensor thread is exiting
01-01 00:00:30.064  1488  1488 W ArrayUtils: Ignoring invalid value emboss
01-01 00:00:30.064  1488  1488 W ArrayUtils: Ignoring invalid value sketch
01-01 00:00:30.064  1488  1488 W ArrayUtils: Ignoring invalid value neon
01-01 00:00:30.064  1488  1488 W ArrayUtils: Ignoring invalid value asd
01-01 00:00:30.064  1488  1488 W ArrayUtils: Ignoring invalid value backlight
01-01 00:00:30.064  1488  1488 W ArrayUtils: Ignoring invalid value flowers
01-01 00:00:30.064  1488  1488 W ArrayUtils: Ignoring invalid value AR
01-01 00:00:30.092  1488  2464 D BluetoothAdapter: 939180557: getState() :  mService = null. Returning STATE_OFF
01-01 00:00:30.092  1488  2464 D BluetoothAdapter: 939180557: getState() :  mService = null. Returning STATE_OFF
01-01 00:00:30.092  1488  2464 D BluetoothAdapter: 939180557: getState() :  mService = null. Returning STATE_OFF
01-01 00:00:30.092  1488  2464 D BluetoothAdapter: 939180557: getState() :  mService = null. Returning STATE_OFF
01-01 00:00:30.105  1488  2466 D OpenGLRenderer: Render dirty regions requested: true
01-01 00:00:30.107  1488  1488 D Atlas   : Validating map...
01-01 00:00:30.110  1488  1488 D PhoneStatusBar: disable: < expand icons alerts system_info back home recent clock search >
01-01 00:00:30.127  1488  1488 D BluetoothAdapter: 939180557: getState() :  mService = null. Returning STATE_OFF
01-01 00:00:30.127  1488  1488 D BluetoothAdapter: 939180557: getState() :  mService = null. Returning STATE_OFF
01-01 00:00:30.131  1488  1488 D PhoneStatusBar: heads up is enabled
01-01 00:00:30.136  1488  1488 I Choreographer: Skipped 416 frames!  The application may be doing too much work on its main thread.
01-01 00:00:30.139  1488  1488 D ViewRootImpl: changeCanvasOpacity: opaque=true
01-01 00:00:30.141  1488  1488 W Settings: Setting airplane_mode_on has moved from android.provider.Settings.System to android.provider.Settings.Global, returning read-only value.
01-01 00:00:30.144  1488  1488 W Settings: Setting airplane_mode_on has moved from android.provider.Settings.System to android.provider.Settings.Global, returning read-only value.
01-01 00:00:30.144  1488  1488 W TelecomManager: Telecom Service not found.
01-01 00:00:30.145  1488  1488 W TelecomManager: Telecom Service not found.
01-01 00:00:30.145  1488  1488 W TelecomManager: Telecom Service not found.
01-01 00:00:30.145  1488  1488 W TelecomManager: Telecom Service not found.
01-01 00:00:30.145  1488  1488 W Settings: Setting airplane_mode_on has moved from android.provider.Settings.System to android.provider.Settings.Global, returning read-only value.
01-01 00:00:30.172  1488  2466 I Adreno  : EGLInit: QTI Build: 01/16/15, 25d4fe7, 
01-01 00:00:30.184  1488  2466 I OpenGLRenderer: Initialized EGL, version 1.4
01-01 00:00:30.194  1488  2466 D OpenGLRenderer: Enabling debug mode 0
01-01 00:00:30.210  1337  1425 D WifiService: New client listening to asynchronous messages
01-01 00:00:30.240  1488  1488 D OpenGLRenderer: setting property extraRasterBucket to 0.95
01-01 00:00:30.240  1488  1488 D OpenGLRenderer:     failed
01-01 00:00:30.240  1488  1488 D OpenGLRenderer: setting property extraRasterBucket to 0.0
01-01 00:00:30.240  1488  1488 D OpenGLRenderer:     failed
01-01 00:00:30.563   376  1358 E modemanager: readXMLOp:Couldn't open OEM XML file!
01-01 00:00:30.563   376  1358 E modemanager: retrieveMode: Failed to enumerate modes
01-01 00:00:30.563   376  1358 E modemanager: in applyDefaultMode fail to retrieve default mode!
01-01 00:00:30.563   376  1358 I modemanager: in applyDefaultMode ret = 0 mCurMode = -1
01-01 00:00:30.563   376  1358 E PPDaemon: void* applyDefaultModeThreadFunc(void*) failed applying default mode!
01-01 00:00:31.563   376  1358 E modemanager: readXMLOp:Couldn't open OEM XML file!
01-01 00:00:31.563   376  1358 E modemanager: retrieveMode: Failed to enumerate modes
01-01 00:00:31.563   376  1358 E modemanager: in applyDefaultMode fail to retrieve default mode!
01-01 00:00:31.563   376  1358 I modemanager: in applyDefaultMode ret = 0 mCurMode = -1
01-01 00:00:31.563   376  1358 E PPDaemon: void* applyDefaultModeThreadFunc(void*) failed applying default mode!
01-01 00:00:32.564   376  1358 E modemanager: readXMLOp:Couldn't open OEM XML file!
01-01 00:00:32.564   376  1358 E modemanager: retrieveMode: Failed to enumerate modes
01-01 00:00:32.564   376  1358 E modemanager: in applyDefaultMode fail to retrieve default mode!
01-01 00:00:32.564   376  1358 I modemanager: in applyDefaultMode ret = 0 mCurMode = -1
01-01 00:00:32.564   376  1358 E PPDaemon: void* applyDefaultModeThreadFunc(void*) failed applying default mode!
01-01 00:00:33.564   376  1358 E modemanager: readXMLOp:Couldn't open OEM XML file!
01-01 00:00:33.564   376  1358 E modemanager: retrieveMode: Failed to enumerate modes
01-01 00:00:33.564   376  1358 E modemanager: in applyDefaultMode fail to retrieve default mode!
01-01 00:00:33.564   376  1358 I modemanager: in applyDefaultMode ret = 0 mCurMode = -1
01-01 00:00:33.564   376  1358 E PPDaemon: void* applyDefaultModeThreadFunc(void*) failed applying default mode!
01-01 00:00:34.564   376  1358 E modemanager: readXMLOp:Couldn't open OEM XML file!
01-01 00:00:34.564   376  1358 E modemanager: retrieveMode: Failed to enumerate modes
01-01 00:00:34.564   376  1358 E modemanager: in applyDefaultMode fail to retrieve default mode!
01-01 00:00:34.564   376  1358 I modemanager: in applyDefaultMode ret = 0 mCurMode = -1
01-01 00:00:34.564   376  1358 E PPDaemon: void* applyDefaultModeThreadFunc(void*) failed applying default mode!
01-01 00:00:35.564   376  1358 E modemanager: readXMLOp:Couldn't open OEM XML file!
01-01 00:00:35.564   376  1358 E modemanager: retrieveMode: Failed to enumerate modes
01-01 00:00:35.564   376  1358 E modemanager: in applyDefaultMode fail to retrieve default mode!
01-01 00:00:35.564   376  1358 I modemanager: in applyDefaultMode ret = 0 mCurMode = -1
01-01 00:00:35.564   376  1358 E PPDaemon: void* applyDefaultModeThreadFunc(void*) failed applying default mode!
01-01 00:00:36.564   376  1358 E modemanager: readXMLOp:Couldn't open OEM XML file!
01-01 00:00:36.564   376  1358 E modemanager: retrieveMode: Failed to enumerate modes
01-01 00:00:36.564   376  1358 E modemanager: in applyDefaultMode fail to retrieve default mode!
01-01 00:00:36.564   376  1358 I modemanager: in applyDefaultMode ret = 0 mCurMode = -1
01-01 00:00:36.564   376  1358 E PPDaemon: void* applyDefaultModeThreadFunc(void*) failed applying default mode!
01-01 00:00:37.564   376  1358 E modemanager: readXMLOp:Couldn't open OEM XML file!
01-01 00:00:37.565   376  1358 E modemanager: retrieveMode: Failed to enumerate modes
01-01 00:00:37.565   376  1358 E modemanager: in applyDefaultMode fail to retrieve default mode!
01-01 00:00:37.565   376  1358 I modemanager: in applyDefaultMode ret = 0 mCurMode = -1
01-01 00:00:37.565   376  1358 E PPDaemon: void* applyDefaultModeThreadFunc(void*) failed applying default mode!
01-01 00:00:38.450  1337  1337 E LocSvc_afw: E/GSS open failed: No such file or directory
01-01 00:00:38.450  1337  1337 E LocSvc_afw: E/get_extension: Invalid interface passed in
01-01 00:00:38.474  1337  1337 E LocSvc_afw: E/get_extension: Invalid interface passed in
01-01 00:00:38.474  1337  1337 E LocSvc_afw: E/get_extension: Invalid interface passed in
01-01 00:00:38.478  1337  1337 D GpsLocationProvider: Reset GPS properties, previous size = 0
01-01 00:00:38.478  1337  1337 D GpsLocationProvider: GpsParamsResource: SUPL_HOST=supl.google.com
01-01 00:00:38.478  1337  1337 D GpsLocationProvider: GpsParamsResource: SUPL_PORT=7275
01-01 00:00:38.478  1337  1337 D GpsLocationProvider: GpsParamsResource: NTP_SERVER=north-america.pool.ntp.org
01-01 00:00:38.478  1337  1337 D GpsLocationProvider: GpsParamsResource: SUPL_VER=0x20000
01-01 00:00:38.478  1337  1337 D GpsLocationProvider: GpsParamsResource: SUPL_MODE=1
01-01 00:00:38.479  1337  1337 D GpsLocationProvider: GPS properties reloaded, size = 16
01-01 00:00:38.479  1337  1337 E LocSvc_eng: I/===> int loc_eng_set_server_proxy(loc_eng_data_s_type&, LocServerType, const char*, int) line 2502 
01-01 00:00:38.479  1337  1337 E LocSvc_eng: W/set_server called before init. save the address, type: 3, hostname: supl.google.com, port: 7275
01-01 00:00:38.480  1337  1337 D GpsLocationProvider: GPS configuration:
01-01 00:00:38.480  1337  1337 D GpsLocationProvider:  #Thu Jan 01 00:00:38 GMT+00:00 1970
01-01 00:00:38.480  1337  1337 D GpsLocationProvider: SUPL_HOST=supl.google.com
01-01 00:00:38.480  1337  1337 D GpsLocationProvider: SUPL_PORT=7275
01-01 00:00:38.480  1337  1337 D GpsLocationProvider: XTRA_VERSION_CHECK=0
01-01 00:00:38.480  1337  1337 D GpsLocationProvider: DEBUG_LEVEL=3
01-01 00:00:38.480  1337  1337 D GpsLocationProvider: SUPL_ES=1
01-01 00:00:38.480  1337  1337 D GpsLocationProvider: NMEA_PROVIDER=0
01-01 00:00:38.480  1337  1337 D GpsLocationProvider: CAPABILITIES=0x37
01-01 00:00:38.480  1337  1337 D GpsLocationProvider: SUPL_VER=0x10000
01-01 00:00:38.480  1337  1337 D GpsLocationProvider: ERR_ESTIMATE=0
01-01 00:00:38.480  1337  1337 D GpsLocationProvider: A_GLONASS_POS_PROTOCOL_SELECT=0
01-01 00:00:38.480  1337  1337 D GpsLocationProvider: INTERMEDIATE_POS=0
01-01 00:00:38.480  1337  1337 D GpsLocationProvider: SGLTE_TARGET=0
01-01 00:00:38.480  1337  1337 D GpsLocationProvider: LPP_PROFILE=0
01-01 00:00:38.480  1337  1337 D GpsLocationProvider: USE_EMERGENCY_PDN_FOR_EMERGENCY_SUPL=1
01-01 00:00:38.480  1337  1337 D GpsLocationProvider: NTP_SERVER=time.gpsonextra.net
01-01 00:00:38.480  1337  1337 D GpsLocationProvider: SUPL_MODE=1
01-01 00:00:38.480  1337  1337 E LocSvc_eng: I/===> void loc_eng_configuration_update(loc_eng_data_s_type&, const char*, int32_t) line 2627 
01-01 00:00:38.481  1337  1337 D GpsLocationProvider: final config = #Thu Jan 01 00:00:38 GMT+00:00 1970
01-01 00:00:38.481  1337  1337 D GpsLocationProvider: SUPL_HOST=supl.google.com
01-01 00:00:38.481  1337  1337 D GpsLocationProvider: SUPL_PORT=7275
01-01 00:00:38.481  1337  1337 D GpsLocationProvider: XTRA_VERSION_CHECK=0
01-01 00:00:38.481  1337  1337 D GpsLocationProvider: DEBUG_LEVEL=3
01-01 00:00:38.481  1337  1337 D GpsLocationProvider: SUPL_ES=1
01-01 00:00:38.481  1337  1337 D GpsLocationProvider: NMEA_PROVIDER=0
01-01 00:00:38.481  1337  1337 D GpsLocationProvider: CAPABILITIES=0x37
01-01 00:00:38.481  1337  1337 D GpsLocationProvider: SUPL_VER=0x10000
01-01 00:00:38.481  1337  1337 D GpsLocationProvider: ERR_ESTIMATE=0
01-01 00:00:38.481  1337  1337 D GpsLocationProvider: A_GLONASS_POS_PROTOCOL_SELECT=0
01-01 00:00:38.481  1337  1337 D GpsLocationProvider: INTERMEDIATE_POS=0
01-01 00:00:38.481  1337  1337 D GpsLocationProvider: SGLTE_TARGET=0
01-01 00:00:38.481  1337  1337 D GpsLocationProvider: LPP_PROFILE=0
01-01 00:00:38.481  1337  1337 D GpsLocationProvider: USE_EMERGENCY_PDN_FOR_EMERGENCY_SUPL=1
01-01 00:00:38.481  1337  1337 D GpsLocationProvider: NTP_SERVER=time.gpsonextra.net
01-01 00:00:38.481  1337  1337 D GpsLocationProvider: SUPL_MODE=1
01-01 00:00:38.487  1337  1337 E LocationManagerService: no geocoder provider found
01-01 00:00:38.489  1337  1337 W ContextImpl: Calling a method in the system process without a qualified user: android.app.ContextImpl.bindService:1750 com.android.server.location.GeoFencerProxy.<init>:86 com.android.server.location.GeoFencerProxy.getGeoFencerProxy:77 com.android.server.LocationManagerService.loadProvidersLocked:520 com.android.server.LocationManagerService.systemRunning:293 
01-01 00:00:38.491  1337  1337 E LocSvc_flp: I/===> const FlpLocationInterface* get_flp_interface() line 69 
01-01 00:00:38.497  1337  3214 V FlpHardwareProvider: Callback thread attached: 0xb426d080
01-01 00:00:38.497  1337  3214 E LocSvc_api_v02: I/locClientOpen:2183]: Service instance id is -1
01-01 00:00:38.497  1337  3214 E LocSvc_api_v02: I/---> locClientOpenInstance line 2063 loc client open
01-01 00:00:38.497  1337  1337 E Geofence_Adapter: I/===> void GeofenceAdapter::addGfClients(GeoFencer*) line 65 
01-01 00:00:38.497  1337  1337 E Geofence_Adapter: I/===> void GeofenceAdapter::updateRegisteredEvents() line 81 
01-01 00:00:38.498  1337  1337 E LocationManagerService: Unable to bind FusedProxy.
01-01 00:00:38.499  1337  1337 E LocationManagerService: Unable to bind FLP Geofence proxy.
01-01 00:00:38.565   376  1358 E modemanager: readXMLOp:Couldn't open OEM XML file!
01-01 00:00:38.565   376  1358 E modemanager: retrieveMode: Failed to enumerate modes
01-01 00:00:38.565   376  1358 E modemanager: in applyDefaultMode fail to retrieve default mode!
01-01 00:00:38.565   376  1358 I modemanager: in applyDefaultMode ret = 0 mCurMode = -1
01-01 00:00:38.565   376  1358 E PPDaemon: void* applyDefaultModeThreadFunc(void*) failed applying default mode!
01-01 00:00:39.565   376  1358 E modemanager: readXMLOp:Couldn't open OEM XML file!
01-01 00:00:39.565   376  1358 E modemanager: retrieveMode: Failed to enumerate modes
01-01 00:00:39.565   376  1358 E modemanager: in applyDefaultMode fail to retrieve default mode!
01-01 00:00:39.565   376  1358 I modemanager: in applyDefaultMode ret = 0 mCurMode = -1
01-01 00:00:39.565   376  1358 E PPDaemon: void* applyDefaultModeThreadFunc(void*) failed applying default mode!
01-01 00:00:41.509  1337  1337 E libsensor1: sensor1_open: Error in connect() errno=2 No such file or directory
01-01 00:00:41.510  1337  1337 E qti_ar_hal: hal_init: Sensor1 open failed with error: 11 0
01-01 00:00:41.510  1337  1337 E qti_ar_hal: hal_ar_open: HAL control init failed
01-01 00:00:41.510  1337  1337 E ActivityRecognitionHardware: Error opening device: -1
01-01 00:00:41.510  1337  1337 E LocationManagerService: Hardware Activity-Recognition not supported.
01-01 00:00:41.512  1337  1356 W art     : Long monitor contention event with owner method=void com.android.server.ServiceWatcher.<init>(android.content.Context, java.lang.String, java.lang.String, int, int, int, java.lang.Runnable, android.os.Handler) from ServiceWatcher.java:271 waiters=0 for 3.026s
01-01 00:00:41.513  1337  1356 E LocSvc_eng: I/===> int loc_eng_init(loc_eng_data_s_type&, LocCallbacks*, LOC_API_ADAPTER_EVENT_MASK_T, loc_core::ContextBase*) line 1629 
01-01 00:00:41.513  1337  1356 D GpsLocationProvider: set_capabilities_callback: 49u
01-01 00:00:41.513  1337  1356 I libmdmdetect: No supported ESOC's found
01-01 00:00:41.513  1337  1356 E PerMgrLib: Peripheral manager is not supported on this device
01-01 00:00:41.514  1337  1356 E LocSvc_afw: E/Error:  open failed: No such file or directory
01-01 00:00:41.515  1337  1337 I CommonTimeManagementService: No common time service detected on this platform.  Common time services will be unavailable.
01-01 00:00:41.516  1337  1356 E LocSvc_eng: I/===> void loc_eng_agps_init(loc_eng_data_s_type&, AGpsExtCallbacks*) line 2200 
01-01 00:00:41.516  1337  1356 E LocSvc_eng: I/===> void loc_eng_ni_init(loc_eng_data_s_type&, GpsNiExtCallbacks*) line 327 
01-01 00:00:41.516  1337  1356 E Geofence_Adapter: I/===> void GeofenceAdapter::addGfClients(GeoFencer*) line 65 
01-01 00:00:41.516  1337  1356 E Geofence_Adapter: I/===> void GeofenceAdapter::updateRegisteredEvents() line 81 
01-01 00:00:41.516  1337  1356 E LocSvc_eng: I/===> int loc_eng_set_server_proxy(loc_eng_data_s_type&, LocServerType, const char*, int) line 2502 
01-01 00:00:41.517  1337  1404 I InputReader: Reconfiguring input devices.  changes=0x00000020
01-01 00:00:41.519  1337  1337 I MmsServiceBroker: Connecting to MmsService
01-01 00:00:41.519  1337  1337 W ContextImpl: Calling a method in the system process without a qualified user: android.app.ContextImpl.bindService:1750 com.android.server.MmsServiceBroker.tryConnecting:134 com.android.server.MmsServiceBroker.systemRunning:121 com.android.server.SystemServer$2.run:1238 com.android.server.am.ActivityManagerService.systemReady:11347 
01-01 00:00:41.522  1337  1404 I InputReader: Reconfiguring input devices.  changes=0x00000010
01-01 00:00:41.548  1337  1337 I ActivityManager: Start proc com.android.phone for service com.android.mms.service/.MmsService: pid=3407 uid=1001 gids={41001, 9997, 3002, 3001, 3003, 1028, 1015} abi=armeabi-v7a
01-01 00:00:41.548  1337  1337 W VoiceInteractionManagerService: no available voice interaction services found for user 0
01-01 00:00:41.548  1337  1337 W VoiceInteractionManagerService: no available voice recognition services found for user 0
01-01 00:00:41.578  1337  1337 I ActivityManager: Start proc com.sentera.snapcam for added application com.sentera.snapcam: pid=3425 uid=1000 gids={41000, 9997, 3002, 3001, 1028, 1015, 3003, 3005, 1021, 3004, 1000, 3009, 1023, 1010, 2001, 1007} abi=armeabi-v7a
01-01 00:00:41.598  1337  1337 I ActivityManager: Start proc com.quicinc.cne.CNEService for added application com.quicinc.cne.CNEService: pid=3443 uid=1000 gids={41000, 9997, 3002, 3001, 1028, 1015, 3003, 3005, 1021, 3004, 1000, 3009, 1023, 1010, 2001, 1007} abi=armeabi-v7a
01-01 00:00:41.605   311   311 I art     : Explicit concurrent mark sweep GC freed 709(30KB) AllocSpace objects, 0(0B) LOS objects, 89% free, 114KB/1138KB, paused 120us total 7.707ms
01-01 00:00:41.611   311   311 I art     : Explicit concurrent mark sweep GC freed 5(160B) AllocSpace objects, 0(0B) LOS objects, 89% free, 114KB/1138KB, paused 103us total 5.716ms
01-01 00:00:41.618   311   311 I art     : Explicit concurrent mark sweep GC freed 5(160B) AllocSpace objects, 0(0B) LOS objects, 89% free, 114KB/1138KB, paused 105us total 5.624ms
01-01 00:00:41.646  1337  1337 I ActivityManager: Start proc com.android.server.telecom for added application com.android.server.telecom: pid=3464 uid=1001 gids={41001, 9997, 3002, 3001, 3003, 1028, 1015} abi=armeabi-v7a
01-01 00:00:41.676  1337  1337 I ActivityManager: Start proc com.android.phone for added application com.android.phone: pid=3511 uid=1001 gids={41001, 9997, 3002, 3001, 3003, 1028, 1015} abi=armeabi-v7a
01-01 00:00:41.677  1337  1337 I ActivityManager: START u0 {act=android.intent.action.MAIN cat=[android.intent.category.HOME] flg=0x10000000 cmp=com.android.launcher/com.android.launcher2.Launcher} from uid 0 on display 0
01-01 00:00:41.714  1337  1337 I ActivityManager: Start proc com.android.launcher for activity com.android.launcher/com.android.launcher2.Launcher: pid=3568 uid=10008 gids={50008, 9997} abi=armeabi-v7a
01-01 00:00:41.715  1337  1337 I SystemServer: Enabled StrictMode for system server main thread.
01-01 00:00:41.717  1337  1744 W art     : Long monitor contention event with owner method=void com.android.server.am.ActivityManagerService.systemReady(java.lang.Runnable) from ActivityManagerService.java:11355 waiters=1 for 147ms
01-01 00:00:41.753  3443  3443 W ResourcesManager: Asset path '/system/framework/com.quicinc.cne.jar' does not exist or contains no resources.
01-01 00:00:41.758  1337  1356 I ActivityManager: Start proc com.android.printspooler for service com.android.printspooler/.model.PrintSpoolerService: pid=3609 uid=10047 gids={50047, 9997} abi=armeabi-v7a
01-01 00:00:41.759  1337  1744 W ActivityManager: No pending application record for pid 3407 (IApplicationThread android.app.ApplicationThreadProxy@9f903d9); dropping process
01-01 00:00:41.763  3464  3464 D Telecom : MissedCallNotifier: updateOnStartup()...
01-01 00:00:41.769   391   391 I sh      : type=1400 audit(0.0:41): avc: denied { append } for name="performance_log.csv" dev="fuse" ino=3061867552 scontext=u:r:init:s0 tcontext=u:object_r:fuse:s0 tclass=file permissive=1
01-01 00:00:41.769   391   391 I sh      : type=1400 audit(0.0:42): avc: denied { open } for path="/storage/sdcard1/info/logs/performance_log.csv" dev="fuse" ino=3061867552 scontext=u:r:init:s0 tcontext=u:object_r:fuse:s0 tclass=file permissive=1
01-01 00:00:41.775  3443  3443 D CNEServiceApp: start cne
01-01 00:00:41.780  1337  1337 V ActivityManager: Display changed displayId=0
01-01 00:00:41.780  1337  1337 V ActivityManager: Display changed displayId=0
01-01 00:00:41.780  1337  1337 V ActivityManager: Display changed displayId=0
01-01 00:00:41.782  1488  1488 V StatusBar: userId 0 is in the house
01-01 00:00:41.789  1337  1337 D WifiScanningService: SCAN_AVAILABLE : 1
01-01 00:00:41.790  1337  1337 D RttService: SCAN_AVAILABLE : 1
01-01 00:00:41.790  1337  1441 D RttService: DefaultState got{ when=0 what=160513 target=com.android.internal.util.StateMachine$SmHandler }
01-01 00:00:41.790  1337  1440 D WifiScanningService: DefaultState got{ when=0 what=160007 target=com.android.internal.util.StateMachine$SmHandler }
01-01 00:00:41.791  1337  1337 I Choreographer: Skipped 1146 frames!  The application may be doing too much work on its main thread.
01-01 00:00:41.798  1337  1425 D WifiService: New client listening to asynchronous messages
01-01 00:00:41.799  1337  1337 W InputMethodManagerService: Focus gain on non-focused client android.view.inputmethod.InputMethodManager$1@1af18279 (uid=1000 pid=1337)
01-01 00:00:41.799  1337  1337 V ActivityManager: Display changed displayId=0
01-01 00:00:41.804  1337  1362 D BluetoothManagerService: Message: 20
01-01 00:00:41.804  1337  1362 D BluetoothManagerService: Added callback: android.bluetooth.IBluetoothManagerCallback$Stub$Proxy@2d0d507c:true
01-01 00:00:41.808  1337  1362 D BluetoothManagerService: Message: 30
01-01 00:00:41.815  3443  3643 I QCNEJ   : |CORE:COM:RCVR| CNE creating socket
01-01 00:00:41.816  3443  3443 D CNEServiceApp: broadcast cne started
01-01 00:00:41.816  3443  3443 W ContextImpl: Calling a method in the system process without a qualified user: android.app.ContextImpl.sendBroadcast:1321 android.content.ContextWrapper.sendBroadcast:376 com.quicinc.cne.CNEService.CNEServiceApp.broadcastCNEStarted:102 com.quicinc.cne.CNEService.CNEServiceApp.startCne:114 com.quicinc.cne.CNEService.CNEServiceApp.onCreate:93 
01-01 00:00:41.817  3443  3643 I QCNEJ   : |CORE:COM:RCVR| Connected to 'cnd' socket
01-01 00:00:41.819  3443  3643 W QCNEJ   : |CORE| UNKOWN Unsolicited Event 25
01-01 00:00:41.819  3443  3643 I QCNEJ   : |CORE| CNE_REQUEST_GET_BROWSERS_INFO_LIST received
01-01 00:00:41.823  3443  3643 I QCNEJ   : |CORE| CNE_NOTIFY_FEATURE_STATUS received
01-01 00:00:41.823  3443  3643 I QCNEJ   : |CORE| CNE_NOTIFY_FEATURE_STATUS received
01-01 00:00:41.830  1337  1337 W ResourcesManager: Asset path '/system/framework/com.android.location.provider.jar' does not exist or contains no resources.
01-01 00:00:41.864  3609  3609 I PrintSpoolerService: No existing print spooler state.
01-01 00:00:41.866  1337  1744 I ActivityManager: Start proc com.android.externalstorage for broadcast com.android.externalstorage/.MountReceiver: pid=3648 uid=10007 gids={50007, 9997, 1028, 1015, 1023} abi=armeabi-v7a
01-01 00:00:41.872  3511  3511 D MmsService: onCreate
01-01 00:00:41.879  3464  3464 D Telecom : ProximitySensorManager: onCreate: mProximityWakeLock: 
01-01 00:00:41.885  1337  1337 E NlpProxy: No NLPs exist to bind to!
01-01 00:00:41.889  3464  3464 D Telecom : MissedCallNotifier: onQueryComplete()...
01-01 00:00:41.892  3511  3665 I MmsService: MmsConfigManager.loadInBackground(): mcc/mnc: 0/0
01-01 00:00:41.893  3464  3464 D Telecom : BluetoothPhoneService: onCreate
01-01 00:00:41.894  1337  1362 D BluetoothManagerService: Message: 30
01-01 00:00:41.894  3511  3665 E MmsService: MmsConfigManager.load -- empty getActiveSubInfoList
01-01 00:00:41.896  1337  1337 V UlpService: +startAdditionalServices
01-01 00:00:41.916  1337  1337 I ActivityManager: Start proc com.qualcomm.location.XT for service com.qualcomm.location.XT/.XTSrv: pid=3672 uid=1000 gids={41000, 9997, 3002, 3001, 1028, 1015, 3003, 3005, 1021, 3004, 1000, 3009, 1023, 1010, 2001, 1007} abi=armeabi-v7a
01-01 00:00:41.919  1337  1337 V UlpService: -startAdditionalServices
01-01 00:00:41.928  1337  1337 D Ulp_jni : classInit invoked
01-01 00:00:41.929  1337  1337 D Ulp_jni : instanceInit invoked
01-01 00:00:41.929  1337  1337 E LocSvc_libulp: I/===> int ulp_init(UlpEngineCallbacks*, UlpNetworkLocationCallbacks*, UlpPhoneContextCallbacks*) line 131 
01-01 00:00:41.929  1337  1337 E LocSvc_libulp: I/===> int ulp_data_init() line 72 
01-01 00:00:41.930  1337  1337 E LocSvc_libulp: E/int ulp_data_init():100]: GTP WiFi is enabled.
01-01 00:00:41.930  1337  1337 E LocSvc_libulp: E/int ulp_data_init():116]: GTP AP cell is disabled
01-01 00:00:41.930  1337  1337 E LocSvc_libulp: I/int ulp_data_init(), quipc_enabled = 0, gps capabilities = 0x0 zpp trigger threshold = 10000
01-01 00:00:41.930  1337  1337 E LocSvc_libulp: I/===> int ulp_msg_init() line 330 
01-01 00:00:41.930  1337  1337 E LocSvc_libulp: I/===> int ulp_monitor_init() line 122 
01-01 00:00:41.930  1337  1337 E LocSvc_libulp: I/===> int ulp_quipc_init() line 296 
01-01 00:00:41.932  1337  1337 D GeoFenceService: onCreate
01-01 00:00:41.937  1337  3688 E LocSvc_libulp: I/===> void ulp_msg_main(void*) line 89 
01-01 00:00:41.938  1337  1337 E Geofence_Adapter: I/===> void GeofenceAdapter::addGfClients(GeoFencer*) line 65 
01-01 00:00:41.938  1337  1337 E Geofence_Adapter: I/===> void GeofenceAdapter::updateRegisteredEvents() line 81 
01-01 00:00:41.939  1337  1337 D GeoFenceService: onBind
01-01 00:00:41.940  1337  1337 D GpsNetInitiatedHandler: location enabled :true
01-01 00:00:41.940  1337  1337 V WiredAccessoryManager: notifyWiredAccessoryChanged: when=0 bits= mask=54
01-01 00:00:41.941  1337  1337 V WiredAccessoryManager: newName=h2w newState=32 headsetState=32 prev headsetState=0
01-01 00:00:41.941  1337  1337 V WiredAccessoryManager: init()
01-01 00:00:41.944  3648  3648 D ExternalStorage: After updating volumes, found 2 active roots
01-01 00:00:41.945  1337  3689 E LocSvc_libulp: I/===> void ulp_monitor_main(void*) line 56 
01-01 00:00:41.952  3648  3648 D ExternalStorage: After updating volumes, found 2 active roots
01-01 00:00:41.956  1452  1452 D MediaScannerReceiver: action: android.intent.action.MEDIA_MOUNTED path: /storage/sdcard1
01-01 00:00:41.990  1337  1743 I ActivityManager: Start proc com.sentera.updater for broadcast com.sentera.updater/.SDCardMountedReceiver: pid=3700 uid=1000 gids={41000, 9997, 3002, 3001, 1028, 1015, 3003, 3005, 1021, 3004, 1000, 3009, 1023, 1010, 2001, 1007} abi=armeabi-v7a
01-01 00:00:42.037  1337  1362 D BluetoothManagerService: Message: 300
01-01 00:00:42.038  1337  1362 D BluetoothManagerService: MESSAGE_USER_SWITCHED
01-01 00:00:42.042   249  1368 D PermissionCache: checking android.permission.HARDWARE_TEST for uid=1000 => granted (253 us)
01-01 00:00:42.045   298  1735 D audio_hw_primary: adev_set_mic_mute state 0
01-01 00:00:42.058  1337  1352 I art     : Background sticky concurrent mark sweep GC freed 2477(179KB) AllocSpace objects, 0(0B) LOS objects, 32% free, 6MB/9MB, paused 5.281ms total 33.471ms
01-01 00:00:42.067  1337  1337 V BackupManagerService: Connected to transport ComponentInfo{android/com.android.internal.backup.LocalTransportService}
01-01 00:00:42.067  1337  1337 V BackupManagerService: Registering transport android/com.android.internal.backup.LocalTransportService::android/com.android.internal.backup.LocalTransport = android.app.backup.BackupTransport$TransportImpl@1f2613d4
01-01 00:00:42.072  1337  1337 I MmsServiceBroker: MmsService connected
01-01 00:00:42.080  1337  1337 D LBSSystemMonitorService: SUPL_ES is: 1
