01-01 00:00:21.202  1339  1357 W Binder  : java.lang.NullPointerException: Attempt to invoke interface method 'int android.app.IActivityManager.checkPermission(java.lang.String, int, int)' on a null object reference
01-01 00:00:21.202  1339  1357 W Binder  : 	at android.app.ContextImpl.checkPermission(ContextImpl.java:1859)
01-01 00:00:21.202  1339  1357 W Binder  : 	at android.app.ContextImpl.checkCallingOrSelfPermission(ContextImpl.java:1885)
01-01 00:00:21.202  1339  1357 W Binder  : 	at android.app.ContextImpl.enforceCallingOrSelfPermission(ContextImpl.java:1922)
01-01 00:00:21.202  1339  1357 W Binder  : 	at com.android.server.power.PowerManagerService$BinderService.releaseWakeLock(PowerManagerService.java:2855)
01-01 00:00:21.202  1339  1357 W Binder  : 	at android.os.IPowerManager$Stub.onTransact(IPowerManager.java:94)
01-01 00:00:21.202  1339  1357 W Binder  : 	at android.os.Binder.execTransact(Binder.java:446)
01-01 00:00:21.208  1339  1357 W Binder  : Caught a RuntimeException from the binder stub implementation.
01-01 00:00:21.208  1339  1357 W Binder  : java.lang.NullPointerException: Attempt to invoke interface method 'int android.app.IActivityManager.checkPermission(java.lang.String, int, int)' on a null object reference
01-01 00:00:21.208  1339  1357 W Binder  : 	at android.app.ContextImpl.checkPermission(ContextImpl.java:1859)
01-01 00:00:21.208  1339  1357 W Binder  : 	at android.app.ContextImpl.checkCallingOrSelfPermission(ContextImpl.java:1885)
01-01 00:00:21.208  1339  1357 W Binder  : 	at android.app.ContextImpl.enforceCallingOrSelfPermission(ContextImpl.java:1922)
01-01 00:00:21.208  1339  1357 W Binder  : 	at com.android.server.power.PowerManagerService$BinderService.acquireWakeLock(PowerManagerService.java:2827)
01-01 00:00:21.208  1339  1357 W Binder  : 	at android.os.IPowerManager$Stub.onTransact(IPowerManager.java:66)
01-01 00:00:21.208  1339  1357 W Binder  : 	at android.os.Binder.execTransact(Binder.java:446)
01-01 00:00:21.215  1339  1357 W Binder  : Caught a RuntimeException from the binder stub implementation.
01-01 00:00:21.215  1339  1357 W Binder  : java.lang.NullPointerException: Attempt to invoke interface method 'int android.app.IActivityManager.checkPermission(java.lang.String, int, int)' on a null object reference
01-01 00:00:21.215  1339  1357 W Binder  : 	at android.app.ContextImpl.checkPermission(ContextImpl.java:1859)
01-01 00:00:21.215  1339  1357 W Binder  : 	at android.app.ContextImpl.checkCallingOrSelfPermission(ContextImpl.java:1885)
01-01 00:00:21.215  1339  1357 W Binder  : 	at android.app.ContextImpl.enforceCallingOrSelfPermission(ContextImpl.java:1922)
01-01 00:00:21.215  1339  1357 W Binder  : 	at com.android.server.power.PowerManagerService$BinderService.updateWakeLockWorkSource(PowerManagerService.java:2886)
01-01 00:00:21.215  1339  1357 W Binder  : 	at com.android.server.power.PowerManagerService$BinderService.updateWakeLockUids(PowerManagerService.java:2877)
01-01 00:00:21.215  1339  1357 W Binder  : 	at android.os.IPowerManager$Stub.onTransact(IPowerManager.java:105)
01-01 00:00:21.215  1339  1357 W Binder  : 	at android.os.Binder.execTransact(Binder.java:446)
01-01 00:00:21.258  1339  1360 I Sensors : InvenSense MA 5.1.6 RC54
01-01 00:00:21.263  1339  1360 V MPL-storeload: Bytes read = 6040
01-01 00:00:21.510  1339  1339 W ResourceType: Failure getting entry for 0x7f08031b (t=7 e=795) (error -75)
01-01 00:00:21.619  1339  1360 I         : System server: sensor init done.
01-01 00:00:21.620  1339  1387 D SensorService: nuSensorService thread starting...
01-01 00:00:21.620  1339  1387 I Sensors : HAL: dmpSign interrupt
01-01 00:00:21.620  1339  1387 I Sensors : HAL: dmpPed interrupt
01-01 00:00:21.620  1339  1388 D SensorService: new thread SensorEventAckReceiver
01-01 00:00:21.664  1339  1339 W PackageParser: No actions in intent filter at /system/app/BTTestApp/BTTestApp.apk Binary XML file line #66
01-01 00:00:21.714  1339  1339 W PackageParser: No actions in intent filter at /system/app/Bluetooth/Bluetooth.apk Binary XML file line #229
01-01 00:00:21.734  1339  1339 W PackageParser: Unknown element under <application>: uses-feature at /system/app/BluetoothExt/BluetoothExt.apk Binary XML file line #57
01-01 00:00:21.734  1339  1339 W PackageParser: No actions in intent filter at /system/app/BluetoothExt/BluetoothExt.apk Binary XML file line #110
01-01 00:00:21.735  1339  1339 W PackageParser: No actions in intent filter at /system/app/BluetoothExt/BluetoothExt.apk Binary XML file line #134
01-01 00:00:21.735  1339  1339 W PackageParser: No actions in intent filter at /system/app/BluetoothExt/BluetoothExt.apk Binary XML file line #161
01-01 00:00:21.790  1339  1339 W PackageManager: Failed to parse /system/app/CNESettings: Missing base APK in /system/app/CNESettings
01-01 00:00:22.030  1339  1339 W PackageManager: Failed to parse /system/app/FTMMode: Missing base APK in /system/app/FTMMode
01-01 00:00:22.074  1339  1339 W PackageParser: Unknown element under <application>: permission at /system/app/Gallery2/Gallery2.apk Binary XML file line #251
01-01 00:00:22.074  1339  1339 W PackageParser: Unknown element under <application>: permission at /system/app/Gallery2/Gallery2.apk Binary XML file line #254
01-01 00:00:22.108  1339  1339 W PackageManager: Failed to parse /system/app/InterfacePermissions: Missing base APK in /system/app/InterfacePermissions
01-01 00:00:22.109   395  1359 E modemanager: readXMLOp:Couldn't open OEM XML file!
01-01 00:00:22.109   395  1359 E modemanager: retrieveMode: Failed to enumerate modes
01-01 00:00:22.109   395  1359 E modemanager: in applyDefaultMode fail to retrieve default mode!
01-01 00:00:22.109   395  1359 I modemanager: in applyDefaultMode ret = 0 mCurMode = -1
01-01 00:00:22.109   395  1359 E PPDaemon: void* applyDefaultModeThreadFunc(void*) failed applying default mode!
01-01 00:00:22.222  1339  1339 W PackageManager: Failed to parse /system/app/NetworkSetting: Missing base APK in /system/app/NetworkSetting
01-01 00:00:22.229  1339  1339 W PackageManager: Failed to parse /system/app/ODLT: Missing base APK in /system/app/ODLT
01-01 00:00:22.250  1339  1339 W PackageManager: Failed to parse /system/app/PPPreference: Missing base APK in /system/app/PPPreference
01-01 00:00:22.340  1339  1339 W PackageManager: Failed to parse /system/app/QComQMIPermissions: Missing base APK in /system/app/QComQMIPermissions
01-01 00:00:22.341  1339  1339 W PackageManager: Failed to parse /system/app/QVTester: Missing base APK in /system/app/QVTester
01-01 00:00:22.361  1339  1339 W PackageManager: Failed to parse /system/app/RCSBootstraputil: Missing base APK in /system/app/RCSBootstraputil
01-01 00:00:22.431  1339  1339 W ResourceType: Failure getting entry for 0x7f04000f (t=3 e=15) (error -75)
01-01 00:00:22.432  1339  1339 W ResourceType: Failure getting entry for 0x7f04000f (t=3 e=15) (error -75)
01-01 00:00:22.464  1339  1339 W PackageManager: Failed to parse /system/app/TimeService: Missing base APK in /system/app/TimeService
01-01 00:00:22.483  1339  1339 W PackageManager: Failed to parse /system/app/WfdClient: Missing base APK in /system/app/WfdClient
01-01 00:00:22.484  1339  1339 W PackageManager: Failed to parse /system/app/WfdService: Missing base APK in /system/app/WfdService
01-01 00:00:22.484  1339  1339 W PackageManager: Failed to parse /system/app/com.qualcomm.qti.services.secureui: Missing base APK in /system/app/com.qualcomm.qti.services.secureui
01-01 00:00:22.485  1339  1339 W PackageManager: Failed to parse /system/app/fastdormancy: Missing base APK in /system/app/fastdormancy
01-01 00:00:22.485  1339  1339 W PackageManager: Failed to parse /system/app/qcrilmsgtunnel: Missing base APK in /system/app/qcrilmsgtunnel
01-01 00:00:22.485  1339  1339 W PackageManager: Failed to parse /system/app/shutdownlistener: Missing base APK in /system/app/shutdownlistener
01-01 00:00:22.524  1339  1339 D PackageManager: No files in app dir /oem/app
01-01 00:00:22.525  1339  1339 D PackageManager: No files in app dir /data/app
01-01 00:00:22.525  1339  1339 D PackageManager: No files in app dir /data/app-private
01-01 00:00:22.525  1339  1339 W PackageManager: Package com.android.gallery3d desires unavailable shared library com.google.android.media.effects; ignoring!
01-01 00:00:22.525  1339  1339 W PackageManager: Package com.android.gallery3d desires unavailable shared library com.google.android.media.effects; ignoring!
01-01 00:00:22.525  1339  1339 W PackageManager: Package org.codeaurora.bluetooth desires unavailable shared library com.quicinc.wbc; ignoring!
01-01 00:00:22.526  1339  1339 I PackageManager: Adjusting ABI for : com.android.providers.settings to armeabi-v7a
01-01 00:00:22.526  1339  1339 I PackageManager: Adjusting ABI for : com.sentera.snapcam to armeabi-v7a
01-01 00:00:22.526  1339  1339 I PackageManager: Adjusting ABI for : com.android.inputdevices to armeabi-v7a
01-01 00:00:22.526  1339  1339 I PackageManager: Adjusting ABI for : com.qualcomm.location to armeabi-v7a
01-01 00:00:22.526  1339  1339 I PackageManager: Adjusting ABI for : com.qualcomm.msapm to armeabi-v7a
01-01 00:00:22.527  1339  1339 I PackageManager: Adjusting ABI for : com.dsi.ant.server to armeabi-v7a
01-01 00:00:22.527  1339  1339 I PackageManager: Adjusting ABI for : com.android.location.fused to armeabi-v7a
01-01 00:00:22.527  1339  1339 I PackageManager: Adjusting ABI for : com.quicinc.cne.CNEService to armeabi-v7a
01-01 00:00:22.527  1339  1339 I PackageManager: Adjusting ABI for : com.qualcomm.location.XT to armeabi-v7a
01-01 00:00:22.527  1339  1339 I PackageManager: Adjusting ABI for : com.android.keychain to armeabi-v7a
01-01 00:00:22.528  1339  1339 I PackageManager: Adjusting ABI for : com.android.settings to armeabi-v7a
01-01 00:00:22.528  1339  1339 I PackageManager: Adjusting ABI for : com.sentera.updater to armeabi-v7a
01-01 00:00:22.529  1339  1339 I PackageManager: Adjusting ABI for : org.codeaurora.bluetooth to armeabi-v7a
01-01 00:00:22.529  1339  1339 I PackageManager: Time to scan packages: 1.925 seconds
01-01 00:00:22.530  1339  1339 W PackageManager: Unknown permission com.google.android.googleapps.permission.GOOGLE_AUTH.mail in package com.android.calendar
01-01 00:00:22.530  1339  1339 W PackageManager: Unknown permission android.permission.MMS_PUSH in package org.codeaurora.bluetooth
01-01 00:00:22.530  1339  1339 W PackageManager: Unknown permission com.google.android.gallery3d.permission.PICASA_STORE in package com.android.dreams.phototable
01-01 00:00:22.530  1339  1339 W PackageManager: Unknown permission com.google.android.googleapps.permission.GOOGLE_AUTH in package com.android.settings
01-01 00:00:22.530  1339  1339 W PackageManager: Unknown permission com.qualcomm.permission.ACCESS_LOCATION_API in package com.qualcomm.location
01-01 00:00:22.530  1339  1339 W PackageManager: Not granting permission android.permission.DELETE_PACKAGES to package com.svox.pico (protectionLevel=18 flags=0x8be45)
01-01 00:00:22.531  1339  1339 W PackageManager: Unknown permission com.google.android.gallery3d.permission.GALLERY_PROVIDER in package com.android.bluetooth
01-01 00:00:22.531  1339  1339 W PackageManager: Not granting permission android.permission.DEVICE_POWER to package com.android.deskclock (protectionLevel=2 flags=0x48be45)
01-01 00:00:22.531  1339  1339 W PackageManager: Not granting permission android.permission.GLOBAL_SEARCH to package com.android.quicksearchbox (protectionLevel=18 flags=0x48be45)
01-01 00:00:22.531  1339  1339 W PackageManager: Unknown permission com.google.android.googleapps.permission.GOOGLE_AUTH in package com.android.providers.calendar
01-01 00:00:22.531  1339  1339 W PackageManager: Unknown permission com.google.android.googleapps.permission.GOOGLE_AUTH.cl in package com.android.providers.calendar
01-01 00:00:22.531  1339  1339 W PackageManager: Unknown permission android.permission.INSTALL_DRM in package com.android.mms
01-01 00:00:22.531  1339  1339 W PackageManager: Not granting permission android.permission.ACCESS_DOWNLOAD_MANAGER to package com.android.browser (protectionLevel=18 flags=0x9be45)
01-01 00:00:22.531  1339  1339 W PackageManager: Not granting permission android.permission.SEND_DOWNLOAD_COMPLETED_INTENTS to package com.android.browser (protectionLevel=2 flags=0x9be45)
01-01 00:00:22.594  1339  1339 I art     : Explicit concurrent mark sweep GC freed 1814(186KB) AllocSpace objects, 2(32KB) LOS objects, 33% free, 2MB/4MB, paused 398us total 12.815ms
01-01 00:00:22.595  1339  1339 I SystemServer: User Service
01-01 00:00:22.599   246   246 I lowmemorykiller: ActivityManager connected
01-01 00:00:22.601  1339  1339 I SystemServiceManager: Starting com.android.server.lights.LightsService
01-01 00:00:22.605  1339  1339 I SystemServiceManager: Starting com.android.server.BatteryService
01-01 00:00:22.619  1339  1339 I SystemServiceManager: Starting com.android.server.usage.UsageStatsService
01-01 00:00:22.630  1339  1339 I SystemServiceManager: Starting com.android.server.webkit.WebViewUpdateService
01-01 00:00:22.631  1339  1339 I SystemServer: Reading configuration...
01-01 00:00:22.632  1339  1339 I SystemServer: Scheduling Policy
01-01 00:00:22.632  1339  1339 I SystemServer: Telephony Registry
01-01 00:00:22.641  1339  1339 I SystemServer: Entropy Mixer
01-01 00:00:22.643  1339  1339 I EntropyMixer: Writing entropy...
01-01 00:00:22.653  1339  1339 I SystemServer: Account Manager
01-01 00:00:22.660  1339  1339 I SystemServer: Content Manager
01-01 00:00:22.666  1339  1339 I SystemServer: System Content Providers
01-01 00:00:22.667  1339  1339 W ActivityManager: Can't addPackageDependency on system process
01-01 00:00:22.695  1339  1339 W CoreSettingsObserver: Cannot find setting "debug_view_attributes"
01-01 00:00:22.695  1339  1339 W CoreSettingsObserver: android.provider.Settings$SettingNotFoundException: debug_view_attributes
01-01 00:00:22.695  1339  1339 W CoreSettingsObserver: 	at android.provider.Settings$Global.getInt(Settings.java:6884)
01-01 00:00:22.695  1339  1339 W CoreSettingsObserver: 	at com.android.server.am.CoreSettingsObserver.populateSettings(CoreSettingsObserver.java:129)
01-01 00:00:22.695  1339  1339 W CoreSettingsObserver: 	at com.android.server.am.CoreSettingsObserver.sendCoreSettings(CoreSettingsObserver.java:82)
01-01 00:00:22.695  1339  1339 W CoreSettingsObserver: 	at com.android.server.am.CoreSettingsObserver.<init>(CoreSettingsObserver.java:65)
01-01 00:00:22.695  1339  1339 W CoreSettingsObserver: 	at com.android.server.am.ActivityManagerService.installSystemProviders(ActivityManagerService.java:9868)
01-01 00:00:22.695  1339  1339 W CoreSettingsObserver: 	at com.android.server.SystemServer.startOtherServices(SystemServer.java:463)
01-01 00:00:22.695  1339  1339 W CoreSettingsObserver: 	at com.android.server.SystemServer.run(SystemServer.java:264)
01-01 00:00:22.695  1339  1339 W CoreSettingsObserver: 	at com.android.server.SystemServer.main(SystemServer.java:178)
01-01 00:00:22.695  1339  1339 W CoreSettingsObserver: 	at java.lang.reflect.Method.invoke(Native Method)
01-01 00:00:22.695  1339  1339 W CoreSettingsObserver: 	at java.lang.reflect.Method.invoke(Method.java:372)
01-01 00:00:22.695  1339  1339 W CoreSettingsObserver: 	at com.android.internal.os.ZygoteInit$MethodAndArgsCaller.run(ZygoteInit.java:898)
01-01 00:00:22.695  1339  1339 W CoreSettingsObserver: 	at com.android.internal.os.ZygoteInit.main(ZygoteInit.java:693)
01-01 00:00:22.695  1339  1339 I SystemServer: Vibrator Service
01-01 00:00:22.697  1339  1339 I SystemServer: Consumer IR Service
01-01 00:00:22.697  1339  1339 E ConsumerIrService: Can't open consumer IR HW Module, error: -2
01-01 00:00:22.697  1339  1339 I SystemServiceManager: Starting com.android.server.AlarmManagerService
01-01 00:00:22.702  1339  1339 I SystemServer: Init Watchdog
01-01 00:00:22.703  1339  1339 I SystemServer: Input Manager
01-01 00:00:22.703  1339  1339 I InputManager: Initializing input manager, mUseDevInputEventForAudioJack=true
01-01 00:00:22.704  1339  1339 I SystemServer: Window Manager
01-01 00:00:22.725  1339  1367 I WindowManager: No existing display settings /data/system/display_settings.xml; starting empty
01-01 00:00:22.726   249  1373 D PermissionCache: checking android.permission.ACCESS_SURFACE_FLINGER for uid=1000 => granted (605 us)
01-01 00:00:22.762  1339  1339 I InputManager: Starting input manager
01-01 00:00:22.764  1339  1339 I SystemServer: Bluetooth Manager Service
01-01 00:00:22.771  1339  1339 D BluetoothManagerService: Loading stored name and address
01-01 00:00:22.771  1339  1339 D BluetoothManagerService: Stored bluetooth Name=Android Bluedroid,Address=00:00:00:0E:14:57
01-01 00:00:22.771  1339  1339 I SystemServer: Input Method Service
01-01 00:00:22.776  1339  1412 D EventHub: No input device configuration file found for device 'apq8084-taiko-sbc-snd-card Headset Jack'.
01-01 00:00:22.776  1339  1412 I EventHub: New device: id=1, fd=149, path='/dev/input/event4', name='apq8084-taiko-sbc-snd-card Headset Jack', classes=0x80, configuration='', keyLayout='', keyCharacterMap='', builtinKeyboard=false, wakeMechanism=EPOLLWAKEUP, usingClockIoctl=true
01-01 00:00:22.776  1339  1412 D EventHub: No input device configuration file found for device 'apq8084-taiko-sbc-snd-card Button Jack'.
01-01 00:00:22.780  1339  1339 W InputMethodManagerService: Couldn't create dir.: /data/system/inputmethod
01-01 00:00:22.782  1339  1412 W EventHub: Unable to disable kernel key repeat for /dev/input/event3: Function not implemented
01-01 00:00:22.782  1339  1412 I EventHub: New device: id=2, fd=150, path='/dev/input/event3', name='apq8084-taiko-sbc-snd-card Button Jack', classes=0x1, configuration='', keyLayout='/system/usr/keylayout/Generic.kl', keyCharacterMap='/system/usr/keychars/Generic.kcm', builtinKeyboard=false, wakeMechanism=EPOLLWAKEUP, usingClockIoctl=true
01-01 00:00:22.782  1339  1412 D EventHub: No input device configuration file found for device 'qpnp_pon'.
01-01 00:00:22.784  1339  1412 W EventHub: Unable to disable kernel key repeat for /dev/input/event0: Function not implemented
01-01 00:00:22.784  1339  1412 I EventHub: New device: id=3, fd=152, path='/dev/input/event0', name='qpnp_pon', classes=0x1, configuration='', keyLayout='/system/usr/keylayout/Generic.kl', keyCharacterMap='/system/usr/keychars/Generic.kcm', builtinKeyboard=false, wakeMechanism=EPOLLWAKEUP, usingClockIoctl=true
01-01 00:00:22.784  1339  1412 E EventHub: could not get driver version for /dev/input/mice, Not a typewriter
01-01 00:00:22.798  1339  1339 I SystemServer: Accessibility Manager
01-01 00:00:22.803  1339  1339 I ActivityManager: Config changes=1df8 {1.0 ?mcc?mnc en_US ldltr sw864dp w1536dp h864dp 200dpi xlrg long land ?uimode ?night -touch -keyb/v/h -nav/h s.2}
01-01 00:00:22.820  1339  1339 I ActivityManager: Config changes=400 {1.0 ?mcc?mnc en_US ldltr sw864dp w1536dp h791dp 200dpi xlrg long land ?uimode ?night -touch -keyb/v/h -nav/h s.3}
01-01 00:00:22.821  1339  1339 I SystemServer: Mount Service
01-01 00:00:22.825  1339  1339 D MountService: got storage path: /storage/sdcard0 description: Internal storage primary: true removable: false emulated: true mtpReserve: 100 allowMassStorage: false maxFileSize: 0 allowMtp: true
01-01 00:00:22.826  1339  1339 D MountService: addVolumeLocked() StorageVolume:
01-01 00:00:22.826  1339  1339 D MountService:     mStorageId=65537 mPath=/storage/emulated/0 mDescriptionId=17040807 
01-01 00:00:22.826  1339  1339 D MountService:     mPrimary=true mRemovable=false mEmulated=true mMtpReserveSpace=100 
01-01 00:00:22.826  1339  1339 D MountService:     mAllowMassStorage=false mMaxFileSize=0 mOwner=UserHandle{0} mUuid=null 
01-01 00:00:22.826  1339  1339 D MountService:     mUserLabel=null mState=null mAllowMtp=true 
01-01 00:00:22.826  1339  1339 D MountService: got storage path: /storage/sdcard1 description: SD card primary: false removable: true emulated: false mtpReserve: 0 allowMassStorage: true maxFileSize: 0 allowMtp: true
01-01 00:00:22.826  1339  1339 D MountService: addVolumeLocked() StorageVolume:
01-01 00:00:22.826  1339  1339 D MountService:     mStorageId=0 mPath=/storage/sdcard1 mDescriptionId=17040808 mPrimary=false 
01-01 00:00:22.826  1339  1339 D MountService:     mRemovable=true mEmulated=false mMtpReserveSpace=0 mAllowMassStorage=true 
01-01 00:00:22.826  1339  1339 D MountService:     mMaxFileSize=0 mOwner=null mUuid=null mUserLabel=null mState=null 
01-01 00:00:22.826  1339  1339 D MountService:     mAllowMtp=true 
01-01 00:00:22.826  1339  1339 D MountService: got storage path: /storage/usbotg description: USB storage primary: false removable: true emulated: false mtpReserve: 0 allowMassStorage: false maxFileSize: 0 allowMtp: true
01-01 00:00:22.826  1339  1339 D MountService: addVolumeLocked() StorageVolume:
01-01 00:00:22.826  1339  1339 D MountService:     mStorageId=0 mPath=/storage/usbotg mDescriptionId=17040809 mPrimary=false 
01-01 00:00:22.826  1339  1339 D MountService:     mRemovable=true mEmulated=false mMtpReserveSpace=0 mAllowMassStorage=false 
01-01 00:00:22.826  1339  1339 D MountService:     mMaxFileSize=0 mOwner=null mUuid=null mUserLabel=null mState=null 
01-01 00:00:22.826  1339  1339 D MountService:     mAllowMtp=true 
01-01 00:00:22.831  1339  1339 I SystemServer: LockSettingsService
01-01 00:00:22.833  1339  1361 I UsageStatsService: User[0] Rollover scheduled @ 1970-01-02 00:00:00(86400000)
01-01 00:00:22.835  1339  1339 I SystemServiceManager: Starting com.android.server.devicepolicy.DevicePolicyManagerService$Lifecycle
01-01 00:00:22.835  1339  1416 W MountService: Duplicate state transition (unmounted -> unmounted) for /storage/sdcard1
01-01 00:00:22.837  1339  1416 I PackageManager: No secure containers found
01-01 00:00:22.837  1339  1416 W PackageManager: Unknown permission com.google.android.googleapps.permission.GOOGLE_AUTH.mail in package com.android.calendar
01-01 00:00:22.837  1339  1416 W PackageManager: Unknown permission android.permission.MMS_PUSH in package org.codeaurora.bluetooth
01-01 00:00:22.837  1339  1416 W PackageManager: Unknown permission com.google.android.gallery3d.permission.PICASA_STORE in package com.android.dreams.phototable
01-01 00:00:22.837  1339  1416 W PackageManager: Unknown permission com.google.android.googleapps.permission.GOOGLE_AUTH in package com.android.settings
01-01 00:00:22.838  1339  1416 W PackageManager: Unknown permission com.qualcomm.permission.ACCESS_LOCATION_API in package com.qualcomm.location
01-01 00:00:22.838  1339  1416 W PackageManager: Not granting permission android.permission.DELETE_PACKAGES to package com.svox.pico (protectionLevel=18 flags=0x8be45)
01-01 00:00:22.838  1339  1416 W PackageManager: Unknown permission com.google.android.gallery3d.permission.GALLERY_PROVIDER in package com.android.bluetooth
01-01 00:00:22.838  1339  1416 W PackageManager: Not granting permission android.permission.DEVICE_POWER to package com.android.deskclock (protectionLevel=2 flags=0x48be45)
01-01 00:00:22.838  1339  1416 W PackageManager: Not granting permission android.permission.GLOBAL_SEARCH to package com.android.quicksearchbox (protectionLevel=18 flags=0x48be45)
01-01 00:00:22.838  1339  1416 W PackageManager: Unknown permission com.google.android.googleapps.permission.GOOGLE_AUTH in package com.android.providers.calendar
01-01 00:00:22.838  1339  1416 W PackageManager: Unknown permission com.google.android.googleapps.permission.GOOGLE_AUTH.cl in package com.android.providers.calendar
01-01 00:00:22.838  1339  1416 W PackageManager: Unknown permission android.permission.INSTALL_DRM in package com.android.mms
01-01 00:00:22.838  1339  1416 W PackageManager: Not granting permission android.permission.ACCESS_DOWNLOAD_MANAGER to package com.android.browser (protectionLevel=18 flags=0x9be45)
01-01 00:00:22.838  1339  1416 W PackageManager: Not granting permission android.permission.SEND_DOWNLOAD_COMPLETED_INTENTS to package com.android.browser (protectionLevel=2 flags=0x9be45)
01-01 00:00:22.858  1339  1412 D EventHub: No input device configuration file found for device 'gpio-keys'.
01-01 00:00:22.862  1339  1412 E KeyLayoutMap: /system/usr/keylayout/gpio-keys.kl:28: Expected key flag label, got 'WAKE_DROPPED'.
01-01 00:00:22.864  1339  1412 W EventHub: Unable to disable kernel key repeat for /dev/input/event1: Function not implemented
01-01 00:00:22.864  1339  1412 I EventHub: New device: id=4, fd=157, path='/dev/input/event1', name='gpio-keys', classes=0x1, configuration='', keyLayout='/system/usr/keylayout/Generic.kl', keyCharacterMap='/system/usr/keychars/Generic.kcm', builtinKeyboard=false, wakeMechanism=EPOLLWAKEUP, usingClockIoctl=true
01-01 00:00:22.864  1339  1412 D EventHub: No input device configuration file found for device 'buttons.77'.
01-01 00:00:22.867  1339  1412 I EventHub: New device: id=5, fd=158, path='/dev/input/event2', name='buttons.77', classes=0x1, configuration='', keyLayout='/system/usr/keylayout/Generic.kl', keyCharacterMap='/system/usr/keychars/Generic.kcm', builtinKeyboard=false, wakeMechanism=EPOLLWAKEUP, usingClockIoctl=true
01-01 00:00:22.870  1339  1412 I InputReader: Device added: id=-1, name='Virtual', sources=0x00000301
01-01 00:00:22.871  1339  1412 I InputReader: Device added: id=5, name='buttons.77', sources=0x00000101
01-01 00:00:22.871  1339  1412 I InputReader: Device added: id=4, name='gpio-keys', sources=0x00000101
01-01 00:00:22.871  1339  1412 I InputReader: Device added: id=3, name='qpnp_pon', sources=0x00000101
01-01 00:00:22.871  1339  1412 I InputReader: Device added: id=2, name='apq8084-taiko-sbc-snd-card Button Jack', sources=0x00000101
01-01 00:00:22.871  1339  1412 I InputReader: Device added: id=1, name='apq8084-taiko-sbc-snd-card Headset Jack', sources=0x80000000
01-01 00:00:22.873  1339  1412 I InputReader: Reconfiguring input devices.  changes=0x00000004
01-01 00:00:22.898  1339  1339 I SystemServer: Status Bar
01-01 00:00:22.900  1339  1339 I SystemServer: Clipboard Service
01-01 00:00:22.902   249   263 I ServiceManager: Check passed after 5 seconds for android.permission.ACCESS_SURFACE_FLINGER from uid=1013 pid=617
01-01 00:00:22.902   249   263 D PermissionCache: checking android.permission.ACCESS_SURFACE_FLINGER for uid=1013 => granted (5009375 us)
01-01 00:00:22.902  1339  1339 W ClipboardService: No security bridge jar found, using default
01-01 00:00:22.903  1339  1339 I SystemServer: NetworkManagement Service
01-01 00:00:22.909  1339  1339 I SystemServer: Text Service Manager Service
01-01 00:00:22.914  1339  1339 I SystemServer: Network Score Service
01-01 00:00:22.915  1339  1339 I SystemServer: NetworkStats Service
01-01 00:00:22.917   617  1417 D libEGL  : loaded /vendor/lib/egl/libEGL_adreno.so
01-01 00:00:22.922  1339  1339 I SystemServer: NetworkPolicy Service
01-01 00:00:22.932   617  1417 D libEGL  : loaded /vendor/lib/egl/libGLESv1_CM_adreno.so
01-01 00:00:22.935  1339  1339 I SystemServiceManager: Starting com.android.server.wifi.p2p.WifiP2pService
01-01 00:00:22.937   617  1417 D libEGL  : loaded /vendor/lib/egl/libGLESv2_adreno.so
01-01 00:00:22.948   617  1417 I Adreno  : EGLInit: QTI Build: 01/16/15, 25d4fe7, 
01-01 00:00:22.961  1339  1339 I WifiP2pService: Registering wifip2p
01-01 00:00:22.962  1339  1339 I SystemServiceManager: Starting com.android.server.wifi.WifiService
01-01 00:00:23.001   347   347 E QC-time-services: Daemon:genoff_modem_qmi_init: qmi_client_get_service_list returned -2num_services 0
01-01 00:00:23.015   249   249 D MDP_SCALE: Debug messages enabled = 0
01-01 00:00:23.084  1339  1339 E WifiConfigStore: associatedPartialScanPeriodMilli set to 20000
01-01 00:00:23.099  1339  1339 D WifiController: isAirplaneModeOn = false, isWifiEnabled = false, isScanningAvailable = false
01-01 00:00:23.101  1339  1339 I WifiService: Registering wifi
01-01 00:00:23.102  1339  1339 I SystemServiceManager: Starting com.android.server.wifi.WifiScanningService
01-01 00:00:23.102  1339  1339 I WifiScanningService: Creating wifiscanner
01-01 00:00:23.102  1339  1339 I WifiScanningService: Starting wifiscanner
01-01 00:00:23.103  1339  1339 I SystemServiceManager: Starting com.android.server.wifi.RttService
01-01 00:00:23.103  1339  1339 I RttService: Creating rttmanager
01-01 00:00:23.104  1339  1339 I RttService: Starting rttmanager
01-01 00:00:23.104  1339  1339 I SystemServer: Connectivity Service
01-01 00:00:23.108  1339  1339 D ConnectivityService: ConnectivityService starting up
01-01 00:00:23.109   395  1359 E modemanager: readXMLOp:Couldn't open OEM XML file!
01-01 00:00:23.109   395  1359 E modemanager: retrieveMode: Failed to enumerate modes
01-01 00:00:23.109   395  1359 E modemanager: in applyDefaultMode fail to retrieve default mode!
01-01 00:00:23.109   395  1359 I modemanager: in applyDefaultMode ret = 0 mCurMode = -1
01-01 00:00:23.109   395  1359 E PPDaemon: void* applyDefaultModeThreadFunc(void*) failed applying default mode!
01-01 00:00:23.111  1339  1339 D ConnectivityService: wifiOnly=true
01-01 00:00:23.111  1339  1339 D ConnectivityService: networkAttributes - ignoring mobile as this dev is wifiOnly 0
01-01 00:00:23.111  1339  1339 D ConnectivityService: networkAttributes - ignoring mobile as this dev is wifiOnly 2
01-01 00:00:23.111  1339  1339 D ConnectivityService: networkAttributes - ignoring mobile as this dev is wifiOnly 3
01-01 00:00:23.111  1339  1339 D ConnectivityService: networkAttributes - ignoring mobile as this dev is wifiOnly 4
01-01 00:00:23.111  1339  1339 D ConnectivityService: networkAttributes - ignoring mobile as this dev is wifiOnly 5
01-01 00:00:23.111  1339  1339 D ConnectivityService: networkAttributes - ignoring mobile as this dev is wifiOnly 10
01-01 00:00:23.111  1339  1339 D ConnectivityService: networkAttributes - ignoring mobile as this dev is wifiOnly 11
01-01 00:00:23.111  1339  1339 D ConnectivityService: networkAttributes - ignoring mobile as this dev is wifiOnly 12
01-01 00:00:23.111  1339  1339 E ConnectivityService: Ignoring protectedNetwork 10
01-01 00:00:23.111  1339  1339 E ConnectivityService: Ignoring protectedNetwork 11
01-01 00:00:23.111  1339  1339 E ConnectivityService: Ignoring protectedNetwork 12
01-01 00:00:23.111  1339  1339 E ConnectivityService: Ignoring protectedNetwork 14
01-01 00:00:23.111  1339  1339 E ConnectivityService: Ignoring protectedNetwork 15
01-01 00:00:23.120  1339  1339 I SystemServer: Network Service Discovery Service
01-01 00:00:23.123  1339  1339 D NsdService: Network service discovery enabled true
01-01 00:00:23.125  1339  1339 I SystemServer: DPM Service
01-01 00:00:23.125  1339  1339 I SystemServer: DPM configuration set to 0
01-01 00:00:23.125  1339  1339 I SystemServer: UpdateLock Service
01-01 00:00:23.167  1339  1339 I SystemServiceManager: Starting com.android.server.notification.NotificationManagerService
01-01 00:00:23.184  1339  1339 I SystemServiceManager: Starting com.android.server.storage.DeviceStorageMonitorService
01-01 00:00:23.187  1339  1339 I SystemServer: Location Manager
01-01 00:00:23.191  1339  1339 I SystemServer: Country Detector
01-01 00:00:23.194  1339  1339 I SystemServer: Search Service
01-01 00:00:23.196  1339  1339 I SystemServer: DropBox Service
01-01 00:00:23.197  1339  1339 I SystemServer: Wallpaper Service
01-01 00:00:23.201  1339  1339 I SystemServer: Audio Service
01-01 00:00:23.204   309  1433 I AudioFlinger: AudioFlinger's thread 0xb5b96000 ready to run
01-01 00:00:23.205   309  1433 D audio_hw_primary: out_set_parameters: enter: usecase(1: low-latency-playback) kvpairs: routing=2
01-01 00:00:23.207   309   309 I AudioFlinger: HAL output buffer size 768 frames, normal sink buffer size 1152 frames
01-01 00:00:23.207   309  1436 I AudioFlinger: AudioFlinger's thread 0xb5442000 ready to run
01-01 00:00:23.208   309  1436 D audio_hw_primary: out_set_parameters: enter: usecase(28: afe-proxy-playback) kvpairs: routing=65536
01-01 00:00:23.209   309   309 D audio_hw_primary: adev_open_input_stream: enter: sample_rate(48000) channel_mask(0xfc) devices(0x80000004)        stream_handle(0xb614dd40) io_handle(8)
01-01 00:00:23.209   309   309 W audio_hw_primary: adev_open_input_stream: surround sound recording is not supported
01-01 00:00:23.209   309   309 E AudioFlinger: not enough memory for pipe buffer size=24576
01-01 00:00:23.209   309  1437 I AudioFlinger: AudioFlinger's thread 0xb4d01000 ready to run
01-01 00:00:23.210   309   309 D audio_hw_primary: adev_close_input_stream: enter:stream_handle(0xb614dd40)
01-01 00:00:23.210   309   309 D audio_hw_primary: adev_open_input_stream: enter: sample_rate(48000) channel_mask(0xc) devices(0x80000040)        stream_handle(0xb614dd40) io_handle(9)
01-01 00:00:23.210   309   309 D audio_hw_primary: adev_open_input_stream: enter: sample_rate(48000) channel_mask(0xc) devices(0x80000040)        stream_handle(0xb614dd40) io_handle(9)
01-01 00:00:23.210   309   309 W AudioPolicyManager: Cannot open input stream for device 80000040 on hw module primary
01-01 00:00:23.211   309   309 I audio_a2dp_hw: adev_open:  adev_open in A2dp_hw module
01-01 00:00:23.212   309   309 I AudioFlinger: loadHwModule() Loaded a2dp audio interface from A2DP Audio HW HAL (audio) handle 10
01-01 00:00:23.213   309   309 I AudioFlinger: loadHwModule() Loaded usb audio interface from USB audio HW HAL (audio) handle 11
01-01 00:00:23.215   309   309 I r_submix: adev_open(name=audio_hw_if)
01-01 00:00:23.215   309   309 I r_submix: adev_init_check()
01-01 00:00:23.215   309   309 I AudioFlinger: loadHwModule() Loaded r_submix audio interface from Wifi Display audio HAL (audio) handle 12
01-01 00:00:23.215   309   309 D r_submix: adev_open_input_stream()
01-01 00:00:23.215   309   309 D r_submix: submix_audio_device_create_pipe()
01-01 00:00:23.215   309  1438 I AudioFlinger: AudioFlinger's thread 0xb4d01000 ready to run
01-01 00:00:23.215   309   309 D r_submix: adev_close_input_stream()
01-01 00:00:23.215   309   309 D r_submix: submix_audio_device_release_pipe()
01-01 00:00:23.215   309   309 D r_submix: submix_audio_device_destroy_pipe(): pipe destroyed
01-01 00:00:23.216   309   309 D sound_trigger_hw: stdev_open: Enter
01-01 00:00:23.216   309   309 I sound_trigger_platform: platform_stdev_init: Enter
01-01 00:00:23.241  1339  1339 W TelecomManager: Telecom Service not found.
01-01 00:00:23.338   309   309 I sound_trigger_platform: platform_stdev_init: acdb_init: apq8084-taiko-sbc-snd-card
01-01 00:00:23.339   309   309 E ACDB-LOADER: ACDB -> No .acdb files found in /etc!
01-01 00:00:23.339   309   309 E ACDB-LOADER: ACDB -> Error: Could not open any directory! Failed for /etc
01-01 00:00:23.339   309   309 E ACDB-LOADER: ACDB -> Could not load .acdb files!
01-01 00:00:23.340   309   309 I sound_trigger_hw: stdev_get_properties
01-01 00:00:23.340   309   309 I SoundTriggerHwService: loaded default module Sound Trigger HAL, handle 1
01-01 00:00:23.342   309   309 D audio_hw_primary: adev_set_mic_mute state 0
01-01 00:00:23.361   309  1385 D audio_hw_primary: out_set_parameters: enter: usecase(0: deep-buffer-playback) kvpairs: fm_volume=0.4253543019
01-01 00:00:23.361   309  1385 D audio_hw_extn: audio_extn_set_anc_parameters: anc_enabled:0
01-01 00:00:23.361   309  1385 D audio_hw_fm: audio_extn_fm_set_parameters: set_fm_volume usecase
01-01 00:00:23.361   309  1385 D audio_hw_fm: fm_set_volume: (0.425354)
01-01 00:00:23.370  1339  1339 I SystemServiceManager: Starting com.android.server.DockObserver
01-01 00:00:23.371  1339  1339 W DockObserver: This kernel does not have dock station support
01-01 00:00:23.371  1339  1339 I SystemServer: Wired Accessory Manager
01-01 00:00:23.373  1339  1339 W WiredAccessoryManager: This kernel does not have usb audio support
01-01 00:00:23.373  1339  1339 I SystemServiceManager: Starting com.android.server.usb.UsbService$Lifecycle
01-01 00:00:23.380  1339  1339 I SystemServer: Serial Service
01-01 00:00:23.381  1339  1339 I SystemServiceManager: Starting com.android.server.twilight.TwilightService
01-01 00:00:23.385  1339  1339 I SystemServiceManager: Starting com.android.server.UiModeManagerService
01-01 00:00:23.388  1339  1339 I SystemServiceManager: Starting com.android.server.job.JobSchedulerService
01-01 00:00:23.394  1339  1339 I SystemServiceManager: Starting com.android.server.backup.BackupManagerService$Lifecycle
01-01 00:00:23.404  1339  1339 I SELinux : SELinux: Loaded file_contexts from /file_contexts
01-01 00:00:23.407  1339  1339 V BackupManagerService: No ancestral data
01-01 00:00:23.411  1339  1339 D BackupManagerService: Now staging backup of com.android.calendar
01-01 00:00:23.427  1339  1339 D BackupManagerService: Now staging backup of com.android.dialer
01-01 00:00:23.430  1339  1339 D BackupManagerService: Now staging backup of com.android.providers.userdictionary
01-01 00:00:23.434  1339  1339 D BackupManagerService: Now staging backup of com.android.sharedstoragebackup
01-01 00:00:23.437  1339  1339 D BackupManagerService: Now staging backup of com.android.providers.settings
01-01 00:00:23.440  1339  1339 D BackupManagerService: Now staging backup of android
01-01 00:00:23.447  1339  1339 D BackupManagerService: Now staging backup of com.android.mms
01-01 00:00:23.450  1339  1339 D BackupManagerService: Now staging backup of com.android.browser
01-01 00:00:23.454  1339  1339 V BackupManagerService: Starting with transport android/com.android.internal.backup.LocalTransport
01-01 00:00:23.454  1339  1339 V BackupManagerService: Found transports: 1
01-01 00:00:23.454  1339  1339 I BackupManagerService: Binding to transport host ComponentInfo{android/com.android.internal.backup.LocalTransportService}
01-01 00:00:23.458  1339  1339 I BackupManagerService: Found stale backup journal, scheduling
01-01 00:00:23.466  1339  1339 I SystemServiceManager: Starting com.android.server.appwidget.AppWidgetService
01-01 00:00:23.470  1339  1339 I SystemServiceManager: Starting com.android.server.voiceinteraction.VoiceInteractionManagerService
01-01 00:00:23.473  1339  1339 I SystemServer: DiskStats Service
01-01 00:00:23.474  1339  1339 I SystemServer: SamplingProfiler Service
01-01 00:00:23.484  1339  1339 I SystemServer: NetworkTimeUpdateService
01-01 00:00:23.485  1339  1339 I SystemServer: CommonTimeManagementService
01-01 00:00:23.487  1339  1339 I SystemServer: CertBlacklister
01-01 00:00:23.488  1339  1339 I SystemServiceManager: Starting com.android.server.dreams.DreamManagerService
01-01 00:00:23.491  1339  1339 I SystemServer: Assets Atlas Service
01-01 00:00:23.492  1339  1339 I SystemServiceManager: Starting com.android.server.print.PrintManagerService
01-01 00:00:23.496  1339  1664 D Atlas   : Loaded configuration: SliceMinArea (768x768) flags=0x2 count=2
01-01 00:00:23.497  1339  1339 I SystemServiceManager: Starting com.android.server.restrictions.RestrictionsManagerService
01-01 00:00:23.506  1339  1339 I SystemServiceManager: Starting com.android.server.media.MediaSessionService
01-01 00:00:23.516  1339  1339 I SystemServer: Media Router Service
01-01 00:00:23.518  1339  1339 I SystemServiceManager: Starting com.android.server.trust.TrustManagerService
01-01 00:00:23.521  1339  1339 I SystemServiceManager: Starting com.android.server.fingerprint.FingerprintService
01-01 00:00:23.521  1339  1339 V Fingerprint-JNI: nativeInit()
01-01 00:00:23.522  1339  1339 V Fingerprint-JNI: nativeOpenHal()
01-01 00:00:23.522  1339  1339 E Fingerprint-JNI: Can't open fingerprint HW Module, error: -2
01-01 00:00:23.522  1339  1339 I SystemServer: BackgroundDexOptService
01-01 00:00:23.523  1339  1664 I Adreno  : EGLInit: QTI Build: 01/16/15, 25d4fe7, 
01-01 00:00:23.525  1339  1339 I SystemServiceManager: Starting com.android.server.pm.LauncherAppsService
01-01 00:00:23.527  1339  1339 D SystemServer: Wipower not supported
01-01 00:00:23.527  1339  1339 I SystemServiceManager: Starting com.android.server.media.projection.MediaProjectionManagerService
01-01 00:00:23.537  1339  1339 I WindowManager: SAFE MODE not enabled
01-01 00:00:23.537  1339  1339 I SystemServiceManager: Starting com.android.server.MmsServiceBroker
01-01 00:00:23.549  1339  1339 E SQLiteLog: (283) recovered 16 frames from WAL file /data/system/locksettings.db-wal
01-01 00:00:23.553  1339  1339 I SystemServiceManager: Starting phase 480
01-01 00:00:23.562  1339  1339 I SystemServiceManager: Starting phase 500
01-01 00:00:23.562  1339  1339 I WifiService: WifiService starting up with Wi-Fi disabled
01-01 00:00:23.571  1339  1428 D WifiService: New client listening to asynchronous messages
01-01 00:00:23.576  1339  1339 D WifiWatchdogStateMachine: Disabling poor network avoidance for wi-fi only device
01-01 00:00:23.576  1339  1339 I WifiScanningService: Registering wifiscanner
01-01 00:00:23.578  1339  1664 D Atlas   : Rendered atlas in 58.04ms (0.12+57.92ms)
01-01 00:00:23.582  1339  1339 D WifiScanningService: New client, channel: null messenger: null
01-01 00:00:23.583  1339  1705 D WifiChangeStateMachine: Entering IdleState
01-01 00:00:23.583  1339  1705 D WifiScanningService: DefaultState
01-01 00:00:23.583  1339  1339 I RttService: Registering rttmanager
01-01 00:00:23.585  1339  1339 I ActivityManager: Config changes=200 {1.0 ?mcc?mnc en_US ldltr sw864dp w1536dp h791dp 200dpi xlrg long land -touch -keyb/v/h -nav/h s.4}
01-01 00:00:23.615   317   317 V WLAN_PSA: NL MSG, len[020], NL type[0x18] WNI type[0x   0] len[000]
01-01 00:00:23.615   317   317 V WLAN_PSA: NL MSG, PID: 0
01-01 00:00:23.616   317   317 D WLAN_PSA: KDriver Unloaded, NL Listen
01-01 00:00:23.631  1339  1339 I AppOps  : Pruning old package media/1013: new uid=-1
01-01 00:00:23.631  1339  1339 I ActivityManager: System now ready
01-01 00:00:23.636  1339  1339 I SystemServer: Making services ready
01-01 00:00:23.636  1339  1339 I SystemServiceManager: Starting phase 550
01-01 00:00:23.645  1339  1339 I SystemServer: WebViewFactory preparation
01-01 00:00:23.646  1339  1367 I DisplayManagerService: Display device changed: DisplayDeviceInfo{"Built-in Screen": 1920 x 1080, 60.0 fps, supportedRefreshRates [60.0], density 200, 799.475 x 249.381 dpi, appVsyncOff 0, presDeadline 17666667, touch INTERNAL, rotation 0, type BUILT_IN, state ON, FLAG_DEFAULT_DISPLAY, FLAG_ROTATES_WITH_CONTENT, FLAG_SECURE, FLAG_SUPPORTS_PROTECTED_BUFFERS}
01-01 00:00:23.648   249   249 D SurfaceFlinger: Set power mode=2, type=0 flinger=0xb6962000
01-01 00:00:23.648   249   249 D SurfaceFlinger: Screen type=0 is already mode=2
01-01 00:00:23.657  1339  1362 I Zygote  : Process: zygote socket opened, supported ABIS: armeabi-v7a,armeabi
01-01 00:00:23.669  1339  1716 D UsbHostManager: Added device UsbDevice[mName=/dev/bus/usb/001/002,mVendorId=1027,mProductId=24597,mClass=0,mSubclass=0,mProtocol=0,mManufacturerName=FTDI,mProductName=FT230X Basic UART,mSerialNumber=DM011IXA,mConfigurations=[
01-01 00:00:23.669  1339  1716 D UsbHostManager: UsbConfiguration[mId=1,mName=null,mAttributes=128,mMaxPower=45,mInterfaces=[
01-01 00:00:23.669  1339  1716 D UsbHostManager: UsbInterface[mId=0,mAlternateSetting=0,mName=FT230X Basic UART,mClass=255,mSubclass=255,mProtocol=255,mEndpoints=[
01-01 00:00:23.669  1339  1716 D UsbHostManager: UsbEndpoint[mAddress=129,mAttributes=2,mMaxPacketSize=64,mInterval=0]
01-01 00:00:23.669  1339  1716 D UsbHostManager: UsbEndpoint[mAddress=2,mAttributes=2,mMaxPacketSize=64,mInterval=0]]]]
01-01 00:00:23.672  1339  1716 W ContextImpl: Calling a method in the system process without a qualified user: android.app.ContextImpl.sendBroadcast:1321 com.android.server.usb.UsbSettingsManager.deviceAttached:741 com.android.server.usb.UsbHostManager.endUsbDeviceAdded:286 com.android.server.usb.UsbHostManager.monitorUsbHostBus:-2 com.android.server.usb.UsbHostManager.access$000:47 
01-01 00:00:23.685  1339  1362 I ActivityManager: Start proc android.process.media for broadcast com.android.providers.media/.MtpReceiver: pid=1719 uid=10006 gids={50006, 9997, 1028, 1015, 1023, 1024, 2001, 3003, 3007} abi=armeabi-v7a
01-01 00:00:23.716  1339  1339 I ActivityManager: Start proc WebViewLoader-armeabi-v7a [android.webkit.WebViewFactory$RelroFileCreator] for : pid=1737 uid=1037 gids={} abi=armeabi-v7a
01-01 00:00:23.727  1737  1737 V WebViewFactory: RelroFileCreator (64bit = false),  32-bit lib: /system/app/webview/lib/arm/libwebviewchromium.so, 64-bit lib: 
01-01 00:00:23.755  1339  1339 I ActivityManager: Start proc com.android.systemui for service com.android.systemui/.SystemUIService: pid=1756 uid=10015 gids={50015, 9997, 1028, 1015, 1035, 3002, 3001, 3006} abi=armeabi-v7a
01-01 00:00:23.756  1339  1339 D NetworkManagementService: enabling bandwidth control
01-01 00:00:23.757  1339  1414 E MountService: Boot-time mount failed (-1)
01-01 00:00:23.758   248   272 I Vold    : /dev/block/vold/179:65 being considered for volume sdcard1
01-01 00:00:23.758   248   272 D Vold    : Volume sdcard1 state changing 1 (Idle-Unmounted) -> 3 (Checking)
01-01 00:00:23.759  1339  1364 D MountService: volume state changed for /storage/sdcard1 (unmounted -> checking)
01-01 00:00:23.760  1339  1364 D MountService: sendStorageIntent Intent { act=android.intent.action.MEDIA_CHECKING dat=file:///storage/sdcard1 flg=0x4000000 (has extras) } to UserHandle{-1}
01-01 00:00:23.778   248   272 I fsck_msdos: ** /dev/block/vold/179:65
01-01 00:00:23.854  1719  1719 E SQLiteLog: (283) recovered 95 frames from WAL file /data/data/com.android.providers.media/databases/external.db-wal
01-01 00:00:23.866  1756  1756 V SystemUIService: Starting SystemUI services.
01-01 00:00:23.895  1339  1358 V FingerprintService: startListening(android.service.fingerprint.IFingerprintServiceReceiver$Stub$Proxy@a2362e7)
01-01 00:00:23.917   309  1536 E OMXMaster: A component of name 'OMX.qcom.audio.decoder.aac' already exists, ignoring this one.
01-01 00:00:23.917   309  1536 D Utils   : printFileName fd(17) -> /system/media/audio/ui/Lock.ogg
01-01 00:00:23.923   309  1536 E WVMExtractor: Failed to open libwvm.so: dlopen failed: library "libwvm.so" not found
01-01 00:00:23.952   309  1536 D ExtendedUtils: extended extractor not needed, return default
01-01 00:00:23.955   309  1805 D AudioPolicyManager: isOffloadSupported: stream_type != MUSIC, returning false
01-01 00:00:23.965  1737  1737 I art     : System.exit called, status: 0
01-01 00:00:23.965  1737  1737 I AndroidRuntime: VM exiting with result code 0, cleanup skipped.
01-01 00:00:23.972   309  1805 E OMXNodeInstance: getParameter(100663311) ERROR: 0x8000101a
01-01 00:00:23.972   309  1805 E OMXNodeInstance: getParameter(100663297) ERROR: 0x8000101a
01-01 00:00:23.975   309  1805 E OMXNodeInstance: getParameter(100663311) ERROR: 0x8000101a
01-01 00:00:23.975   309  1805 E OMXNodeInstance: getParameter(100663297) ERROR: 0x8000101a
01-01 00:00:23.979   309  1805 E OMXNodeInstance: getParameter(100663311) ERROR: 0x8000101a
01-01 00:00:23.979   309  1805 E OMXNodeInstance: getParameter(100663297) ERROR: 0x8000101a
01-01 00:00:23.990   309  1805 E OMXNodeInstance: getParameter(100663311) ERROR: 0x8000101a
01-01 00:00:23.990   309  1805 E OMXNodeInstance: getParameter(100663297) ERROR: 0x8000101a
01-01 00:00:23.992   309  1805 E OMXNodeInstance: getParameter(100663311) ERROR: 0x8000101a
01-01 00:00:23.992   309  1805 E OMXNodeInstance: getParameter(100663297) ERROR: 0x8000101a
01-01 00:00:23.994   309  1805 E OMXNodeInstance: getParameter(100663311) ERROR: 0x8000101a
01-01 00:00:23.994   309  1805 E OMXNodeInstance: getParameter(100663297) ERROR: 0x8000101a
01-01 00:00:23.996   309  1805 E OMXNodeInstance: getParameter(100663311) ERROR: 0x8000101a
01-01 00:00:23.996   309  1805 E OMXNodeInstance: getParameter(100663297) ERROR: 0x8000101a
01-01 00:00:23.998   309  1805 E OMXNodeInstance: getParameter(100663311) ERROR: 0x8000101a
01-01 00:00:23.998   309  1805 E OMXNodeInstance: getParameter(100663297) ERROR: 0x8000101a
01-01 00:00:24.000   309  1805 E OMXNodeInstance: getParameter(100663311) ERROR: 0x8000101a
01-01 00:00:24.000   309  1805 E OMXNodeInstance: getParameter(100663297) ERROR: 0x8000101a
01-01 00:00:24.007   309  1805 E OMXNodeInstance: getParameter(100663311) ERROR: 0x8000101a
01-01 00:00:24.007   309  1805 E OMXNodeInstance: getParameter(100663297) ERROR: 0x8000101a
01-01 00:00:24.011   309  1805 E OMXNodeInstance: getParameter(100663311) ERROR: 0x8000101a
01-01 00:00:24.012   309  1805 E OMXNodeInstance: getParameter(100663297) ERROR: 0x8000101a
01-01 00:00:24.015   309  1805 E OMXNodeInstance: getParameter(100663311) ERROR: 0x8000101a
01-01 00:00:24.015   309  1805 E OMXNodeInstance: getParameter(100663297) ERROR: 0x8000101a
01-01 00:00:24.019   309  1805 E OMXNodeInstance: getParameter(100663311) ERROR: 0x8000101a
01-01 00:00:24.019   309  1805 E OMXNodeInstance: getParameter(100663297) ERROR: 0x8000101a
01-01 00:00:24.022   309  1805 E OMXNodeInstance: getParameter(100663311) ERROR: 0x8000101a
01-01 00:00:24.022   309  1805 E OMXNodeInstance: getParameter(100663297) ERROR: 0x8000101a
01-01 00:00:24.026   309  1805 E QC_EVRCENC:  component init: role = OMX.qcom.audio.encoder.evrc
01-01 00:00:24.026   309  1805 I QC_EVRCENC:  component init: role = OMX.qcom.audio.encoder.evrc
01-01 00:00:24.026   309  1805 I QC_EVRCENC: 
01-01 00:00:24.026   309  1805 I QC_EVRCENC: component_init: Component OMX.qcom.audio.encoder.evrc LOADED 
01-01 00:00:24.032   309  1805 I QC_EVRCENC: Driver in Non Tunnel mode open
01-01 00:00:24.033   309  1805 E QC_EVRCENC: unknown param 0600000f
01-01 00:00:24.033   309  1805 E OMXNodeInstance: getParameter(100663311) ERROR: 0x8000101a
01-01 00:00:24.033   309  1805 E QC_EVRCENC: unknown param 06000001
01-01 00:00:24.033   309  1805 E OMXNodeInstance: getParameter(100663297) ERROR: 0x8000101a
01-01 00:00:24.033   309  1805 I QC_EVRCENC: Returning the state 1
01-01 00:00:24.033   309  1805 I QC_EVRCENC: Returning the state 1
