01-01 00:00:20.690   677   677 E QSEECOMD: : Listener: index = 2, hierarchy = 1
01-01 00:00:20.690   677   677 D QSEECOMD: : Init dlopen(libsecureui.so, RTLD_NOW) succeeds
01-01 00:00:20.690   677   677 D QSEECOMD: : Init::Init dlsym(g_FSHandle secure_ui_start) succeeds
01-01 00:00:20.690   677   677 D QSEECOMAPI: : QSEECom_register_listener 16384 sb_length = 0x1014
01-01 00:00:20.711   307   307 I ServiceManager: Waiting for service batterystats...
01-01 00:00:20.712   677   677 D QSEECOMD: : Init secure_ui_start ret = 0
01-01 00:00:20.712   677   677 D QSEECOMD: : secure UI services: Started (Listener ID = 16384)
01-01 00:00:20.712   677   677 E QSEECOMD: : Listener: index = 3, hierarchy = 1
01-01 00:00:20.720   677   677 D QSEECOMD: : Init dlopen(libdrmtime.so, RTLD_NOW) succeeds
01-01 00:00:20.720   677   677 D QSEECOMD: : Init::Init dlsym(g_FSHandle atime_start) succeeds
01-01 00:00:20.720   677   677 D DrmLibTime: QSEE Time Listener: atime_start
01-01 00:00:20.720   677   677 D QSEECOMAPI: : QSEECom_register_listener 11 sb_length = 0x5000
01-01 00:00:20.720   677   677 D DrmLibTime: registering fs service to QSEECom is done!
01-01 00:00:20.720   677   677 D DrmLibTime: begin to create a thread!
01-01 00:00:20.720   677   677 D DrmLibTime: Creating a pthread in atime_start is done! return 0
01-01 00:00:20.721   677   677 D QSEECOMD: : Init atime_start ret = 0
01-01 00:00:20.721   677   677 D QSEECOMD: : time services: Started (Listener ID = 11)
01-01 00:00:20.721   677   677 E QSEECOMD: : Listener: index = 4, hierarchy = 1
01-01 00:00:20.721   677   677 D QSEECOMD: : Init dlopen(libdrmfs.so, RTLD_NOW) succeeds
01-01 00:00:20.721   677   677 D QSEECOMD: : Init::Init dlsym(g_FSHandle fs_start) succeeds
01-01 00:00:20.721   677   677 D QSEECOMAPI: : QSEECom_register_listener 10 sb_length = 0x5000
01-01 00:00:20.721   677   677 D QSEECOMD: : Init fs_start ret = 0
01-01 00:00:20.721   677   677 D QSEECOMD: : file system services: Started (Listener ID = 10)
01-01 00:00:20.721   677   677 D QSEECOMD: : QSEECOM DAEMON RUNNING 
01-01 00:00:20.738   677   687 D DrmLibTime: QSEE Time Listener: dispatch
01-01 00:00:20.738   677   687 D DrmLibTime: before calling ioctl to read the next time_cmd
01-01 00:00:20.916   707   707 I recovery: Recovery image already installed 
01-01 00:00:21.239   329   329 I SamplingProfilerIntegration: Profiling disabled.
01-01 00:00:21.270   247   271 I ServiceManager: Waiting to check permission android.permission.ACCESS_SURFACE_FLINGER from uid=1013 pid=659
01-01 00:00:21.272   329   329 D Zygote  : begin preload
01-01 00:00:21.357   329   329 I Zygote  : Preloading classes...
01-01 00:00:21.394   329   329 I art     : Explicit concurrent mark sweep GC freed 1004(56KB) AllocSpace objects, 0(0B) LOS objects, 93% free, 76KB/1100KB, paused 98us total 36.925ms
01-01 00:00:21.425   329   329 I art     : Counter: 1
01-01 00:00:21.457   321   321 D WLAN_PSA: NL BCAST MSG KDriver Not ready yet : KNLREADY
01-01 00:00:21.457   321   321 D WLAN_PSA: NL BCAST MSG Received, Kernel ready, connect LN
01-01 00:00:21.458   321   321 E pttSocketApp:          aniAsfIpc.c:809 Error(-1225815715):Gethostbyname failed, ipcPtr [0xb6a50040], sd 4
01-01 00:00:21.458   321   321 D WLAN_PSA: Register APP Socket to kernel
01-01 00:00:21.458   321   321 V WLAN_PSA: NL MSG, len[009], NL type[0x0] WNI type[0x4541] len[17497]
01-01 00:00:21.458   321   321 V WLAN_PSA: NL MSG, PID: 0
01-01 00:00:21.458   321   321 V WLAN_PSA: NL MSG, len[056], NL type[0x11] WNI type[0x   2] len[036]
01-01 00:00:21.458   321   321 V WLAN_PSA: NL MSG, PID: 321
01-01 00:00:21.458   321   321 V WLAN_PSA: NL MSG, len[009], NL type[0x0] WNI type[0x4541] len[17497]
01-01 00:00:21.458   321   321 V WLAN_PSA: NL MSG, PID: 0
01-01 00:00:21.458   321   321 V WLAN_PSA: NL MSG, len[056], NL type[0x11] WNI type[0x   2] len[036]
01-01 00:00:21.458   321   321 V WLAN_PSA: NL MSG, PID: 321
01-01 00:00:21.532   247   651 W SurfaceFlinger: Timed out waiting for hw vsync; faking it
01-01 00:00:21.699   838   838 I ndc     : type=1400 audit(0.0:14): avc: denied { read write } for path="/dev/pts/1" dev="devpts" ino=4 scontext=u:r:wcnss_service:s0 tcontext=u:object_r:devpts:s0 tclass=chr_file permissive=1
01-01 00:00:21.699   838   838 I ndc     : type=1400 audit(0.0:15): avc: denied { getattr } for path="/dev/pts/1" dev="devpts" ino=4 scontext=u:r:wcnss_service:s0 tcontext=u:object_r:devpts:s0 tclass=chr_file permissive=1
01-01 00:00:21.709   838   838 I ndc     : type=1400 audit(0.0:16): avc: denied { write } for name="netd" dev="tmpfs" ino=10814 scontext=u:r:wcnss_service:s0 tcontext=u:object_r:netd_socket:s0 tclass=sock_file permissive=1
01-01 00:00:21.711   307   307 I ServiceManager: Waiting for service batterystats...
01-01 00:00:21.725   470   470 I sh      : Error connecting (Connection refused)
01-01 00:00:21.783   470   470 I sh      : Error connecting (Connection refused)
01-01 00:00:21.820   470   470 I sh      : Error connecting (Connection refused)
01-01 00:00:21.848   470   470 I sh      : Error connecting (Connection refused)
01-01 00:00:21.901   470   470 I sh      : Error connecting (Connection refused)
01-01 00:00:21.953   470   470 I sh      : Error connecting (Connection refused)
01-01 00:00:22.002   470   470 I sh      : Error connecting (Connection refused)
01-01 00:00:22.032   470   470 I sh      : Error connecting (Connection refused)
01-01 00:00:22.037   417   417 E QC-time-services: Daemon:genoff_modem_qmi_init: qmi_client_get_service_list returned -2num_services 0
01-01 00:00:22.079   470   470 I sh      : Error connecting (Connection refused)
01-01 00:00:22.082   470   470 I sh      : sh terminated by exit(4)
01-01 00:00:22.136   329   329 E Minikin : addFont failed to create font /system/fonts/NotoSansGujarati-Regular.ttf
01-01 00:00:22.136   329   329 E Minikin : addFont failed to create font /system/fonts/NotoSansGujarati-Bold.ttf
01-01 00:00:22.136   329   329 E Minikin : addFont failed to create font /system/fonts/NotoSansGujaratiUI-Regular.ttf
01-01 00:00:22.136   329   329 E Minikin : addFont failed to create font /system/fonts/NotoSansGujaratiUI-Bold.ttf
01-01 00:00:22.136   329   329 E Minikin : addFont failed to create font /system/fonts/NotoSansGurmukhi-Regular.ttf
01-01 00:00:22.136   329   329 E Minikin : addFont failed to create font /system/fonts/NotoSansGurmukhi-Bold.ttf
01-01 00:00:22.136   329   329 E Minikin : addFont failed to create font /system/fonts/NotoSansGurmukhiUI-Regular.ttf
01-01 00:00:22.136   329   329 E Minikin : addFont failed to create font /system/fonts/NotoSansGurmukhiUI-Bold.ttf
01-01 00:00:22.175   329   329 E Minikin : addFont failed to create font /system/fonts/NotoSansSinhala-Regular.ttf
01-01 00:00:22.175   329   329 E Minikin : addFont failed to create font /system/fonts/NotoSansSinhala-Bold.ttf
01-01 00:00:22.193   329   329 E Minikin : addFont failed to create font /system/fonts/NotoSansCherokee-Regular.ttf
01-01 00:00:22.193   329   329 E Minikin : addFont failed to create font /system/fonts/NotoSansCanadianAboriginal-Regular.ttf
01-01 00:00:22.193   329   329 E Minikin : addFont failed to create font /system/fonts/NotoSansYi-Regular.ttf
01-01 00:00:22.193   329   329 E Minikin : addFont failed to create font /system/fonts/NotoSansHans-Regular.otf
01-01 00:00:22.193   329   329 E Minikin : addFont failed to create font /system/fonts/NotoSansHant-Regular.otf
01-01 00:00:22.193   329   329 E Minikin : addFont failed to create font /system/fonts/NotoSansJP-Regular.otf
01-01 00:00:22.193   329   329 E Minikin : addFont failed to create font /system/fonts/NotoSansKR-Regular.otf
01-01 00:00:22.195   427   427 E mm-camera-sensor: module_sensor_init_eeprom:5078 Exit subdev_id[SUB_MODULE_EEPROM] == -1
01-01 00:00:22.195   427   427 E mm-camera-sensor: module_sensor_init_eeprom:5078 Exit subdev_id[SUB_MODULE_EEPROM] == -1
01-01 00:00:22.337   389   389 E libsensor1: sensor1_open: Error in connect() errno=2 No such file or directory
01-01 00:00:22.338   389   389 E slim_sensor1: I/slim_sensor1_open: Pending Sensor1 connection opening!
01-01 00:00:22.338   389   389 E slim_provider_common: I/slim_message_queue_init: Initializing message queue
01-01 00:00:22.343   389   389 E SlimProviderConf: I/GetConfiguredSensorProvider:g_sensor_provider is 1
01-01 00:00:22.344   389   389 E slim_sensor1: I/slim_sensor1_init: Initializing Sensor1
01-01 00:00:22.344   389   389 E slim_sensor1: W/sensor process is not up and running yet!
01-01 00:00:22.698   386   413 E LOWI-6.0.0.15: [LOWIEventReceiver] handleEvent failed
01-01 00:00:22.698   386   413 E LOWI-6.0.0.15: [LOWIEventReceiver] handleEvent failed
01-01 00:00:22.699   386   413 E LOWI-6.0.0.15: [LOWIEventReceiver] handleEvent failed
01-01 00:00:22.699   387  1023 E XTIA    : [inet-agent-pos] _process failed 4
01-01 00:00:22.699   387  1023 E XTIA    : [inet-agent-pos] _process failed 4
01-01 00:00:22.699   387  1023 E XTIA    : [inet-agent-pos] _process failed 4
01-01 00:00:22.699   387  1029 E XTIA    : [inet-agent-wwan-pos] _process failed 4
01-01 00:00:22.700   386   413 E LOWI-6.0.0.15: [LOWIEventReceiver] handleEvent failed
01-01 00:00:22.700   387  1027 E XTIA    : [inet-agent-cs] _process failed 4
01-01 00:00:22.700   387  1027 E XTIA    : [inet-agent-cs] _process failed 4
01-01 00:00:22.700   387  1025 E XTIA    : [inet-agent-tile] _process failed 4
01-01 00:00:22.700   387  1025 E XTIA    : [inet-agent-tile] _process failed 4
01-01 00:00:22.700   387  1025 E XTIA    : [inet-agent-tile] _process failed 4
01-01 00:00:22.700   387  1025 E XTIA    : [inet-agent-tile] _process failed 4
01-01 00:00:22.700   387  1027 E XTIA    : [inet-agent-cs] _process failed 4
01-01 00:00:22.700   387  1027 E XTIA    : [inet-agent-cs] _process failed 4
01-01 00:00:22.700   387  1023 E XTIA    : [inet-agent-pos] _process failed 4
01-01 00:00:22.700   387  1029 E XTIA    : [inet-agent-wwan-pos] _process failed 4
01-01 00:00:22.700   387  1029 E XTIA    : [inet-agent-wwan-pos] _process failed 4
01-01 00:00:22.700   387  1029 E XTIA    : [inet-agent-wwan-pos] _process failed 4
01-01 00:00:22.711   307   307 I ServiceManager: Waiting for service batterystats...
01-01 00:00:22.883   329   329 I art     : Thread[1,tid=329,WaitingForJniOnLoad,Thread*=0xb5107800,peer=0x12c430e0,"main"] recursive attempt to load library "/system/lib/libmedia_jni.so"
01-01 00:00:22.883   329   329 D MtpDeviceJNI: register_android_mtp_MtpDevice
01-01 00:00:22.922   329   329 I art     : Thread[1,tid=329,WaitingForJniOnLoad,Thread*=0xb5107800,peer=0x12c430e0,"main"] recursive attempt to load library "/system/lib/libmedia_jni.so"
01-01 00:00:22.922   329   329 I art     : Thread[1,tid=329,WaitingForJniOnLoad,Thread*=0xb5107800,peer=0x12c430e0,"main"] recursive attempt to load library "/system/lib/libmedia_jni.so"
01-01 00:00:23.029   247   247 D SurfaceFlinger: shader cache generated - 24 shaders in 1496.736816 ms
01-01 00:00:23.133   247   247 D qdutils : DEBUG_CALC_FPS: 0
01-01 00:00:23.133   247   247 D qdutils : period: 10
01-01 00:00:23.133   247   247 D qdutils : ignorethresh_us: 500000
01-01 00:00:23.164   427   427 E mm-camera-isp2: module_chroma_enhan40_init:92 name chroma_enhan40
01-01 00:00:23.170   427   427 E mm-camera-isp2: module_color_correct40_init:94 name color_correct40
01-01 00:00:23.172   427   427 E mm-camera-isp2: module_luma_adaptation40_init:90 name luma_adaptation40
01-01 00:00:23.392   329   329 E EmojiFactory_jni: Failed to load libemoji.so: dlopen failed: library "libemoji.so" not found
01-01 00:00:23.529  1167  1167 I nmbd    : type=1400 audit(0.0:17): avc: denied { setopt } for scontext=u:r:init:s0 tcontext=u:r:init:s0 tclass=udp_socket permissive=1
01-01 00:00:23.529  1167  1167 I nmbd    : type=1400 audit(0.0:18): avc: denied { bind } for scontext=u:r:init:s0 tcontext=u:r:init:s0 tclass=udp_socket permissive=1
01-01 00:00:23.529  1167  1167 I nmbd    : type=1400 audit(0.0:19): avc: denied { name_bind } for src=137 scontext=u:r:init:s0 tcontext=u:object_r:port:s0 tclass=udp_socket permissive=1
01-01 00:00:23.529  1167  1167 I nmbd    : type=1400 audit(0.0:20): avc: denied { node_bind } for src=137 scontext=u:r:init:s0 tcontext=u:object_r:node:s0 tclass=udp_socket permissive=1
01-01 00:00:23.529  1167  1167 I nmbd    : type=1400 audit(0.0:21): avc: denied { getopt } for lport=137 scontext=u:r:init:s0 tcontext=u:r:init:s0 tclass=udp_socket permissive=1
01-01 00:00:23.613   427   427 E mm-camera-isp2: module_chroma_enhan40_init:92 name chroma_enhan40
01-01 00:00:23.613   427   427 E mm-camera-isp2: module_color_correct40_init:94 name color_correct40
01-01 00:00:23.613   427   427 E mm-camera-isp2: module_luma_adaptation40_init:90 name luma_adaptation40
01-01 00:00:23.614   427   427 E mm-camera-isp2: isp_resource_gen_hws_caps:2415 i 0 isp id 0
01-01 00:00:23.614   427   427 E mm-camera-isp2: isp_resource_gen_hws_caps:2415 i 1 isp id 1
01-01 00:00:23.614   427   427 E mm-camera-isp2: module_isp_init:468 module 0xb6a51c40
01-01 00:00:23.614   427   427 E mm-camera: is_module_init: Enter
01-01 00:00:23.614   427   427 E mm-camera: gyro_module_init: Enter
01-01 00:00:23.614   427   427 E mm-camera: gyro_module_init: Exit successful
01-01 00:00:23.712   307   307 E MediaPlayerFactory: calling dlopen on FACTORY_LIB
01-01 00:00:23.717   307   307 E MediaPlayerFactory: calling dlsym on pFactoryLib for FACTORY_CREATE_FN 
01-01 00:00:23.717   307   307 E MediaPlayerFactory: registering DASH Player factory...
01-01 00:00:23.717   307   307 I CameraService: CameraService started (pid=307)
01-01 00:00:23.732   307   307 I CameraService: Loaded "QCamera Module" camera module
01-01 00:00:23.733   307   307 E mm-camera-intf: entity id 1
01-01 00:00:23.733   307   307 E mm-camera-intf: entity name video0 type 65537 group id 2
01-01 00:00:23.733   307   307 E mm-camera-intf: entity id 2
01-01 00:00:23.733   307   307 E mm-camera-intf: entity name msm_cci type 131072 group id 0
01-01 00:00:23.733   307   307 E mm-camera-intf: entity id 3
01-01 00:00:23.733   307   307 E mm-camera-intf: entity name v4l-subdev0 type 131072 group id 0
01-01 00:00:23.733   307   307 E mm-camera-intf: entity id 4
01-01 00:00:23.733   307   307 E mm-camera-intf: entity name v4l-subdev1 type 131072 group id 0
01-01 00:00:23.733   307   307 E mm-camera-intf: entity id 5
01-01 00:00:23.733   307   307 E mm-camera-intf: entity name v4l-subdev2 type 131072 group id 0
01-01 00:00:23.733   307   307 E mm-camera-intf: entity id 6
01-01 00:00:23.733   307   307 E mm-camera-intf: entity name v4l-subdev3 type 131072 group id 1
01-01 00:00:23.733   307   307 E mm-camera-intf: entity id 7
01-01 00:00:23.733   307   307 E mm-camera-intf: entity name v4l-subdev4 type 131072 group id 1
01-01 00:00:23.733   307   307 E mm-camera-intf: entity id 8
01-01 00:00:23.733   307   307 E mm-camera-intf: entity name v4l-subdev5 type 131072 group id 1
01-01 00:00:23.733   307   307 E mm-camera-intf: entity id 9
01-01 00:00:23.733   307   307 E mm-camera-intf: entity name v4l-subdev6 type 131072 group id 1
01-01 00:00:23.733   307   307 E mm-camera-intf: entity id 10
01-01 00:00:23.733   307   307 E mm-camera-intf: entity name v4l-subdev7 type 131072 group id 7
01-01 00:00:23.733   307   307 E mm-camera-intf: entity id 11
01-01 00:00:23.733   307   307 E mm-camera-intf: entity name v4l-subdev8 type 131072 group id 14
01-01 00:00:23.789   307   307 D mm-camera-intf: index = 0 flag = 0 mount_angle = 0 facing = 0
01-01 00:00:23.789   307   307 D mm-camera-intf: index = 1 flag = 0 mount_angle = 0 facing = 0
01-01 00:00:23.793   307   307 E QCamera2Factory: int qcamera::QCamera2Factory::getCameraInfo(int, camera_info*) : Hal descriptor table is not initialized!
01-01 00:00:23.793   307   307 E QCamera2Factory: int qcamera::QCamera2Factory::getCameraInfo(int, camera_info*) : Hal descriptor table is not initialized!
01-01 00:00:23.794   307   307 I AudioPolicyService: AudioPolicyService CSTOR in new mode
01-01 00:00:23.795   329   614 W art     : Suspending all threads took: 7.020ms
01-01 00:00:23.796   329   614 I art     : Background sticky concurrent mark sweep GC freed 2555(172KB) AllocSpace objects, 0(0B) LOS objects, 25% free, 817KB/1100KB, paused 7.514ms total 15.652ms
01-01 00:00:23.805   307   307 W AudioPolicyManager: DeviceVector::add device 80000040 already in
01-01 00:00:23.805   307   307 I AudioPolicyManager: loadAudioPolicyConfig() loaded /system/etc/audio_policy.conf
01-01 00:00:23.815   307   307 D audio_hw_primary: adev_open: enter
01-01 00:00:23.983   427   427 E mm-camera-vpu: vpu_module_init:48, INFO name=vpu
01-01 00:00:23.984   427   427 E mm-camera-vpu: vpu_client_find_vpu_device:64, INFO vpu device found: /dev/video1
01-01 00:00:23.984   427   427 E mm-camera-vpu: vpu_module_init:89, DEBUG SUCCESS
01-01 00:00:23.988   427   427 D mm-camera: module_afs_load:1473] Frame algo library loaded successfully
01-01 00:00:23.988   427   427 D mm-camera-img: module_imglib_create_port:1879 portname imglib_d2_i0
01-01 00:00:23.988   427   427 D mm-camera-img: img_core_get_comp:37] role 2 name qcom.faceproc
01-01 00:00:23.988   427   427 D mm-camera-img: img_core_get_comp:42] comp_index[0] role 0 name qcom.wavelet
01-01 00:00:23.988   427   427 D mm-camera-img: img_core_get_comp:42] comp_index[1] role 1 name qcom.hdr
01-01 00:00:23.988   427   427 D mm-camera-img: img_core_get_comp:42] comp_index[2] role 2 name qcom.faceproc
01-01 00:00:23.988   427   427 D mm-camera-img: img_core_get_comp:47] find component role 2 name qcom.faceproc
01-01 00:00:23.988   427   427 D mm-camera-img: face detection running in ARM mode, DSP is disabled in make file
01-01 00:00:23.988   427   427 D mm-camera-img: faceproc_comp_eng_load:436] E
01-01 00:00:23.999   427   427 W linker  : libmmcamera_faceproc.so has text relocations. This is wasting memory and prevents security hardening. Please fix.
01-01 00:00:24.001   427   427 D mm-camera-img: img_core_get_comp:37] role 1 name qcom.hdr
01-01 00:00:24.001   427   427 D mm-camera-img: img_core_get_comp:42] comp_index[0] role 0 name qcom.wavelet
01-01 00:00:24.001   427   427 D mm-camera-img: img_core_get_comp:42] comp_index[1] role 1 name qcom.hdr
01-01 00:00:24.001   427   427 D mm-camera-img: img_core_get_comp:47] find component role 1 name qcom.hdr
01-01 00:00:24.038   417   417 E QC-time-services: Daemon:genoff_modem_qmi_init: qmi_client_get_service_list returned -2num_services 0
01-01 00:00:24.077   427   427 D mm-camera-img: hdr_comp_load:1171] HDR library loaded successfully
01-01 00:00:24.077   427   427 D hdr     : Port hdr_dummy initialized
01-01 00:00:24.077   427   427 D mm-camera-img: img_core_get_comp:37] role 4 name qcom.gen_frameproc
01-01 00:00:24.077   427   427 D mm-camera-img: img_core_get_comp:42] comp_index[0] role 0 name qcom.wavelet
01-01 00:00:24.077   427   427 D mm-camera-img: img_core_get_comp:42] comp_index[1] role 1 name qcom.hdr
01-01 00:00:24.077   427   427 D mm-camera-img: img_core_get_comp:42] comp_index[2] role 2 name qcom.faceproc
01-01 00:00:24.077   427   427 D mm-camera-img: img_core_get_comp:42] comp_index[3] role 3 name qcom.cac
01-01 00:00:24.077   427   427 D mm-camera-img: img_core_get_comp:42] comp_index[4] role 4 name qcom.gen_frameproc
01-01 00:00:24.077   427   427 D mm-camera-img: img_core_get_comp:47] find component role 4 name qcom.gen_frameproc
01-01 00:00:24.077   427   427 E mm-camera-img: frameproc_comp_load:818] Error opening frameproc library libmmcamera_chromaflash_lib.so
01-01 00:00:24.077   427   427 E mm-camera: module_imgbase_init:1070] Error rc -6
01-01 00:00:24.077   427   427 E mm-camera-img: module_imglib_create_topology:628] Can not init the module imglib_chroma_flash
01-01 00:00:24.077   427   427 D mm-camera-img: img_core_get_comp:37] role 4 name qcom.gen_frameproc
01-01 00:00:24.077   427   427 D mm-camera-img: img_core_get_comp:42] comp_index[0] role 0 name qcom.wavelet
01-01 00:00:24.077   427   427 D mm-camera-img: img_core_get_comp:42] comp_index[1] role 1 name qcom.hdr
01-01 00:00:24.077   427   427 D mm-camera-img: img_core_get_comp:42] comp_index[2] role 2 name qcom.faceproc
01-01 00:00:24.077   427   427 D mm-camera-img: img_core_get_comp:42] comp_index[3] role 3 name qcom.cac
01-01 00:00:24.077   427   427 D mm-camera-img: img_core_get_comp:42] comp_index[4] role 4 name qcom.gen_frameproc
01-01 00:00:24.077   427   427 D mm-camera-img: img_core_get_comp:47] find component role 4 name qcom.gen_frameproc
01-01 00:00:24.077   427   427 E mm-camera-img: frameproc_comp_load:818] Error opening frameproc library libmmcamera_optizoom_lib.so
01-01 00:00:24.077   427   427 E mm-camera: module_imgbase_init:1070] Error rc -6
01-01 00:00:24.077   427   427 E mm-camera-img: module_imglib_create_topology:628] Can not init the module imglib_optizoom
01-01 00:00:24.077   427   427 D mm-camera-img: img_core_get_comp:37] role 4 name qcom.gen_frameproc
01-01 00:00:24.077   427   427 D mm-camera-img: img_core_get_comp:42] comp_index[0] role 0 name qcom.wavelet
01-01 00:00:24.077   427   427 D mm-camera-img: img_core_get_comp:42] comp_index[1] role 1 name qcom.hdr
01-01 00:00:24.077   427   427 D mm-camera-img: img_core_get_comp:42] comp_index[2] role 2 name qcom.faceproc
01-01 00:00:24.077   427   427 D mm-camera-img: img_core_get_comp:42] comp_index[3] role 3 name qcom.cac
01-01 00:00:24.077   427   427 D mm-camera-img: img_core_get_comp:42] comp_index[4] role 4 name qcom.gen_frameproc
01-01 00:00:24.077   427   427 D mm-camera-img: img_core_get_comp:47] find component role 4 name qcom.gen_frameproc
01-01 00:00:24.078   427   427 E mm-camera-img: frameproc_comp_load:818] Error opening frameproc library libmmcamera_ubifocus_lib.so
01-01 00:00:24.078   427   427 E mm-camera: module_imgbase_init:1070] Error rc -6
01-01 00:00:24.078   427   427 E mm-camera-img: module_imglib_create_topology:628] Can not init the module imglib_ubifocus
01-01 00:00:24.078   427   427 D mm-camera-img: img_core_get_comp:37] role 4 name qcom.gen_frameproc
01-01 00:00:24.078   427   427 D mm-camera-img: img_core_get_comp:42] comp_index[0] role 0 name qcom.wavelet
01-01 00:00:24.078   427   427 D mm-camera-img: img_core_get_comp:42] comp_index[1] role 1 name qcom.hdr
01-01 00:00:24.078   427   427 D mm-camera-img: img_core_get_comp:42] comp_index[2] role 2 name qcom.faceproc
01-01 00:00:24.078   427   427 D mm-camera-img: img_core_get_comp:42] comp_index[3] role 3 name qcom.cac
01-01 00:00:24.078   427   427 D mm-camera-img: img_core_get_comp:42] comp_index[4] role 4 name qcom.gen_frameproc
01-01 00:00:24.078   427   427 D mm-camera-img: img_core_get_comp:47] find component role 4 name qcom.gen_frameproc
01-01 00:00:24.078   427   427 E mm-camera-img: frameproc_comp_load:818] Error opening frameproc library libmmcamera_ubifocus_lib.so
01-01 00:00:24.078   427   427 E mm-camera: module_imgbase_init:1070] Error rc -6
01-01 00:00:24.078   427   427 E mm-camera-img: module_imglib_create_topology:628] Can not init the module imglib_refocus
01-01 00:00:24.078   427   427 D mm-camera-img: module_imglib_create_dummy_port:2001 portname imglib_dymmy_d1_i0
01-01 00:00:24.146   476  1194 E modemanager: readXMLOp:Couldn't open OEM XML file!
01-01 00:00:24.146   476  1194 E modemanager: retrieveMode: Failed to enumerate modes
01-01 00:00:24.146   476  1194 E modemanager: in applyDefaultMode fail to retrieve default mode!
01-01 00:00:24.146   476  1194 I modemanager: in applyDefaultMode ret = 0 mCurMode = -1
01-01 00:00:24.146   476  1194 E PPDaemon: void* applyDefaultModeThreadFunc(void*) failed applying default mode!
01-01 00:00:24.348   307   307 E audio_route: Control 'MultiMedia4 Mixer MI2S_TX' doesn't exist - skipping
01-01 00:00:24.349   307   307 E audio_route: Control 'MultiMedia2 Mixer QUAT_MI2S_TX' doesn't exist - skipping
01-01 00:00:24.349   307   307 E audio_route: Control 'HDMI_RX_Voice Mixer Voice Stub' doesn't exist - skipping
01-01 00:00:24.349   307   307 E audio_route: Control 'HDMI_RX Port Mixer SLIM_3_TX' doesn't exist - skipping
01-01 00:00:24.350   307   307 E audio_route: Control 'HDMI_RX_Voice Mixer Voice2 Stub' doesn't exist - skipping
01-01 00:00:24.350   307   307 E audio_route: Control 'HDMI_RX_Voice Mixer VoLTE Stub' doesn't exist - skipping
01-01 00:00:24.350   307   307 E audio_route: Control 'HDMI_RX Port Mixer SLIM_3_TX' doesn't exist - skipping
01-01 00:00:24.350   307   307 E audio_route: Control 'AUX_PCM_RX_Voip Mixer Voip' doesn't exist - skipping
01-01 00:00:24.350   307   307 E audio_route: Control 'MultiMedia1 Mixer AUX_PCM_TX' doesn't exist - skipping
01-01 00:00:24.350   307   307 E audio_route: Control 'RX4 DSM MUX' doesn't exist - skipping
01-01 00:00:24.350   307   307 E audio_route: Control 'RX6 DSM MUX' doesn't exist - skipping
01-01 00:00:24.351   307   307 E audio_route: Control 'SLIM_0_RX AANC MUX' doesn't exist - skipping
01-01 00:00:24.351   307   307 E audio_route: Control 'MultiMedia8 Mixer AUX_PCM_UL_TX' doesn't exist - skipping
01-01 00:00:24.351   307   307 E audio_route: Control 'MultiMedia8 Mixer AUX_PCM_UL_TX' doesn't exist - skipping
01-01 00:00:24.352   307   307 E audio_route: Control 'MultiMedia2 Mixer QUAT_MI2S_TX' doesn't exist - skipping
01-01 00:00:24.352   307   307 E audio_route: Control 'HDMI_RX_Voice Mixer Voice Stub' doesn't exist - skipping
01-01 00:00:24.352   307   307 E audio_route: Control 'HDMI_RX Port Mixer SLIM_3_TX' doesn't exist - skipping
01-01 00:00:24.352   307   307 E audio_route: Control 'HDMI_RX_Voice Mixer Voice2 Stub' doesn't exist - skipping
01-01 00:00:24.352   307   307 E audio_route: Control 'HDMI_RX Port Mixer SLIM_3_TX' doesn't exist - skipping
01-01 00:00:24.353   307   307 E audio_route: Control 'SLIMBUS_3_RX_Voice2 Mixer Voice2 Stub' doesn't exist - skipping
01-01 00:00:24.353   307   307 E audio_route: Control 'MultiMedia8 Mixer SLIM_6_TX' already exists in path 'incall-rec-uplink-and-downlink-compress'
01-01 00:00:24.353   307   307 E audio_route: Control 'SLIMBUS_0_RX Port Mixer AUX_PCM_TX' doesn't exist - skipping
01-01 00:00:24.353   307   307 E audio_route: Control 'AUX_PCM_RX  Audio Mixer MultiMedia6' doesn't exist - skipping
01-01 00:00:24.353   307   307 E audio_route: Control 'HDMI_RX_Voice Mixer VoLTE Stub' doesn't exist - skipping
01-01 00:00:24.353   307   307 E audio_route: Control 'HDMI_RX Port Mixer SLIM_3_TX' doesn't exist - skipping
01-01 00:00:24.383   307   307 E audio_route: Control 'SLIM_0_RX AANC MUX' doesn't exist - skipping
01-01 00:00:24.424   307   307 D msm8974_platform: platform_init: Opened sound card:0
01-01 00:00:24.431   307   307 E ACDB-LOADER: ACDB -> No .acdb files found in /etc!
01-01 00:00:24.431   307   307 E ACDB-LOADER: ACDB -> Error: Could not open any directory! Failed for /etc
01-01 00:00:24.431   307   307 E ACDB-LOADER: ACDB -> Could not load .acdb files!
01-01 00:00:24.431   307   307 D platform_info: platform_info_init: Failed to open /system/etc/audio_platform_info.xml, using defaults.
01-01 00:00:24.431   307   307 I libmdmdetect: No supported ESOC's found
01-01 00:00:24.431   307   307 D msm8974_platform: platform_csd_init: num_modems 0
01-01 00:00:24.431   307   307 D audio_hw_ssr: audio_extn_ssr_update_enabled: surround sound recording is not supported
01-01 00:00:24.431   307   307 D audio_hw_spkr_prot: audio_extn_spkr_prot_init: Initialize speaker protection module
01-01 00:00:24.431   307   307 D audio_hw_spkr_prot: audio_extn_spkr_prot_init: Speaker protection disabled
01-01 00:00:24.431   307   307 D msm8974_platform: hw_util_open Opening device /dev/snd/hwC0D1000
01-01 00:00:24.431   307   307 D msm8974_platform: hw_util_open success
01-01 00:00:24.431   307   307 D ACDB-LOADER: ACDB -> ACDB_CMD_GET_ANC_SETTING
01-01 00:00:24.431   307   307 D         : Failed to fetch the lookup information of the device 0000001A 
01-01 00:00:24.431   307   307 E ACDB-LOADER: Error: ACDB ANC returned = -1
01-01 00:00:24.431   307   307 D ACDB-LOADER: ACDB -> ACDB_CMD_GET_ANC_SETTING
01-01 00:00:24.431   307   307 D         : Failed to fetch the lookup information of the device 0000001B 
01-01 00:00:24.431   307   307 E ACDB-LOADER: Error: ACDB ANC returned = -1
01-01 00:00:24.431   307   307 D ACDB-LOADER: ACDB -> ACDB_CMD_GET_ANC_SETTING
01-01 00:00:24.431   307   307 D         : Failed to fetch the lookup information of the device 0000001C 
01-01 00:00:24.431   307   307 E ACDB-LOADER: Error: ACDB ANC returned = -1
01-01 00:00:24.431   307   307 D ACDB-LOADER: ACDB -> ACDB_CMD_GET_ANC_SETTING
01-01 00:00:24.431   307   307 D         : Failed to fetch the lookup information of the device 0000001D 
01-01 00:00:24.431   307   307 E ACDB-LOADER: Error: ACDB ANC returned = -1
01-01 00:00:24.431   307   307 D ACDB-LOADER: ACDB -> ACDB_CMD_GET_ANC_SETTING
01-01 00:00:24.431   307   307 D         : Failed to fetch the lookup information of the device 0000001E 
01-01 00:00:24.431   307   307 E ACDB-LOADER: Error: ACDB ANC returned = -1
01-01 00:00:24.431   307   307 D ACDB-LOADER: ACDB -> ACDB_CMD_GET_ANC_SETTING
01-01 00:00:24.431   307   307 D         : Failed to fetch the lookup information of the device 0000001F 
01-01 00:00:24.431   307   307 E ACDB-LOADER: Error: ACDB ANC returned = -1
01-01 00:00:24.431   307   307 D ACDB-LOADER: ACDB -> ACDB_CMD_GET_ANC_SETTING
01-01 00:00:24.431   307   307 D         : Failed to fetch the lookup information of the device 00000067 
01-01 00:00:24.431   307   307 E ACDB-LOADER: Error: ACDB ANC returned = -1
01-01 00:00:24.431   307   307 D ACDB-LOADER: ACDB -> ACDB_CMD_GET_ANC_SETTING
01-01 00:00:24.431   307   307 D         : Failed to fetch the lookup information of the device 00000056 
01-01 00:00:24.431   307   307 E ACDB-LOADER: Error: ACDB ANC returned = -1
01-01 00:00:24.431   307   307 D ACDB-LOADER: ACDB -> ACDB_CMD_GET_ANC_SETTING
01-01 00:00:24.431   307   307 D         : Failed to fetch the lookup information of the device 00000059 
01-01 00:00:24.431   307   307 E ACDB-LOADER: Error: ACDB ANC returned = -1
01-01 00:00:24.431   307   307 D msm8974_platform: send_codec_cal cal sent for anc_cal
01-01 00:00:24.431   307   307 E ACDB-LOADER: ACDB -> send_codec_cal
01-01 00:00:24.431   307   307 E ACDB-LOADER: ACDB -> ACDB_CMD_GET_CODEC_CAL_DATA
01-01 00:00:24.431   307   307 D         : Failed to fetch the lookup information of the device 00000064 
01-01 00:00:24.431   307   307 E ACDB-LOADER: Error: ACDB CODEC CAL returned = -1
01-01 00:00:24.431   307   307 D msm8974_platform: send_codec_cal cal sent for mad_cal
01-01 00:00:24.431   307   307 D ACDB-LOADER: send mbhc data
01-01 00:00:24.431   307   307 D ACDB-LOADER: ACDB -> MBHC ACDB_PID_GENERAL_CONFIG
01-01 00:00:24.431   307   307 D         : Failed to fetch the lookup information of the globaldata table
01-01 00:00:24.431   307   307 E ACDB-LOADER: Error reading MBHC general config returned = ffffffff
01-01 00:00:24.437   307   307 E msm8974_platform: Failed to call ioctl  for mbhc_cal err=14
01-01 00:00:24.437   307   307 D msm8974_platform: send_codec_cal cal sent for mbhc_cal
01-01 00:00:24.456   307   307 I soundtrigger: audio_extn_sound_trigger_init: Enter
01-01 00:00:24.458   307   307 I soundtrigger: audio_extn_sound_trigger_init: DLOPEN successful for /system/vendor/lib/hw/sound_trigger.primary.apq8084.so
01-01 00:00:24.460   307   307 I AudioFlinger: loadHwModule() Loaded primary audio interface from QCOM Audio HAL (audio) handle 1
01-01 00:00:24.460   307   307 I AudioFlinger: HAL output buffer size 960 frames, normal sink buffer size 960 frames
01-01 00:00:24.490   307   307 I AudioMixer: found effect "Multichannel Downmix To Stereo" from The Android Open Source Project
01-01 00:00:24.490   307   307 I AudioFlinger: Using module 1 has the primary audio interface
01-01 00:00:24.498   307  1203 I AudioFlinger: AudioFlinger's thread 0xb5b55000 ready to run
01-01 00:00:24.499   307  1203 W AudioFlinger: Thread AudioOut_2 cannot connect to the power manager service
01-01 00:00:24.499   307  1203 D audio_hw_primary: out_set_parameters: enter: usecase(0: deep-buffer-playback) kvpairs: routing=2
01-01 00:00:24.499   307  1203 D audio_hw_extn: audio_extn_set_anc_parameters: anc_enabled:0
01-01 00:00:24.499   307  1203 W AudioFlinger: Thread AudioOut_2 cannot connect to the power manager service
01-01 00:00:24.500   307  1203 W AudioFlinger: Thread AudioOut_2 cannot connect to the power manager service
01-01 00:00:24.500   307  1203 E AudioFlinger: no wake lock to update!
01-01 00:00:24.510   307  1203 D audio_hw_primary: out_set_parameters: enter: usecase(0: deep-buffer-playback) kvpairs: fm_volume=0.0000000000
01-01 00:00:24.510   307  1203 D audio_hw_extn: audio_extn_set_anc_parameters: anc_enabled:0
01-01 00:00:24.510   307  1203 D audio_hw_fm: audio_extn_fm_set_parameters: set_fm_volume usecase
01-01 00:00:24.510   307  1203 D audio_hw_fm: fm_set_volume: (0.000000)
01-01 00:00:24.510   307   307 I AudioFlinger: HAL output buffer size 240 frames, normal sink buffer size 960 frames
01-01 00:00:24.511   307   307 E MonoPipe: Failed to fetch local time frequency when constructing a MonoPipe (res = -32).  getNextWriteTimestamp calls will be non-functional
01-01 00:00:24.543   329   329 I System  : Loaded time zone names for "" in 156ms (154ms in ICU)
01-01 00:00:24.636   329   329 I System  : Loaded time zone names for "en_US" in 93ms (91ms in ICU)
01-01 00:00:24.748   329   329 I art     : Explicit concurrent mark sweep GC freed 743(41KB) AllocSpace objects, 0(0B) LOS objects, 39% free, 1545KB/2MB, paused 103us total 5.631ms
01-01 00:00:24.748   329   329 I Zygote  : ...preloaded 3005 classes in 3392ms.
01-01 00:00:24.749   329   329 I art     : VMRuntime.preloadDexCaches starting
01-01 00:00:24.880   329   329 I art     : VMRuntime.preloadDexCaches strings total=214120 before=39691 after=39691
01-01 00:00:24.880   329   329 I art     : VMRuntime.preloadDexCaches types total=18395 before=6366 after=6407
01-01 00:00:24.881   329   329 I art     : VMRuntime.preloadDexCaches fields total=86519 before=32240 after=32603
01-01 00:00:24.881   329   329 I art     : VMRuntime.preloadDexCaches methods total=152052 before=66290 after=67192
01-01 00:00:24.881   329   329 I art     : VMRuntime.preloadDexCaches finished
01-01 00:00:24.881   329   329 I art     : Counter: 0
01-01 00:00:24.881   329   329 I art     : Counter: 1
01-01 00:00:24.908   329   329 I art     : Explicit concurrent mark sweep GC freed 51(15KB) AllocSpace objects, 0(0B) LOS objects, 40% free, 1531KB/2MB, paused 100us total 5.623ms
01-01 00:00:24.927  1224  1224 D idmap   : error: no read access to /vendor/overlay: No such file or directory
01-01 00:00:25.073   329   329 I Zygote  : Preloading resources...
01-01 00:00:25.082   329   329 W Resources: Preloaded drawable resource #0x1080096 (android:drawable/toast_frame) that varies with configuration!!
01-01 00:00:25.083   329   329 W Resources: Preloaded drawable resource #0x1080111 (android:drawable/btn_check_on_pressed_holo_light) that varies with configuration!!
01-01 00:00:25.083   329   329 W Resources: Preloaded drawable resource #0x1080110 (android:drawable/btn_check_on_pressed_holo_dark) that varies with configuration!!
01-01 00:00:25.084   329   329 W Resources: Preloaded drawable resource #0x108010d (android:drawable/btn_check_on_holo_light) that varies with configuration!!
01-01 00:00:25.085   329   329 W Resources: Preloaded drawable resource #0x108010c (android:drawable/btn_check_on_holo_dark) that varies with configuration!!
01-01 00:00:25.085   329   329 W Resources: Preloaded drawable resource #0x108010a (android:drawable/btn_check_on_focused_holo_light) that varies with configuration!!
01-01 00:00:25.086   329   329 W Resources: Preloaded drawable resource #0x1080109 (android:drawable/btn_check_on_focused_holo_dark) that varies with configuration!!
01-01 00:00:25.086   329   329 W Resources: Preloaded drawable resource #0x1080108 (android:drawable/btn_check_on_disabled_holo_light) that varies with configuration!!
01-01 00:00:25.087   329   329 W Resources: Preloaded drawable resource #0x1080107 (android:drawable/btn_check_on_disabled_holo_dark) that varies with configuration!!
01-01 00:00:25.087   329   329 W Resources: Preloaded drawable resource #0x1080106 (android:drawable/btn_check_on_disabled_focused_holo_light) that varies with configuration!!
01-01 00:00:25.088   329   329 W Resources: Preloaded drawable resource #0x1080105 (android:drawable/btn_check_on_disabled_focused_holo_dark) that varies with configuration!!
01-01 00:00:25.090   329   329 W Resources: Preloaded drawable resource #0x10800fd (android:drawable/btn_check_off_pressed_holo_light) that varies with configuration!!
01-01 00:00:25.090   329   329 W Resources: Preloaded drawable resource #0x10800fc (android:drawable/btn_check_off_pressed_holo_dark) that varies with configuration!!
01-01 00:00:25.091   329   329 W Resources: Preloaded drawable resource #0x10800f7 (android:drawable/btn_check_off_holo_light) that varies with configuration!!
01-01 00:00:25.091   329   329 W Resources: Preloaded drawable resource #0x10800f6 (android:drawable/btn_check_off_holo_dark) that varies with configuration!!
01-01 00:00:25.092   329   329 W Resources: Preloaded drawable resource #0x10800f4 (android:drawable/btn_check_off_focused_holo_light) that varies with configuration!!
01-01 00:00:25.092   329   329 W Resources: Preloaded drawable resource #0x10800f3 (android:drawable/btn_check_off_focused_holo_dark) that varies with configuration!!
01-01 00:00:25.093   329   329 W Resources: Preloaded drawable resource #0x10800f2 (android:drawable/btn_check_off_disabled_holo_light) that varies with configuration!!
01-01 00:00:25.095   329   329 W Resources: Preloaded drawable resource #0x10800f1 (android:drawable/btn_check_off_disabled_holo_dark) that varies with configuration!!
01-01 00:00:25.095   329   329 W Resources: Preloaded drawable resource #0x10800f0 (android:drawable/btn_check_off_disabled_focused_holo_light) that varies with configuration!!
01-01 00:00:25.096   329   329 W Resources: Preloaded drawable resource #0x10800ef (android:drawable/btn_check_off_disabled_focused_holo_dark) that varies with configuration!!
01-01 00:00:25.096   329   329 W Resources: Preloaded drawable resource #0x108010d (android:drawable/btn_check_on_holo_light) that varies with configuration!!
01-01 00:00:25.097   329   329 W Resources: Preloaded drawable resource #0x10800f7 (android:drawable/btn_check_off_holo_light) that varies with configuration!!
01-01 00:00:25.097   329   329 W Resources: Preloaded drawable resource #0x1080111 (android:drawable/btn_check_on_pressed_holo_light) that varies with configuration!!
01-01 00:00:25.097   329   329 W Resources: Preloaded drawable resource #0x10800fd (android:drawable/btn_check_off_pressed_holo_light) that varies with configuration!!
01-01 00:00:25.105   329   329 W Resources: Preloaded drawable resource #0x108010a (android:drawable/btn_check_on_focused_holo_light) that varies with configuration!!
01-01 00:00:25.105   329   329 W Resources: Preloaded drawable resource #0x10800f4 (android:drawable/btn_check_off_focused_holo_light) that varies with configuration!!
01-01 00:00:25.106   329   329 W Resources: Preloaded drawable resource #0x10800f7 (android:drawable/btn_check_off_holo_light) that varies with configuration!!
01-01 00:00:25.106   329   329 W Resources: Preloaded drawable resource #0x108010d (android:drawable/btn_check_on_holo_light) that varies with configuration!!
01-01 00:00:25.106   329   329 W Resources: Preloaded drawable resource #0x1080108 (android:drawable/btn_check_on_disabled_holo_light) that varies with configuration!!
01-01 00:00:25.107   329   329 W Resources: Preloaded drawable resource #0x10800f2 (android:drawable/btn_check_off_disabled_holo_light) that varies with configuration!!
01-01 00:00:25.107   329   329 W Resources: Preloaded drawable resource #0x1080106 (android:drawable/btn_check_on_disabled_focused_holo_light) that varies with configuration!!
01-01 00:00:25.107   329   329 W Resources: Preloaded drawable resource #0x10800f0 (android:drawable/btn_check_off_disabled_focused_holo_light) that varies with configuration!!
01-01 00:00:25.118   329   329 W Resources: Preloaded drawable resource #0x10800f2 (android:drawable/btn_check_off_disabled_holo_light) that varies with configuration!!
01-01 00:00:25.118   329   329 W Resources: Preloaded drawable resource #0x1080108 (android:drawable/btn_check_on_disabled_holo_light) that varies with configuration!!
01-01 00:00:25.118   329   329 W Resources: Preloaded drawable resource #0x10800e5 (android:drawable/btn_check_holo_light) that varies with configuration!!
01-01 00:00:25.120   329   329 W Resources: Preloaded drawable resource #0x108010c (android:drawable/btn_check_on_holo_dark) that varies with configuration!!
01-01 00:00:25.121   329   329 W Resources: Preloaded drawable resource #0x10800f6 (android:drawable/btn_check_off_holo_dark) that varies with configuration!!
01-01 00:00:25.121   329   329 W Resources: Preloaded drawable resource #0x1080110 (android:drawable/btn_check_on_pressed_holo_dark) that varies with configuration!!
01-01 00:00:25.121   329   329 W Resources: Preloaded drawable resource #0x10800fc (android:drawable/btn_check_off_pressed_holo_dark) that varies with configuration!!
01-01 00:00:25.122   329   329 W Resources: Preloaded drawable resource #0x1080109 (android:drawable/btn_check_on_focused_holo_dark) that varies with configuration!!
01-01 00:00:25.122   329   329 W Resources: Preloaded drawable resource #0x10800f3 (android:drawable/btn_check_off_focused_holo_dark) that varies with configuration!!
01-01 00:00:25.122   329   329 W Resources: Preloaded drawable resource #0x10800f6 (android:drawable/btn_check_off_holo_dark) that varies with configuration!!
01-01 00:00:25.123   329   329 W Resources: Preloaded drawable resource #0x108010c (android:drawable/btn_check_on_holo_dark) that varies with configuration!!
01-01 00:00:25.123   329   329 W Resources: Preloaded drawable resource #0x1080107 (android:drawable/btn_check_on_disabled_holo_dark) that varies with configuration!!
01-01 00:00:25.123   329   329 W Resources: Preloaded drawable resource #0x10800f1 (android:drawable/btn_check_off_disabled_holo_dark) that varies with configuration!!
01-01 00:00:25.128   329   329 W Resources: Preloaded drawable resource #0x1080105 (android:drawable/btn_check_on_disabled_focused_holo_dark) that varies with configuration!!
01-01 00:00:25.128   329   329 W Resources: Preloaded drawable resource #0x10800ef (android:drawable/btn_check_off_disabled_focused_holo_dark) that varies with configuration!!
01-01 00:00:25.128   329   329 W Resources: Preloaded drawable resource #0x10800f1 (android:drawable/btn_check_off_disabled_holo_dark) that varies with configuration!!
01-01 00:00:25.128   329   329 W Resources: Preloaded drawable resource #0x1080107 (android:drawable/btn_check_on_disabled_holo_dark) that varies with configuration!!
01-01 00:00:25.129   329   329 W Resources: Preloaded drawable resource #0x10800e4 (android:drawable/btn_check_holo_dark) that varies with configuration!!
01-01 00:00:25.132   329   329 W Resources: Preloaded drawable resource #0x10801c3 (android:drawable/btn_radio_on_pressed_holo_light) that varies with configuration!!
01-01 00:00:25.132   329   329 W Resources: Preloaded drawable resource #0x10801c2 (android:drawable/btn_radio_on_pressed_holo_dark) that varies with configuration!!
01-01 00:00:25.133   329   329 W Resources: Preloaded drawable resource #0x10801bf (android:drawable/btn_radio_on_holo_light) that varies with configuration!!
01-01 00:00:25.134   329   329 W Resources: Preloaded drawable resource #0x10801be (android:drawable/btn_radio_on_holo_dark) that varies with configuration!!
01-01 00:00:25.135   329   329 W Resources: Preloaded drawable resource #0x10801bc (android:drawable/btn_radio_on_focused_holo_light) that varies with configuration!!
01-01 00:00:25.135   329   329 W Resources: Preloaded drawable resource #0x10801bb (android:drawable/btn_radio_on_focused_holo_dark) that varies with configuration!!
01-01 00:00:25.136   329   329 W Resources: Preloaded drawable resource #0x10801ba (android:drawable/btn_radio_on_disabled_holo_light) that varies with configuration!!
01-01 00:00:25.137   329   329 W Resources: Preloaded drawable resource #0x10801b9 (android:drawable/btn_radio_on_disabled_holo_dark) that varies with configuration!!
01-01 00:00:25.137   329   329 W Resources: Preloaded drawable resource #0x10801b8 (android:drawable/btn_radio_on_disabled_focused_holo_light) that varies with configuration!!
01-01 00:00:25.138   329   329 W Resources: Preloaded drawable resource #0x10801b7 (android:drawable/btn_radio_on_disabled_focused_holo_dark) that varies with configuration!!
01-01 00:00:25.138   329   329 W Resources: Preloaded drawable resource #0x10801b3 (android:drawable/btn_radio_off_pressed_holo_light) that varies with configuration!!
01-01 00:00:25.139   329   329 W Resources: Preloaded drawable resource #0x10801b2 (android:drawable/btn_radio_off_pressed_holo_dark) that varies with configuration!!
01-01 00:00:25.139   329   329 W Resources: Preloaded drawable resource #0x10801af (android:drawable/btn_radio_off_holo_light) that varies with configuration!!
01-01 00:00:25.140   329   329 W Resources: Preloaded drawable resource #0x10801ae (android:drawable/btn_radio_off_holo_dark) that varies with configuration!!
01-01 00:00:25.142   329   329 W Resources: Preloaded drawable resource #0x10801ac (android:drawable/btn_radio_off_focused_holo_light) that varies with configuration!!
01-01 00:00:25.143   329   329 W Resources: Preloaded drawable resource #0x10801ab (android:drawable/btn_radio_off_focused_holo_dark) that varies with configuration!!
01-01 00:00:25.143   329   329 W Resources: Preloaded drawable resource #0x10801aa (android:drawable/btn_radio_off_disabled_holo_light) that varies with configuration!!
01-01 00:00:25.143   329   329 W Resources: Preloaded drawable resource #0x10801a9 (android:drawable/btn_radio_off_disabled_holo_dark) that varies with configuration!!
01-01 00:00:25.144   329   329 W Resources: Preloaded drawable resource #0x10801a8 (android:drawable/btn_radio_off_disabled_focused_holo_light) that varies with configuration!!
01-01 00:00:25.144   329   329 W Resources: Preloaded drawable resource #0x10801a7 (android:drawable/btn_radio_off_disabled_focused_holo_dark) that varies with configuration!!
01-01 00:00:25.145   329   329 W Resources: Preloaded drawable resource #0x1080152 (android:drawable/btn_default_pressed_holo_light) that varies with configuration!!
01-01 00:00:25.146   476  1194 E modemanager: readXMLOp:Couldn't open OEM XML file!
01-01 00:00:25.146   476  1194 E modemanager: retrieveMode: Failed to enumerate modes
01-01 00:00:25.146   476  1194 E modemanager: in applyDefaultMode fail to retrieve default mode!
01-01 00:00:25.146   476  1194 I modemanager: in applyDefaultMode ret = 0 mCurMode = -1
01-01 00:00:25.146   476  1194 E PPDaemon: void* applyDefaultModeThreadFunc(void*) failed applying default mode!
01-01 00:00:25.154   329   329 W Resources: Preloaded drawable resource #0x1080151 (android:drawable/btn_default_pressed_holo_dark) that varies with configuration!!
01-01 00:00:25.155   329   329 W Resources: Preloaded drawable resource #0x108014e (android:drawable/btn_default_normal_holo_light) that varies with configuration!!
01-01 00:00:25.155   329   329 W Resources: Preloaded drawable resource #0x108014d (android:drawable/btn_default_normal_holo_dark) that varies with configuration!!
01-01 00:00:25.156   329   329 W Resources: Preloaded drawable resource #0x1080144 (android:drawable/btn_default_focused_holo_light) that varies with configuration!!
01-01 00:00:25.156   329   329 W Resources: Preloaded drawable resource #0x1080143 (android:drawable/btn_default_focused_holo_dark) that varies with configuration!!
01-01 00:00:25.157   329   329 W Resources: Preloaded drawable resource #0x1080141 (android:drawable/btn_default_disabled_holo_light) that varies with configuration!!
01-01 00:00:25.157   329   329 W Resources: Preloaded drawable resource #0x1080140 (android:drawable/btn_default_disabled_holo_dark) that varies with configuration!!
01-01 00:00:25.160   329   329 W Resources: Preloaded drawable resource #0x108013e (android:drawable/btn_default_disabled_focused_holo_light) that varies with configuration!!
01-01 00:00:25.160   329   329 W Resources: Preloaded drawable resource #0x108013d (android:drawable/btn_default_disabled_focused_holo_dark) that varies with configuration!!
01-01 00:00:25.160   329   329 W Resources: Preloaded drawable resource #0x108014d (android:drawable/btn_default_normal_holo_dark) that varies with configuration!!
01-01 00:00:25.161   329   329 W Resources: Preloaded drawable resource #0x1080140 (android:drawable/btn_default_disabled_holo_dark) that varies with configuration!!
01-01 00:00:25.161   329   329 W Resources: Preloaded drawable resource #0x1080151 (android:drawable/btn_default_pressed_holo_dark) that varies with configuration!!
01-01 00:00:25.161   329   329 W Resources: Preloaded drawable resource #0x1080143 (android:drawable/btn_default_focused_holo_dark) that varies with configuration!!
01-01 00:00:25.162   329   329 W Resources: Preloaded drawable resource #0x108014d (android:drawable/btn_default_normal_holo_dark) that varies with configuration!!
01-01 00:00:25.162   329   329 W Resources: Preloaded drawable resource #0x108013d (android:drawable/btn_default_disabled_focused_holo_dark) that varies with configuration!!
01-01 00:00:25.162   329   329 W Resources: Preloaded drawable resource #0x1080140 (android:drawable/btn_default_disabled_holo_dark) that varies with configuration!!
01-01 00:00:25.162   329   329 W Resources: Preloaded drawable resource #0x1080145 (android:drawable/btn_default_holo_dark) that varies with configuration!!
