01-01 00:00:36.461  1324  2128 I ActivityManager: Start proc com.android.externalstorage for broadcast com.android.externalstorage/.MountReceiver: pid=2686 uid=10007 gids={50007, 9997, 1028, 1015, 1023} abi=armeabi-v7a
01-01 00:00:36.466   427  2637 E mm-camera-sensor: module_sensor_init_session:1140 Sensor path (null) name imx377_0
01-01 00:00:36.466   427  2637 I mm-camera-sensor: sensor_set_position:1416 Position ID: 0
01-01 00:00:36.466   427  2637 I mm-camera-sensor: sensor_set_mode:1447 Sensor Mode ID: 1
01-01 00:00:36.580  2686  2686 D ExternalStorage: After updating volumes, found 2 active roots
01-01 00:00:36.586  2686  2686 D ExternalStorage: After updating volumes, found 2 active roots
01-01 00:00:36.589  1993  1993 D MediaScannerReceiver: action: android.intent.action.MEDIA_MOUNTED path: /storage/sdcard1
01-01 00:00:36.632  1324  2059 I ActivityManager: Start proc com.sentera.updater for broadcast com.sentera.updater/.SDCardMountedReceiver: pid=2726 uid=1000 gids={41000, 9997, 3002, 3001, 1028, 1015, 3003, 3005, 1021, 3004, 1000, 3009, 1023, 1010, 2001, 1007} abi=armeabi-v7a
01-01 00:00:36.756   427  2637 I mm-camera-sensor: module_sensor_init_session:1301 Success
01-01 00:00:36.761   427  2637 E mm-camera-sensor: module_sensor_start_session:1435 SUCCESS
01-01 00:00:36.798  2726  2726 I SDCardMountedReceiver: ACTION_MEDIA_MOUNTED: Mounted To: file:///storage/sdcard1 in state "mounted"
01-01 00:00:36.799  2726  2726 D SDCardMountedReceiver: SDCard Mounted and Ready.  Starting firmware update service.
01-01 00:00:36.802  2726  2726 W ContextImpl: Calling a method in the system process without a qualified user: android.app.ContextImpl.startService:1686 android.content.ContextWrapper.startService:515 android.content.ContextWrapper.startService:515 com.sentera.updater.SDCardMountedReceiver.onReceive:47 android.app.ActivityThread.handleReceiver:2579 
01-01 00:00:36.812  2726  2726 D FirmwareUpdateService: Saving files versions to: /storage/sdcard1/info/
01-01 00:00:36.815  2726  2726 I FirmwareVersion: Firmware Version File: 
01-01 00:00:36.815  2726  2726 I FirmwareVersion: SENTERA SNAPCAM | [aa15283d] | SCR-H01 | 0.19.0 | 2018-04-16-171653 |  | 
01-01 00:00:36.867  1993  2728 D MediaProvider: object removed 756
01-01 00:00:36.957  2726  2726 W ActivityThread: ClassLoader.getResourceAsStream: The class loader returned by Thread.getContextClassLoader() may fail for processes that host multiple applications. You should explicitly specify a context class loader. For example: Thread.setContextClassLoader(getClass().getClassLoader());
01-01 00:00:36.980  2726  2726 D FirmwareUpdateService: Checking for firmware in path: firmware
01-01 00:00:36.986  2481  2513 I ContactLocale: AddressBook Labels [en-US]: [, A, B, C, D, E, F, G, H, I, J, K, L, M, N, O, P, Q, R, S, T, U, V, W, X, Y, Z, , , , , , , , , , , , , , , , , , , , , , , , , , , , , , , , , , , , , , , , , , , , , , , , , , , , , , , , , , , , , , , , , , , , , , , , , , , , , , , , , , , , , , , , , , , , , , , , , , , , , , , , , , , , , , , , , , , , , , , , , , , , , , , , , , , , , , , , , , , , , , , , , , , , , , , , , , , , , , , , , , , , , , , , , , , , , , , , , , , , , , , , , , , , #, ]
01-01 00:00:36.991  2726  2811 D FirmwareUpdateService: Checking for Firmware Updates...
01-01 00:00:36.991  2726  2811 D FirmwareChecker: Checking for previous updates file: /storage/sdcard1/firmware/applying_update
01-01 00:00:36.992  2726  2811 I FirmwareChecker: Scanning for firmware updates in: /storage/sdcard1/firmware
01-01 00:00:36.993  2726  2811 V FirmwareChecker: Rejecting Possible Update File: add_stored_configs - zip: false dotFile: false tempFile: false
01-01 00:00:36.993  2726  2811 D FirmwareChecker: No update files found. ( /storage/sdcard1/firmware )  Skipped update step.
01-01 00:00:36.994  2726  2811 D FirmwareChecker: Update Check Complete.
01-01 00:00:36.994  2726  2811 D FirmwareUpdateService: Stopping Service...
01-01 00:00:37.160   476  1194 E modemanager: readXMLOp:Couldn't open OEM XML file!
01-01 00:00:37.160   476  1194 E modemanager: retrieveMode: Failed to enumerate modes
01-01 00:00:37.160   476  1194 E modemanager: in applyDefaultMode fail to retrieve default mode!
01-01 00:00:37.160   476  1194 I modemanager: in applyDefaultMode ret = 0 mCurMode = -1
01-01 00:00:37.160   476  1194 E PPDaemon: void* applyDefaultModeThreadFunc(void*) failed applying default mode!
01-01 00:00:37.233  1993  2728 W MediaScanner: Error opening directory '/storage/usbotg/', skipping: No such file or directory.
01-01 00:00:37.255  1993  2728 V MediaScanner: pruneDeadThumbnailFiles... android.database.sqlite.SQLiteCursor@169d8685
01-01 00:00:37.256  1993  2728 V MediaScanner: /pruneDeadThumbnailFiles... android.database.sqlite.SQLiteCursor@169d8685
01-01 00:00:38.160   476  1194 E modemanager: readXMLOp:Couldn't open OEM XML file!
01-01 00:00:38.160   476  1194 E modemanager: retrieveMode: Failed to enumerate modes
01-01 00:00:38.160   476  1194 E modemanager: in applyDefaultMode fail to retrieve default mode!
01-01 00:00:38.160   476  1194 I modemanager: in applyDefaultMode ret = 0 mCurMode = -1
01-01 00:00:38.160   476  1194 E PPDaemon: void* applyDefaultModeThreadFunc(void*) failed applying default mode!
01-01 00:00:39.160   476  1194 E modemanager: readXMLOp:Couldn't open OEM XML file!
01-01 00:00:39.160   476  1194 E modemanager: retrieveMode: Failed to enumerate modes
01-01 00:00:39.160   476  1194 E modemanager: in applyDefaultMode fail to retrieve default mode!
01-01 00:00:39.160   476  1194 I modemanager: in applyDefaultMode ret = 0 mCurMode = -1
01-01 00:00:39.160   476  1194 E PPDaemon: void* applyDefaultModeThreadFunc(void*) failed applying default mode!
01-01 00:00:39.236   427  2644 E libsensor1: sensor1_open: Error in connect() errno=2 No such file or directory
01-01 00:00:39.236   427  2644 E mm-camera: dsps_proc_init: Failed to open sensor1 port
01-01 00:00:39.236   427  2644 E mm-camera: gyro_module_start_session: Exit successful
01-01 00:00:39.236   427  2644 E mm-camera: is_module_get_port: Exit successful
01-01 00:00:39.236   427  2644 E mm-camera: gyro_module_get_port: Exit successful
01-01 00:00:39.236   427   427 E mm-camera-sensor: module_sensor_query_mod:4697 led flash is not supported for this sensor.
01-01 00:00:39.236   427   427 I mm-camera-sensor: module_module_set_session_data:4863 max delay 2 report delay 1
01-01 00:00:39.253   427   427 I mm-camera-eztune: vendor/qcom/proprietary/mm-camera/mm-camera2/server-tuning/tuning/eztune_interface.cpp(301): "Create Server : 0xb6a4ef60"
01-01 00:00:39.253   427   427 I mm-camera-eztune: vendor/qcom/proprietary/mm-camera/mm-camera2/server-tuning/tuning/eztune_interface.cpp(301): "Create Server : 0xb69fa020"
01-01 00:00:39.254   427  3140 I mm-camera-eztune: vendor/qcom/proprietary/mm-camera/mm-camera2/server-tuning/tuning/eztune_interface.cpp(51): "Server: Waiting on new connection...\n"
01-01 00:00:39.255   307   307 E QCameraHWI_Mem: int qcamera::QCameraMemory::alloc(int, int, int, uint32_t) : No memory pool available
01-01 00:00:39.256   427  3141 E mm-camera-sensor: module_sensor_query_mod:4697 led flash is not supported for this sensor.
01-01 00:00:39.266   307   307 I mm-jpeg-intf: Max picture size 4000 x 3000, WorkBufSize = 18192384
01-01 00:00:39.269   427  3139 I mm-camera-eztune: vendor/qcom/proprietary/mm-camera/mm-camera2/server-tuning/tuning/eztune_interface.cpp(51): "Server: Waiting on new connection...\n"
01-01 00:00:39.308   307   307 I qomx_image_core: OMX_Init:94] Complete 2
01-01 00:00:39.308   307   307 E QCameraHWI_Mem: int qcamera::QCameraMemory::alloc(int, int, int, uint32_t) : No memory pool available
01-01 00:00:39.311   307   307 E QCameraParameters: int32_t qcamera::QCameraParameters::setPreviewFpsRange(int, int, int, int): E minFps = 15000, maxFps = 30000 , vid minFps = 15000, vid maxFps = 30000
01-01 00:00:39.311   307   307 E QCameraParameters: int32_t qcamera::QCameraParameters::setPreviewFpsRange(int, int, int, int): Setting preview fps range 15000,30000
01-01 00:00:39.311   307   307 E QCameraParameters: int32_t qcamera::QCameraParameters::setPreviewFpsRange(int, int, int, int): Updated: minFps = 15000, maxFps = 30000 , vid minFps = 15000, vid maxFps = 30000
01-01 00:00:39.311   307   307 E QCamera2HWI: int qcamera::QCamera2HardwareInterface::calcThermalLevel(qcamera::qcamera_thermal_level_enum_t, int, int, cam_fps_range_t&, msm_vfe_frame_skip_pattern&): level: 0, preview minfps 15000, preview maxfpS 30000video minfps 15000, video maxfpS 30000
01-01 00:00:39.311   307   307 E QCameraParameters: int32_t qcamera::QCameraParameters::setPreviewFpsRange(int, int, int, int): Thermal adjusted preview fps range 15,30, 15, 30
01-01 00:00:39.312   307   307 E QCameraParameters: int32_t qcamera::QCameraParameters::initDefaultParameters(): supported flash modes cnt is 0!!!
01-01 00:00:39.312   307   307 E QCameraParameters: int32_t qcamera::QCameraParameters::setSceneMode(const char*): Setting SceneMode auto
01-01 00:00:39.314   307   307 I Thermal-Lib: Thermal-Lib-Client: Registraion successful for camera with handle:1
01-01 00:00:39.314   307   307 I Thermal-Lib: Thermal-Lib-Client: Registraion successful for camcorder with handle:2
01-01 00:00:39.317   307   307 I CameraClient: Destroying camera 0
01-01 00:00:39.319   307   307 I qomx_image_core: OMX_Deinit:118] Complete
01-01 00:00:39.322   307   307 E QCameraPostProc: int32_t qcamera::QCameraPostProcessor::deinit(): Jpeg closed, rc = 0, mJpegClientHandle = 100
01-01 00:00:39.322   307   307 I Thermal-Lib: Thermal-Lib-Client: Unregisteration is successfull for handle:1
01-01 00:00:39.323   307   307 I Thermal-Lib: Thermal-Lib-Client: Unregisteration is successfull for handle:2
01-01 00:00:39.323   427  3141 E mm-camera: mct_pipeline_get_stream: no children
01-01 00:00:39.324   427   427 I mm-camera-eztune: vendor/qcom/proprietary/mm-camera/mm-camera2/server-tuning/tuning/eztune_interface.cpp(315): "Delete Server : 0xb6a4ef60"
01-01 00:00:39.324   427  3139 W mm-camera-eztune: vendor/qcom/proprietary/mm-camera/mm-camera2/server-tuning/tuning/mmcam_socket_utils.cpp(311): "Received event from non socket fd"
01-01 00:00:39.324   427  3139 W mm-camera-eztune: vendor/qcom/proprietary/mm-camera/mm-camera2/server-tuning/tuning/eztune_interface.cpp(61): "Stop message. Exiting server thread"
01-01 00:00:39.325   427   427 I mm-camera-eztune: vendor/qcom/proprietary/mm-camera/mm-camera2/server-tuning/tuning/eztune_interface.cpp(315): "Delete Server : 0xb69fa020"
01-01 00:00:39.325   427  3140 W mm-camera-eztune: vendor/qcom/proprietary/mm-camera/mm-camera2/server-tuning/tuning/mmcam_socket_utils.cpp(311): "Received event from non socket fd"
01-01 00:00:39.325   427  3140 W mm-camera-eztune: vendor/qcom/proprietary/mm-camera/mm-camera2/server-tuning/tuning/eztune_interface.cpp(61): "Stop message. Exiting server thread"
01-01 00:00:39.331   427  3150 I mm-camera-sensor: module_sensor_stop_session:1457 session 2
01-01 00:00:39.336   427  3152 E mm-camera-isp2: isp_module_stop_session:312 session id 2
01-01 00:00:39.348   427  3153 E mm-camera: is_module_stop_session: Enter
01-01 00:00:39.348   427  3153 E mm-camera: is_module_stop_session: Exit successful
01-01 00:00:39.348   427  3153 E mm-camera: gyro_module_stop_session: Enter
01-01 00:00:39.348   427  3153 E mm-camera: gyro_port_deinit: Deinit DSPS
01-01 00:00:39.349   427  3153 E mm-camera: gyro_module_stop_session: Exit successful
01-01 00:00:39.350   427  2766 E mm-camera-sensor: Got some events
01-01 00:00:39.350   427  2766 I mm-camera-sensor: sensor_thread_func:154 sensor_thread_func:Sensor thread is exiting
01-01 00:00:39.351   307  1852 I CameraService: getCameraCharacteristics: Switching to HAL1 shim implementation...
01-01 00:00:39.352   307  1852 I AwesomePlayer: setDataSource_l(<no-scheme URI suppressed>)
01-01 00:00:39.352   307  1852 D AwesomePlayer: printFileName /system/media/audio/ui/camera_click.ogg
01-01 00:00:39.358   427   427 E mm-camera: mct_pipeline_stop_session: left modules: 5
01-01 00:00:39.358   427   427 E mm-camera: mct_pipeline_stop_session: left modules: 4
01-01 00:00:39.358   427   427 E mm-camera: mct_pipeline_stop_session: left modules: 3
01-01 00:00:39.358   427   427 E mm-camera: mct_pipeline_stop_session: left modules: 2
01-01 00:00:39.358   427   427 E mm-camera: mct_pipeline_stop_session: left modules: 1
01-01 00:00:39.358   427  3155 D hdr     : Session id 0x2 stopped
01-01 00:00:39.359   427   427 E mm-camera: mct_pipeline_stop_session: left modules: 0
01-01 00:00:39.375   307  3156 D ExtendedUtils: extended extractor not needed, return default
01-01 00:00:39.375   307  3156 D AudioPolicyManager: isOffloadSupported: stream_type != MUSIC, returning false
01-01 00:00:39.376   307  3156 D OMXCodec: Successfully allocated OMX node 'OMX.google.vorbis.decoder'
01-01 00:00:39.376   307  3156 I ExtendedUtils: decision 0 mime 
01-01 00:00:39.376   307  3156 I AwesomePlayer: Could not offload audio decode, try pcm offload
01-01 00:00:39.376   307  3156 D AudioPolicyManager: isOffloadSupported: stream_type != MUSIC, returning false
01-01 00:00:39.378   307  1852 I AwesomePlayer: setDataSource_l(<no-scheme URI suppressed>)
01-01 00:00:39.378   307  1852 D AwesomePlayer: printFileName /system/media/audio/ui/VideoRecord.ogg
01-01 00:00:39.392   307  3159 D ExtendedUtils: extended extractor not needed, return default
01-01 00:00:39.392   307  3159 D AudioPolicyManager: isOffloadSupported: stream_type != MUSIC, returning false
01-01 00:00:39.393   307  3159 D OMXCodec: Successfully allocated OMX node 'OMX.google.vorbis.decoder'
01-01 00:00:39.393   307  3159 I ExtendedUtils: decision 0 mime 
01-01 00:00:39.393   307  3159 I AwesomePlayer: Could not offload audio decode, try pcm offload
01-01 00:00:39.393   307  3159 D AudioPolicyManager: isOffloadSupported: stream_type != MUSIC, returning false
01-01 00:00:39.395   307  1852 I CameraClient: Opening camera 1
01-01 00:00:39.401   427  3164 I mm-camera-sensor: module_sensor_start_session:1402 session 3
01-01 00:00:39.408   427  3166 E mm-camera-isp2: isp_module_start_session:166 session id 3
01-01 00:00:39.426   427  3168 E mm-camera-CORE: af_single_if_link: Link success! 
01-01 00:00:39.427   427  3168 E mm-camera: is_module_start_session: Enter
01-01 00:00:39.429   427  3168 E mm-camera: is_module_start_session: Exit successful
01-01 00:00:39.429   427  3168 E mm-camera: gyro_module_start_session: Enter
01-01 00:00:39.429   427  3168 E mm-camera: gyro_port_init: Init DSPS
01-01 00:00:39.430   427  3172 D hdr     : Session id 0x3 started
01-01 00:00:39.570   427  3164 E mm-camera-sensor: module_sensor_init_session:1140 Sensor path (null) name imx377_1
01-01 00:00:39.570   427  3164 I mm-camera-sensor: sensor_set_position:1416 Position ID: 0
01-01 00:00:39.570   427  3164 I mm-camera-sensor: sensor_set_mode:1447 Sensor Mode ID: 1
01-01 00:00:39.768   427  3164 I mm-camera-sensor: module_sensor_init_session:1301 Success
01-01 00:00:39.778   427  3164 E mm-camera-sensor: module_sensor_start_session:1435 SUCCESS
01-01 00:00:40.161   476  1194 E modemanager: readXMLOp:Couldn't open OEM XML file!
01-01 00:00:40.161   476  1194 E modemanager: retrieveMode: Failed to enumerate modes
01-01 00:00:40.161   476  1194 E modemanager: in applyDefaultMode fail to retrieve default mode!
01-01 00:00:40.161   476  1194 I modemanager: in applyDefaultMode ret = 0 mCurMode = -1
01-01 00:00:40.161   476  1194 E PPDaemon: void* applyDefaultModeThreadFunc(void*) failed applying default mode!
01-01 00:00:41.161   476  1194 E modemanager: readXMLOp:Couldn't open OEM XML file!
01-01 00:00:41.161   476  1194 E modemanager: retrieveMode: Failed to enumerate modes
01-01 00:00:41.161   476  1194 E modemanager: in applyDefaultMode fail to retrieve default mode!
01-01 00:00:41.161   476  1194 I modemanager: in applyDefaultMode ret = 0 mCurMode = -1
01-01 00:00:41.161   476  1194 E PPDaemon: void* applyDefaultModeThreadFunc(void*) failed applying default mode!
01-01 00:00:42.161   476  1194 E modemanager: readXMLOp:Couldn't open OEM XML file!
01-01 00:00:42.161   476  1194 E modemanager: retrieveMode: Failed to enumerate modes
01-01 00:00:42.161   476  1194 E modemanager: in applyDefaultMode fail to retrieve default mode!
01-01 00:00:42.161   476  1194 I modemanager: in applyDefaultMode ret = 0 mCurMode = -1
01-01 00:00:42.161   476  1194 E PPDaemon: void* applyDefaultModeThreadFunc(void*) failed applying default mode!
01-01 00:00:42.444   427  3168 E libsensor1: sensor1_open: Error in connect() errno=2 No such file or directory
01-01 00:00:42.444   427  3168 E mm-camera: dsps_proc_init: Failed to open sensor1 port
01-01 00:00:42.444   427  3168 E mm-camera: gyro_module_start_session: Exit successful
01-01 00:00:42.444   427  3168 E mm-camera: is_module_get_port: Exit successful
01-01 00:00:42.444   427  3168 E mm-camera: gyro_module_get_port: Exit successful
01-01 00:00:42.445   427   427 E mm-camera-sensor: module_sensor_query_mod:4697 led flash is not supported for this sensor.
01-01 00:00:42.445   427   427 I mm-camera-sensor: module_module_set_session_data:4863 max delay 2 report delay 1
01-01 00:00:42.446   427   427 I mm-camera-eztune: vendor/qcom/proprietary/mm-camera/mm-camera2/server-tuning/tuning/eztune_interface.cpp(301): "Create Server : 0xb69fa020"
01-01 00:00:42.446   427   427 I mm-camera-eztune: vendor/qcom/proprietary/mm-camera/mm-camera2/server-tuning/tuning/eztune_interface.cpp(301): "Create Server : 0xb6a4ef60"
01-01 00:00:42.448   307  1852 E QCameraHWI_Mem: int qcamera::QCameraMemory::alloc(int, int, int, uint32_t) : No memory pool available
01-01 00:00:42.449   427  3728 E mm-camera-sensor: module_sensor_query_mod:4697 led flash is not supported for this sensor.
01-01 00:00:42.454   427  3727 I mm-camera-eztune: vendor/qcom/proprietary/mm-camera/mm-camera2/server-tuning/tuning/eztune_interface.cpp(51): "Server: Waiting on new connection...\n"
01-01 00:00:42.454   427  3726 I mm-camera-eztune: vendor/qcom/proprietary/mm-camera/mm-camera2/server-tuning/tuning/eztune_interface.cpp(51): "Server: Waiting on new connection...\n"
01-01 00:00:42.462   307  1852 I mm-jpeg-intf: Max picture size 4000 x 3000, WorkBufSize = 18192384
01-01 00:00:42.462   307  1852 I qomx_image_core: OMX_Init:94] Complete 2
01-01 00:00:42.462   307  1852 E QCameraHWI_Mem: int qcamera::QCameraMemory::alloc(int, int, int, uint32_t) : No memory pool available
01-01 00:00:42.465   307  1852 E QCameraParameters: int32_t qcamera::QCameraParameters::setPreviewFpsRange(int, int, int, int): E minFps = 15000, maxFps = 30000 , vid minFps = 15000, vid maxFps = 30000
01-01 00:00:42.465   307  1852 E QCameraParameters: int32_t qcamera::QCameraParameters::setPreviewFpsRange(int, int, int, int): Setting preview fps range 15000,30000
01-01 00:00:42.465   307  1852 E QCameraParameters: int32_t qcamera::QCameraParameters::setPreviewFpsRange(int, int, int, int): Updated: minFps = 15000, maxFps = 30000 , vid minFps = 15000, vid maxFps = 30000
01-01 00:00:42.465   307  1852 E QCamera2HWI: int qcamera::QCamera2HardwareInterface::calcThermalLevel(qcamera::qcamera_thermal_level_enum_t, int, int, cam_fps_range_t&, msm_vfe_frame_skip_pattern&): level: 0, preview minfps 15000, preview maxfpS 30000video minfps 15000, video maxfpS 30000
01-01 00:00:42.465   307  1852 E QCameraParameters: int32_t qcamera::QCameraParameters::setPreviewFpsRange(int, int, int, int): Thermal adjusted preview fps range 15,30, 15, 30
01-01 00:00:42.465   307  1852 E QCameraParameters: int32_t qcamera::QCameraParameters::initDefaultParameters(): supported flash modes cnt is 0!!!
01-01 00:00:42.465   307  1852 E QCameraParameters: int32_t qcamera::QCameraParameters::setSceneMode(const char*): Setting SceneMode auto
01-01 00:00:42.467   307  1852 I Thermal-Lib: Thermal-Lib-Client: Registraion successful for camera with handle:1
01-01 00:00:42.467   307  1852 I Thermal-Lib: Thermal-Lib-Client: Registraion successful for camcorder with handle:2
01-01 00:00:42.469   307  1852 I CameraClient: Destroying camera 1
01-01 00:00:42.473   327   375 I ThermalEngine: Thermal-Server: Adding thermal event listener on fd 25
01-01 00:00:42.473   307  3735 I Thermal-Lib: Thermal-Lib-Client: Client received msg camera 0
01-01 00:00:42.473   307  3735 I Thermal-Lib: Thermal-Lib-Client: Client received msg camcorder 0
01-01 00:00:42.474   307  1852 I qomx_image_core: OMX_Deinit:118] Complete
01-01 00:00:42.476   307  1852 E QCameraPostProc: int32_t qcamera::QCameraPostProcessor::deinit(): Jpeg closed, rc = 0, mJpegClientHandle = 200
01-01 00:00:42.476   307  1852 I Thermal-Lib: Thermal-Lib-Client: Unregisteration is successfull for handle:1
01-01 00:00:42.477   327   375 I ThermalEngine: Thermal-Server: removing client on fd 25
01-01 00:00:42.477   307  1852 I Thermal-Lib: Thermal-Lib-Client: Unregisteration is successfull for handle:2
01-01 00:00:42.478   427  3728 E mm-camera: mct_pipeline_get_stream: no children
01-01 00:00:42.479   427   427 I mm-camera-eztune: vendor/qcom/proprietary/mm-camera/mm-camera2/server-tuning/tuning/eztune_interface.cpp(315): "Delete Server : 0xb69fa020"
01-01 00:00:42.479   427  3726 W mm-camera-eztune: vendor/qcom/proprietary/mm-camera/mm-camera2/server-tuning/tuning/mmcam_socket_utils.cpp(311): "Received event from non socket fd"
01-01 00:00:42.479   427  3726 W mm-camera-eztune: vendor/qcom/proprietary/mm-camera/mm-camera2/server-tuning/tuning/eztune_interface.cpp(61): "Stop message. Exiting server thread"
01-01 00:00:42.479   427   427 I mm-camera-eztune: vendor/qcom/proprietary/mm-camera/mm-camera2/server-tuning/tuning/eztune_interface.cpp(315): "Delete Server : 0xb6a4ef60"
01-01 00:00:42.480   427  3727 W mm-camera-eztune: vendor/qcom/proprietary/mm-camera/mm-camera2/server-tuning/tuning/mmcam_socket_utils.cpp(311): "Received event from non socket fd"
01-01 00:00:42.480   427  3727 W mm-camera-eztune: vendor/qcom/proprietary/mm-camera/mm-camera2/server-tuning/tuning/eztune_interface.cpp(61): "Stop message. Exiting server thread"
01-01 00:00:42.486   427  3737 I mm-camera-sensor: module_sensor_stop_session:1457 session 3
01-01 00:00:42.496   427  3739 E mm-camera-isp2: isp_module_stop_session:312 session id 3
01-01 00:00:42.503   427  3740 E mm-camera: is_module_stop_session: Enter
01-01 00:00:42.504   427  3740 E mm-camera: is_module_stop_session: Exit successful
01-01 00:00:42.504   427  3740 E mm-camera: gyro_module_stop_session: Enter
01-01 00:00:42.504   427  3740 E mm-camera: gyro_port_deinit: Deinit DSPS
01-01 00:00:42.505   427  3740 E mm-camera: gyro_module_stop_session: Exit successful
01-01 00:00:42.505   427  3272 E mm-camera-sensor: Got some events
01-01 00:00:42.505   427  3272 I mm-camera-sensor: sensor_thread_func:154 sensor_thread_func:Sensor thread is exiting
01-01 00:00:42.509  2019  2057 W art     : Long monitor contention event with owner method=java.lang.String[] android.hardware.camera2.CameraManager.getCameraIdList() from CameraManager.java:103 waiters=0 for 6.351s
01-01 00:00:42.513  2019  2019 W ArrayUtils: Ignoring invalid value emboss
01-01 00:00:42.513  2019  2019 W ArrayUtils: Ignoring invalid value sketch
01-01 00:00:42.513  2019  2019 W ArrayUtils: Ignoring invalid value neon
01-01 00:00:42.513  2019  2019 W ArrayUtils: Ignoring invalid value asd
01-01 00:00:42.513  2019  2019 W ArrayUtils: Ignoring invalid value backlight
01-01 00:00:42.513  2019  2019 W ArrayUtils: Ignoring invalid value flowers
01-01 00:00:42.513  2019  2019 W ArrayUtils: Ignoring invalid value AR
01-01 00:00:42.517   427   427 E mm-camera: mct_pipeline_stop_session: left modules: 5
01-01 00:00:42.517   427   427 E mm-camera: mct_pipeline_stop_session: left modules: 4
01-01 00:00:42.517   427   427 E mm-camera: mct_pipeline_stop_session: left modules: 3
01-01 00:00:42.517   427   427 E mm-camera: mct_pipeline_stop_session: left modules: 2
01-01 00:00:42.517   427   427 E mm-camera: mct_pipeline_stop_session: left modules: 1
01-01 00:00:42.518   427  3742 D hdr     : Session id 0x3 stopped
01-01 00:00:42.518   427   427 E mm-camera: mct_pipeline_stop_session: left modules: 0
01-01 00:00:42.522  2019  2019 W ArrayUtils: Ignoring invalid value emboss
01-01 00:00:42.522  2019  2019 W ArrayUtils: Ignoring invalid value sketch
01-01 00:00:42.522  2019  2019 W ArrayUtils: Ignoring invalid value neon
01-01 00:00:42.522  2019  2019 W ArrayUtils: Ignoring invalid value asd
01-01 00:00:42.522  2019  2019 W ArrayUtils: Ignoring invalid value backlight
01-01 00:00:42.522  2019  2019 W ArrayUtils: Ignoring invalid value flowers
01-01 00:00:42.522  2019  2019 W ArrayUtils: Ignoring invalid value AR
01-01 00:00:42.551  2019  3744 D BluetoothAdapter: 849676401: getState() :  mService = null. Returning STATE_OFF
01-01 00:00:42.551  2019  3744 D BluetoothAdapter: 849676401: getState() :  mService = null. Returning STATE_OFF
01-01 00:00:42.552  2019  3744 D BluetoothAdapter: 849676401: getState() :  mService = null. Returning STATE_OFF
01-01 00:00:42.552  2019  3744 D BluetoothAdapter: 849676401: getState() :  mService = null. Returning STATE_OFF
01-01 00:00:42.578  2019  3746 D OpenGLRenderer: Render dirty regions requested: true
01-01 00:00:42.579  2019  2019 D Atlas   : Validating map...
01-01 00:00:42.582  2019  2019 D PhoneStatusBar: disable: < expand icons alerts system_info back home recent clock search >
01-01 00:00:42.600  2019  2019 D BluetoothAdapter: 849676401: getState() :  mService = null. Returning STATE_OFF
01-01 00:00:42.600  2019  2019 D BluetoothAdapter: 849676401: getState() :  mService = null. Returning STATE_OFF
01-01 00:00:42.606  2019  2019 D PhoneStatusBar: heads up is enabled
01-01 00:00:42.615  2019  2019 I Choreographer: Skipped 529 frames!  The application may be doing too much work on its main thread.
01-01 00:00:42.621  2019  2019 D ViewRootImpl: changeCanvasOpacity: opaque=true
01-01 00:00:42.625  2019  2019 W Settings: Setting airplane_mode_on has moved from android.provider.Settings.System to android.provider.Settings.Global, returning read-only value.
01-01 00:00:42.628  2019  2019 W Settings: Setting airplane_mode_on has moved from android.provider.Settings.System to android.provider.Settings.Global, returning read-only value.
01-01 00:00:42.629  2019  2019 W TelecomManager: Telecom Service not found.
01-01 00:00:42.629  2019  2019 W TelecomManager: Telecom Service not found.
01-01 00:00:42.630  2019  2019 W TelecomManager: Telecom Service not found.
01-01 00:00:42.631  2019  2019 W TelecomManager: Telecom Service not found.
01-01 00:00:42.631  2019  2019 W Settings: Setting airplane_mode_on has moved from android.provider.Settings.System to android.provider.Settings.Global, returning read-only value.
01-01 00:00:42.656  2019  3746 I Adreno  : EGLInit: QTI Build: 01/16/15, 25d4fe7, 
01-01 00:00:42.668  2019  3746 I OpenGLRenderer: Initialized EGL, version 1.4
01-01 00:00:42.679  2019  3746 D OpenGLRenderer: Enabling debug mode 0
01-01 00:00:42.694  1324  1796 D WifiService: New client listening to asynchronous messages
01-01 00:00:42.746  2019  2019 D OpenGLRenderer: setting property extraRasterBucket to 0.95
01-01 00:00:42.746  2019  2019 D OpenGLRenderer:     failed
01-01 00:00:42.746  2019  2019 D OpenGLRenderer: setting property extraRasterBucket to 0.0
01-01 00:00:42.746  2019  2019 D OpenGLRenderer:     failed
01-01 00:00:43.161   476  1194 E modemanager: readXMLOp:Couldn't open OEM XML file!
01-01 00:00:43.161   476  1194 E modemanager: retrieveMode: Failed to enumerate modes
01-01 00:00:43.161   476  1194 E modemanager: in applyDefaultMode fail to retrieve default mode!
01-01 00:00:43.161   476  1194 I modemanager: in applyDefaultMode ret = 0 mCurMode = -1
01-01 00:00:43.161   476  1194 E PPDaemon: void* applyDefaultModeThreadFunc(void*) failed applying default mode!
01-01 00:00:44.161   476  1194 E modemanager: readXMLOp:Couldn't open OEM XML file!
01-01 00:00:44.161   476  1194 E modemanager: retrieveMode: Failed to enumerate modes
01-01 00:00:44.161   476  1194 E modemanager: in applyDefaultMode fail to retrieve default mode!
01-01 00:00:44.161   476  1194 I modemanager: in applyDefaultMode ret = 0 mCurMode = -1
01-01 00:00:44.161   476  1194 E PPDaemon: void* applyDefaultModeThreadFunc(void*) failed applying default mode!
01-01 00:00:48.926  1324  1324 E LocSvc_afw: E/GSS open failed: No such file or directory
01-01 00:00:48.926  1324  1324 E LocSvc_afw: E/get_extension: Invalid interface passed in
01-01 00:00:48.937  1324  1324 E LocSvc_afw: E/get_extension: Invalid interface passed in
01-01 00:00:48.937  1324  1324 E LocSvc_afw: E/get_extension: Invalid interface passed in
01-01 00:00:48.941  1324  1324 D GpsLocationProvider: Reset GPS properties, previous size = 0
01-01 00:00:48.941  1324  1324 D GpsLocationProvider: GpsParamsResource: SUPL_HOST=supl.google.com
01-01 00:00:48.941  1324  1324 D GpsLocationProvider: GpsParamsResource: SUPL_PORT=7275
01-01 00:00:48.941  1324  1324 D GpsLocationProvider: GpsParamsResource: NTP_SERVER=north-america.pool.ntp.org
01-01 00:00:48.941  1324  1324 D GpsLocationProvider: GpsParamsResource: SUPL_VER=0x20000
01-01 00:00:48.941  1324  1324 D GpsLocationProvider: GpsParamsResource: SUPL_MODE=1
01-01 00:00:48.943  1324  1324 D GpsLocationProvider: GPS properties reloaded, size = 16
01-01 00:00:48.943  1324  1324 E LocSvc_eng: I/===> int loc_eng_set_server_proxy(loc_eng_data_s_type&, LocServerType, const char*, int) line 2502 
01-01 00:00:48.943  1324  1324 E LocSvc_eng: W/set_server called before init. save the address, type: 3, hostname: supl.google.com, port: 7275
01-01 00:00:48.944  1324  1324 D GpsLocationProvider: GPS configuration:
01-01 00:00:48.944  1324  1324 D GpsLocationProvider:  #Thu Jan 01 00:00:48 GMT+00:00 1970
01-01 00:00:48.944  1324  1324 D GpsLocationProvider: SUPL_HOST=supl.google.com
01-01 00:00:48.944  1324  1324 D GpsLocationProvider: SUPL_PORT=7275
01-01 00:00:48.944  1324  1324 D GpsLocationProvider: XTRA_VERSION_CHECK=0
01-01 00:00:48.944  1324  1324 D GpsLocationProvider: DEBUG_LEVEL=3
01-01 00:00:48.944  1324  1324 D GpsLocationProvider: SUPL_ES=1
01-01 00:00:48.944  1324  1324 D GpsLocationProvider: NMEA_PROVIDER=0
01-01 00:00:48.944  1324  1324 D GpsLocationProvider: CAPABILITIES=0x37
01-01 00:00:48.944  1324  1324 D GpsLocationProvider: SUPL_VER=0x10000
01-01 00:00:48.944  1324  1324 D GpsLocationProvider: ERR_ESTIMATE=0
01-01 00:00:48.944  1324  1324 D GpsLocationProvider: A_GLONASS_POS_PROTOCOL_SELECT=0
01-01 00:00:48.944  1324  1324 D GpsLocationProvider: INTERMEDIATE_POS=0
01-01 00:00:48.944  1324  1324 D GpsLocationProvider: SGLTE_TARGET=0
01-01 00:00:48.944  1324  1324 D GpsLocationProvider: LPP_PROFILE=0
01-01 00:00:48.944  1324  1324 D GpsLocationProvider: USE_EMERGENCY_PDN_FOR_EMERGENCY_SUPL=1
01-01 00:00:48.944  1324  1324 D GpsLocationProvider: NTP_SERVER=time.gpsonextra.net
01-01 00:00:48.944  1324  1324 D GpsLocationProvider: SUPL_MODE=1
01-01 00:00:48.944  1324  1324 E LocSvc_eng: I/===> void loc_eng_configuration_update(loc_eng_data_s_type&, const char*, int32_t) line 2627 
01-01 00:00:48.944  1324  1324 D GpsLocationProvider: final config = #Thu Jan 01 00:00:48 GMT+00:00 1970
01-01 00:00:48.944  1324  1324 D GpsLocationProvider: SUPL_HOST=supl.google.com
01-01 00:00:48.944  1324  1324 D GpsLocationProvider: SUPL_PORT=7275
01-01 00:00:48.944  1324  1324 D GpsLocationProvider: XTRA_VERSION_CHECK=0
01-01 00:00:48.944  1324  1324 D GpsLocationProvider: DEBUG_LEVEL=3
01-01 00:00:48.944  1324  1324 D GpsLocationProvider: SUPL_ES=1
01-01 00:00:48.944  1324  1324 D GpsLocationProvider: NMEA_PROVIDER=0
01-01 00:00:48.944  1324  1324 D GpsLocationProvider: CAPABILITIES=0x37
01-01 00:00:48.944  1324  1324 D GpsLocationProvider: SUPL_VER=0x10000
01-01 00:00:48.944  1324  1324 D GpsLocationProvider: ERR_ESTIMATE=0
01-01 00:00:48.944  1324  1324 D GpsLocationProvider: A_GLONASS_POS_PROTOCOL_SELECT=0
01-01 00:00:48.944  1324  1324 D GpsLocationProvider: INTERMEDIATE_POS=0
01-01 00:00:48.944  1324  1324 D GpsLocationProvider: SGLTE_TARGET=0
01-01 00:00:48.944  1324  1324 D GpsLocationProvider: LPP_PROFILE=0
01-01 00:00:48.944  1324  1324 D GpsLocationProvider: USE_EMERGENCY_PDN_FOR_EMERGENCY_SUPL=1
01-01 00:00:48.944  1324  1324 D GpsLocationProvider: NTP_SERVER=time.gpsonextra.net
01-01 00:00:48.944  1324  1324 D GpsLocationProvider: SUPL_MODE=1
01-01 00:00:48.951  1324  1324 E LocationManagerService: no geocoder provider found
01-01 00:00:48.952  1324  1324 W ContextImpl: Calling a method in the system process without a qualified user: android.app.ContextImpl.bindService:1750 com.android.server.location.GeoFencerProxy.<init>:86 com.android.server.location.GeoFencerProxy.getGeoFencerProxy:77 com.android.server.LocationManagerService.loadProvidersLocked:520 com.android.server.LocationManagerService.systemRunning:293 
01-01 00:00:48.956  1324  1324 E LocSvc_flp: I/===> const FlpLocationInterface* get_flp_interface() line 69 
01-01 00:00:48.960  1324  1324 E Geofence_Adapter: I/===> void GeofenceAdapter::addGfClients(GeoFencer*) line 65 
01-01 00:00:48.960  1324  1324 E Geofence_Adapter: I/===> void GeofenceAdapter::updateRegisteredEvents() line 81 
01-01 00:00:48.961  1324  1324 E LocationManagerService: Unable to bind FusedProxy.
01-01 00:00:48.962  1324  1324 E LocationManagerService: Unable to bind FLP Geofence proxy.
01-01 00:00:48.966  1324  4561 V FlpHardwareProvider: Callback thread attached: 0xafaa50f0
01-01 00:00:48.966  1324  4561 E LocSvc_api_v02: I/locClientOpen:2183]: Service instance id is -1
01-01 00:00:48.966  1324  4561 E LocSvc_api_v02: I/---> locClientOpenInstance line 2063 loc client open
01-01 00:00:51.354  1324  1426 W ActivityManager: Timeout executing service: ServiceRecord{134b97d u0 android/com.android.internal.backup.LocalTransportService}
01-01 00:00:51.385  1324  1426 I Process : Sending signal. PID: 1324 SIG: 3
01-01 00:00:51.385  1324  1330 I art     : Thread[5,tid=1330,WaitingInMainSignalCatcherLoop,Thread*=0xaf80e400,peer=0x12c02080,"Signal Catcher"]: reacting to signal 3
01-01 00:00:51.999  1324  1324 E libsensor1: sensor1_open: Error in connect() errno=2 No such file or directory
01-01 00:00:51.999  1324  1324 E qti_ar_hal: hal_init: Sensor1 open failed with error: 11 0
01-01 00:00:51.999  1324  1324 E qti_ar_hal: hal_ar_open: HAL control init failed
01-01 00:00:51.999  1324  1324 E ActivityRecognitionHardware: Error opening device: -1
01-01 00:00:52.134  1324  1324 E LocationManagerService: Hardware Activity-Recognition not supported.
01-01 00:00:52.138  1324  1424 W art     : Long monitor contention event with owner method=void com.android.server.location.FlpHardwareProvider.nativeClassInit() from FlpHardwareProvider.java:4294967294 waiters=0 for 3.183s
01-01 00:00:52.138  1324  1424 E LocSvc_eng: I/===> int loc_eng_init(loc_eng_data_s_type&, LocCallbacks*, LOC_API_ADAPTER_EVENT_MASK_T, loc_core::ContextBase*) line 1629 
01-01 00:00:52.138  1324  1424 D GpsLocationProvider: set_capabilities_callback: 49u
01-01 00:00:52.138  1324  1424 I libmdmdetect: No supported ESOC's found
01-01 00:00:52.138  1324  1424 E PerMgrLib: Peripheral manager is not supported on this device
01-01 00:00:52.138  1324  1424 E LocSvc_afw: E/Error:  open failed: No such file or directory
01-01 00:00:52.138  1324  1424 E LocSvc_eng: I/===> void loc_eng_agps_init(loc_eng_data_s_type&, AGpsExtCallbacks*) line 2200 
01-01 00:00:52.138  1324  1424 E LocSvc_eng: I/===> void loc_eng_ni_init(loc_eng_data_s_type&, GpsNiExtCallbacks*) line 327 
01-01 00:00:52.138  1324  1424 E Geofence_Adapter: I/===> void GeofenceAdapter::addGfClients(GeoFencer*) line 65 
01-01 00:00:52.138  1324  1424 E Geofence_Adapter: I/===> void GeofenceAdapter::updateRegisteredEvents() line 81 
01-01 00:00:52.138  1324  1424 E LocSvc_eng: I/===> int loc_eng_set_server_proxy(loc_eng_data_s_type&, LocServerType, const char*, int) line 2502 
01-01 00:00:52.143  1324  1324 I CommonTimeManagementService: No common time service detected on this platform.  Common time services will be unavailable.
01-01 00:00:52.145  1324  1679 I InputReader: Reconfiguring input devices.  changes=0x00000020
01-01 00:00:52.150  1324  1679 I InputReader: Reconfiguring input devices.  changes=0x00000010
01-01 00:00:52.154  1324  1324 I MmsServiceBroker: Connecting to MmsService
01-01 00:00:52.154  1324  1324 W ContextImpl: Calling a method in the system process without a qualified user: android.app.ContextImpl.bindService:1750 com.android.server.MmsServiceBroker.tryConnecting:134 com.android.server.MmsServiceBroker.systemRunning:121 com.android.server.SystemServer$2.run:1238 com.android.server.am.ActivityManagerService.systemReady:11347 
01-01 00:00:52.166  1324  1330 I art     : Wrote stack traces to '/data/anr/traces.txt'
01-01 00:00:52.193  1324  1324 I ActivityManager: Start proc com.android.phone for service com.android.mms.service/.MmsService: pid=5049 uid=1001 gids={41001, 9997, 3002, 3001, 3003, 1028, 1015} abi=armeabi-v7a
01-01 00:00:52.195  1324  1324 W VoiceInteractionManagerService: no available voice interaction services found for user 0
01-01 00:00:52.199  1324  1324 W VoiceInteractionManagerService: no available voice recognition services found for user 0
01-01 00:00:52.218   329   329 I art     : Explicit concurrent mark sweep GC freed 706(30KB) AllocSpace objects, 0(0B) LOS objects, 89% free, 114KB/1138KB, paused 119us total 21.596ms
01-01 00:00:52.238   329   329 I art     : Explicit concurrent mark sweep GC freed 5(160B) AllocSpace objects, 0(0B) LOS objects, 89% free, 114KB/1138KB, paused 95us total 6.127ms
01-01 00:00:52.250   329   329 I art     : Explicit concurrent mark sweep GC freed 5(160B) AllocSpace objects, 0(0B) LOS objects, 89% free, 114KB/1138KB, paused 96us total 5.541ms
01-01 00:00:52.310  1324  1324 I ActivityManager: Start proc com.sentera.snapcam for added application com.sentera.snapcam: pid=5085 uid=1000 gids={41000, 9997, 3002, 3001, 1028, 1015, 3003, 3005, 1021, 3004, 1000, 3009, 1023, 1010, 2001, 1007} abi=armeabi-v7a
01-01 00:00:52.356  1324  1324 I ActivityManager: Start proc com.quicinc.cne.CNEService for added application com.quicinc.cne.CNEService: pid=5111 uid=1000 gids={41000, 9997, 3002, 3001, 1028, 1015, 3003, 3005, 1021, 3004, 1000, 3009, 1023, 1010, 2001, 1007} abi=armeabi-v7a
01-01 00:00:52.406  1324  1324 I ActivityManager: Start proc com.android.server.telecom for added application com.android.server.telecom: pid=5129 uid=1001 gids={41001, 9997, 3002, 3001, 3003, 1028, 1015} abi=armeabi-v7a
01-01 00:00:52.468  1324  1324 I ActivityManager: Start proc com.android.phone for added application com.android.phone: pid=5141 uid=1001 gids={41001, 9997, 3002, 3001, 3003, 1028, 1015} abi=armeabi-v7a
01-01 00:00:52.469  1324  1324 I ActivityManager: START u0 {act=android.intent.action.MAIN cat=[android.intent.category.HOME] flg=0x10000000 cmp=com.android.launcher/com.android.launcher2.Launcher} from uid 0 on display 0
01-01 00:00:52.520  1324  1324 I ActivityManager: Start proc com.android.launcher for activity com.android.launcher/com.android.launcher2.Launcher: pid=5176 uid=10008 gids={50008, 9997} abi=armeabi-v7a
01-01 00:00:52.522  1324  2507 W art     : Long monitor contention event with owner method=void com.android.server.am.ActivityManagerService.systemReady(java.lang.Runnable) from ActivityManagerService.java:11355 waiters=0 for 193ms
01-01 00:00:52.522  1324  2507 W ActivityManager: No pending application record for pid 5049 (IApplicationThread android.app.ApplicationThreadProxy@15319f3b); dropping process
01-01 00:00:52.533  1324  1324 I SystemServer: Enabled StrictMode for system server main thread.
01-01 00:00:52.533  1324  1324 V ActivityManager: Display changed displayId=0
01-01 00:00:52.533  1324  1324 V ActivityManager: Display changed displayId=0
01-01 00:00:52.571  1324  1324 D WifiScanningService: SCAN_AVAILABLE : 1
01-01 00:00:52.572  1324  1967 D WifiScanningService: DefaultState got{ when=-1ms what=160007 target=com.android.internal.util.StateMachine$SmHandler }
01-01 00:00:52.573  1324  1324 D RttService: SCAN_AVAILABLE : 1
01-01 00:00:52.573  1324  1970 D RttService: DefaultState got{ when=0 what=160513 target=com.android.internal.util.StateMachine$SmHandler }
01-01 00:00:52.575  1324  1324 I Choreographer: Skipped 1258 frames!  The application may be doing too much work on its main thread.
01-01 00:00:52.577  1324  1324 W InputMethodManagerService: Focus gain on non-focused client android.view.inputmethod.InputMethodManager$1@5568c1d (uid=1000 pid=1324)
01-01 00:00:52.577  1324  1324 V ActivityManager: Display changed displayId=0
01-01 00:00:52.578  1324  1324 V ActivityManager: Display changed displayId=0
01-01 00:00:52.599   508   508 I sh      : type=1400 audit(0.0:30): avc: denied { append } for name="performance_log.csv" dev="fuse" ino=3062915328 scontext=u:r:init:s0 tcontext=u:object_r:fuse:s0 tclass=file permissive=1
01-01 00:00:52.599   508   508 I sh      : type=1400 audit(0.0:31): avc: denied { open } for path="/storage/sdcard1/info/logs/performance_log.csv" dev="fuse" ino=3062915328 scontext=u:r:init:s0 tcontext=u:object_r:fuse:s0 tclass=file permissive=1
01-01 00:00:52.666  1324  1324 W ResourcesManager: Asset path '/system/framework/com.android.location.provider.jar' does not exist or contains no resources.
01-01 00:00:52.688  5111  5111 W ResourcesManager: Asset path '/system/framework/com.quicinc.cne.jar' does not exist or contains no resources.
01-01 00:00:52.729  5129  5129 D Telecom : MissedCallNotifier: updateOnStartup()...
01-01 00:00:52.746  1324  1324 E NlpProxy: No NLPs exist to bind to!
01-01 00:00:52.765  5111  5111 D CNEServiceApp: start cne
01-01 00:00:52.777  1324  1324 V UlpService: +startAdditionalServices
01-01 00:00:52.811  1324  1324 I ActivityManager: Start proc com.qualcomm.location.XT for service com.qualcomm.location.XT/.XTSrv: pid=5238 uid=1000 gids={41000, 9997, 3002, 3001, 1028, 1015, 3003, 3005, 1021, 3004, 1000, 3009, 1023, 1010, 2001, 1007} abi=armeabi-v7a
01-01 00:00:52.828  1324  1324 V UlpService: -startAdditionalServices
01-01 00:00:52.860  1324  1324 D Ulp_jni : classInit invoked
01-01 00:00:52.866  1324  1486 D BluetoothManagerService: Message: 20
01-01 00:00:52.866  1324  1486 D BluetoothManagerService: Added callback: android.bluetooth.IBluetoothManagerCallback$Stub$Proxy@9e119ff:true
01-01 00:00:52.870  1324  1796 D WifiService: New client listening to asynchronous messages
01-01 00:00:52.870  1324  1486 D BluetoothManagerService: Message: 30
01-01 00:00:52.872  1324  1324 D Ulp_jni : instanceInit invoked
01-01 00:00:52.872  1324  1324 E LocSvc_libulp: I/===> int ulp_init(UlpEngineCallbacks*, UlpNetworkLocationCallbacks*, UlpPhoneContextCallbacks*) line 131 
01-01 00:00:52.872  1324  1324 E LocSvc_libulp: I/===> int ulp_data_init() line 72 
01-01 00:00:52.873  1324  1324 E LocSvc_libulp: E/int ulp_data_init():100]: GTP WiFi is enabled.
01-01 00:00:52.873  1324  1324 E LocSvc_libulp: E/int ulp_data_init():116]: GTP AP cell is disabled
01-01 00:00:52.873  1324  1324 E LocSvc_libulp: I/int ulp_data_init(), quipc_enabled = 0, gps capabilities = 0x0 zpp trigger threshold = 10000
01-01 00:00:52.873  1324  1324 E LocSvc_libulp: I/===> int ulp_msg_init() line 330 
01-01 00:00:52.873  1324  1324 E LocSvc_libulp: I/===> int ulp_monitor_init() line 122 
01-01 00:00:52.873  1324  1324 E LocSvc_libulp: I/===> int ulp_quipc_init() line 296 
01-01 00:00:52.874  5111  5111 D CNEServiceApp: broadcast cne started
01-01 00:00:52.874  5111  5111 W ContextImpl: Calling a method in the system process without a qualified user: android.app.ContextImpl.sendBroadcast:1321 android.content.ContextWrapper.sendBroadcast:376 com.quicinc.cne.CNEService.CNEServiceApp.broadcastCNEStarted:102 com.quicinc.cne.CNEService.CNEServiceApp.startCne:114 com.quicinc.cne.CNEService.CNEServiceApp.onCreate:93 
01-01 00:00:52.878  1324  1324 D GeoFenceService: onCreate
01-01 00:00:52.879  1324  1324 E Geofence_Adapter: I/===> void GeofenceAdapter::addGfClients(GeoFencer*) line 65 
01-01 00:00:52.879  1324  1324 E Geofence_Adapter: I/===> void GeofenceAdapter::updateRegisteredEvents() line 81 
01-01 00:00:52.897  1324  5258 E LocSvc_libulp: I/===> void ulp_monitor_main(void*) line 56 
01-01 00:00:52.898  1324  5257 E LocSvc_libulp: I/===> void ulp_msg_main(void*) line 89 
01-01 00:00:52.901  1324  1324 D GeoFenceService: onBind
01-01 00:00:52.902  1324  1324 V WiredAccessoryManager: notifyWiredAccessoryChanged: when=0 bits= mask=54
01-01 00:00:52.902  1324  1324 V WiredAccessoryManager: newName=h2w newState=32 headsetState=32 prev headsetState=0
01-01 00:00:52.903  1324  1324 V WiredAccessoryManager: init()
01-01 00:00:52.912  5111  5256 I QCNEJ   : |CORE:COM:RCVR| CNE creating socket
01-01 00:00:52.922  5111  5256 I QCNEJ   : |CORE:COM:RCVR| Connected to 'cnd' socket
01-01 00:00:52.925  1324  1324 V BackupManagerService: Connected to transport ComponentInfo{android/com.android.internal.backup.LocalTransportService}
01-01 00:00:52.925  1324  1324 V BackupManagerService: Registering transport android/com.android.internal.backup.LocalTransportService::android/com.android.internal.backup.LocalTransport = android.app.backup.BackupTransport$TransportImpl@2bcbe7fc
01-01 00:00:52.934  1324  1324 D GpsNetInitiatedHandler: location enabled :true
01-01 00:00:52.946  5111  5256 W QCNEJ   : |CORE| UNKOWN Unsolicited Event 25
01-01 00:00:52.946  5111  5256 I QCNEJ   : |CORE| CNE_REQUEST_GET_BROWSERS_INFO_LIST received
01-01 00:00:52.948  5111  5256 I QCNEJ   : |CORE| CNE_NOTIFY_FEATURE_STATUS received
01-01 00:00:52.949  5111  5256 I QCNEJ   : |CORE| CNE_NOTIFY_FEATURE_STATUS received
01-01 00:00:52.971  1324  1324 D LBSSystemMonitorService: SUPL_ES is: 1
01-01 00:00:52.988  5129  5129 D Telecom : ProximitySensorManager: onCreate: mProximityWakeLock: 
01-01 00:00:52.994  1324  5268 D LBSSystemMonitorService: handleMessage what - 1
01-01 00:00:52.998  1324  5268 D Wiper_jni: Inform wiper status.
01-01 00:00:52.999  1324  1324 D LBSSystemMonitorService: nonSGLTE device with ES SUPL
01-01 00:00:52.999  1324  5268 D LBSSystemMonitorService: handleMessage what - 10
01-01 00:00:53.000  1324  5268 D LBSSystemMonitorService: handleMessage what - 15
01-01 00:00:53.001  1324  5268 D DeviceContext: handleMessage what - 0
01-01 00:00:53.001  1324  5268 D LBSSystemMonitorService: handleMessage what - 16
01-01 00:00:53.001  1324  5268 D DeviceContext: handleMessage what - 1
01-01 00:00:53.043  1324  1324 W XTWiFiOS: Constructor enter
01-01 00:00:53.045  5129  5129 D Telecom : MissedCallNotifier: onQueryComplete()...
01-01 00:00:53.047  5129  5129 D Telecom : BluetoothPhoneService: onCreate
01-01 00:00:53.048  1324  1486 D BluetoothManagerService: Message: 30
01-01 00:00:53.055  5141  5141 D MmsService: onCreate
01-01 00:00:53.074  1324  1324 W XTWiFiOS: Constructor exit
01-01 00:00:53.075  1324  1324 W XTWiFiOS: onCreate enter
01-01 00:00:53.078  1324  1324 V XTWiFiOS: GTP CELL PROC: MODEM GTP CELL AP mode: BASIC GTP WIFI mode: BASIC PIP mode: DISABLED
01-01 00:00:53.078  1324  1324 V XTWiFiOS: GTP AP CELL Disabled
01-01 00:00:53.079  1324  1324 V XTWiFiOS: Setting GTP WIFI mode to default mode: BASIC
01-01 00:00:53.079  1324  1324 V XTWiFiOS: Setting PIP mode to DISABLED
01-01 00:00:53.079  1324  1324 V XTWiFiOS: Setting GTP WAA mode to DISABLED
01-01 00:00:53.079  1324  1324 V XTWiFiOS: iZat enabled: true, GTP WIFI feature: true, GTP CELL AP feature: false, PIP feature: false, GTP WAA feature: false
01-01 00:00:53.079  1324  1324 V XTWiFiOS: iZat enabled is true, continue initialization
01-01 00:00:53.079  1324  1324 W XTWiFiOS: onCreate exit
01-01 00:00:53.082  1324  5274 W XTWiFiOS: OSAgentThead start
01-01 00:00:53.084  1324  1324 D         : Native Location Alarm Services JNI Onload 
01-01 00:00:53.085  1324  1324 E LAlarm  : Service created.
01-01 00:00:53.102  1324  1324 E LAlarm  : Service started flags 0 startId 1
01-01 00:00:53.102  1324  1324 V GeoFencerProxy: onServiceConnected: mGeoFencer - com.qualcomm.location.GeoFenceService$1@3c23a124
01-01 00:00:53.102  1324  1324 V WiredAccessoryManager: device h2w connected
01-01 00:00:53.118   307   307 D AudioPolicyManager: setDeviceConnectionState() could not find HW module for device 00020000
01-01 00:00:53.126  1324  1324 E LocSvc_eng: I/===> int loc_eng_init(loc_eng_data_s_type&, LocCallbacks*, LOC_API_ADAPTER_EVENT_MASK_T, loc_core::ContextBase*) line 1629 
01-01 00:00:53.126  1324  1324 D LocSvc_jni: set_capabilities_callback: 49
01-01 00:00:53.126  1324  1324 E LocSvc_eng: I/===> void loc_eng_agps_init(loc_eng_data_s_type&, AGpsExtCallbacks*) line 2200 
01-01 00:00:53.126  1324  1324 E LocSvc_eng: I/===> void loc_eng_ni_init(loc_eng_data_s_type&, GpsNiExtCallbacks*) line 327 
01-01 00:00:53.131   387  1029 E XTIA    : [inet-agent-wwan-pos] _process failed 4
01-01 00:00:53.131   387  1027 E XTIA    : [inet-agent-cs] _process failed 4
01-01 00:00:53.131   387  1025 E XTIA    : [inet-agent-tile] _process failed 4
01-01 00:00:53.131   387  1023 E XTIA    : [inet-agent-pos] _process failed 4
01-01 00:00:53.131   386   413 E LOWI-6.0.0.15: [LOWIEventReceiver] handleEvent failed
01-01 00:00:53.135  1324  1324 I MmsServiceBroker: MmsService connected
01-01 00:00:53.162  1324  5274 E XTWiFiOS: Unknown info notification
01-01 00:00:53.163  1324  5277 E LAlarm  : Thread created.
01-01 00:00:53.163  1324  5277 D         : jboolean locAlarmSvc::native_register(JNIEnv*, jobject)]62
01-01 00:00:53.149  5277  5277 I Thread-116: type=1400 audit(0.0:32): avc: denied { unlink } for name="alarm_svc" dev="mmcblk0p25" ino=634026 scontext=u:r:system_server:s0 tcontext=u:object_r:location_data_file:s0 tclass=sock_file permissive=1
01-01 00:00:53.164  5141  5279 I MmsService: MmsConfigManager.loadInBackground(): mcc/mnc: 0/0
