01-01 00:00:17.096   249   802 I qdhwcomposer: vsync_loop: Reading event 1 for dpy 0 from /sys/class/graphics/fb0/show_blank_event
01-01 00:00:17.096   249   802 I qdhwcomposer: vsync_loop: Reading event 0 for dpy 1 from /sys/class/graphics/fb1/vsync_event
01-01 00:00:17.096   249   802 I qdhwcomposer: vsync_loop: Reading event 1 for dpy 1 from /sys/class/graphics/fb1/show_blank_event
01-01 00:00:17.097   249   249 I SurfaceFlinger: EGL information:
01-01 00:00:17.097   249   249 I SurfaceFlinger: vendor    : Android
01-01 00:00:17.097   249   249 I SurfaceFlinger: version   : 1.4 Android META-EGL
01-01 00:00:17.097   249   249 I SurfaceFlinger: extensions: EGL_KHR_get_all_proc_addresses EGL_ANDROID_presentation_time EGL_KHR_image EGL_KHR_image_base EGL_KHR_lock_surface EGL_KHR_gl_texture_2D_image EGL_KHR_gl_texture_cubemap_image EGL_KHR_gl_renderbuffer_image EGL_KHR_reusable_sync EGL_KHR_fence_sync EGL_KHR_create_context EGL_EXT_create_context_robustness EGL_ANDROID_image_native_buffer EGL_KHR_wait_sync EGL_ANDROID_recordable 
01-01 00:00:17.097   249   249 I SurfaceFlinger: Client API: OpenGL_ES
01-01 00:00:17.097   249   249 I SurfaceFlinger: EGLSurface: 8-8-8-8, config=0xb6a17bc8
01-01 00:00:17.106   249   249 I SurfaceFlinger: OpenGL ES informations:
01-01 00:00:17.106   249   249 I SurfaceFlinger: vendor    : Qualcomm
01-01 00:00:17.106   249   249 I SurfaceFlinger: renderer  : Adreno (TM) 420
01-01 00:00:17.106   249   249 I SurfaceFlinger: version   : OpenGL ES 3.1V@104.0 (GIT@)
01-01 00:00:17.106   249   249 I SurfaceFlinger: extensions: GL_EXT_debug_marker GL_OES_EGL_image GL_OES_EGL_image_external GL_OES_EGL_sync GL_OES_vertex_half_float GL_OES_framebuffer_object GL_OES_rgb8_rgba8 GL_OES_compressed_ETC1_RGB8_texture GL_AMD_compressed_ATC_texture GL_KHR_texture_compression_astc_ldr GL_OES_texture_npot GL_EXT_texture_filter_anisotropic GL_EXT_texture_format_BGRA8888 GL_OES_texture_3D GL_EXT_color_buffer_float GL_EXT_color_buffer_half_float GL_QCOM_alpha_test GL_OES_depth24 GL_OES_packed_depth_stencil GL_OES_depth_texture GL_OES_depth_texture_cube_map GL_EXT_sRGB GL_OES_texture_float GL_OES_texture_float_linear GL_OES_texture_half_float GL_OES_texture_half_float_linear GL_EXT_texture_type_2_10_10_10_REV GL_EXT_texture_sRGB_decode GL_OES_element_index_uint GL_EXT_copy_image GL_EXT_geometry_shader GL_EXT_tessellation_shader GL_OES_texture_stencil8 GL_EXT_shader_io_blocks GL_OES_shader_image_atomic GL_OES_sample_variables GL_EXT_texture_border_clamp GL_EXT_multisampled_render_to_texture GL_OES_shader_multisample_interpolation GL_EXT_
01-01 00:00:17.106   249   249 I SurfaceFlinger: GL_MAX_TEXTURE_SIZE = 16384
01-01 00:00:17.106   249   249 I SurfaceFlinger: GL_MAX_VIEWPORT_DIMS = 16384
01-01 00:00:17.110   249   249 D SurfaceFlinger: Set power mode=2, type=0 flinger=0xb6a62000
01-01 00:00:17.110   249   249 D qdhwcomposer: hwc_setPowerMode: Setting mode 2 on display: 0
01-01 00:00:17.114   249   249 D qdhwcomposer: hwc_setPowerMode: Done setting mode 2 on display 0
01-01 00:00:17.114   249   802 I qdhwcomposer: handle_blank_event: dpy:0 panel power state: 1
01-01 00:00:17.129   832   832 I ndc     : type=1400 audit(0.0:17): avc: denied { read write } for path="/dev/pts/2" dev="devpts" ino=5 scontext=u:r:wcnss_service:s0 tcontext=u:object_r:devpts:s0 tclass=chr_file permissive=1
01-01 00:00:17.139   832   832 I ndc     : type=1400 audit(0.0:18): avc: denied { getattr } for path="/dev/pts/2" dev="devpts" ino=5 scontext=u:r:wcnss_service:s0 tcontext=u:object_r:devpts:s0 tclass=chr_file permissive=1
01-01 00:00:17.139   832   832 I ndc     : type=1400 audit(0.0:19): avc: denied { write } for name="netd" dev="tmpfs" ino=12389 scontext=u:r:wcnss_service:s0 tcontext=u:object_r:netd_socket:s0 tclass=sock_file permissive=1
01-01 00:00:17.145   377   377 I sh      : Error connecting (Connection refused)
01-01 00:00:17.162   377   377 I sh      : Error connecting (Connection refused)
01-01 00:00:17.169   377   377 I sh      : Error connecting (Connection refused)
01-01 00:00:17.178   377   377 I sh      : Error connecting (Connection refused)
01-01 00:00:17.186   377   377 I sh      : Error connecting (Connection refused)
01-01 00:00:17.189   878   878 I ndc     : type=1400 audit(0.0:20): avc: denied { write } for name="netd" dev="tmpfs" ino=12389 scontext=u:r:wcnss_service:s0 tcontext=u:object_r:netd_socket:s0 tclass=sock_file permissive=1
01-01 00:00:17.193   377   377 I sh      : Error connecting (Connection refused)
01-01 00:00:17.200   377   377 I sh      : Error connecting (Connection refused)
01-01 00:00:17.204   340   340 E mm-camera-isp2: module_chroma_enhan40_init:92 name chroma_enhan40
01-01 00:00:17.208   377   377 I sh      : Error connecting (Connection refused)
01-01 00:00:17.215   377   377 I sh      : Error connecting (Connection refused)
01-01 00:00:17.216   377   377 I sh      : sh terminated by exit(4)
01-01 00:00:17.224   340   340 E mm-camera-isp2: module_color_correct40_init:94 name color_correct40
01-01 00:00:17.227   249   289 I ServiceManager: Waiting to check permission android.permission.ACCESS_SURFACE_FLINGER from uid=1013 pid=813
01-01 00:00:17.231   340   340 E mm-camera-isp2: module_luma_adaptation40_init:90 name luma_adaptation40
01-01 00:00:17.398   340   340 E mm-camera-isp2: module_chroma_enhan40_init:92 name chroma_enhan40
01-01 00:00:17.398   340   340 E mm-camera-isp2: module_color_correct40_init:94 name color_correct40
01-01 00:00:17.398   340   340 E mm-camera-isp2: module_luma_adaptation40_init:90 name luma_adaptation40
01-01 00:00:17.399   340   340 E mm-camera-isp2: isp_resource_gen_hws_caps:2415 i 0 isp id 0
01-01 00:00:17.399   340   340 E mm-camera-isp2: isp_resource_gen_hws_caps:2415 i 1 isp id 1
01-01 00:00:17.399   340   340 E mm-camera-isp2: module_isp_init:468 module 0xb6a51c40
01-01 00:00:17.399   340   340 E mm-camera: is_module_init: Enter
01-01 00:00:17.399   340   340 E mm-camera: gyro_module_init: Enter
01-01 00:00:17.399   340   340 E mm-camera: gyro_module_init: Exit successful
01-01 00:00:17.430   323   323 I SamplingProfilerIntegration: Profiling disabled.
01-01 00:00:17.446   323   323 D Zygote  : begin preload
01-01 00:00:17.459  1134  1134 I nmbd    : type=1400 audit(0.0:21): avc: denied { setopt } for scontext=u:r:init:s0 tcontext=u:r:init:s0 tclass=udp_socket permissive=1
01-01 00:00:17.459  1134  1134 I nmbd    : type=1400 audit(0.0:22): avc: denied { bind } for scontext=u:r:init:s0 tcontext=u:r:init:s0 tclass=udp_socket permissive=1
01-01 00:00:17.459  1134  1134 I nmbd    : type=1400 audit(0.0:23): avc: denied { name_bind } for src=137 scontext=u:r:init:s0 tcontext=u:object_r:port:s0 tclass=udp_socket permissive=1
01-01 00:00:17.459  1134  1134 I nmbd    : type=1400 audit(0.0:24): avc: denied { node_bind } for src=137 scontext=u:r:init:s0 tcontext=u:object_r:node:s0 tclass=udp_socket permissive=1
01-01 00:00:17.459  1134  1134 I nmbd    : type=1400 audit(0.0:25): avc: denied { getopt } for lport=137 scontext=u:r:init:s0 tcontext=u:r:init:s0 tclass=udp_socket permissive=1
01-01 00:00:17.459  1134  1134 I nmbd    : type=1400 audit(0.0:26): avc: denied { write } for laddr=192.168.143.141 lport=137 scontext=u:r:init:s0 tcontext=u:r:init:s0 tclass=udp_socket permissive=1
01-01 00:00:17.459  1134  1134 I nmbd    : type=1400 audit(0.0:27): avc: denied { read } for lport=137 scontext=u:r:init:s0 tcontext=u:r:init:s0 tclass=udp_socket permissive=1
01-01 00:00:17.478   323   323 I Zygote  : Preloading classes...
01-01 00:00:17.502   323   323 I art     : Explicit concurrent mark sweep GC freed 1004(56KB) AllocSpace objects, 0(0B) LOS objects, 93% free, 76KB/1100KB, paused 98us total 23.521ms
01-01 00:00:17.511   323   323 I art     : Counter: 1
01-01 00:00:17.513   340   340 E mm-camera-vpu: vpu_module_init:48, INFO name=vpu
01-01 00:00:17.514   340   340 E mm-camera-vpu: vpu_client_find_vpu_device:64, INFO vpu device found: /dev/video1
01-01 00:00:17.514   340   340 E mm-camera-vpu: vpu_module_init:89, DEBUG SUCCESS
01-01 00:00:17.515   340   340 D mm-camera: module_afs_load:1473] Frame algo library loaded successfully
01-01 00:00:17.515   340   340 D mm-camera-img: module_imglib_create_port:1879 portname imglib_d2_i0
01-01 00:00:17.515   340   340 D mm-camera-img: img_core_get_comp:37] role 2 name qcom.faceproc
01-01 00:00:17.515   340   340 D mm-camera-img: img_core_get_comp:42] comp_index[0] role 0 name qcom.wavelet
01-01 00:00:17.515   340   340 D mm-camera-img: img_core_get_comp:42] comp_index[1] role 1 name qcom.hdr
01-01 00:00:17.515   340   340 D mm-camera-img: img_core_get_comp:42] comp_index[2] role 2 name qcom.faceproc
01-01 00:00:17.515   340   340 D mm-camera-img: img_core_get_comp:47] find component role 2 name qcom.faceproc
01-01 00:00:17.515   340   340 D mm-camera-img: face detection running in ARM mode, DSP is disabled in make file
01-01 00:00:17.515   340   340 D mm-camera-img: faceproc_comp_eng_load:436] E
01-01 00:00:17.535   340   340 W linker  : libmmcamera_faceproc.so has text relocations. This is wasting memory and prevents security hardening. Please fix.
01-01 00:00:17.536   340   340 D mm-camera-img: img_core_get_comp:37] role 1 name qcom.hdr
01-01 00:00:17.536   340   340 D mm-camera-img: img_core_get_comp:42] comp_index[0] role 0 name qcom.wavelet
01-01 00:00:17.536   340   340 D mm-camera-img: img_core_get_comp:42] comp_index[1] role 1 name qcom.hdr
01-01 00:00:17.536   340   340 D mm-camera-img: img_core_get_comp:47] find component role 1 name qcom.hdr
01-01 00:00:17.568   340   340 D mm-camera-img: hdr_comp_load:1171] HDR library loaded successfully
01-01 00:00:17.568   340   340 D hdr     : Port hdr_dummy initialized
01-01 00:00:17.568   340   340 D mm-camera-img: img_core_get_comp:37] role 4 name qcom.gen_frameproc
01-01 00:00:17.568   340   340 D mm-camera-img: img_core_get_comp:42] comp_index[0] role 0 name qcom.wavelet
01-01 00:00:17.568   340   340 D mm-camera-img: img_core_get_comp:42] comp_index[1] role 1 name qcom.hdr
01-01 00:00:17.568   340   340 D mm-camera-img: img_core_get_comp:42] comp_index[2] role 2 name qcom.faceproc
01-01 00:00:17.568   340   340 D mm-camera-img: img_core_get_comp:42] comp_index[3] role 3 name qcom.cac
01-01 00:00:17.568   340   340 D mm-camera-img: img_core_get_comp:42] comp_index[4] role 4 name qcom.gen_frameproc
01-01 00:00:17.568   340   340 D mm-camera-img: img_core_get_comp:47] find component role 4 name qcom.gen_frameproc
01-01 00:00:17.569   340   340 E mm-camera-img: frameproc_comp_load:818] Error opening frameproc library libmmcamera_chromaflash_lib.so
01-01 00:00:17.569   340   340 E mm-camera: module_imgbase_init:1070] Error rc -6
01-01 00:00:17.569   340   340 E mm-camera-img: module_imglib_create_topology:628] Can not init the module imglib_chroma_flash
01-01 00:00:17.569   340   340 D mm-camera-img: img_core_get_comp:37] role 4 name qcom.gen_frameproc
01-01 00:00:17.569   340   340 D mm-camera-img: img_core_get_comp:42] comp_index[0] role 0 name qcom.wavelet
01-01 00:00:17.569   340   340 D mm-camera-img: img_core_get_comp:42] comp_index[1] role 1 name qcom.hdr
01-01 00:00:17.569   340   340 D mm-camera-img: img_core_get_comp:42] comp_index[2] role 2 name qcom.faceproc
01-01 00:00:17.569   340   340 D mm-camera-img: img_core_get_comp:42] comp_index[3] role 3 name qcom.cac
01-01 00:00:17.569   340   340 D mm-camera-img: img_core_get_comp:42] comp_index[4] role 4 name qcom.gen_frameproc
01-01 00:00:17.569   340   340 D mm-camera-img: img_core_get_comp:47] find component role 4 name qcom.gen_frameproc
01-01 00:00:17.569   340   340 E mm-camera-img: frameproc_comp_load:818] Error opening frameproc library libmmcamera_optizoom_lib.so
01-01 00:00:17.569   340   340 E mm-camera: module_imgbase_init:1070] Error rc -6
01-01 00:00:17.569   340   340 E mm-camera-img: module_imglib_create_topology:628] Can not init the module imglib_optizoom
01-01 00:00:17.569   340   340 D mm-camera-img: img_core_get_comp:37] role 4 name qcom.gen_frameproc
01-01 00:00:17.569   340   340 D mm-camera-img: img_core_get_comp:42] comp_index[0] role 0 name qcom.wavelet
01-01 00:00:17.569   340   340 D mm-camera-img: img_core_get_comp:42] comp_index[1] role 1 name qcom.hdr
01-01 00:00:17.569   340   340 D mm-camera-img: img_core_get_comp:42] comp_index[2] role 2 name qcom.faceproc
01-01 00:00:17.569   340   340 D mm-camera-img: img_core_get_comp:42] comp_index[3] role 3 name qcom.cac
01-01 00:00:17.569   340   340 D mm-camera-img: img_core_get_comp:42] comp_index[4] role 4 name qcom.gen_frameproc
01-01 00:00:17.569   340   340 D mm-camera-img: img_core_get_comp:47] find component role 4 name qcom.gen_frameproc
01-01 00:00:17.569   340   340 E mm-camera-img: frameproc_comp_load:818] Error opening frameproc library libmmcamera_ubifocus_lib.so
01-01 00:00:17.569   340   340 E mm-camera: module_imgbase_init:1070] Error rc -6
01-01 00:00:17.569   340   340 E mm-camera-img: module_imglib_create_topology:628] Can not init the module imglib_ubifocus
01-01 00:00:17.569   340   340 D mm-camera-img: img_core_get_comp:37] role 4 name qcom.gen_frameproc
01-01 00:00:17.569   340   340 D mm-camera-img: img_core_get_comp:42] comp_index[0] role 0 name qcom.wavelet
01-01 00:00:17.569   340   340 D mm-camera-img: img_core_get_comp:42] comp_index[1] role 1 name qcom.hdr
01-01 00:00:17.569   340   340 D mm-camera-img: img_core_get_comp:42] comp_index[2] role 2 name qcom.faceproc
01-01 00:00:17.569   340   340 D mm-camera-img: img_core_get_comp:42] comp_index[3] role 3 name qcom.cac
01-01 00:00:17.569   340   340 D mm-camera-img: img_core_get_comp:42] comp_index[4] role 4 name qcom.gen_frameproc
01-01 00:00:17.569   340   340 D mm-camera-img: img_core_get_comp:47] find component role 4 name qcom.gen_frameproc
01-01 00:00:17.569   340   340 E mm-camera-img: frameproc_comp_load:818] Error opening frameproc library libmmcamera_ubifocus_lib.so
01-01 00:00:17.569   340   340 E mm-camera: module_imgbase_init:1070] Error rc -6
01-01 00:00:17.569   340   340 E mm-camera-img: module_imglib_create_topology:628] Can not init the module imglib_refocus
01-01 00:00:17.569   340   340 D mm-camera-img: module_imglib_create_dummy_port:2001 portname imglib_dymmy_d1_i0
01-01 00:00:17.744   323   323 E Minikin : addFont failed to create font /system/fonts/NotoSansGujarati-Regular.ttf
01-01 00:00:17.744   323   323 E Minikin : addFont failed to create font /system/fonts/NotoSansGujarati-Bold.ttf
01-01 00:00:17.744   323   323 E Minikin : addFont failed to create font /system/fonts/NotoSansGujaratiUI-Regular.ttf
01-01 00:00:17.744   323   323 E Minikin : addFont failed to create font /system/fonts/NotoSansGujaratiUI-Bold.ttf
01-01 00:00:17.744   323   323 E Minikin : addFont failed to create font /system/fonts/NotoSansGurmukhi-Regular.ttf
01-01 00:00:17.744   323   323 E Minikin : addFont failed to create font /system/fonts/NotoSansGurmukhi-Bold.ttf
01-01 00:00:17.744   323   323 E Minikin : addFont failed to create font /system/fonts/NotoSansGurmukhiUI-Regular.ttf
01-01 00:00:17.744   323   323 E Minikin : addFont failed to create font /system/fonts/NotoSansGurmukhiUI-Bold.ttf
01-01 00:00:17.749  1143  1143 I smbd    : type=1400 audit(0.0:28): avc: denied { name_bind } for src=445 scontext=u:r:init:s0 tcontext=u:object_r:port:s0 tclass=tcp_socket permissive=1
01-01 00:00:17.749  1143  1143 I smbd    : type=1400 audit(0.0:29): avc: denied { node_bind } for saddr=192.168.143.141 src=445 scontext=u:r:init:s0 tcontext=u:object_r:node:s0 tclass=tcp_socket permissive=1
01-01 00:00:17.749  1143  1143 I smbd    : type=1400 audit(0.0:30): avc: denied { getopt } for laddr=192.168.143.141 lport=445 scontext=u:r:init:s0 tcontext=u:r:init:s0 tclass=tcp_socket permissive=1
01-01 00:00:17.778   323   323 E Minikin : addFont failed to create font /system/fonts/NotoSansSinhala-Regular.ttf
01-01 00:00:17.778   323   323 E Minikin : addFont failed to create font /system/fonts/NotoSansSinhala-Bold.ttf
01-01 00:00:17.791   323   323 E Minikin : addFont failed to create font /system/fonts/NotoSansCherokee-Regular.ttf
01-01 00:00:17.791   323   323 E Minikin : addFont failed to create font /system/fonts/NotoSansCanadianAboriginal-Regular.ttf
01-01 00:00:17.792   323   323 E Minikin : addFont failed to create font /system/fonts/NotoSansYi-Regular.ttf
01-01 00:00:17.792   323   323 E Minikin : addFont failed to create font /system/fonts/NotoSansHans-Regular.otf
01-01 00:00:17.792   323   323 E Minikin : addFont failed to create font /system/fonts/NotoSansHant-Regular.otf
01-01 00:00:17.792   323   323 E Minikin : addFont failed to create font /system/fonts/NotoSansJP-Regular.otf
01-01 00:00:17.792   323   323 E Minikin : addFont failed to create font /system/fonts/NotoSansKR-Regular.otf
01-01 00:00:18.002   323   323 I art     : Thread[1,tid=323,WaitingForJniOnLoad,Thread*=0xb5107800,peer=0x12c430e0,"main"] recursive attempt to load library "/system/lib/libmedia_jni.so"
01-01 00:00:18.002   323   323 D MtpDeviceJNI: register_android_mtp_MtpDevice
01-01 00:00:18.002   307   307 I ServiceManager: Waiting for service batterystats...
01-01 00:00:18.005   323   323 I art     : Thread[1,tid=323,WaitingForJniOnLoad,Thread*=0xb5107800,peer=0x12c430e0,"main"] recursive attempt to load library "/system/lib/libmedia_jni.so"
01-01 00:00:18.006   323   323 I art     : Thread[1,tid=323,WaitingForJniOnLoad,Thread*=0xb5107800,peer=0x12c430e0,"main"] recursive attempt to load library "/system/lib/libmedia_jni.so"
01-01 00:00:18.088   338   338 E QC-time-services: Daemon:genoff_modem_qmi_init: qmi_client_get_service_list returned -2num_services 0
01-01 00:00:18.111   249   810 W SurfaceFlinger: Timed out waiting for hw vsync; faking it
01-01 00:00:18.124   323   323 E EmojiFactory_jni: Failed to load libemoji.so: dlopen failed: library "libemoji.so" not found
01-01 00:00:18.219   323   821 W art     : Suspending all threads took: 6.680ms
01-01 00:00:18.220   323   821 I art     : Background sticky concurrent mark sweep GC freed 2396(160KB) AllocSpace objects, 0(0B) LOS objects, 25% free, 820KB/1100KB, paused 6.913ms total 10.955ms
01-01 00:00:18.264   302   302 V NatController: runCmd(/system/bin/iptables -F natctrl_FORWARD) res=0
01-01 00:00:18.271   302   302 V NatController: runCmd(/system/bin/iptables -A natctrl_FORWARD -j DROP) res=0
01-01 00:00:18.283   302   302 V NatController: runCmd(/system/bin/iptables -t nat -F natctrl_nat_POSTROUTING) res=0
01-01 00:00:18.283   323   821 W art     : Suspending all threads took: 6.285ms
01-01 00:00:18.288   323   821 I art     : Background sticky concurrent mark sweep GC freed 1325(133KB) AllocSpace objects, 0(0B) LOS objects, 22% free, 850KB/1100KB, paused 10.634ms total 34.800ms
01-01 00:00:18.293   302   302 V NatController: runCmd(/system/bin/iptables -F natctrl_tether_counters) res=1
01-01 00:00:18.303   302   302 V NatController: runCmd(/system/bin/iptables -X natctrl_tether_counters) res=1
01-01 00:00:18.313   302   302 V NatController: runCmd(/system/bin/iptables -N natctrl_tether_counters) res=0
01-01 00:00:18.320   302   302 V NatController: runCmd(/system/bin/iptables -t mangle -A natctrl_mangle_FORWARD -p tcp --tcp-flags SYN SYN -j TCPMSS --clamp-mss-to-pmtu) res=1
01-01 00:00:18.333   323   821 I art     : Background sticky concurrent mark sweep GC freed 999(74KB) AllocSpace objects, 0(0B) LOS objects, 19% free, 885KB/1100KB, paused 8.407ms total 10.387ms
01-01 00:00:18.389   249   249 D SurfaceFlinger: shader cache generated - 24 shaders in 278.240479 ms
01-01 00:00:18.415   249   249 D qdutils : DEBUG_CALC_FPS: 0
01-01 00:00:18.415   249   249 D qdutils : period: 10
01-01 00:00:18.415   249   249 D qdutils : ignorethresh_us: 500000
01-01 00:00:18.451   323   323 I System  : Loaded time zone names for "" in 53ms (50ms in ICU)
01-01 00:00:18.485   323   323 I System  : Loaded time zone names for "en_US" in 34ms (30ms in ICU)
01-01 00:00:18.529   323   323 I art     : Explicit concurrent mark sweep GC freed 6633(420KB) AllocSpace objects, 0(0B) LOS objects, 39% free, 1546KB/2MB, paused 107us total 6.417ms
01-01 00:00:18.529   323   323 I Zygote  : ...preloaded 3005 classes in 1051ms.
01-01 00:00:18.529   323   323 I art     : VMRuntime.preloadDexCaches starting
01-01 00:00:18.596   323   323 I art     : VMRuntime.preloadDexCaches strings total=214120 before=39691 after=39691
01-01 00:00:18.596   323   323 I art     : VMRuntime.preloadDexCaches types total=18395 before=6366 after=6407
01-01 00:00:18.596   323   323 I art     : VMRuntime.preloadDexCaches fields total=86519 before=32240 after=32603
01-01 00:00:18.596   323   323 I art     : VMRuntime.preloadDexCaches methods total=152052 before=66290 after=67192
01-01 00:00:18.596   323   323 I art     : VMRuntime.preloadDexCaches finished
01-01 00:00:18.596   323   323 I art     : Counter: 0
01-01 00:00:18.596   323   323 I art     : Counter: 1
01-01 00:00:18.602   323   323 I art     : Explicit concurrent mark sweep GC freed 59(15KB) AllocSpace objects, 0(0B) LOS objects, 40% free, 1531KB/2MB, paused 178us total 5.782ms
01-01 00:00:18.622  1291  1291 D idmap   : error: no read access to /vendor/overlay: No such file or directory
01-01 00:00:18.702   323   323 I Zygote  : Preloading resources...
01-01 00:00:18.711   323   323 W Resources: Preloaded drawable resource #0x1080096 (android:drawable/toast_frame) that varies with configuration!!
01-01 00:00:18.712   323   323 W Resources: Preloaded drawable resource #0x1080111 (android:drawable/btn_check_on_pressed_holo_light) that varies with configuration!!
01-01 00:00:18.713   323   323 W Resources: Preloaded drawable resource #0x1080110 (android:drawable/btn_check_on_pressed_holo_dark) that varies with configuration!!
01-01 00:00:18.714   323   323 W Resources: Preloaded drawable resource #0x108010d (android:drawable/btn_check_on_holo_light) that varies with configuration!!
01-01 00:00:18.715   323   323 W Resources: Preloaded drawable resource #0x108010c (android:drawable/btn_check_on_holo_dark) that varies with configuration!!
01-01 00:00:18.715   323   323 W Resources: Preloaded drawable resource #0x108010a (android:drawable/btn_check_on_focused_holo_light) that varies with configuration!!
01-01 00:00:18.716   323   323 W Resources: Preloaded drawable resource #0x1080109 (android:drawable/btn_check_on_focused_holo_dark) that varies with configuration!!
01-01 00:00:18.716   323   323 W Resources: Preloaded drawable resource #0x1080108 (android:drawable/btn_check_on_disabled_holo_light) that varies with configuration!!
01-01 00:00:18.717   323   323 W Resources: Preloaded drawable resource #0x1080107 (android:drawable/btn_check_on_disabled_holo_dark) that varies with configuration!!
01-01 00:00:18.718   323   323 W Resources: Preloaded drawable resource #0x1080106 (android:drawable/btn_check_on_disabled_focused_holo_light) that varies with configuration!!
01-01 00:00:18.718   323   323 W Resources: Preloaded drawable resource #0x1080105 (android:drawable/btn_check_on_disabled_focused_holo_dark) that varies with configuration!!
01-01 00:00:18.719   323   323 W Resources: Preloaded drawable resource #0x10800fd (android:drawable/btn_check_off_pressed_holo_light) that varies with configuration!!
01-01 00:00:18.719   323   323 W Resources: Preloaded drawable resource #0x10800fc (android:drawable/btn_check_off_pressed_holo_dark) that varies with configuration!!
01-01 00:00:18.720   323   323 W Resources: Preloaded drawable resource #0x10800f7 (android:drawable/btn_check_off_holo_light) that varies with configuration!!
01-01 00:00:18.720   323   323 W Resources: Preloaded drawable resource #0x10800f6 (android:drawable/btn_check_off_holo_dark) that varies with configuration!!
01-01 00:00:18.721   323   323 W Resources: Preloaded drawable resource #0x10800f4 (android:drawable/btn_check_off_focused_holo_light) that varies with configuration!!
01-01 00:00:18.721   323   323 W Resources: Preloaded drawable resource #0x10800f3 (android:drawable/btn_check_off_focused_holo_dark) that varies with configuration!!
01-01 00:00:18.722   323   323 W Resources: Preloaded drawable resource #0x10800f2 (android:drawable/btn_check_off_disabled_holo_light) that varies with configuration!!
01-01 00:00:18.722   323   323 W Resources: Preloaded drawable resource #0x10800f1 (android:drawable/btn_check_off_disabled_holo_dark) that varies with configuration!!
01-01 00:00:18.723   323   323 W Resources: Preloaded drawable resource #0x10800f0 (android:drawable/btn_check_off_disabled_focused_holo_light) that varies with configuration!!
01-01 00:00:18.723   323   323 W Resources: Preloaded drawable resource #0x10800ef (android:drawable/btn_check_off_disabled_focused_holo_dark) that varies with configuration!!
01-01 00:00:18.724   323   323 W Resources: Preloaded drawable resource #0x108010d (android:drawable/btn_check_on_holo_light) that varies with configuration!!
01-01 00:00:18.725   323   323 W Resources: Preloaded drawable resource #0x10800f7 (android:drawable/btn_check_off_holo_light) that varies with configuration!!
01-01 00:00:18.725   323   323 W Resources: Preloaded drawable resource #0x1080111 (android:drawable/btn_check_on_pressed_holo_light) that varies with configuration!!
01-01 00:00:18.726   323   323 W Resources: Preloaded drawable resource #0x10800fd (android:drawable/btn_check_off_pressed_holo_light) that varies with configuration!!
01-01 00:00:18.726   323   323 W Resources: Preloaded drawable resource #0x108010a (android:drawable/btn_check_on_focused_holo_light) that varies with configuration!!
01-01 00:00:18.726   323   323 W Resources: Preloaded drawable resource #0x10800f4 (android:drawable/btn_check_off_focused_holo_light) that varies with configuration!!
01-01 00:00:18.727   323   323 W Resources: Preloaded drawable resource #0x10800f7 (android:drawable/btn_check_off_holo_light) that varies with configuration!!
01-01 00:00:18.727   323   323 W Resources: Preloaded drawable resource #0x108010d (android:drawable/btn_check_on_holo_light) that varies with configuration!!
01-01 00:00:18.728   323   323 W Resources: Preloaded drawable resource #0x1080108 (android:drawable/btn_check_on_disabled_holo_light) that varies with configuration!!
01-01 00:00:18.728   323   323 W Resources: Preloaded drawable resource #0x10800f2 (android:drawable/btn_check_off_disabled_holo_light) that varies with configuration!!
01-01 00:00:18.728   323   323 W Resources: Preloaded drawable resource #0x1080106 (android:drawable/btn_check_on_disabled_focused_holo_light) that varies with configuration!!
01-01 00:00:18.729   323   323 W Resources: Preloaded drawable resource #0x10800f0 (android:drawable/btn_check_off_disabled_focused_holo_light) that varies with configuration!!
01-01 00:00:18.729   323   323 W Resources: Preloaded drawable resource #0x10800f2 (android:drawable/btn_check_off_disabled_holo_light) that varies with configuration!!
01-01 00:00:18.729   323   323 W Resources: Preloaded drawable resource #0x1080108 (android:drawable/btn_check_on_disabled_holo_light) that varies with configuration!!
01-01 00:00:18.729   323   323 W Resources: Preloaded drawable resource #0x10800e5 (android:drawable/btn_check_holo_light) that varies with configuration!!
01-01 00:00:18.730   323   323 W Resources: Preloaded drawable resource #0x108010c (android:drawable/btn_check_on_holo_dark) that varies with configuration!!
01-01 00:00:18.731   323   323 W Resources: Preloaded drawable resource #0x10800f6 (android:drawable/btn_check_off_holo_dark) that varies with configuration!!
01-01 00:00:18.731   323   323 W Resources: Preloaded drawable resource #0x1080110 (android:drawable/btn_check_on_pressed_holo_dark) that varies with configuration!!
01-01 00:00:18.731   323   323 W Resources: Preloaded drawable resource #0x10800fc (android:drawable/btn_check_off_pressed_holo_dark) that varies with configuration!!
01-01 00:00:18.732   323   323 W Resources: Preloaded drawable resource #0x1080109 (android:drawable/btn_check_on_focused_holo_dark) that varies with configuration!!
01-01 00:00:18.732   323   323 W Resources: Preloaded drawable resource #0x10800f3 (android:drawable/btn_check_off_focused_holo_dark) that varies with configuration!!
01-01 00:00:18.733   323   323 W Resources: Preloaded drawable resource #0x10800f6 (android:drawable/btn_check_off_holo_dark) that varies with configuration!!
01-01 00:00:18.733   323   323 W Resources: Preloaded drawable resource #0x108010c (android:drawable/btn_check_on_holo_dark) that varies with configuration!!
01-01 00:00:18.733   323   323 W Resources: Preloaded drawable resource #0x1080107 (android:drawable/btn_check_on_disabled_holo_dark) that varies with configuration!!
01-01 00:00:18.734   323   323 W Resources: Preloaded drawable resource #0x10800f1 (android:drawable/btn_check_off_disabled_holo_dark) that varies with configuration!!
01-01 00:00:18.734   323   323 W Resources: Preloaded drawable resource #0x1080105 (android:drawable/btn_check_on_disabled_focused_holo_dark) that varies with configuration!!
01-01 00:00:18.734   323   323 W Resources: Preloaded drawable resource #0x10800ef (android:drawable/btn_check_off_disabled_focused_holo_dark) that varies with configuration!!
01-01 00:00:18.735   323   323 W Resources: Preloaded drawable resource #0x10800f1 (android:drawable/btn_check_off_disabled_holo_dark) that varies with configuration!!
01-01 00:00:18.735   323   323 W Resources: Preloaded drawable resource #0x1080107 (android:drawable/btn_check_on_disabled_holo_dark) that varies with configuration!!
01-01 00:00:18.735   323   323 W Resources: Preloaded drawable resource #0x10800e4 (android:drawable/btn_check_holo_dark) that varies with configuration!!
01-01 00:00:18.737   323   323 W Resources: Preloaded drawable resource #0x10801c3 (android:drawable/btn_radio_on_pressed_holo_light) that varies with configuration!!
01-01 00:00:18.738   323   323 W Resources: Preloaded drawable resource #0x10801c2 (android:drawable/btn_radio_on_pressed_holo_dark) that varies with configuration!!
01-01 00:00:18.738   323   323 W Resources: Preloaded drawable resource #0x10801bf (android:drawable/btn_radio_on_holo_light) that varies with configuration!!
01-01 00:00:18.739   323   323 W Resources: Preloaded drawable resource #0x10801be (android:drawable/btn_radio_on_holo_dark) that varies with configuration!!
01-01 00:00:18.740   323   323 W Resources: Preloaded drawable resource #0x10801bc (android:drawable/btn_radio_on_focused_holo_light) that varies with configuration!!
01-01 00:00:18.740   323   323 W Resources: Preloaded drawable resource #0x10801bb (android:drawable/btn_radio_on_focused_holo_dark) that varies with configuration!!
01-01 00:00:18.741   323   323 W Resources: Preloaded drawable resource #0x10801ba (android:drawable/btn_radio_on_disabled_holo_light) that varies with configuration!!
01-01 00:00:18.742   323   323 W Resources: Preloaded drawable resource #0x10801b9 (android:drawable/btn_radio_on_disabled_holo_dark) that varies with configuration!!
01-01 00:00:18.743   323   323 W Resources: Preloaded drawable resource #0x10801b8 (android:drawable/btn_radio_on_disabled_focused_holo_light) that varies with configuration!!
01-01 00:00:18.743   323   323 W Resources: Preloaded drawable resource #0x10801b7 (android:drawable/btn_radio_on_disabled_focused_holo_dark) that varies with configuration!!
01-01 00:00:18.744   323   323 W Resources: Preloaded drawable resource #0x10801b3 (android:drawable/btn_radio_off_pressed_holo_light) that varies with configuration!!
01-01 00:00:18.744   323   323 W Resources: Preloaded drawable resource #0x10801b2 (android:drawable/btn_radio_off_pressed_holo_dark) that varies with configuration!!
01-01 00:00:18.745   323   323 W Resources: Preloaded drawable resource #0x10801af (android:drawable/btn_radio_off_holo_light) that varies with configuration!!
01-01 00:00:18.746   323   323 W Resources: Preloaded drawable resource #0x10801ae (android:drawable/btn_radio_off_holo_dark) that varies with configuration!!
01-01 00:00:18.746   323   323 W Resources: Preloaded drawable resource #0x10801ac (android:drawable/btn_radio_off_focused_holo_light) that varies with configuration!!
01-01 00:00:18.747   323   323 W Resources: Preloaded drawable resource #0x10801ab (android:drawable/btn_radio_off_focused_holo_dark) that varies with configuration!!
01-01 00:00:18.747   323   323 W Resources: Preloaded drawable resource #0x10801aa (android:drawable/btn_radio_off_disabled_holo_light) that varies with configuration!!
01-01 00:00:18.748   323   323 W Resources: Preloaded drawable resource #0x10801a9 (android:drawable/btn_radio_off_disabled_holo_dark) that varies with configuration!!
01-01 00:00:18.748   323   323 W Resources: Preloaded drawable resource #0x10801a8 (android:drawable/btn_radio_off_disabled_focused_holo_light) that varies with configuration!!
01-01 00:00:18.749   323   323 W Resources: Preloaded drawable resource #0x10801a7 (android:drawable/btn_radio_off_disabled_focused_holo_dark) that varies with configuration!!
01-01 00:00:18.750   323   323 W Resources: Preloaded drawable resource #0x1080152 (android:drawable/btn_default_pressed_holo_light) that varies with configuration!!
01-01 00:00:18.750   323   323 W Resources: Preloaded drawable resource #0x1080151 (android:drawable/btn_default_pressed_holo_dark) that varies with configuration!!
01-01 00:00:18.751   323   323 W Resources: Preloaded drawable resource #0x108014e (android:drawable/btn_default_normal_holo_light) that varies with configuration!!
01-01 00:00:18.751   323   323 W Resources: Preloaded drawable resource #0x108014d (android:drawable/btn_default_normal_holo_dark) that varies with configuration!!
01-01 00:00:18.752   323   323 W Resources: Preloaded drawable resource #0x1080144 (android:drawable/btn_default_focused_holo_light) that varies with configuration!!
01-01 00:00:18.752   323   323 W Resources: Preloaded drawable resource #0x1080143 (android:drawable/btn_default_focused_holo_dark) that varies with configuration!!
01-01 00:00:18.753   323   323 W Resources: Preloaded drawable resource #0x1080141 (android:drawable/btn_default_disabled_holo_light) that varies with configuration!!
01-01 00:00:18.753   323   323 W Resources: Preloaded drawable resource #0x1080140 (android:drawable/btn_default_disabled_holo_dark) that varies with configuration!!
01-01 00:00:18.754   323   323 W Resources: Preloaded drawable resource #0x108013e (android:drawable/btn_default_disabled_focused_holo_light) that varies with configuration!!
01-01 00:00:18.754   323   323 W Resources: Preloaded drawable resource #0x108013d (android:drawable/btn_default_disabled_focused_holo_dark) that varies with configuration!!
01-01 00:00:18.755   323   323 W Resources: Preloaded drawable resource #0x108014d (android:drawable/btn_default_normal_holo_dark) that varies with configuration!!
01-01 00:00:18.755   323   323 W Resources: Preloaded drawable resource #0x1080140 (android:drawable/btn_default_disabled_holo_dark) that varies with configuration!!
01-01 00:00:18.756   323   323 W Resources: Preloaded drawable resource #0x1080151 (android:drawable/btn_default_pressed_holo_dark) that varies with configuration!!
01-01 00:00:18.756   323   323 W Resources: Preloaded drawable resource #0x1080143 (android:drawable/btn_default_focused_holo_dark) that varies with configuration!!
01-01 00:00:18.756   323   323 W Resources: Preloaded drawable resource #0x108014d (android:drawable/btn_default_normal_holo_dark) that varies with configuration!!
01-01 00:00:18.757   323   323 W Resources: Preloaded drawable resource #0x108013d (android:drawable/btn_default_disabled_focused_holo_dark) that varies with configuration!!
01-01 00:00:18.757   323   323 W Resources: Preloaded drawable resource #0x1080140 (android:drawable/btn_default_disabled_holo_dark) that varies with configuration!!
01-01 00:00:18.757   323   323 W Resources: Preloaded drawable resource #0x1080145 (android:drawable/btn_default_holo_dark) that varies with configuration!!
01-01 00:00:18.758   323   323 W Resources: Preloaded drawable resource #0x108014e (android:drawable/btn_default_normal_holo_light) that varies with configuration!!
01-01 00:00:18.758   323   323 W Resources: Preloaded drawable resource #0x1080141 (android:drawable/btn_default_disabled_holo_light) that varies with configuration!!
01-01 00:00:18.758   323   323 W Resources: Preloaded drawable resource #0x1080152 (android:drawable/btn_default_pressed_holo_light) that varies with configuration!!
01-01 00:00:18.759   323   323 W Resources: Preloaded drawable resource #0x1080144 (android:drawable/btn_default_focused_holo_light) that varies with configuration!!
01-01 00:00:18.759   323   323 W Resources: Preloaded drawable resource #0x108014e (android:drawable/btn_default_normal_holo_light) that varies with configuration!!
01-01 00:00:18.759   323   323 W Resources: Preloaded drawable resource #0x108013e (android:drawable/btn_default_disabled_focused_holo_light) that varies with configuration!!
01-01 00:00:18.760   323   323 W Resources: Preloaded drawable resource #0x1080141 (android:drawable/btn_default_disabled_holo_light) that varies with configuration!!
01-01 00:00:18.760   323   323 W Resources: Preloaded drawable resource #0x1080146 (android:drawable/btn_default_holo_light) that varies with configuration!!
01-01 00:00:18.761   323   323 W Resources: Preloaded drawable resource #0x1080224 (android:drawable/btn_star_off_normal_holo_light) that varies with configuration!!
01-01 00:00:18.768   323   323 W Resources: Preloaded drawable resource #0x108022e (android:drawable/btn_star_on_normal_holo_light) that varies with configuration!!
01-01 00:00:18.768   323   323 W Resources: Preloaded drawable resource #0x108022a (android:drawable/btn_star_on_disabled_holo_light) that varies with configuration!!
01-01 00:00:18.769   323   323 W Resources: Preloaded drawable resource #0x1080220 (android:drawable/btn_star_off_disabled_holo_light) that varies with configuration!!
01-01 00:00:18.769   323   323 W Resources: Preloaded drawable resource #0x1080230 (android:drawable/btn_star_on_pressed_holo_light) that varies with configuration!!
01-01 00:00:18.769   323   323 W Resources: Preloaded drawable resource #0x1080226 (android:drawable/btn_star_off_pressed_holo_light) that varies with configuration!!
01-01 00:00:18.770   323   323 W Resources: Preloaded drawable resource #0x108022c (android:drawable/btn_star_on_focused_holo_light) that varies with configuration!!
01-01 00:00:18.771   323   323 W Resources: Preloaded drawable resource #0x1080222 (android:drawable/btn_star_off_focused_holo_light) that varies with configuration!!
01-01 00:00:18.771   323   323 W Resources: Preloaded drawable resource #0x1080228 (android:drawable/btn_star_on_disabled_focused_holo_light) that varies with configuration!!
01-01 00:00:18.772   323   323 W Resources: Preloaded drawable resource #0x108021e (android:drawable/btn_star_off_disabled_focused_holo_light) that varies with configuration!!
01-01 00:00:18.772   323   323 W Resources: Preloaded drawable resource #0x1080224 (android:drawable/btn_star_off_normal_holo_light) that varies with configuration!!
01-01 00:00:18.773   323   323 W Resources: Preloaded drawable resource #0x108022e (android:drawable/btn_star_on_normal_holo_light) that varies with configuration!!
01-01 00:00:18.773   323   323 W Resources: Preloaded drawable resource #0x108022a (android:drawable/btn_star_on_disabled_holo_light) that varies with configuration!!
01-01 00:00:18.773   323   323 W Resources: Preloaded drawable resource #0x1080220 (android:drawable/btn_star_off_disabled_holo_light) that varies with configuration!!
01-01 00:00:18.774   323   323 W Resources: Preloaded drawable resource #0x1080230 (android:drawable/btn_star_on_pressed_holo_light) that varies with configuration!!
01-01 00:00:18.774   323   323 W Resources: Preloaded drawable resource #0x1080226 (android:drawable/btn_star_off_pressed_holo_light) that varies with configuration!!
01-01 00:00:18.775   323   323 W Resources: Preloaded drawable resource #0x108022c (android:drawable/btn_star_on_focused_holo_light) that varies with configuration!!
01-01 00:00:18.776   323   323 W Resources: Preloaded drawable resource #0x1080222 (android:drawable/btn_star_off_focused_holo_light) that varies with configuration!!
01-01 00:00:18.777   323   323 W Resources: Preloaded drawable resource #0x1080228 (android:drawable/btn_star_on_disabled_focused_holo_light) that varies with configuration!!
01-01 00:00:18.778   323   323 W Resources: Preloaded drawable resource #0x108022a (android:drawable/btn_star_on_disabled_holo_light) that varies with configuration!!
01-01 00:00:18.778   323   323 W Resources: Preloaded drawable resource #0x108021e (android:drawable/btn_star_off_disabled_focused_holo_light) that varies with configuration!!
01-01 00:00:18.779   323   323 W Resources: Preloaded drawable resource #0x1080220 (android:drawable/btn_star_off_disabled_holo_light) that varies with configuration!!
01-01 00:00:18.780   323   323 W Resources: Preloaded drawable resource #0x1080224 (android:drawable/btn_star_off_normal_holo_light) that varies with configuration!!
01-01 00:00:18.781   323   323 W Resources: Preloaded drawable resource #0x108022e (android:drawable/btn_star_on_normal_holo_light) that varies with configuration!!
01-01 00:00:18.781   323   323 W Resources: Preloaded drawable resource #0x1080219 (android:drawable/btn_star_holo_light) that varies with configuration!!
01-01 00:00:18.784   323   323 W Resources: Preloaded drawable resource #0x1080223 (android:drawable/btn_star_off_normal_holo_dark) that varies with configuration!!
01-01 00:00:18.784   302   302 E Netd    : failed to flush rules
01-01 00:00:18.784   302   302 E CommandListener: failed to initialize RouteController (Remote I/O error)
01-01 00:00:18.785   323   323 W Resources: Preloaded drawable resource #0x108022d (android:drawable/btn_star_on_normal_holo_dark) that varies with configuration!!
01-01 00:00:18.785   323   323 W Resources: Preloaded drawable resource #0x1080229 (android:drawable/btn_star_on_disabled_holo_dark) that varies with configuration!!
01-01 00:00:18.785   323   323 W Resources: Preloaded drawable resource #0x108021f (android:drawable/btn_star_off_disabled_holo_dark) that varies with configuration!!
01-01 00:00:18.785   302   302 D MDnsDS  : MDnsSdListener::Hander starting up
01-01 00:00:18.786   323   323 W Resources: Preloaded drawable resource #0x108022f (android:drawable/btn_star_on_pressed_holo_dark) that varies with configuration!!
01-01 00:00:18.786   302  1318 D MDnsDS  : MDnsSdListener starting to monitor
01-01 00:00:18.786   302  1318 D MDnsDS  : Going to poll with pollCount 1
01-01 00:00:18.786   323   323 W Resources: Preloaded drawable resource #0x1080225 (android:drawable/btn_star_off_pressed_holo_dark) that varies with configuration!!
01-01 00:00:18.787   323   323 W Resources: Preloaded drawable resource #0x108022b (android:drawable/btn_star_on_focused_holo_dark) that varies with configuration!!
01-01 00:00:18.787   323   323 W Resources: Preloaded drawable resource #0x1080221 (android:drawable/btn_star_off_focused_holo_dark) that varies with configuration!!
01-01 00:00:18.788   323   323 W Resources: Preloaded drawable resource #0x1080227 (android:drawable/btn_star_on_disabled_focused_holo_dark) that varies with configuration!!
01-01 00:00:18.788   323   323 W Resources: Preloaded drawable resource #0x108021d (android:drawable/btn_star_off_disabled_focused_holo_dark) that varies with configuration!!
01-01 00:00:18.789   323   323 W Resources: Preloaded drawable resource #0x1080223 (android:drawable/btn_star_off_normal_holo_dark) that varies with configuration!!
01-01 00:00:18.789   323   323 W Resources: Preloaded drawable resource #0x108022d (android:drawable/btn_star_on_normal_holo_dark) that varies with configuration!!
01-01 00:00:18.789   323   323 W Resources: Preloaded drawable resource #0x1080229 (android:drawable/btn_star_on_disabled_holo_dark) that varies with configuration!!
01-01 00:00:18.790   323   323 W Resources: Preloaded drawable resource #0x108021f (android:drawable/btn_star_off_disabled_holo_dark) that varies with configuration!!
01-01 00:00:18.790   323   323 W Resources: Preloaded drawable resource #0x108022f (android:drawable/btn_star_on_pressed_holo_dark) that varies with configuration!!
01-01 00:00:18.790   323   323 W Resources: Preloaded drawable resource #0x1080225 (android:drawable/btn_star_off_pressed_holo_dark) that varies with configuration!!
01-01 00:00:18.791   323   323 W Resources: Preloaded drawable resource #0x108022b (android:drawable/btn_star_on_focused_holo_dark) that varies with configuration!!
01-01 00:00:18.791   323   323 W Resources: Preloaded drawable resource #0x1080221 (android:drawable/btn_star_off_focused_holo_dark) that varies with configuration!!
01-01 00:00:18.791   323   323 W Resources: Preloaded drawable resource #0x1080227 (android:drawable/btn_star_on_disabled_focused_holo_dark) that varies with configuration!!
01-01 00:00:18.792   323   323 W Resources: Preloaded drawable resource #0x1080229 (android:drawable/btn_star_on_disabled_holo_dark) that varies with configuration!!
01-01 00:00:18.792   323   323 W Resources: Preloaded drawable resource #0x108021d (android:drawable/btn_star_off_disabled_focused_holo_dark) that varies with configuration!!
01-01 00:00:18.793   323   323 W Resources: Preloaded drawable resource #0x108021f (android:drawable/btn_star_off_disabled_holo_dark) that varies with configuration!!
01-01 00:00:18.793   323   323 W Resources: Preloaded drawable resource #0x1080223 (android:drawable/btn_star_off_normal_holo_dark) that varies with configuration!!
01-01 00:00:18.793   323   323 W Resources: Preloaded drawable resource #0x108022d (android:drawable/btn_star_on_normal_holo_dark) that varies with configuration!!
01-01 00:00:18.793   323   323 W Resources: Preloaded drawable resource #0x1080218 (android:drawable/btn_star_holo_dark) that varies with configuration!!
01-01 00:00:18.794   323   323 W Resources: Preloaded drawable resource #0x1080264 (android:drawable/btn_toggle_on_pressed_holo_light) that varies with configuration!!
01-01 00:00:18.794   323   323 W Resources: Preloaded drawable resource #0x1080263 (android:drawable/btn_toggle_on_pressed_holo_dark) that varies with configuration!!
01-01 00:00:18.794   323   323 W Resources: Preloaded drawable resource #0x1080262 (android:drawable/btn_toggle_on_normal_holo_light) that varies with configuration!!
01-01 00:00:18.795   323   323 W Resources: Preloaded drawable resource #0x1080261 (android:drawable/btn_toggle_on_normal_holo_dark) that varies with configuration!!
01-01 00:00:18.795   323   323 W Resources: Preloaded drawable resource #0x1080260 (android:drawable/btn_toggle_on_focused_holo_light) that varies with configuration!!
01-01 00:00:18.795   323   323 W Resources: Preloaded drawable resource #0x108025f (android:drawable/btn_toggle_on_focused_holo_dark) that varies with configuration!!
01-01 00:00:18.796   323   323 W Resources: Preloaded drawable resource #0x108025e (android:drawable/btn_toggle_on_disabled_holo_light) that varies with configuration!!
01-01 00:00:18.796   323   323 W Resources: Preloaded drawable resource #0x108025d (android:drawable/btn_toggle_on_disabled_holo_dark) that varies with configuration!!
01-01 00:00:18.797   323   323 W Resources: Preloaded drawable resource #0x108025c (android:drawable/btn_toggle_on_disabled_focused_holo_light) that varies with configuration!!
01-01 00:00:18.797   323   323 W Resources: Preloaded drawable resource #0x108025b (android:drawable/btn_toggle_on_disabled_focused_holo_dark) that varies with configuration!!
01-01 00:00:18.797   323   323 W Resources: Preloaded drawable resource #0x1080259 (android:drawable/btn_toggle_off_pressed_holo_light) that varies with configuration!!
01-01 00:00:18.798   323   323 W Resources: Preloaded drawable resource #0x1080258 (android:drawable/btn_toggle_off_pressed_holo_dark) that varies with configuration!!
01-01 00:00:18.798   323   323 W Resources: Preloaded drawable resource #0x1080257 (android:drawable/btn_toggle_off_normal_holo_light) that varies with configuration!!
01-01 00:00:18.798   323   323 W Resources: Preloaded drawable resource #0x1080256 (android:drawable/btn_toggle_off_normal_holo_dark) that varies with configuration!!
01-01 00:00:18.799   323   323 W Resources: Preloaded drawable resource #0x1080255 (android:drawable/btn_toggle_off_focused_holo_light) that varies with configuration!!
01-01 00:00:18.799   323   323 W Resources: Preloaded drawable resource #0x1080254 (android:drawable/btn_toggle_off_focused_holo_dark) that varies with configuration!!
01-01 00:00:18.799   323   323 W Resources: Preloaded drawable resource #0x1080253 (android:drawable/btn_toggle_off_disabled_holo_light) that varies with configuration!!
01-01 00:00:18.799   323   323 W Resources: Preloaded drawable resource #0x1080252 (android:drawable/btn_toggle_off_disabled_holo_dark) that varies with configuration!!
01-01 00:00:18.800   323   323 W Resources: Preloaded drawable resource #0x1080251 (android:drawable/btn_toggle_off_disabled_focused_holo_light) that varies with configuration!!
01-01 00:00:18.800   323   323 W Resources: Preloaded drawable resource #0x1080250 (android:drawable/btn_toggle_off_disabled_focused_holo_dark) that varies with configuration!!
01-01 00:00:18.801   323   323 W Resources: Preloaded drawable resource #0x1080262 (android:drawable/btn_toggle_on_normal_holo_light) that varies with configuration!!
01-01 00:00:18.801   323   323 W Resources: Preloaded drawable resource #0x108025e (android:drawable/btn_toggle_on_disabled_holo_light) that varies with configuration!!
