01-01 00:00:19.931   320   320 W Resources: Preloaded drawable resource #0x1080748 (android:drawable/textfield_searchview_right_holo_light) that varies with configuration!!
01-01 00:00:19.931   320   320 W Resources: Preloaded drawable resource #0x1080743 (android:drawable/textfield_search_selected_holo_dark) that varies with configuration!!
01-01 00:00:19.932   320   320 W Resources: Preloaded drawable resource #0x1080735 (android:drawable/textfield_search_default_holo_dark) that varies with configuration!!
01-01 00:00:19.932   320   320 W Resources: Preloaded drawable resource #0x1080740 (android:drawable/textfield_search_right_selected_holo_dark) that varies with configuration!!
01-01 00:00:19.932   320   320 W Resources: Preloaded drawable resource #0x108073e (android:drawable/textfield_search_right_default_holo_dark) that varies with configuration!!
01-01 00:00:19.932   320   320 W Resources: Preloaded drawable resource #0x1080744 (android:drawable/textfield_search_selected_holo_light) that varies with configuration!!
01-01 00:00:19.933   320   320 W Resources: Preloaded drawable resource #0x1080736 (android:drawable/textfield_search_default_holo_light) that varies with configuration!!
01-01 00:00:19.933   320   320 W Resources: Preloaded drawable resource #0x1080741 (android:drawable/textfield_search_right_selected_holo_light) that varies with configuration!!
01-01 00:00:19.933   320   320 W Resources: Preloaded drawable resource #0x108073f (android:drawable/textfield_search_right_default_holo_light) that varies with configuration!!
01-01 00:00:19.933   320   320 W Resources: Preloaded drawable resource #0x10806ff (android:drawable/tab_unselected_holo) that varies with configuration!!
01-01 00:00:19.934   320   320 W Resources: Preloaded drawable resource #0x10806fa (android:drawable/tab_selected_holo) that varies with configuration!!
01-01 00:00:19.934   320   320 W Resources: Preloaded drawable resource #0x10806fe (android:drawable/tab_unselected_focused_holo) that varies with configuration!!
01-01 00:00:19.935   320   320 W Resources: Preloaded drawable resource #0x10806f9 (android:drawable/tab_selected_focused_holo) that varies with configuration!!
01-01 00:00:19.935   320   320 W Resources: Preloaded drawable resource #0x1080700 (android:drawable/tab_unselected_pressed_holo) that varies with configuration!!
01-01 00:00:19.935   320   320 W Resources: Preloaded drawable resource #0x10806fb (android:drawable/tab_selected_pressed_holo) that varies with configuration!!
01-01 00:00:19.935   320   320 W Resources: Preloaded drawable resource #0x1080700 (android:drawable/tab_unselected_pressed_holo) that varies with configuration!!
01-01 00:00:19.936   320   320 W Resources: Preloaded drawable resource #0x10806fb (android:drawable/tab_selected_pressed_holo) that varies with configuration!!
01-01 00:00:19.936   320   320 W Resources: Preloaded drawable resource #0x10806ec (android:drawable/tab_indicator_holo) that varies with configuration!!
01-01 00:00:19.936   320   320 W Resources: Preloaded drawable resource #0x10806ff (android:drawable/tab_unselected_holo) that varies with configuration!!
01-01 00:00:19.937   320   320 W Resources: Preloaded drawable resource #0x10806fa (android:drawable/tab_selected_holo) that varies with configuration!!
01-01 00:00:19.937   320   320 W Resources: Preloaded drawable resource #0x10806fe (android:drawable/tab_unselected_focused_holo) that varies with configuration!!
01-01 00:00:19.937   320   320 W Resources: Preloaded drawable resource #0x10806f9 (android:drawable/tab_selected_focused_holo) that varies with configuration!!
01-01 00:00:19.938   320   320 W Resources: Preloaded drawable resource #0x1080700 (android:drawable/tab_unselected_pressed_holo) that varies with configuration!!
01-01 00:00:19.938   320   320 W Resources: Preloaded drawable resource #0x10806fb (android:drawable/tab_selected_pressed_holo) that varies with configuration!!
01-01 00:00:19.939   320   320 W Resources: Preloaded drawable resource #0x10805a0 (android:drawable/quickcontact_badge_overlay_pressed_dark) that varies with configuration!!
01-01 00:00:19.940   320   320 W Resources: Preloaded drawable resource #0x1080597 (android:drawable/quickcontact_badge_overlay_focused_dark) that varies with configuration!!
01-01 00:00:19.940   320   320 W Resources: Preloaded drawable resource #0x108059c (android:drawable/quickcontact_badge_overlay_normal_dark) that varies with configuration!!
01-01 00:00:19.940   320   320 W Resources: Preloaded drawable resource #0x1080596 (android:drawable/quickcontact_badge_overlay_dark) that varies with configuration!!
01-01 00:00:19.941   320   320 W Resources: Preloaded drawable resource #0x108059c (android:drawable/quickcontact_badge_overlay_normal_dark) that varies with configuration!!
01-01 00:00:19.941   320   320 W Resources: Preloaded drawable resource #0x10805a0 (android:drawable/quickcontact_badge_overlay_pressed_dark) that varies with configuration!!
01-01 00:00:19.942   320   320 W Resources: Preloaded drawable resource #0x10805a2 (android:drawable/quickcontact_badge_overlay_pressed_light) that varies with configuration!!
01-01 00:00:19.943   320   320 W Resources: Preloaded drawable resource #0x1080599 (android:drawable/quickcontact_badge_overlay_focused_light) that varies with configuration!!
01-01 00:00:19.943   320   320 W Resources: Preloaded drawable resource #0x108059e (android:drawable/quickcontact_badge_overlay_normal_light) that varies with configuration!!
01-01 00:00:19.944   320   320 W Resources: Preloaded drawable resource #0x108059b (android:drawable/quickcontact_badge_overlay_light) that varies with configuration!!
01-01 00:00:19.944   320   320 W Resources: Preloaded drawable resource #0x108059e (android:drawable/quickcontact_badge_overlay_normal_light) that varies with configuration!!
01-01 00:00:19.945   320   320 W Resources: Preloaded drawable resource #0x10805a2 (android:drawable/quickcontact_badge_overlay_pressed_light) that varies with configuration!!
01-01 00:00:19.945   320   320 W Resources: Preloaded drawable resource #0x10800b6 (android:drawable/ab_share_pack_mtrl_alpha) that varies with configuration!!
01-01 00:00:19.945   320   320 W Resources: Preloaded drawable resource #0x10800bc (android:drawable/ab_solid_shadow_mtrl_alpha) that varies with configuration!!
01-01 00:00:19.946   320   320 W Resources: Preloaded drawable resource #0x10800de (android:drawable/btn_cab_done_mtrl_alpha) that varies with configuration!!
01-01 00:00:19.947   320   320 W Resources: Preloaded drawable resource #0x1080113 (android:drawable/btn_check_to_off_mtrl_000) that varies with configuration!!
01-01 00:00:19.947   320   320 W Resources: Preloaded drawable resource #0x1080114 (android:drawable/btn_check_to_off_mtrl_001) that varies with configuration!!
01-01 00:00:19.948   320   320 W Resources: Preloaded drawable resource #0x1080115 (android:drawable/btn_check_to_off_mtrl_002) that varies with configuration!!
01-01 00:00:19.948   320   320 W Resources: Preloaded drawable resource #0x1080116 (android:drawable/btn_check_to_off_mtrl_003) that varies with configuration!!
01-01 00:00:19.954   320   320 W Resources: Preloaded drawable resource #0x1080117 (android:drawable/btn_check_to_off_mtrl_004) that varies with configuration!!
01-01 00:00:19.955   320   320 W Resources: Preloaded drawable resource #0x1080118 (android:drawable/btn_check_to_off_mtrl_005) that varies with configuration!!
01-01 00:00:19.955   320   320 W Resources: Preloaded drawable resource #0x1080119 (android:drawable/btn_check_to_off_mtrl_006) that varies with configuration!!
01-01 00:00:19.955   320   320 W Resources: Preloaded drawable resource #0x108011a (android:drawable/btn_check_to_off_mtrl_007) that varies with configuration!!
01-01 00:00:19.956   320   320 W Resources: Preloaded drawable resource #0x108011b (android:drawable/btn_check_to_off_mtrl_008) that varies with configuration!!
01-01 00:00:19.956   320   320 W Resources: Preloaded drawable resource #0x108011c (android:drawable/btn_check_to_off_mtrl_009) that varies with configuration!!
01-01 00:00:19.956   320   320 W Resources: Preloaded drawable resource #0x108011d (android:drawable/btn_check_to_off_mtrl_010) that varies with configuration!!
01-01 00:00:19.957   320   320 W Resources: Preloaded drawable resource #0x108011e (android:drawable/btn_check_to_off_mtrl_011) that varies with configuration!!
01-01 00:00:19.957   320   320 W Resources: Preloaded drawable resource #0x108011f (android:drawable/btn_check_to_off_mtrl_012) that varies with configuration!!
01-01 00:00:19.958   320   320 W Resources: Preloaded drawable resource #0x1080120 (android:drawable/btn_check_to_off_mtrl_013) that varies with configuration!!
01-01 00:00:19.958   320   320 W Resources: Preloaded drawable resource #0x1080121 (android:drawable/btn_check_to_off_mtrl_014) that varies with configuration!!
01-01 00:00:19.958   320   320 W Resources: Preloaded drawable resource #0x1080122 (android:drawable/btn_check_to_off_mtrl_015) that varies with configuration!!
01-01 00:00:19.958   320   320 W Resources: Preloaded drawable resource #0x1080123 (android:drawable/btn_check_to_on_mtrl_000) that varies with configuration!!
01-01 00:00:19.959   320   320 W Resources: Preloaded drawable resource #0x1080124 (android:drawable/btn_check_to_on_mtrl_001) that varies with configuration!!
01-01 00:00:19.959   320   320 W Resources: Preloaded drawable resource #0x1080125 (android:drawable/btn_check_to_on_mtrl_002) that varies with configuration!!
01-01 00:00:19.960   320   320 W Resources: Preloaded drawable resource #0x1080126 (android:drawable/btn_check_to_on_mtrl_003) that varies with configuration!!
01-01 00:00:19.960   320   320 W Resources: Preloaded drawable resource #0x1080127 (android:drawable/btn_check_to_on_mtrl_004) that varies with configuration!!
01-01 00:00:19.960   320   320 W Resources: Preloaded drawable resource #0x1080128 (android:drawable/btn_check_to_on_mtrl_005) that varies with configuration!!
01-01 00:00:19.960   320   320 W Resources: Preloaded drawable resource #0x1080129 (android:drawable/btn_check_to_on_mtrl_006) that varies with configuration!!
01-01 00:00:19.961   320   320 W Resources: Preloaded drawable resource #0x108012a (android:drawable/btn_check_to_on_mtrl_007) that varies with configuration!!
01-01 00:00:19.962   320   320 W Resources: Preloaded drawable resource #0x108012b (android:drawable/btn_check_to_on_mtrl_008) that varies with configuration!!
01-01 00:00:19.962   320   320 W Resources: Preloaded drawable resource #0x108012c (android:drawable/btn_check_to_on_mtrl_009) that varies with configuration!!
01-01 00:00:19.962   320   320 W Resources: Preloaded drawable resource #0x108012d (android:drawable/btn_check_to_on_mtrl_010) that varies with configuration!!
01-01 00:00:19.963   320   320 W Resources: Preloaded drawable resource #0x108012e (android:drawable/btn_check_to_on_mtrl_011) that varies with configuration!!
01-01 00:00:19.963   320   320 W Resources: Preloaded drawable resource #0x108012f (android:drawable/btn_check_to_on_mtrl_012) that varies with configuration!!
01-01 00:00:19.963   320   320 W Resources: Preloaded drawable resource #0x1080130 (android:drawable/btn_check_to_on_mtrl_013) that varies with configuration!!
01-01 00:00:19.964   320   320 W Resources: Preloaded drawable resource #0x1080131 (android:drawable/btn_check_to_on_mtrl_014) that varies with configuration!!
01-01 00:00:19.964   320   320 W Resources: Preloaded drawable resource #0x1080132 (android:drawable/btn_check_to_on_mtrl_015) that varies with configuration!!
01-01 00:00:19.964   320   320 W Resources: Preloaded drawable resource #0x10801c6 (android:drawable/btn_radio_to_off_mtrl_000) that varies with configuration!!
01-01 00:00:19.965   320   320 W Resources: Preloaded drawable resource #0x10801c7 (android:drawable/btn_radio_to_off_mtrl_001) that varies with configuration!!
01-01 00:00:19.965   320   320 W Resources: Preloaded drawable resource #0x10801c8 (android:drawable/btn_radio_to_off_mtrl_002) that varies with configuration!!
01-01 00:00:19.965   320   320 W Resources: Preloaded drawable resource #0x10801c9 (android:drawable/btn_radio_to_off_mtrl_003) that varies with configuration!!
01-01 00:00:19.966   320   320 W Resources: Preloaded drawable resource #0x10801ca (android:drawable/btn_radio_to_off_mtrl_004) that varies with configuration!!
01-01 00:00:19.966   320   320 W Resources: Preloaded drawable resource #0x10801cb (android:drawable/btn_radio_to_off_mtrl_005) that varies with configuration!!
01-01 00:00:19.966   320   320 W Resources: Preloaded drawable resource #0x10801cc (android:drawable/btn_radio_to_off_mtrl_006) that varies with configuration!!
01-01 00:00:19.967   320   320 W Resources: Preloaded drawable resource #0x10801cd (android:drawable/btn_radio_to_off_mtrl_007) that varies with configuration!!
01-01 00:00:19.967   320   320 W Resources: Preloaded drawable resource #0x10801ce (android:drawable/btn_radio_to_off_mtrl_008) that varies with configuration!!
01-01 00:00:19.967   320   320 W Resources: Preloaded drawable resource #0x10801cf (android:drawable/btn_radio_to_off_mtrl_009) that varies with configuration!!
01-01 00:00:19.968   320   320 W Resources: Preloaded drawable resource #0x10801d0 (android:drawable/btn_radio_to_off_mtrl_010) that varies with configuration!!
01-01 00:00:19.969   320   320 W Resources: Preloaded drawable resource #0x10801d1 (android:drawable/btn_radio_to_off_mtrl_011) that varies with configuration!!
01-01 00:00:19.969   320   320 W Resources: Preloaded drawable resource #0x10801d2 (android:drawable/btn_radio_to_off_mtrl_012) that varies with configuration!!
01-01 00:00:19.970   320   320 W Resources: Preloaded drawable resource #0x10801d3 (android:drawable/btn_radio_to_off_mtrl_013) that varies with configuration!!
01-01 00:00:19.970   320   320 W Resources: Preloaded drawable resource #0x10801d4 (android:drawable/btn_radio_to_off_mtrl_014) that varies with configuration!!
01-01 00:00:19.971   320   320 W Resources: Preloaded drawable resource #0x10801d5 (android:drawable/btn_radio_to_off_mtrl_015) that varies with configuration!!
01-01 00:00:19.972   320   320 W Resources: Preloaded drawable resource #0x10801d6 (android:drawable/btn_radio_to_on_mtrl_000) that varies with configuration!!
01-01 00:00:19.972   320   320 W Resources: Preloaded drawable resource #0x10801d7 (android:drawable/btn_radio_to_on_mtrl_001) that varies with configuration!!
01-01 00:00:19.973   320   320 W Resources: Preloaded drawable resource #0x10801d8 (android:drawable/btn_radio_to_on_mtrl_002) that varies with configuration!!
01-01 00:00:19.973   320   320 W Resources: Preloaded drawable resource #0x10801d9 (android:drawable/btn_radio_to_on_mtrl_003) that varies with configuration!!
01-01 00:00:19.973   320   320 W Resources: Preloaded drawable resource #0x10801da (android:drawable/btn_radio_to_on_mtrl_004) that varies with configuration!!
01-01 00:00:19.974   320   320 W Resources: Preloaded drawable resource #0x10801db (android:drawable/btn_radio_to_on_mtrl_005) that varies with configuration!!
01-01 00:00:19.974   320   320 W Resources: Preloaded drawable resource #0x10801dc (android:drawable/btn_radio_to_on_mtrl_006) that varies with configuration!!
01-01 00:00:19.974   320   320 W Resources: Preloaded drawable resource #0x10801dd (android:drawable/btn_radio_to_on_mtrl_007) that varies with configuration!!
01-01 00:00:19.975   320   320 W Resources: Preloaded drawable resource #0x10801de (android:drawable/btn_radio_to_on_mtrl_008) that varies with configuration!!
01-01 00:00:19.975   320   320 W Resources: Preloaded drawable resource #0x10801df (android:drawable/btn_radio_to_on_mtrl_009) that varies with configuration!!
01-01 00:00:19.975   320   320 W Resources: Preloaded drawable resource #0x10801e0 (android:drawable/btn_radio_to_on_mtrl_010) that varies with configuration!!
01-01 00:00:19.976   320   320 W Resources: Preloaded drawable resource #0x10801e1 (android:drawable/btn_radio_to_on_mtrl_011) that varies with configuration!!
01-01 00:00:19.976   320   320 W Resources: Preloaded drawable resource #0x10801e2 (android:drawable/btn_radio_to_on_mtrl_012) that varies with configuration!!
01-01 00:00:19.977   320   320 W Resources: Preloaded drawable resource #0x10801e3 (android:drawable/btn_radio_to_on_mtrl_013) that varies with configuration!!
01-01 00:00:19.977   320   320 W Resources: Preloaded drawable resource #0x10801e4 (android:drawable/btn_radio_to_on_mtrl_014) that varies with configuration!!
01-01 00:00:19.977   320   320 W Resources: Preloaded drawable resource #0x10801e5 (android:drawable/btn_radio_to_on_mtrl_015) that varies with configuration!!
01-01 00:00:19.978   320   320 W Resources: Preloaded drawable resource #0x10801ec (android:drawable/btn_rating_star_off_mtrl_alpha) that varies with configuration!!
01-01 00:00:19.978   320   320 W Resources: Preloaded drawable resource #0x10801fa (android:drawable/btn_rating_star_on_mtrl_alpha) that varies with configuration!!
01-01 00:00:19.979   320   320 W Resources: Preloaded drawable resource #0x108021c (android:drawable/btn_star_mtrl_alpha) that varies with configuration!!
01-01 00:00:19.979   320   320 W Resources: Preloaded drawable resource #0x1080231 (android:drawable/btn_switch_to_off_mtrl_00001) that varies with configuration!!
01-01 00:00:19.980   320   320 W Resources: Preloaded drawable resource #0x1080232 (android:drawable/btn_switch_to_off_mtrl_00002) that varies with configuration!!
01-01 00:00:19.980   320   320 W Resources: Preloaded drawable resource #0x1080233 (android:drawable/btn_switch_to_off_mtrl_00003) that varies with configuration!!
01-01 00:00:19.980   320   320 W Resources: Preloaded drawable resource #0x1080234 (android:drawable/btn_switch_to_off_mtrl_00004) that varies with configuration!!
01-01 00:00:19.981   320   320 W Resources: Preloaded drawable resource #0x1080235 (android:drawable/btn_switch_to_off_mtrl_00005) that varies with configuration!!
01-01 00:00:19.981   320   320 W Resources: Preloaded drawable resource #0x1080236 (android:drawable/btn_switch_to_off_mtrl_00006) that varies with configuration!!
01-01 00:00:19.981   320   320 W Resources: Preloaded drawable resource #0x1080237 (android:drawable/btn_switch_to_off_mtrl_00007) that varies with configuration!!
01-01 00:00:19.982   320   320 W Resources: Preloaded drawable resource #0x1080238 (android:drawable/btn_switch_to_off_mtrl_00008) that varies with configuration!!
01-01 00:00:19.982   320   320 W Resources: Preloaded drawable resource #0x1080239 (android:drawable/btn_switch_to_off_mtrl_00009) that varies with configuration!!
01-01 00:00:19.982   320   320 W Resources: Preloaded drawable resource #0x108023a (android:drawable/btn_switch_to_off_mtrl_00010) that varies with configuration!!
01-01 00:00:19.983   320   320 W Resources: Preloaded drawable resource #0x108023b (android:drawable/btn_switch_to_off_mtrl_00011) that varies with configuration!!
01-01 00:00:19.983   320   320 W Resources: Preloaded drawable resource #0x108023c (android:drawable/btn_switch_to_off_mtrl_00012) that varies with configuration!!
01-01 00:00:19.983   320   320 W Resources: Preloaded drawable resource #0x108023d (android:drawable/btn_switch_to_on_mtrl_00001) that varies with configuration!!
01-01 00:00:19.984   320   320 W Resources: Preloaded drawable resource #0x108023e (android:drawable/btn_switch_to_on_mtrl_00002) that varies with configuration!!
01-01 00:00:19.984   320   320 W Resources: Preloaded drawable resource #0x108023f (android:drawable/btn_switch_to_on_mtrl_00003) that varies with configuration!!
01-01 00:00:19.985   320   320 W Resources: Preloaded drawable resource #0x1080240 (android:drawable/btn_switch_to_on_mtrl_00004) that varies with configuration!!
01-01 00:00:19.985   320   320 W Resources: Preloaded drawable resource #0x1080241 (android:drawable/btn_switch_to_on_mtrl_00005) that varies with configuration!!
01-01 00:00:19.985   320   320 W Resources: Preloaded drawable resource #0x1080242 (android:drawable/btn_switch_to_on_mtrl_00006) that varies with configuration!!
01-01 00:00:19.986   320   320 W Resources: Preloaded drawable resource #0x1080243 (android:drawable/btn_switch_to_on_mtrl_00007) that varies with configuration!!
01-01 00:00:19.986   320   320 W Resources: Preloaded drawable resource #0x1080244 (android:drawable/btn_switch_to_on_mtrl_00008) that varies with configuration!!
01-01 00:00:19.986   320   320 W Resources: Preloaded drawable resource #0x1080245 (android:drawable/btn_switch_to_on_mtrl_00009) that varies with configuration!!
01-01 00:00:19.987   320   320 W Resources: Preloaded drawable resource #0x1080246 (android:drawable/btn_switch_to_on_mtrl_00010) that varies with configuration!!
01-01 00:00:19.987   320   320 W Resources: Preloaded drawable resource #0x1080247 (android:drawable/btn_switch_to_on_mtrl_00011) that varies with configuration!!
01-01 00:00:19.988   320   320 W Resources: Preloaded drawable resource #0x1080248 (android:drawable/btn_switch_to_on_mtrl_00012) that varies with configuration!!
01-01 00:00:19.989   320   320 W Resources: Preloaded drawable resource #0x108024d (android:drawable/btn_toggle_indicator_mtrl_alpha) that varies with configuration!!
01-01 00:00:19.991   320   320 W Resources: Preloaded drawable resource #0x10802e5 (android:drawable/expander_close_mtrl_alpha) that varies with configuration!!
01-01 00:00:19.992   320   320 W Resources: Preloaded drawable resource #0x10802ee (android:drawable/expander_open_mtrl_alpha) that varies with configuration!!
01-01 00:00:19.992   320   320 W Resources: Preloaded drawable resource #0x10802f8 (android:drawable/fastscroll_thumb_mtrl_alpha) that varies with configuration!!
01-01 00:00:19.992   320   320 W Resources: Preloaded drawable resource #0x10802ff (android:drawable/fastscroll_track_mtrl_alpha) that varies with configuration!!
01-01 00:00:19.993   320   320 W Resources: Preloaded drawable resource #0x1080339 (android:drawable/ic_cab_done_mtrl_alpha) that varies with configuration!!
01-01 00:00:19.994   320   320 W Resources: Preloaded drawable resource #0x1080340 (android:drawable/ic_clear_mtrl_alpha) that varies with configuration!!
01-01 00:00:19.994   320   320 W Resources: Preloaded drawable resource #0x108034c (android:drawable/ic_commit_search_api_mtrl_alpha) that varies with configuration!!
01-01 00:00:19.995   320   320 W Resources: Preloaded drawable resource #0x1080364 (android:drawable/ic_find_next_mtrl_alpha) that varies with configuration!!
01-01 00:00:19.995   320   320 W Resources: Preloaded drawable resource #0x1080368 (android:drawable/ic_find_previous_mtrl_alpha) that varies with configuration!!
01-01 00:00:19.996   320   320 W Resources: Preloaded drawable resource #0x10803b8 (android:drawable/ic_media_route_disabled_mtrl_alpha) that varies with configuration!!
01-01 00:00:19.996   320   320 W Resources: Preloaded drawable resource #0x10803be (android:drawable/ic_media_route_off_mtrl_alpha) that varies with configuration!!
01-01 00:00:19.997   320   320 W Resources: Preloaded drawable resource #0x10803c1 (android:drawable/ic_media_route_on_0_mtrl_alpha) that varies with configuration!!
01-01 00:00:19.997   320   320 W Resources: Preloaded drawable resource #0x10803c4 (android:drawable/ic_media_route_on_1_mtrl_alpha) that varies with configuration!!
01-01 00:00:19.998   320   320 W Resources: Preloaded drawable resource #0x10803c7 (android:drawable/ic_media_route_on_2_mtrl_alpha) that varies with configuration!!
01-01 00:00:19.998   320   320 W Resources: Preloaded drawable resource #0x10803ca (android:drawable/ic_media_route_on_mtrl_alpha) that varies with configuration!!
01-01 00:00:20.000   320   320 W Resources: Preloaded drawable resource #0x10803e8 (android:drawable/ic_menu_find_mtrl_alpha) that varies with configuration!!
01-01 00:00:20.002   320   320 W Resources: Preloaded drawable resource #0x1080403 (android:drawable/ic_menu_search_mtrl_alpha) that varies with configuration!!
01-01 00:00:20.007   320   320 W Resources: Preloaded drawable resource #0x108049c (android:drawable/list_divider_mtrl_alpha) that varies with configuration!!
01-01 00:00:20.007   320   320 W Resources: Preloaded drawable resource #0x10804a9 (android:drawable/list_section_divider_mtrl_alpha) that varies with configuration!!
01-01 00:00:20.008   320   320 W Resources: Preloaded drawable resource #0x1080552 (android:drawable/popup_background_mtrl_mult) that varies with configuration!!
01-01 00:00:20.008   320   320 W Resources: Preloaded drawable resource #0x1080579 (android:drawable/progress_mtrl_alpha) that varies with configuration!!
01-01 00:00:20.009   320   320 W Resources: Preloaded drawable resource #0x10805da (android:drawable/scrollbar_handle_mtrl_alpha) that varies with configuration!!
01-01 00:00:20.009   320   320 W Resources: Preloaded drawable resource #0x10805de (android:drawable/scrubber_control_from_pressed_mtrl_000) that varies with configuration!!
01-01 00:00:20.009   320   320 W Resources: Preloaded drawable resource #0x10805df (android:drawable/scrubber_control_from_pressed_mtrl_001) that varies with configuration!!
01-01 00:00:20.010   320   320 W Resources: Preloaded drawable resource #0x10805e0 (android:drawable/scrubber_control_from_pressed_mtrl_002) that varies with configuration!!
01-01 00:00:20.010   320   320 W Resources: Preloaded drawable resource #0x10805e1 (android:drawable/scrubber_control_from_pressed_mtrl_003) that varies with configuration!!
01-01 00:00:20.010   320   320 W Resources: Preloaded drawable resource #0x10805e2 (android:drawable/scrubber_control_from_pressed_mtrl_004) that varies with configuration!!
01-01 00:00:20.010   320   320 W Resources: Preloaded drawable resource #0x10805e3 (android:drawable/scrubber_control_from_pressed_mtrl_005) that varies with configuration!!
01-01 00:00:20.011   320   320 W Resources: Preloaded drawable resource #0x10805e7 (android:drawable/scrubber_control_off_pressed_mtrl_alpha) that varies with configuration!!
01-01 00:00:20.011   320   320 W Resources: Preloaded drawable resource #0x10805e6 (android:drawable/scrubber_control_off_mtrl_alpha) that varies with configuration!!
01-01 00:00:20.012   320   320 W Resources: Preloaded drawable resource #0x10805e9 (android:drawable/scrubber_control_on_pressed_mtrl_alpha) that varies with configuration!!
01-01 00:00:20.012   320   320 W Resources: Preloaded drawable resource #0x10805e8 (android:drawable/scrubber_control_on_mtrl_alpha) that varies with configuration!!
01-01 00:00:20.013   320   320 W Resources: Preloaded drawable resource #0x10805ed (android:drawable/scrubber_control_to_pressed_mtrl_000) that varies with configuration!!
01-01 00:00:20.013   320   320 W Resources: Preloaded drawable resource #0x10805ee (android:drawable/scrubber_control_to_pressed_mtrl_001) that varies with configuration!!
01-01 00:00:20.014   320   320 W Resources: Preloaded drawable resource #0x10805ef (android:drawable/scrubber_control_to_pressed_mtrl_002) that varies with configuration!!
01-01 00:00:20.015   320   320 W Resources: Preloaded drawable resource #0x10805f0 (android:drawable/scrubber_control_to_pressed_mtrl_003) that varies with configuration!!
01-01 00:00:20.015   320   320 W Resources: Preloaded drawable resource #0x10805f1 (android:drawable/scrubber_control_to_pressed_mtrl_004) that varies with configuration!!
01-01 00:00:20.015   320   320 W Resources: Preloaded drawable resource #0x10805f2 (android:drawable/scrubber_control_to_pressed_mtrl_005) that varies with configuration!!
01-01 00:00:20.015   320   320 W Resources: Preloaded drawable resource #0x10805f4 (android:drawable/scrubber_primary_mtrl_alpha) that varies with configuration!!
01-01 00:00:20.016   320   320 W Resources: Preloaded drawable resource #0x10805fb (android:drawable/scrubber_track_mtrl_alpha) that varies with configuration!!
01-01 00:00:20.016   320   320 W Resources: Preloaded drawable resource #0x1080643 (android:drawable/spinner_mtrl_am_alpha) that varies with configuration!!
01-01 00:00:20.017   320   320 W Resources: Preloaded drawable resource #0x10806c4 (android:drawable/switch_track_mtrl_alpha) that varies with configuration!!
01-01 00:00:20.017   320   320 W Resources: Preloaded drawable resource #0x1080705 (android:drawable/text_cursor_mtrl_alpha) that varies with configuration!!
01-01 00:00:20.017   320   320 W Resources: Preloaded drawable resource #0x1080714 (android:drawable/textfield_activated_mtrl_alpha) that varies with configuration!!
01-01 00:00:20.018   320   320 W Resources: Preloaded drawable resource #0x108071d (android:drawable/textfield_default_mtrl_alpha) that varies with configuration!!
01-01 00:00:20.018   320   320 W Resources: Preloaded drawable resource #0x1080733 (android:drawable/textfield_search_activated_mtrl_alpha) that varies with configuration!!
01-01 00:00:20.018   320   320 W Resources: Preloaded drawable resource #0x1080737 (android:drawable/textfield_search_default_mtrl_alpha) that varies with configuration!!
01-01 00:00:20.018   320   320 W Resources: Preloaded drawable resource #0x108070b (android:drawable/text_select_handle_left_mtrl_alpha) that varies with configuration!!
01-01 00:00:20.019   320   320 W Resources: Preloaded drawable resource #0x108070e (android:drawable/text_select_handle_middle_mtrl_alpha) that varies with configuration!!
01-01 00:00:20.019   320   320 W Resources: Preloaded drawable resource #0x1080711 (android:drawable/text_select_handle_right_mtrl_alpha) that varies with configuration!!
01-01 00:00:20.026   320   320 I art     : Explicit concurrent mark sweep GC freed 5000(1067KB) AllocSpace objects, 0(0B) LOS objects, 39% free, 1726KB/2MB, paused 108us total 5.357ms
01-01 00:00:20.026   320   320 I Zygote  : ...preloaded 430 resources in 337ms.
01-01 00:00:20.039   320   320 I art     : Explicit concurrent mark sweep GC freed 629(82KB) AllocSpace objects, 0(0B) LOS objects, 40% free, 1688KB/2MB, paused 107us total 4.905ms
01-01 00:00:20.039   320   320 I Zygote  : ...preloaded 41 resources in 13ms.
01-01 00:00:20.039   320   320 I art     : Counter: 0
01-01 00:00:20.040   320   320 D libEGL  : loaded /vendor/lib/egl/libEGL_adreno.so
01-01 00:00:20.055   320   320 D libEGL  : loaded /vendor/lib/egl/libGLESv1_CM_adreno.so
01-01 00:00:20.061   320   320 D libEGL  : loaded /vendor/lib/egl/libGLESv2_adreno.so
01-01 00:00:20.071   320   320 I Zygote  : Preloading shared libraries...
01-01 00:00:20.083   320   320 D Zygote  : end preload
01-01 00:00:20.088   320   320 I art     : Explicit concurrent mark sweep GC freed 461(21KB) AllocSpace objects, 0(0B) LOS objects, 39% free, 1670KB/2MB, paused 105us total 4.778ms
01-01 00:00:20.093   320   320 I art     : Explicit concurrent mark sweep GC freed 41(1568B) AllocSpace objects, 0(0B) LOS objects, 40% free, 1669KB/2MB, paused 105us total 4.557ms
01-01 00:00:20.098   320   320 I art     : Explicit concurrent mark sweep GC freed 5(160B) AllocSpace objects, 0(0B) LOS objects, 40% free, 1669KB/2MB, paused 105us total 4.414ms
01-01 00:00:20.155   320   320 I Zygote  : System server process 1330 has been created
01-01 00:00:20.160   320   320 I Zygote  : Accepting command socket connections
01-01 00:00:20.195  1330  1330 I InstallerConnection: disconnecting...
01-01 00:00:20.253  1330  1330 W SystemServer: System clock is before 1970; setting to 1970.
01-01 00:00:20.257  1330  1330 I SystemServer: Entered the Android system server!
01-01 00:00:20.308  1330  1330 V Fingerprint-JNI: FingerprintManager JNI ready.
01-01 00:00:20.308  1330  1348 I         : System server: starting sensor init.
01-01 00:00:20.309  1330  1348 D SensorService: nuSensorService starting...
01-01 00:00:20.316  1330  1330 I SystemServiceManager: Starting com.android.server.pm.Installer
01-01 00:00:20.328  1330  1330 I Installer: Waiting for installd to be ready.
01-01 00:00:20.328  1330  1330 I InstallerConnection: connecting...
01-01 00:00:20.329   307   307 I installd: new connection
01-01 00:00:20.331  1330  1330 I SystemServiceManager: Starting com.android.server.am.ActivityManagerService$Lifecycle
01-01 00:00:20.333  1330  1348 I MLLITE  : sensor type path: /sys/bus/iio/devices/iio:device0/in_magn_scale
01-01 00:00:20.333  1330  1348 I MLLITE  : found directory
01-01 00:00:20.333  1330  1348 I MLLITE  : name path: /sys/bus/iio/devices/iio:device0/name
01-01 00:00:20.334  1330  1348 I MLLITE  : name found: mpu9250 now test for mpuxxxx
01-01 00:00:20.334  1330  1348 I MLLITE  : name path: /sys/bus/iio/devices/iio:device0/secondary_name
01-01 00:00:20.334  1330  1348 I MLLITE  : secondary name found: AK8963
01-01 00:00:20.342  1330  1348 I MPL-loaddmp: dmp firmware size to write = 2639
01-01 00:00:20.342  1330  1348 I MPL-loaddmp: Bytes written = 2639
01-01 00:00:20.388  1330  1330 I ActivityManager: Memory class: 192
01-01 00:00:20.390  1330  1350 I ServiceThread: Enabled StrictMode logging for ActivityManager looper.
01-01 00:00:20.492  1330  1330 I IntentFirewall: Read new rules (A:0 B:0 S:0)
01-01 00:00:20.500  1330  1353 I ServiceThread: Enabled StrictMode logging for android.ui looper.
01-01 00:00:20.503  1330  1355 I ServiceThread: Enabled StrictMode logging for android.display looper.
01-01 00:00:20.506  1330  1330 D AppOps  : AppOpsService published
01-01 00:00:20.506  1330  1330 I SystemServiceManager: Starting com.android.server.power.PowerManagerService
01-01 00:00:20.514  1330  1357 I ServiceThread: Enabled StrictMode logging for PowerManagerService looper.
01-01 00:00:20.522  1330  1330 I QCOM PowerHAL: QCOM power HAL initing.
01-01 00:00:20.522  1330  1330 W libsuspend: Error writing 'on' to /sys/power/state: Invalid argument
01-01 00:00:20.522  1330  1330 I libsuspend: Selected wakeup count
01-01 00:00:20.522  1330  1330 I QCOM PowerHAL: Got set_interactive hint
01-01 00:00:20.526   416   416 E libsensor1: sensor1_open: Error in connect() errno=2 No such file or directory
01-01 00:00:20.526   416   416 E slim_sensor1: I/slim_sensor1_open: Pending Sensor1 connection opening!
01-01 00:00:20.526   416   416 E slim_provider_common: I/slim_message_queue_init: Initializing message queue
01-01 00:00:20.528   416   416 E SlimProviderConf: I/GetConfiguredSensorProvider:g_sensor_provider is 1
01-01 00:00:20.528   416   416 E slim_sensor1: I/slim_sensor1_init: Initializing Sensor1
01-01 00:00:20.528   416   416 E slim_sensor1: W/sensor process is not up and running yet!
01-01 00:00:20.529  1330  1330 I SystemServiceManager: Starting com.android.server.display.DisplayManagerService
01-01 00:00:20.532  1330  1330 I SystemServiceManager: Starting phase 100
01-01 00:00:20.532   383  1324 E modemanager: readXMLOp:Couldn't open OEM XML file!
01-01 00:00:20.532   383  1324 E modemanager: retrieveMode: Failed to enumerate modes
01-01 00:00:20.532   383  1324 E modemanager: in applyDefaultMode fail to retrieve default mode!
01-01 00:00:20.532   383  1324 I modemanager: in applyDefaultMode ret = 0 mCurMode = -1
01-01 00:00:20.532   383  1324 E PPDaemon: void* applyDefaultModeThreadFunc(void*) failed applying default mode!
01-01 00:00:20.540  1330  1355 I DisplayManagerService: Display device added: DisplayDeviceInfo{"Built-in Screen": 1920 x 1080, 60.0 fps, supportedRefreshRates [60.0], density 200, 799.475 x 249.381 dpi, appVsyncOff 0, presDeadline 17666667, touch INTERNAL, rotation 0, type BUILT_IN, state UNKNOWN, FLAG_DEFAULT_DISPLAY, FLAG_ROTATES_WITH_CONTENT, FLAG_SECURE, FLAG_SUPPORTS_PROTECTED_BUFFERS}
01-01 00:00:20.540  1330  1330 I SystemServer: Package Manager
01-01 00:00:20.550  1330  1330 W PackageManager: No security bridge jar found, using default
01-01 00:00:20.566  1330  1330 W SystemConfig: No directory /system/etc/sysconfig, skipping
01-01 00:00:20.631  1330  1330 D SELinuxMMAC: Using policy file /system/etc/security/mac_permissions.xml
01-01 00:00:20.784  1330  1330 D PackageManager: No files in app dir /vendor/overlay
01-01 00:00:20.865   306   306 E MediaPlayerFactory: calling dlopen on FACTORY_LIB
01-01 00:00:20.870   306   306 E MediaPlayerFactory: calling dlsym on pFactoryLib for FACTORY_CREATE_FN 
01-01 00:00:20.870   306   306 E MediaPlayerFactory: registering DASH Player factory...
01-01 00:00:20.870   306   306 I CameraService: CameraService started (pid=306)
01-01 00:00:20.881   306   306 I CameraService: Loaded "QCamera Module" camera module
01-01 00:00:20.881   306   306 E mm-camera-intf: entity id 1
01-01 00:00:20.881   306   306 E mm-camera-intf: entity name video0 type 65537 group id 2
01-01 00:00:20.881   306   306 E mm-camera-intf: entity id 2
01-01 00:00:20.881   306   306 E mm-camera-intf: entity name msm_cci type 131072 group id 0
01-01 00:00:20.881   306   306 E mm-camera-intf: entity id 3
01-01 00:00:20.881   306   306 E mm-camera-intf: entity name v4l-subdev0 type 131072 group id 0
01-01 00:00:20.881   306   306 E mm-camera-intf: entity id 4
01-01 00:00:20.881   306   306 E mm-camera-intf: entity name v4l-subdev1 type 131072 group id 0
01-01 00:00:20.881   306   306 E mm-camera-intf: entity id 5
01-01 00:00:20.881   306   306 E mm-camera-intf: entity name v4l-subdev2 type 131072 group id 0
01-01 00:00:20.881   306   306 E mm-camera-intf: entity id 6
01-01 00:00:20.881   306   306 E mm-camera-intf: entity name v4l-subdev3 type 131072 group id 1
01-01 00:00:20.881   306   306 E mm-camera-intf: entity id 7
01-01 00:00:20.881   306   306 E mm-camera-intf: entity name v4l-subdev4 type 131072 group id 1
01-01 00:00:20.881   306   306 E mm-camera-intf: entity id 8
01-01 00:00:20.881   306   306 E mm-camera-intf: entity name v4l-subdev5 type 131072 group id 1
01-01 00:00:20.881   306   306 E mm-camera-intf: entity id 9
01-01 00:00:20.881   306   306 E mm-camera-intf: entity name v4l-subdev6 type 131072 group id 1
01-01 00:00:20.881   306   306 E mm-camera-intf: entity id 10
01-01 00:00:20.881   306   306 E mm-camera-intf: entity name v4l-subdev7 type 131072 group id 7
01-01 00:00:20.881   306   306 E mm-camera-intf: entity id 11
01-01 00:00:20.881   306   306 E mm-camera-intf: entity name v4l-subdev8 type 131072 group id 14
01-01 00:00:20.890   306   306 D mm-camera-intf: index = 0 flag = 0 mount_angle = 0 facing = 0
01-01 00:00:20.890   306   306 D mm-camera-intf: index = 1 flag = 0 mount_angle = 0 facing = 0
01-01 00:00:20.890   306   306 E QCamera2Factory: int qcamera::QCamera2Factory::getCameraInfo(int, camera_info*) : Hal descriptor table is not initialized!
01-01 00:00:20.890   306   306 E QCamera2Factory: int qcamera::QCamera2Factory::getCameraInfo(int, camera_info*) : Hal descriptor table is not initialized!
01-01 00:00:20.891   306   306 I AudioPolicyService: AudioPolicyService CSTOR in new mode
01-01 00:00:20.893   306   306 W AudioPolicyManager: DeviceVector::add device 80000040 already in
01-01 00:00:20.893   306   306 I AudioPolicyManager: loadAudioPolicyConfig() loaded /system/etc/audio_policy.conf
01-01 00:00:20.898   306   306 D audio_hw_primary: adev_open: enter
01-01 00:00:20.956  1330  1330 W ResourceType: Failure getting entry for 0x7f0b022e (t=10 e=558) (error -75)
01-01 00:00:20.958  1330  1330 W PackageParser: No actions in intent filter at /system/priv-app/Contacts/Contacts.apk Binary XML file line #362
01-01 00:00:20.959  1189  1189 I nmbd    : type=1400 audit(0.0:30): avc: denied { write } for laddr=192.168.143.141 lport=137 scontext=u:r:init:s0 tcontext=u:r:init:s0 tclass=udp_socket permissive=1
01-01 00:00:20.959  1189  1189 I nmbd    : type=1400 audit(0.0:31): avc: denied { read } for lport=137 scontext=u:r:init:s0 tcontext=u:r:init:s0 tclass=udp_socket permissive=1
01-01 00:00:21.002   339   339 E QC-time-services: Daemon:genoff_modem_qmi_init: qmi_client_get_service_list returned -2num_services 0
01-01 00:00:21.023   306   306 E audio_route: Control 'MultiMedia4 Mixer MI2S_TX' doesn't exist - skipping
01-01 00:00:21.025   306   306 E audio_route: Control 'MultiMedia2 Mixer QUAT_MI2S_TX' doesn't exist - skipping
01-01 00:00:21.025   306   306 E audio_route: Control 'HDMI_RX_Voice Mixer Voice Stub' doesn't exist - skipping
01-01 00:00:21.025   306   306 E audio_route: Control 'HDMI_RX Port Mixer SLIM_3_TX' doesn't exist - skipping
01-01 00:00:21.025   306   306 E audio_route: Control 'HDMI_RX_Voice Mixer Voice2 Stub' doesn't exist - skipping
01-01 00:00:21.025   306   306 E audio_route: Control 'HDMI_RX_Voice Mixer VoLTE Stub' doesn't exist - skipping
01-01 00:00:21.025   306   306 E audio_route: Control 'HDMI_RX Port Mixer SLIM_3_TX' doesn't exist - skipping
01-01 00:00:21.025   306   306 E audio_route: Control 'AUX_PCM_RX_Voip Mixer Voip' doesn't exist - skipping
01-01 00:00:21.026   306   306 E audio_route: Control 'MultiMedia1 Mixer AUX_PCM_TX' doesn't exist - skipping
01-01 00:00:21.026   306   306 E audio_route: Control 'RX4 DSM MUX' doesn't exist - skipping
01-01 00:00:21.026   306   306 E audio_route: Control 'RX6 DSM MUX' doesn't exist - skipping
01-01 00:00:21.026   306   306 E audio_route: Control 'SLIM_0_RX AANC MUX' doesn't exist - skipping
01-01 00:00:21.026   306   306 E audio_route: Control 'MultiMedia8 Mixer AUX_PCM_UL_TX' doesn't exist - skipping
01-01 00:00:21.027   306   306 E audio_route: Control 'MultiMedia8 Mixer AUX_PCM_UL_TX' doesn't exist - skipping
01-01 00:00:21.027   306   306 E audio_route: Control 'MultiMedia2 Mixer QUAT_MI2S_TX' doesn't exist - skipping
01-01 00:00:21.027   306   306 E audio_route: Control 'HDMI_RX_Voice Mixer Voice Stub' doesn't exist - skipping
01-01 00:00:21.027   306   306 E audio_route: Control 'HDMI_RX Port Mixer SLIM_3_TX' doesn't exist - skipping
01-01 00:00:21.028   306   306 E audio_route: Control 'HDMI_RX_Voice Mixer Voice2 Stub' doesn't exist - skipping
01-01 00:00:21.028   306   306 E audio_route: Control 'HDMI_RX Port Mixer SLIM_3_TX' doesn't exist - skipping
01-01 00:00:21.028   306   306 E audio_route: Control 'SLIMBUS_3_RX_Voice2 Mixer Voice2 Stub' doesn't exist - skipping
01-01 00:00:21.028   306   306 E audio_route: Control 'MultiMedia8 Mixer SLIM_6_TX' already exists in path 'incall-rec-uplink-and-downlink-compress'
01-01 00:00:21.029   306   306 E audio_route: Control 'SLIMBUS_0_RX Port Mixer AUX_PCM_TX' doesn't exist - skipping
01-01 00:00:21.029   306   306 E audio_route: Control 'AUX_PCM_RX  Audio Mixer MultiMedia6' doesn't exist - skipping
01-01 00:00:21.029   306   306 E audio_route: Control 'HDMI_RX_Voice Mixer VoLTE Stub' doesn't exist - skipping
01-01 00:00:21.029   306   306 E audio_route: Control 'HDMI_RX Port Mixer SLIM_3_TX' doesn't exist - skipping
01-01 00:00:21.033   306   306 E audio_route: Control 'SLIM_0_RX AANC MUX' doesn't exist - skipping
01-01 00:00:21.044   306   306 D msm8974_platform: platform_init: Opened sound card:0
01-01 00:00:21.050   306   306 E ACDB-LOADER: ACDB -> No .acdb files found in /etc!
01-01 00:00:21.050   306   306 E ACDB-LOADER: ACDB -> Error: Could not open any directory! Failed for /etc
01-01 00:00:21.050   306   306 E ACDB-LOADER: ACDB -> Could not load .acdb files!
01-01 00:00:21.050   306   306 D platform_info: platform_info_init: Failed to open /system/etc/audio_platform_info.xml, using defaults.
01-01 00:00:21.050   306   306 I libmdmdetect: No supported ESOC's found
01-01 00:00:21.050   306   306 D msm8974_platform: platform_csd_init: num_modems 0
01-01 00:00:21.050   306   306 D audio_hw_ssr: audio_extn_ssr_update_enabled: surround sound recording is not supported
01-01 00:00:21.050   306   306 D audio_hw_spkr_prot: audio_extn_spkr_prot_init: Initialize speaker protection module
01-01 00:00:21.050   306   306 D audio_hw_spkr_prot: audio_extn_spkr_prot_init: Speaker protection disabled
01-01 00:00:21.050   306   306 D msm8974_platform: hw_util_open Opening device /dev/snd/hwC0D1000
01-01 00:00:21.050   306   306 D msm8974_platform: hw_util_open success
01-01 00:00:21.050   306   306 D ACDB-LOADER: ACDB -> ACDB_CMD_GET_ANC_SETTING
01-01 00:00:21.050   306   306 D         : Failed to fetch the lookup information of the device 0000001A 
01-01 00:00:21.050   306   306 E ACDB-LOADER: Error: ACDB ANC returned = -1
01-01 00:00:21.050   306   306 D ACDB-LOADER: ACDB -> ACDB_CMD_GET_ANC_SETTING
01-01 00:00:21.050   306   306 D         : Failed to fetch the lookup information of the device 0000001B 
01-01 00:00:21.050   306   306 E ACDB-LOADER: Error: ACDB ANC returned = -1
01-01 00:00:21.050   306   306 D ACDB-LOADER: ACDB -> ACDB_CMD_GET_ANC_SETTING
01-01 00:00:21.050   306   306 D         : Failed to fetch the lookup information of the device 0000001C 
01-01 00:00:21.050   306   306 E ACDB-LOADER: Error: ACDB ANC returned = -1
01-01 00:00:21.050   306   306 D ACDB-LOADER: ACDB -> ACDB_CMD_GET_ANC_SETTING
01-01 00:00:21.050   306   306 D         : Failed to fetch the lookup information of the device 0000001D 
01-01 00:00:21.050   306   306 E ACDB-LOADER: Error: ACDB ANC returned = -1
01-01 00:00:21.050   306   306 D ACDB-LOADER: ACDB -> ACDB_CMD_GET_ANC_SETTING
01-01 00:00:21.050   306   306 D         : Failed to fetch the lookup information of the device 0000001E 
01-01 00:00:21.050   306   306 E ACDB-LOADER: Error: ACDB ANC returned = -1
01-01 00:00:21.050   306   306 D ACDB-LOADER: ACDB -> ACDB_CMD_GET_ANC_SETTING
01-01 00:00:21.050   306   306 D         : Failed to fetch the lookup information of the device 0000001F 
01-01 00:00:21.050   306   306 E ACDB-LOADER: Error: ACDB ANC returned = -1
01-01 00:00:21.050   306   306 D ACDB-LOADER: ACDB -> ACDB_CMD_GET_ANC_SETTING
01-01 00:00:21.050   306   306 D         : Failed to fetch the lookup information of the device 00000067 
01-01 00:00:21.050   306   306 E ACDB-LOADER: Error: ACDB ANC returned = -1
01-01 00:00:21.050   306   306 D ACDB-LOADER: ACDB -> ACDB_CMD_GET_ANC_SETTING
01-01 00:00:21.050   306   306 D         : Failed to fetch the lookup information of the device 00000056 
01-01 00:00:21.050   306   306 E ACDB-LOADER: Error: ACDB ANC returned = -1
01-01 00:00:21.050   306   306 D ACDB-LOADER: ACDB -> ACDB_CMD_GET_ANC_SETTING
01-01 00:00:21.050   306   306 D         : Failed to fetch the lookup information of the device 00000059 
01-01 00:00:21.050   306   306 E ACDB-LOADER: Error: ACDB ANC returned = -1
01-01 00:00:21.050   306   306 D msm8974_platform: send_codec_cal cal sent for anc_cal
01-01 00:00:21.050   306   306 E ACDB-LOADER: ACDB -> send_codec_cal
01-01 00:00:21.050   306   306 E ACDB-LOADER: ACDB -> ACDB_CMD_GET_CODEC_CAL_DATA
01-01 00:00:21.050   306   306 D         : Failed to fetch the lookup information of the device 00000064 
01-01 00:00:21.050   306   306 E ACDB-LOADER: Error: ACDB CODEC CAL returned = -1
01-01 00:00:21.050   306   306 D msm8974_platform: send_codec_cal cal sent for mad_cal
01-01 00:00:21.050   306   306 D ACDB-LOADER: send mbhc data
01-01 00:00:21.050   306   306 D ACDB-LOADER: ACDB -> MBHC ACDB_PID_GENERAL_CONFIG
01-01 00:00:21.050   306   306 D         : Failed to fetch the lookup information of the globaldata table
01-01 00:00:21.050   306   306 E ACDB-LOADER: Error reading MBHC general config returned = ffffffff
01-01 00:00:21.057   306   306 E msm8974_platform: Failed to call ioctl  for mbhc_cal err=14
01-01 00:00:21.057   306   306 D msm8974_platform: send_codec_cal cal sent for mbhc_cal
01-01 00:00:21.067   306   306 I soundtrigger: audio_extn_sound_trigger_init: Enter
01-01 00:00:21.069   306   306 I soundtrigger: audio_extn_sound_trigger_init: DLOPEN successful for /system/vendor/lib/hw/sound_trigger.primary.apq8084.so
01-01 00:00:21.070   306   306 I AudioFlinger: loadHwModule() Loaded primary audio interface from QCOM Audio HAL (audio) handle 1
01-01 00:00:21.070   306   306 I AudioFlinger: HAL output buffer size 960 frames, normal sink buffer size 960 frames
01-01 00:00:21.085   306   306 I AudioMixer: found effect "Multichannel Downmix To Stereo" from The Android Open Source Project
01-01 00:00:21.085   306   306 I AudioFlinger: Using module 1 has the primary audio interface
01-01 00:00:21.085   306  1372 I AudioFlinger: AudioFlinger's thread 0xb5b55000 ready to run
01-01 00:00:21.086   306  1372 D audio_hw_primary: out_set_parameters: enter: usecase(0: deep-buffer-playback) kvpairs: routing=2
01-01 00:00:21.086   306  1372 D audio_hw_extn: audio_extn_set_anc_parameters: anc_enabled:0
01-01 00:00:21.092  1330  1346 W Binder  : Caught a RuntimeException from the binder stub implementation.
01-01 00:00:21.092  1330  1346 W Binder  : java.lang.NullPointerException: Attempt to invoke interface method 'int android.app.IActivityManager.checkPermission(java.lang.String, int, int)' on a null object reference
01-01 00:00:21.092  1330  1346 W Binder  : 	at android.app.ContextImpl.checkPermission(ContextImpl.java:1859)
01-01 00:00:21.092  1330  1346 W Binder  : 	at android.app.ContextImpl.checkCallingOrSelfPermission(ContextImpl.java:1885)
01-01 00:00:21.092  1330  1346 W Binder  : 	at android.app.ContextImpl.enforceCallingOrSelfPermission(ContextImpl.java:1922)
01-01 00:00:21.092  1330  1346 W Binder  : 	at com.android.server.power.PowerManagerService$BinderService.acquireWakeLock(PowerManagerService.java:2827)
01-01 00:00:21.092  1330  1346 W Binder  : 	at android.os.IPowerManager$Stub.onTransact(IPowerManager.java:66)
01-01 00:00:21.092  1330  1346 W Binder  : 	at android.os.Binder.execTransact(Binder.java:446)
01-01 00:00:21.096   306  1372 D audio_hw_primary: out_set_parameters: enter: usecase(0: deep-buffer-playback) kvpairs: fm_volume=0.0000000000
01-01 00:00:21.096   306  1372 D audio_hw_extn: audio_extn_set_anc_parameters: anc_enabled:0
01-01 00:00:21.096   306  1372 D audio_hw_fm: audio_extn_fm_set_parameters: set_fm_volume usecase
01-01 00:00:21.096   306  1372 D audio_hw_fm: fm_set_volume: (0.000000)
01-01 00:00:21.097   306   306 I AudioFlinger: HAL output buffer size 240 frames, normal sink buffer size 960 frames
