01-01 00:00:17.797   249   249 I SurfaceFlinger: version   : OpenGL ES 3.1V@104.0 (GIT@)
01-01 00:00:17.797   249   249 I SurfaceFlinger: extensions: GL_EXT_debug_marker GL_OES_EGL_image GL_OES_EGL_image_external GL_OES_EGL_sync GL_OES_vertex_half_float GL_OES_framebuffer_object GL_OES_rgb8_rgba8 GL_OES_compressed_ETC1_RGB8_texture GL_AMD_compressed_ATC_texture GL_KHR_texture_compression_astc_ldr GL_OES_texture_npot GL_EXT_texture_filter_anisotropic GL_EXT_texture_format_BGRA8888 GL_OES_texture_3D GL_EXT_color_buffer_float GL_EXT_color_buffer_half_float GL_QCOM_alpha_test GL_OES_depth24 GL_OES_packed_depth_stencil GL_OES_depth_texture GL_OES_depth_texture_cube_map GL_EXT_sRGB GL_OES_texture_float GL_OES_texture_float_linear GL_OES_texture_half_float GL_OES_texture_half_float_linear GL_EXT_texture_type_2_10_10_10_REV GL_EXT_texture_sRGB_decode GL_OES_element_index_uint GL_EXT_copy_image GL_EXT_geometry_shader GL_EXT_tessellation_shader GL_OES_texture_stencil8 GL_EXT_shader_io_blocks GL_OES_shader_image_atomic GL_OES_sample_variables GL_EXT_texture_border_clamp GL_EXT_multisampled_render_to_texture GL_OES_shader_multisample_interpolation GL_EXT_
01-01 00:00:17.797   249   249 I SurfaceFlinger: GL_MAX_TEXTURE_SIZE = 16384
01-01 00:00:17.797   249   249 I SurfaceFlinger: GL_MAX_VIEWPORT_DIMS = 16384
01-01 00:00:17.799   249   610 I qdhwcomposer: vsync_loop: Reading event 0 for dpy 0 from /sys/class/graphics/fb0/vsync_event
01-01 00:00:17.799   249   610 I qdhwcomposer: vsync_loop: Reading event 1 for dpy 0 from /sys/class/graphics/fb0/show_blank_event
01-01 00:00:17.799   249   610 I qdhwcomposer: vsync_loop: Reading event 0 for dpy 1 from /sys/class/graphics/fb1/vsync_event
01-01 00:00:17.799   249   610 I qdhwcomposer: vsync_loop: Reading event 1 for dpy 1 from /sys/class/graphics/fb1/show_blank_event
01-01 00:00:17.801   249   249 D SurfaceFlinger: Set power mode=2, type=0 flinger=0xb6962000
01-01 00:00:17.801   249   249 D qdhwcomposer: hwc_setPowerMode: Setting mode 2 on display: 0
01-01 00:00:17.806   249   610 I qdhwcomposer: handle_blank_event: dpy:0 panel power state: 1
01-01 00:00:17.808   350   350 E mm-camera-sensor: module_sensor_init_eeprom:5078 Exit subdev_id[SUB_MODULE_EEPROM] == -1
01-01 00:00:17.808   350   350 E mm-camera-sensor: module_sensor_init_eeprom:5078 Exit subdev_id[SUB_MODULE_EEPROM] == -1
01-01 00:00:17.860   350   350 E mm-camera-isp2: module_chroma_enhan40_init:92 name chroma_enhan40
01-01 00:00:17.878   350   350 E mm-camera-isp2: module_color_correct40_init:94 name color_correct40
01-01 00:00:17.885   350   350 E mm-camera-isp2: module_luma_adaptation40_init:90 name luma_adaptation40
01-01 00:00:17.900   249   263 I ServiceManager: Waiting to check permission android.permission.ACCESS_SURFACE_FLINGER from uid=1013 pid=617
01-01 00:00:17.922   350   350 E mm-camera-isp2: module_chroma_enhan40_init:92 name chroma_enhan40
01-01 00:00:17.922   350   350 E mm-camera-isp2: module_color_correct40_init:94 name color_correct40
01-01 00:00:17.922   350   350 E mm-camera-isp2: module_luma_adaptation40_init:90 name luma_adaptation40
01-01 00:00:17.923   350   350 E mm-camera-isp2: isp_resource_gen_hws_caps:2415 i 0 isp id 0
01-01 00:00:17.923   350   350 E mm-camera-isp2: isp_resource_gen_hws_caps:2415 i 1 isp id 1
01-01 00:00:17.923   350   350 E mm-camera-isp2: module_isp_init:468 module 0xb6a51c40
01-01 00:00:17.923   350   350 E mm-camera: is_module_init: Enter
01-01 00:00:17.923   350   350 E mm-camera: gyro_module_init: Enter
01-01 00:00:17.923   350   350 E mm-camera: gyro_module_init: Exit successful
01-01 00:00:17.946   317   317 D WLAN_PSA: NL BCAST MSG KDriver Not ready yet : KNLREADY
01-01 00:00:17.946   317   317 D WLAN_PSA: NL BCAST MSG Received, Kernel ready, connect LN
01-01 00:00:17.947   317   317 E pttSocketApp:          aniAsfIpc.c:809 Error(-1225840291):Gethostbyname failed, ipcPtr [0xb6a50040], sd 4
01-01 00:00:17.947   317   317 D WLAN_PSA: Register APP Socket to kernel
01-01 00:00:17.947   317   317 V WLAN_PSA: NL MSG, len[009], NL type[0x34] WNI type[0x4541] len[17497]
01-01 00:00:17.947   317   317 V WLAN_PSA: NL MSG, PID: 0
01-01 00:00:17.947   317   317 V WLAN_PSA: NL MSG, len[056], NL type[0x11] WNI type[0x   2] len[036]
01-01 00:00:17.947   317   317 V WLAN_PSA: NL MSG, PID: 317
01-01 00:00:17.947   317   317 V WLAN_PSA: NL MSG, len[009], NL type[0x6708] WNI type[0x4541] len[17497]
01-01 00:00:17.947   317   317 V WLAN_PSA: NL MSG, PID: 0
01-01 00:00:17.947   317   317 V WLAN_PSA: NL MSG, len[056], NL type[0x11] WNI type[0x   2] len[036]
01-01 00:00:17.947   317   317 V WLAN_PSA: NL MSG, PID: 317
01-01 00:00:17.951   309   309 I ServiceManager: Waiting for service batterystats...
01-01 00:00:17.999   350   350 E mm-camera-vpu: vpu_module_init:48, INFO name=vpu
01-01 00:00:18.000   350   350 E mm-camera-vpu: vpu_client_find_vpu_device:64, INFO vpu device found: /dev/video1
01-01 00:00:18.000   350   350 E mm-camera-vpu: vpu_module_init:89, DEBUG SUCCESS
01-01 00:00:18.003   350   350 D mm-camera: module_afs_load:1473] Frame algo library loaded successfully
01-01 00:00:18.003   350   350 D mm-camera-img: module_imglib_create_port:1879 portname imglib_d2_i0
01-01 00:00:18.003   350   350 D mm-camera-img: img_core_get_comp:37] role 2 name qcom.faceproc
01-01 00:00:18.003   350   350 D mm-camera-img: img_core_get_comp:42] comp_index[0] role 0 name qcom.wavelet
01-01 00:00:18.003   350   350 D mm-camera-img: img_core_get_comp:42] comp_index[1] role 1 name qcom.hdr
01-01 00:00:18.003   350   350 D mm-camera-img: img_core_get_comp:42] comp_index[2] role 2 name qcom.faceproc
01-01 00:00:18.003   350   350 D mm-camera-img: img_core_get_comp:47] find component role 2 name qcom.faceproc
01-01 00:00:18.003   350   350 D mm-camera-img: face detection running in ARM mode, DSP is disabled in make file
01-01 00:00:18.003   350   350 D mm-camera-img: faceproc_comp_eng_load:436] E
01-01 00:00:18.031   350   350 W linker  : libmmcamera_faceproc.so has text relocations. This is wasting memory and prevents security hardening. Please fix.
01-01 00:00:18.033   350   350 D mm-camera-img: img_core_get_comp:37] role 1 name qcom.hdr
01-01 00:00:18.033   350   350 D mm-camera-img: img_core_get_comp:42] comp_index[0] role 0 name qcom.wavelet
01-01 00:00:18.033   350   350 D mm-camera-img: img_core_get_comp:42] comp_index[1] role 1 name qcom.hdr
01-01 00:00:18.033   350   350 D mm-camera-img: img_core_get_comp:47] find component role 1 name qcom.hdr
01-01 00:00:18.059   720   720 I ndc     : type=1400 audit(0.0:14): avc: denied { read write } for path="/dev/pts/0" dev="devpts" ino=3 scontext=u:r:wcnss_service:s0 tcontext=u:object_r:devpts:s0 tclass=chr_file permissive=1
01-01 00:00:18.059   720   720 I ndc     : type=1400 audit(0.0:15): avc: denied { getattr } for path="/dev/pts/0" dev="devpts" ino=3 scontext=u:r:wcnss_service:s0 tcontext=u:object_r:devpts:s0 tclass=chr_file permissive=1
01-01 00:00:18.059   720   720 I ndc     : type=1400 audit(0.0:16): avc: denied { write } for name="netd" dev="tmpfs" ino=9932 scontext=u:r:wcnss_service:s0 tcontext=u:object_r:netd_socket:s0 tclass=sock_file permissive=1
01-01 00:00:18.082   391   391 I sh      : Error connecting (Connection refused)
01-01 00:00:18.085   350   350 D mm-camera-img: hdr_comp_load:1171] HDR library loaded successfully
01-01 00:00:18.085   350   350 D hdr     : Port hdr_dummy initialized
01-01 00:00:18.085   350   350 D mm-camera-img: img_core_get_comp:37] role 4 name qcom.gen_frameproc
01-01 00:00:18.085   350   350 D mm-camera-img: img_core_get_comp:42] comp_index[0] role 0 name qcom.wavelet
01-01 00:00:18.085   350   350 D mm-camera-img: img_core_get_comp:42] comp_index[1] role 1 name qcom.hdr
01-01 00:00:18.085   350   350 D mm-camera-img: img_core_get_comp:42] comp_index[2] role 2 name qcom.faceproc
01-01 00:00:18.085   350   350 D mm-camera-img: img_core_get_comp:42] comp_index[3] role 3 name qcom.cac
01-01 00:00:18.085   350   350 D mm-camera-img: img_core_get_comp:42] comp_index[4] role 4 name qcom.gen_frameproc
01-01 00:00:18.085   350   350 D mm-camera-img: img_core_get_comp:47] find component role 4 name qcom.gen_frameproc
01-01 00:00:18.085   350   350 E mm-camera-img: frameproc_comp_load:818] Error opening frameproc library libmmcamera_chromaflash_lib.so
01-01 00:00:18.085   350   350 E mm-camera: module_imgbase_init:1070] Error rc -6
01-01 00:00:18.085   350   350 E mm-camera-img: module_imglib_create_topology:628] Can not init the module imglib_chroma_flash
01-01 00:00:18.085   350   350 D mm-camera-img: img_core_get_comp:37] role 4 name qcom.gen_frameproc
01-01 00:00:18.085   350   350 D mm-camera-img: img_core_get_comp:42] comp_index[0] role 0 name qcom.wavelet
01-01 00:00:18.085   350   350 D mm-camera-img: img_core_get_comp:42] comp_index[1] role 1 name qcom.hdr
01-01 00:00:18.085   350   350 D mm-camera-img: img_core_get_comp:42] comp_index[2] role 2 name qcom.faceproc
01-01 00:00:18.085   350   350 D mm-camera-img: img_core_get_comp:42] comp_index[3] role 3 name qcom.cac
01-01 00:00:18.085   350   350 D mm-camera-img: img_core_get_comp:42] comp_index[4] role 4 name qcom.gen_frameproc
01-01 00:00:18.085   350   350 D mm-camera-img: img_core_get_comp:47] find component role 4 name qcom.gen_frameproc
01-01 00:00:18.086   350   350 E mm-camera-img: frameproc_comp_load:818] Error opening frameproc library libmmcamera_optizoom_lib.so
01-01 00:00:18.086   350   350 E mm-camera: module_imgbase_init:1070] Error rc -6
01-01 00:00:18.086   350   350 E mm-camera-img: module_imglib_create_topology:628] Can not init the module imglib_optizoom
01-01 00:00:18.086   350   350 D mm-camera-img: img_core_get_comp:37] role 4 name qcom.gen_frameproc
01-01 00:00:18.086   350   350 D mm-camera-img: img_core_get_comp:42] comp_index[0] role 0 name qcom.wavelet
01-01 00:00:18.086   350   350 D mm-camera-img: img_core_get_comp:42] comp_index[1] role 1 name qcom.hdr
01-01 00:00:18.086   350   350 D mm-camera-img: img_core_get_comp:42] comp_index[2] role 2 name qcom.faceproc
01-01 00:00:18.086   350   350 D mm-camera-img: img_core_get_comp:42] comp_index[3] role 3 name qcom.cac
01-01 00:00:18.086   350   350 D mm-camera-img: img_core_get_comp:42] comp_index[4] role 4 name qcom.gen_frameproc
01-01 00:00:18.086   350   350 D mm-camera-img: img_core_get_comp:47] find component role 4 name qcom.gen_frameproc
01-01 00:00:18.086   350   350 E mm-camera-img: frameproc_comp_load:818] Error opening frameproc library libmmcamera_ubifocus_lib.so
01-01 00:00:18.086   350   350 E mm-camera: module_imgbase_init:1070] Error rc -6
01-01 00:00:18.086   350   350 E mm-camera-img: module_imglib_create_topology:628] Can not init the module imglib_ubifocus
01-01 00:00:18.086   350   350 D mm-camera-img: img_core_get_comp:37] role 4 name qcom.gen_frameproc
01-01 00:00:18.086   350   350 D mm-camera-img: img_core_get_comp:42] comp_index[0] role 0 name qcom.wavelet
01-01 00:00:18.086   350   350 D mm-camera-img: img_core_get_comp:42] comp_index[1] role 1 name qcom.hdr
01-01 00:00:18.086   350   350 D mm-camera-img: img_core_get_comp:42] comp_index[2] role 2 name qcom.faceproc
01-01 00:00:18.086   350   350 D mm-camera-img: img_core_get_comp:42] comp_index[3] role 3 name qcom.cac
01-01 00:00:18.086   350   350 D mm-camera-img: img_core_get_comp:42] comp_index[4] role 4 name qcom.gen_frameproc
01-01 00:00:18.086   350   350 D mm-camera-img: img_core_get_comp:47] find component role 4 name qcom.gen_frameproc
01-01 00:00:18.086   350   350 E mm-camera-img: frameproc_comp_load:818] Error opening frameproc library libmmcamera_ubifocus_lib.so
01-01 00:00:18.086   350   350 E mm-camera: module_imgbase_init:1070] Error rc -6
01-01 00:00:18.086   350   350 E mm-camera-img: module_imglib_create_topology:628] Can not init the module imglib_refocus
01-01 00:00:18.086   350   350 D mm-camera-img: module_imglib_create_dummy_port:2001 portname imglib_dymmy_d1_i0
01-01 00:00:18.088   391   391 I sh      : Error connecting (Connection refused)
01-01 00:00:18.098   391   391 I sh      : Error connecting (Connection refused)
01-01 00:00:18.106   391   391 I sh      : Error connecting (Connection refused)
01-01 00:00:18.112   391   391 I sh      : Error connecting (Connection refused)
01-01 00:00:18.119   391   391 I sh      : Error connecting (Connection refused)
01-01 00:00:18.125   391   391 I sh      : Error connecting (Connection refused)
01-01 00:00:18.138   391   391 I sh      : Error connecting (Connection refused)
01-01 00:00:18.147   391   391 I sh      : Error connecting (Connection refused)
01-01 00:00:18.147   391   391 I sh      : sh terminated by exit(4)
01-01 00:00:18.253   324   324 I SamplingProfilerIntegration: Profiling disabled.
01-01 00:00:18.262   324   324 D Zygote  : begin preload
01-01 00:00:18.289   324   324 I Zygote  : Preloading classes...
01-01 00:00:18.292   249   249 D qdhwcomposer: hwc_setPowerMode: Done setting mode 2 on display 0
01-01 00:00:18.307   324   324 I art     : Explicit concurrent mark sweep GC freed 1004(56KB) AllocSpace objects, 0(0B) LOS objects, 93% free, 76KB/1100KB, paused 105us total 17.325ms
01-01 00:00:18.316   324   324 I art     : Counter: 1
01-01 00:00:18.579  1228  1228 I nmbd    : type=1400 audit(0.0:17): avc: denied { setopt } for scontext=u:r:init:s0 tcontext=u:r:init:s0 tclass=udp_socket permissive=1
01-01 00:00:18.579  1228  1228 I nmbd    : type=1400 audit(0.0:18): avc: denied { bind } for scontext=u:r:init:s0 tcontext=u:r:init:s0 tclass=udp_socket permissive=1
01-01 00:00:18.579  1228  1228 I nmbd    : type=1400 audit(0.0:19): avc: denied { name_bind } for src=137 scontext=u:r:init:s0 tcontext=u:object_r:port:s0 tclass=udp_socket permissive=1
01-01 00:00:18.579  1228  1228 I nmbd    : type=1400 audit(0.0:20): avc: denied { node_bind } for src=137 scontext=u:r:init:s0 tcontext=u:object_r:node:s0 tclass=udp_socket permissive=1
01-01 00:00:18.579  1228  1228 I nmbd    : type=1400 audit(0.0:21): avc: denied { getopt } for lport=137 scontext=u:r:init:s0 tcontext=u:r:init:s0 tclass=udp_socket permissive=1
01-01 00:00:18.580   324   324 E Minikin : addFont failed to create font /system/fonts/NotoSansGujarati-Regular.ttf
01-01 00:00:18.580   324   324 E Minikin : addFont failed to create font /system/fonts/NotoSansGujarati-Bold.ttf
01-01 00:00:18.580   324   324 E Minikin : addFont failed to create font /system/fonts/NotoSansGujaratiUI-Regular.ttf
01-01 00:00:18.580   324   324 E Minikin : addFont failed to create font /system/fonts/NotoSansGujaratiUI-Bold.ttf
01-01 00:00:18.580   324   324 E Minikin : addFont failed to create font /system/fonts/NotoSansGurmukhi-Regular.ttf
01-01 00:00:18.580   324   324 E Minikin : addFont failed to create font /system/fonts/NotoSansGurmukhi-Bold.ttf
01-01 00:00:18.580   324   324 E Minikin : addFont failed to create font /system/fonts/NotoSansGurmukhiUI-Regular.ttf
01-01 00:00:18.580   324   324 E Minikin : addFont failed to create font /system/fonts/NotoSansGurmukhiUI-Bold.ttf
01-01 00:00:18.609   324   324 E Minikin : addFont failed to create font /system/fonts/NotoSansSinhala-Regular.ttf
01-01 00:00:18.609   324   324 E Minikin : addFont failed to create font /system/fonts/NotoSansSinhala-Bold.ttf
01-01 00:00:18.625   324   324 E Minikin : addFont failed to create font /system/fonts/NotoSansCherokee-Regular.ttf
01-01 00:00:18.625   324   324 E Minikin : addFont failed to create font /system/fonts/NotoSansCanadianAboriginal-Regular.ttf
01-01 00:00:18.625   324   324 E Minikin : addFont failed to create font /system/fonts/NotoSansYi-Regular.ttf
01-01 00:00:18.625   324   324 E Minikin : addFont failed to create font /system/fonts/NotoSansHans-Regular.otf
01-01 00:00:18.625   324   324 E Minikin : addFont failed to create font /system/fonts/NotoSansHant-Regular.otf
01-01 00:00:18.625   324   324 E Minikin : addFont failed to create font /system/fonts/NotoSansJP-Regular.otf
01-01 00:00:18.625   324   324 E Minikin : addFont failed to create font /system/fonts/NotoSansKR-Regular.otf
01-01 00:00:18.780   303   303 V NatController: runCmd(/system/bin/iptables -F natctrl_FORWARD) res=0
01-01 00:00:18.788   303   303 V NatController: runCmd(/system/bin/iptables -A natctrl_FORWARD -j DROP) res=0
01-01 00:00:18.799   303   303 V NatController: runCmd(/system/bin/iptables -t nat -F natctrl_nat_POSTROUTING) res=0
01-01 00:00:18.802   249   615 W SurfaceFlinger: Timed out waiting for hw vsync; faking it
01-01 00:00:18.806   303   303 V NatController: runCmd(/system/bin/iptables -F natctrl_tether_counters) res=1
01-01 00:00:18.813   303   303 V NatController: runCmd(/system/bin/iptables -X natctrl_tether_counters) res=1
01-01 00:00:18.821   303   303 V NatController: runCmd(/system/bin/iptables -N natctrl_tether_counters) res=0
01-01 00:00:18.829   303   303 V NatController: runCmd(/system/bin/iptables -t mangle -A natctrl_mangle_FORWARD -p tcp --tcp-flags SYN SYN -j TCPMSS --clamp-mss-to-pmtu) res=1
01-01 00:00:18.870   324   324 I art     : Thread[1,tid=324,WaitingForJniOnLoad,Thread*=0xb5107800,peer=0x12c430e0,"main"] recursive attempt to load library "/system/lib/libmedia_jni.so"
01-01 00:00:18.870   324   324 D MtpDeviceJNI: register_android_mtp_MtpDevice
01-01 00:00:18.873   324   324 I art     : Thread[1,tid=324,WaitingForJniOnLoad,Thread*=0xb5107800,peer=0x12c430e0,"main"] recursive attempt to load library "/system/lib/libmedia_jni.so"
01-01 00:00:18.873   324   324 I art     : Thread[1,tid=324,WaitingForJniOnLoad,Thread*=0xb5107800,peer=0x12c430e0,"main"] recursive attempt to load library "/system/lib/libmedia_jni.so"
01-01 00:00:18.951   309   309 I ServiceManager: Waiting for service batterystats...
01-01 00:00:18.990   324   324 E EmojiFactory_jni: Failed to load libemoji.so: dlopen failed: library "libemoji.so" not found
01-01 00:00:19.001   347   347 E QC-time-services: Daemon:genoff_modem_qmi_init: qmi_client_get_service_list returned -2num_services 0
01-01 00:00:19.077   249   249 D SurfaceFlinger: shader cache generated - 24 shaders in 274.354340 ms
01-01 00:00:19.102   249   249 D qdutils : DEBUG_CALC_FPS: 0
01-01 00:00:19.102   249   249 D qdutils : period: 10
01-01 00:00:19.102   249   249 D qdutils : ignorethresh_us: 500000
01-01 00:00:19.297   324   324 I System  : Loaded time zone names for "" in 50ms (47ms in ICU)
01-01 00:00:19.329   324   324 I System  : Loaded time zone names for "en_US" in 32ms (28ms in ICU)
01-01 00:00:19.358   303   303 E Netd    : failed to flush rules
01-01 00:00:19.358   303   303 E CommandListener: failed to initialize RouteController (Remote I/O error)
01-01 00:00:19.359   303   303 D MDnsDS  : MDnsSdListener::Hander starting up
01-01 00:00:19.360   303  1332 D MDnsDS  : MDnsSdListener starting to monitor
01-01 00:00:19.360   303  1332 D MDnsDS  : Going to poll with pollCount 1
01-01 00:00:19.375   324   324 I art     : Explicit concurrent mark sweep GC freed 1381(92KB) AllocSpace objects, 0(0B) LOS objects, 39% free, 1546KB/2MB, paused 152us total 6.267ms
01-01 00:00:19.375   324   324 I Zygote  : ...preloaded 3005 classes in 1086ms.
01-01 00:00:19.375   324   324 I art     : VMRuntime.preloadDexCaches starting
01-01 00:00:19.442   324   324 I art     : VMRuntime.preloadDexCaches strings total=214120 before=39691 after=39691
01-01 00:00:19.442   324   324 I art     : VMRuntime.preloadDexCaches types total=18395 before=6366 after=6407
01-01 00:00:19.442   324   324 I art     : VMRuntime.preloadDexCaches fields total=86519 before=32240 after=32603
01-01 00:00:19.442   324   324 I art     : VMRuntime.preloadDexCaches methods total=152052 before=66290 after=67192
01-01 00:00:19.442   324   324 I art     : VMRuntime.preloadDexCaches finished
01-01 00:00:19.442   324   324 I art     : Counter: 0
01-01 00:00:19.442   324   324 I art     : Counter: 1
01-01 00:00:19.448   324   324 I art     : Explicit concurrent mark sweep GC freed 59(15KB) AllocSpace objects, 0(0B) LOS objects, 40% free, 1531KB/2MB, paused 102us total 5.631ms
01-01 00:00:19.464  1336  1336 D idmap   : error: no read access to /vendor/overlay: No such file or directory
01-01 00:00:19.539   324   324 I Zygote  : Preloading resources...
01-01 00:00:19.547   324   324 W Resources: Preloaded drawable resource #0x1080096 (android:drawable/toast_frame) that varies with configuration!!
01-01 00:00:19.548   324   324 W Resources: Preloaded drawable resource #0x1080111 (android:drawable/btn_check_on_pressed_holo_light) that varies with configuration!!
01-01 00:00:19.549   324   324 W Resources: Preloaded drawable resource #0x1080110 (android:drawable/btn_check_on_pressed_holo_dark) that varies with configuration!!
01-01 00:00:19.550   324   324 W Resources: Preloaded drawable resource #0x108010d (android:drawable/btn_check_on_holo_light) that varies with configuration!!
01-01 00:00:19.551   324   324 W Resources: Preloaded drawable resource #0x108010c (android:drawable/btn_check_on_holo_dark) that varies with configuration!!
01-01 00:00:19.552   324   324 W Resources: Preloaded drawable resource #0x108010a (android:drawable/btn_check_on_focused_holo_light) that varies with configuration!!
01-01 00:00:19.552   324   324 W Resources: Preloaded drawable resource #0x1080109 (android:drawable/btn_check_on_focused_holo_dark) that varies with configuration!!
01-01 00:00:19.553   324   324 W Resources: Preloaded drawable resource #0x1080108 (android:drawable/btn_check_on_disabled_holo_light) that varies with configuration!!
01-01 00:00:19.553   324   324 W Resources: Preloaded drawable resource #0x1080107 (android:drawable/btn_check_on_disabled_holo_dark) that varies with configuration!!
01-01 00:00:19.554   324   324 W Resources: Preloaded drawable resource #0x1080106 (android:drawable/btn_check_on_disabled_focused_holo_light) that varies with configuration!!
01-01 00:00:19.554   324   324 W Resources: Preloaded drawable resource #0x1080105 (android:drawable/btn_check_on_disabled_focused_holo_dark) that varies with configuration!!
01-01 00:00:19.555   324   324 W Resources: Preloaded drawable resource #0x10800fd (android:drawable/btn_check_off_pressed_holo_light) that varies with configuration!!
01-01 00:00:19.555   324   324 W Resources: Preloaded drawable resource #0x10800fc (android:drawable/btn_check_off_pressed_holo_dark) that varies with configuration!!
01-01 00:00:19.556   324   324 W Resources: Preloaded drawable resource #0x10800f7 (android:drawable/btn_check_off_holo_light) that varies with configuration!!
01-01 00:00:19.556   324   324 W Resources: Preloaded drawable resource #0x10800f6 (android:drawable/btn_check_off_holo_dark) that varies with configuration!!
01-01 00:00:19.557   324   324 W Resources: Preloaded drawable resource #0x10800f4 (android:drawable/btn_check_off_focused_holo_light) that varies with configuration!!
01-01 00:00:19.557   324   324 W Resources: Preloaded drawable resource #0x10800f3 (android:drawable/btn_check_off_focused_holo_dark) that varies with configuration!!
01-01 00:00:19.558   324   324 W Resources: Preloaded drawable resource #0x10800f2 (android:drawable/btn_check_off_disabled_holo_light) that varies with configuration!!
01-01 00:00:19.558   324   324 W Resources: Preloaded drawable resource #0x10800f1 (android:drawable/btn_check_off_disabled_holo_dark) that varies with configuration!!
01-01 00:00:19.559   324   324 W Resources: Preloaded drawable resource #0x10800f0 (android:drawable/btn_check_off_disabled_focused_holo_light) that varies with configuration!!
01-01 00:00:19.559   324   324 W Resources: Preloaded drawable resource #0x10800ef (android:drawable/btn_check_off_disabled_focused_holo_dark) that varies with configuration!!
01-01 00:00:19.560   324   324 W Resources: Preloaded drawable resource #0x108010d (android:drawable/btn_check_on_holo_light) that varies with configuration!!
01-01 00:00:19.560   324   324 W Resources: Preloaded drawable resource #0x10800f7 (android:drawable/btn_check_off_holo_light) that varies with configuration!!
01-01 00:00:19.560   324   324 W Resources: Preloaded drawable resource #0x1080111 (android:drawable/btn_check_on_pressed_holo_light) that varies with configuration!!
01-01 00:00:19.561   324   324 W Resources: Preloaded drawable resource #0x10800fd (android:drawable/btn_check_off_pressed_holo_light) that varies with configuration!!
01-01 00:00:19.561   324   324 W Resources: Preloaded drawable resource #0x108010a (android:drawable/btn_check_on_focused_holo_light) that varies with configuration!!
01-01 00:00:19.561   324   324 W Resources: Preloaded drawable resource #0x10800f4 (android:drawable/btn_check_off_focused_holo_light) that varies with configuration!!
01-01 00:00:19.562   324   324 W Resources: Preloaded drawable resource #0x10800f7 (android:drawable/btn_check_off_holo_light) that varies with configuration!!
01-01 00:00:19.562   324   324 W Resources: Preloaded drawable resource #0x108010d (android:drawable/btn_check_on_holo_light) that varies with configuration!!
01-01 00:00:19.562   324   324 W Resources: Preloaded drawable resource #0x1080108 (android:drawable/btn_check_on_disabled_holo_light) that varies with configuration!!
01-01 00:00:19.563   324   324 W Resources: Preloaded drawable resource #0x10800f2 (android:drawable/btn_check_off_disabled_holo_light) that varies with configuration!!
01-01 00:00:19.563   324   324 W Resources: Preloaded drawable resource #0x1080106 (android:drawable/btn_check_on_disabled_focused_holo_light) that varies with configuration!!
01-01 00:00:19.564   324   324 W Resources: Preloaded drawable resource #0x10800f0 (android:drawable/btn_check_off_disabled_focused_holo_light) that varies with configuration!!
01-01 00:00:19.564   324   324 W Resources: Preloaded drawable resource #0x10800f2 (android:drawable/btn_check_off_disabled_holo_light) that varies with configuration!!
01-01 00:00:19.564   324   324 W Resources: Preloaded drawable resource #0x1080108 (android:drawable/btn_check_on_disabled_holo_light) that varies with configuration!!
01-01 00:00:19.564   324   324 W Resources: Preloaded drawable resource #0x10800e5 (android:drawable/btn_check_holo_light) that varies with configuration!!
01-01 00:00:19.565   324   324 W Resources: Preloaded drawable resource #0x108010c (android:drawable/btn_check_on_holo_dark) that varies with configuration!!
01-01 00:00:19.565   324   324 W Resources: Preloaded drawable resource #0x10800f6 (android:drawable/btn_check_off_holo_dark) that varies with configuration!!
01-01 00:00:19.566   324   324 W Resources: Preloaded drawable resource #0x1080110 (android:drawable/btn_check_on_pressed_holo_dark) that varies with configuration!!
01-01 00:00:19.566   324   324 W Resources: Preloaded drawable resource #0x10800fc (android:drawable/btn_check_off_pressed_holo_dark) that varies with configuration!!
01-01 00:00:19.567   324   324 W Resources: Preloaded drawable resource #0x1080109 (android:drawable/btn_check_on_focused_holo_dark) that varies with configuration!!
01-01 00:00:19.567   324   324 W Resources: Preloaded drawable resource #0x10800f3 (android:drawable/btn_check_off_focused_holo_dark) that varies with configuration!!
01-01 00:00:19.568   324   324 W Resources: Preloaded drawable resource #0x10800f6 (android:drawable/btn_check_off_holo_dark) that varies with configuration!!
01-01 00:00:19.568   324   324 W Resources: Preloaded drawable resource #0x108010c (android:drawable/btn_check_on_holo_dark) that varies with configuration!!
01-01 00:00:19.568   324   324 W Resources: Preloaded drawable resource #0x1080107 (android:drawable/btn_check_on_disabled_holo_dark) that varies with configuration!!
01-01 00:00:19.569   324   324 W Resources: Preloaded drawable resource #0x10800f1 (android:drawable/btn_check_off_disabled_holo_dark) that varies with configuration!!
01-01 00:00:19.569   324   324 W Resources: Preloaded drawable resource #0x1080105 (android:drawable/btn_check_on_disabled_focused_holo_dark) that varies with configuration!!
01-01 00:00:19.570   324   324 W Resources: Preloaded drawable resource #0x10800ef (android:drawable/btn_check_off_disabled_focused_holo_dark) that varies with configuration!!
01-01 00:00:19.570   324   324 W Resources: Preloaded drawable resource #0x10800f1 (android:drawable/btn_check_off_disabled_holo_dark) that varies with configuration!!
01-01 00:00:19.571   324   324 W Resources: Preloaded drawable resource #0x1080107 (android:drawable/btn_check_on_disabled_holo_dark) that varies with configuration!!
01-01 00:00:19.571   324   324 W Resources: Preloaded drawable resource #0x10800e4 (android:drawable/btn_check_holo_dark) that varies with configuration!!
01-01 00:00:19.572   324   324 W Resources: Preloaded drawable resource #0x10801c3 (android:drawable/btn_radio_on_pressed_holo_light) that varies with configuration!!
01-01 00:00:19.573   324   324 W Resources: Preloaded drawable resource #0x10801c2 (android:drawable/btn_radio_on_pressed_holo_dark) that varies with configuration!!
01-01 00:00:19.573   324   324 W Resources: Preloaded drawable resource #0x10801bf (android:drawable/btn_radio_on_holo_light) that varies with configuration!!
01-01 00:00:19.574   324   324 W Resources: Preloaded drawable resource #0x10801be (android:drawable/btn_radio_on_holo_dark) that varies with configuration!!
01-01 00:00:19.575   324   324 W Resources: Preloaded drawable resource #0x10801bc (android:drawable/btn_radio_on_focused_holo_light) that varies with configuration!!
01-01 00:00:19.575   324   324 W Resources: Preloaded drawable resource #0x10801bb (android:drawable/btn_radio_on_focused_holo_dark) that varies with configuration!!
01-01 00:00:19.576   324   324 W Resources: Preloaded drawable resource #0x10801ba (android:drawable/btn_radio_on_disabled_holo_light) that varies with configuration!!
01-01 00:00:19.576   324   324 W Resources: Preloaded drawable resource #0x10801b9 (android:drawable/btn_radio_on_disabled_holo_dark) that varies with configuration!!
01-01 00:00:19.577   324   324 W Resources: Preloaded drawable resource #0x10801b8 (android:drawable/btn_radio_on_disabled_focused_holo_light) that varies with configuration!!
01-01 00:00:19.577   324   324 W Resources: Preloaded drawable resource #0x10801b7 (android:drawable/btn_radio_on_disabled_focused_holo_dark) that varies with configuration!!
01-01 00:00:19.578   324   324 W Resources: Preloaded drawable resource #0x10801b3 (android:drawable/btn_radio_off_pressed_holo_light) that varies with configuration!!
01-01 00:00:19.578   324   324 W Resources: Preloaded drawable resource #0x10801b2 (android:drawable/btn_radio_off_pressed_holo_dark) that varies with configuration!!
01-01 00:00:19.579   324   324 W Resources: Preloaded drawable resource #0x10801af (android:drawable/btn_radio_off_holo_light) that varies with configuration!!
01-01 00:00:19.580   324   324 W Resources: Preloaded drawable resource #0x10801ae (android:drawable/btn_radio_off_holo_dark) that varies with configuration!!
01-01 00:00:19.580   324   324 W Resources: Preloaded drawable resource #0x10801ac (android:drawable/btn_radio_off_focused_holo_light) that varies with configuration!!
01-01 00:00:19.581   324   324 W Resources: Preloaded drawable resource #0x10801ab (android:drawable/btn_radio_off_focused_holo_dark) that varies with configuration!!
01-01 00:00:19.581   324   324 W Resources: Preloaded drawable resource #0x10801aa (android:drawable/btn_radio_off_disabled_holo_light) that varies with configuration!!
01-01 00:00:19.582   324   324 W Resources: Preloaded drawable resource #0x10801a9 (android:drawable/btn_radio_off_disabled_holo_dark) that varies with configuration!!
01-01 00:00:19.582   324   324 W Resources: Preloaded drawable resource #0x10801a8 (android:drawable/btn_radio_off_disabled_focused_holo_light) that varies with configuration!!
01-01 00:00:19.583   324   324 W Resources: Preloaded drawable resource #0x10801a7 (android:drawable/btn_radio_off_disabled_focused_holo_dark) that varies with configuration!!
01-01 00:00:19.584   324   324 W Resources: Preloaded drawable resource #0x1080152 (android:drawable/btn_default_pressed_holo_light) that varies with configuration!!
01-01 00:00:19.585   324   324 W Resources: Preloaded drawable resource #0x1080151 (android:drawable/btn_default_pressed_holo_dark) that varies with configuration!!
01-01 00:00:19.585   324   324 W Resources: Preloaded drawable resource #0x108014e (android:drawable/btn_default_normal_holo_light) that varies with configuration!!
01-01 00:00:19.586   324   324 W Resources: Preloaded drawable resource #0x108014d (android:drawable/btn_default_normal_holo_dark) that varies with configuration!!
01-01 00:00:19.586   324   324 W Resources: Preloaded drawable resource #0x1080144 (android:drawable/btn_default_focused_holo_light) that varies with configuration!!
01-01 00:00:19.587   324   324 W Resources: Preloaded drawable resource #0x1080143 (android:drawable/btn_default_focused_holo_dark) that varies with configuration!!
01-01 00:00:19.587   324   324 W Resources: Preloaded drawable resource #0x1080141 (android:drawable/btn_default_disabled_holo_light) that varies with configuration!!
01-01 00:00:19.588   324   324 W Resources: Preloaded drawable resource #0x1080140 (android:drawable/btn_default_disabled_holo_dark) that varies with configuration!!
01-01 00:00:19.589   324   324 W Resources: Preloaded drawable resource #0x108013e (android:drawable/btn_default_disabled_focused_holo_light) that varies with configuration!!
01-01 00:00:19.589   324   324 W Resources: Preloaded drawable resource #0x108013d (android:drawable/btn_default_disabled_focused_holo_dark) that varies with configuration!!
01-01 00:00:19.589   324   324 W Resources: Preloaded drawable resource #0x108014d (android:drawable/btn_default_normal_holo_dark) that varies with configuration!!
01-01 00:00:19.590   324   324 W Resources: Preloaded drawable resource #0x1080140 (android:drawable/btn_default_disabled_holo_dark) that varies with configuration!!
01-01 00:00:19.590   324   324 W Resources: Preloaded drawable resource #0x1080151 (android:drawable/btn_default_pressed_holo_dark) that varies with configuration!!
01-01 00:00:19.590   324   324 W Resources: Preloaded drawable resource #0x1080143 (android:drawable/btn_default_focused_holo_dark) that varies with configuration!!
01-01 00:00:19.591   324   324 W Resources: Preloaded drawable resource #0x108014d (android:drawable/btn_default_normal_holo_dark) that varies with configuration!!
01-01 00:00:19.591   324   324 W Resources: Preloaded drawable resource #0x108013d (android:drawable/btn_default_disabled_focused_holo_dark) that varies with configuration!!
01-01 00:00:19.591   324   324 W Resources: Preloaded drawable resource #0x1080140 (android:drawable/btn_default_disabled_holo_dark) that varies with configuration!!
01-01 00:00:19.591   324   324 W Resources: Preloaded drawable resource #0x1080145 (android:drawable/btn_default_holo_dark) that varies with configuration!!
01-01 00:00:19.592   324   324 W Resources: Preloaded drawable resource #0x108014e (android:drawable/btn_default_normal_holo_light) that varies with configuration!!
01-01 00:00:19.592   324   324 W Resources: Preloaded drawable resource #0x1080141 (android:drawable/btn_default_disabled_holo_light) that varies with configuration!!
01-01 00:00:19.593   324   324 W Resources: Preloaded drawable resource #0x1080152 (android:drawable/btn_default_pressed_holo_light) that varies with configuration!!
01-01 00:00:19.593   324   324 W Resources: Preloaded drawable resource #0x1080144 (android:drawable/btn_default_focused_holo_light) that varies with configuration!!
01-01 00:00:19.593   324   324 W Resources: Preloaded drawable resource #0x108014e (android:drawable/btn_default_normal_holo_light) that varies with configuration!!
01-01 00:00:19.594   324   324 W Resources: Preloaded drawable resource #0x108013e (android:drawable/btn_default_disabled_focused_holo_light) that varies with configuration!!
01-01 00:00:19.594   324   324 W Resources: Preloaded drawable resource #0x1080141 (android:drawable/btn_default_disabled_holo_light) that varies with configuration!!
01-01 00:00:19.594   324   324 W Resources: Preloaded drawable resource #0x1080146 (android:drawable/btn_default_holo_light) that varies with configuration!!
01-01 00:00:19.595   324   324 W Resources: Preloaded drawable resource #0x1080224 (android:drawable/btn_star_off_normal_holo_light) that varies with configuration!!
01-01 00:00:19.602   324   324 W Resources: Preloaded drawable resource #0x108022e (android:drawable/btn_star_on_normal_holo_light) that varies with configuration!!
01-01 00:00:19.603   324   324 W Resources: Preloaded drawable resource #0x108022a (android:drawable/btn_star_on_disabled_holo_light) that varies with configuration!!
01-01 00:00:19.603   324   324 W Resources: Preloaded drawable resource #0x1080220 (android:drawable/btn_star_off_disabled_holo_light) that varies with configuration!!
01-01 00:00:19.603   324   324 W Resources: Preloaded drawable resource #0x1080230 (android:drawable/btn_star_on_pressed_holo_light) that varies with configuration!!
01-01 00:00:19.604   324   324 W Resources: Preloaded drawable resource #0x1080226 (android:drawable/btn_star_off_pressed_holo_light) that varies with configuration!!
01-01 00:00:19.604   324   324 W Resources: Preloaded drawable resource #0x108022c (android:drawable/btn_star_on_focused_holo_light) that varies with configuration!!
01-01 00:00:19.605   324   324 W Resources: Preloaded drawable resource #0x1080222 (android:drawable/btn_star_off_focused_holo_light) that varies with configuration!!
01-01 00:00:19.605   324   324 W Resources: Preloaded drawable resource #0x1080228 (android:drawable/btn_star_on_disabled_focused_holo_light) that varies with configuration!!
01-01 00:00:19.606   324   324 W Resources: Preloaded drawable resource #0x108021e (android:drawable/btn_star_off_disabled_focused_holo_light) that varies with configuration!!
01-01 00:00:19.606   324   324 W Resources: Preloaded drawable resource #0x1080224 (android:drawable/btn_star_off_normal_holo_light) that varies with configuration!!
01-01 00:00:19.607   324   324 W Resources: Preloaded drawable resource #0x108022e (android:drawable/btn_star_on_normal_holo_light) that varies with configuration!!
01-01 00:00:19.607   324   324 W Resources: Preloaded drawable resource #0x108022a (android:drawable/btn_star_on_disabled_holo_light) that varies with configuration!!
01-01 00:00:19.608   324   324 W Resources: Preloaded drawable resource #0x1080220 (android:drawable/btn_star_off_disabled_holo_light) that varies with configuration!!
01-01 00:00:19.608   324   324 W Resources: Preloaded drawable resource #0x1080230 (android:drawable/btn_star_on_pressed_holo_light) that varies with configuration!!
01-01 00:00:19.609   324   324 W Resources: Preloaded drawable resource #0x1080226 (android:drawable/btn_star_off_pressed_holo_light) that varies with configuration!!
01-01 00:00:19.609   324   324 W Resources: Preloaded drawable resource #0x108022c (android:drawable/btn_star_on_focused_holo_light) that varies with configuration!!
01-01 00:00:19.610   324   324 W Resources: Preloaded drawable resource #0x1080222 (android:drawable/btn_star_off_focused_holo_light) that varies with configuration!!
01-01 00:00:19.617   324   324 W Resources: Preloaded drawable resource #0x1080228 (android:drawable/btn_star_on_disabled_focused_holo_light) that varies with configuration!!
01-01 00:00:19.618   324   324 W Resources: Preloaded drawable resource #0x108022a (android:drawable/btn_star_on_disabled_holo_light) that varies with configuration!!
01-01 00:00:19.619   324   324 W Resources: Preloaded drawable resource #0x108021e (android:drawable/btn_star_off_disabled_focused_holo_light) that varies with configuration!!
01-01 00:00:19.619   324   324 W Resources: Preloaded drawable resource #0x1080220 (android:drawable/btn_star_off_disabled_holo_light) that varies with configuration!!
01-01 00:00:19.620   324   324 W Resources: Preloaded drawable resource #0x1080224 (android:drawable/btn_star_off_normal_holo_light) that varies with configuration!!
01-01 00:00:19.620   324   324 W Resources: Preloaded drawable resource #0x108022e (android:drawable/btn_star_on_normal_holo_light) that varies with configuration!!
01-01 00:00:19.620   324   324 W Resources: Preloaded drawable resource #0x1080219 (android:drawable/btn_star_holo_light) that varies with configuration!!
01-01 00:00:19.625   324   324 W Resources: Preloaded drawable resource #0x1080223 (android:drawable/btn_star_off_normal_holo_dark) that varies with configuration!!
01-01 00:00:19.625   324   324 W Resources: Preloaded drawable resource #0x108022d (android:drawable/btn_star_on_normal_holo_dark) that varies with configuration!!
01-01 00:00:19.626   324   324 W Resources: Preloaded drawable resource #0x1080229 (android:drawable/btn_star_on_disabled_holo_dark) that varies with configuration!!
01-01 00:00:19.626   324   324 W Resources: Preloaded drawable resource #0x108021f (android:drawable/btn_star_off_disabled_holo_dark) that varies with configuration!!
01-01 00:00:19.626   324   324 W Resources: Preloaded drawable resource #0x108022f (android:drawable/btn_star_on_pressed_holo_dark) that varies with configuration!!
01-01 00:00:19.627   324   324 W Resources: Preloaded drawable resource #0x1080225 (android:drawable/btn_star_off_pressed_holo_dark) that varies with configuration!!
01-01 00:00:19.627   324   324 W Resources: Preloaded drawable resource #0x108022b (android:drawable/btn_star_on_focused_holo_dark) that varies with configuration!!
01-01 00:00:19.628   324   324 W Resources: Preloaded drawable resource #0x1080221 (android:drawable/btn_star_off_focused_holo_dark) that varies with configuration!!
01-01 00:00:19.628   324   324 W Resources: Preloaded drawable resource #0x1080227 (android:drawable/btn_star_on_disabled_focused_holo_dark) that varies with configuration!!
01-01 00:00:19.629   324   324 W Resources: Preloaded drawable resource #0x108021d (android:drawable/btn_star_off_disabled_focused_holo_dark) that varies with configuration!!
01-01 00:00:19.629   324   324 W Resources: Preloaded drawable resource #0x1080223 (android:drawable/btn_star_off_normal_holo_dark) that varies with configuration!!
01-01 00:00:19.629   324   324 W Resources: Preloaded drawable resource #0x108022d (android:drawable/btn_star_on_normal_holo_dark) that varies with configuration!!
01-01 00:00:19.630   324   324 W Resources: Preloaded drawable resource #0x1080229 (android:drawable/btn_star_on_disabled_holo_dark) that varies with configuration!!
01-01 00:00:19.630   324   324 W Resources: Preloaded drawable resource #0x108021f (android:drawable/btn_star_off_disabled_holo_dark) that varies with configuration!!
01-01 00:00:19.630   324   324 W Resources: Preloaded drawable resource #0x108022f (android:drawable/btn_star_on_pressed_holo_dark) that varies with configuration!!
01-01 00:00:19.631   324   324 W Resources: Preloaded drawable resource #0x1080225 (android:drawable/btn_star_off_pressed_holo_dark) that varies with configuration!!
01-01 00:00:19.631   324   324 W Resources: Preloaded drawable resource #0x108022b (android:drawable/btn_star_on_focused_holo_dark) that varies with configuration!!
01-01 00:00:19.632   324   324 W Resources: Preloaded drawable resource #0x1080221 (android:drawable/btn_star_off_focused_holo_dark) that varies with configuration!!
01-01 00:00:19.632   324   324 W Resources: Preloaded drawable resource #0x1080227 (android:drawable/btn_star_on_disabled_focused_holo_dark) that varies with configuration!!
01-01 00:00:19.632   324   324 W Resources: Preloaded drawable resource #0x1080229 (android:drawable/btn_star_on_disabled_holo_dark) that varies with configuration!!
01-01 00:00:19.633   324   324 W Resources: Preloaded drawable resource #0x108021d (android:drawable/btn_star_off_disabled_focused_holo_dark) that varies with configuration!!
01-01 00:00:19.633   324   324 W Resources: Preloaded drawable resource #0x108021f (android:drawable/btn_star_off_disabled_holo_dark) that varies with configuration!!
01-01 00:00:19.633   324   324 W Resources: Preloaded drawable resource #0x1080223 (android:drawable/btn_star_off_normal_holo_dark) that varies with configuration!!
01-01 00:00:19.634   324   324 W Resources: Preloaded drawable resource #0x108022d (android:drawable/btn_star_on_normal_holo_dark) that varies with configuration!!
01-01 00:00:19.634   324   324 W Resources: Preloaded drawable resource #0x1080218 (android:drawable/btn_star_holo_dark) that varies with configuration!!
01-01 00:00:19.634   324   324 W Resources: Preloaded drawable resource #0x1080264 (android:drawable/btn_toggle_on_pressed_holo_light) that varies with configuration!!
01-01 00:00:19.635   324   324 W Resources: Preloaded drawable resource #0x1080263 (android:drawable/btn_toggle_on_pressed_holo_dark) that varies with configuration!!
01-01 00:00:19.635   324   324 W Resources: Preloaded drawable resource #0x1080262 (android:drawable/btn_toggle_on_normal_holo_light) that varies with configuration!!
01-01 00:00:19.635   324   324 W Resources: Preloaded drawable resource #0x1080261 (android:drawable/btn_toggle_on_normal_holo_dark) that varies with configuration!!
01-01 00:00:19.636   324   324 W Resources: Preloaded drawable resource #0x1080260 (android:drawable/btn_toggle_on_focused_holo_light) that varies with configuration!!
01-01 00:00:19.636   324   324 W Resources: Preloaded drawable resource #0x108025f (android:drawable/btn_toggle_on_focused_holo_dark) that varies with configuration!!
01-01 00:00:19.636   324   324 W Resources: Preloaded drawable resource #0x108025e (android:drawable/btn_toggle_on_disabled_holo_light) that varies with configuration!!
01-01 00:00:19.637   324   324 W Resources: Preloaded drawable resource #0x108025d (android:drawable/btn_toggle_on_disabled_holo_dark) that varies with configuration!!
01-01 00:00:19.637   324   324 W Resources: Preloaded drawable resource #0x108025c (android:drawable/btn_toggle_on_disabled_focused_holo_light) that varies with configuration!!
01-01 00:00:19.638   324   324 W Resources: Preloaded drawable resource #0x108025b (android:drawable/btn_toggle_on_disabled_focused_holo_dark) that varies with configuration!!
01-01 00:00:19.638   324   324 W Resources: Preloaded drawable resource #0x1080259 (android:drawable/btn_toggle_off_pressed_holo_light) that varies with configuration!!
01-01 00:00:19.638   324   324 W Resources: Preloaded drawable resource #0x1080258 (android:drawable/btn_toggle_off_pressed_holo_dark) that varies with configuration!!
01-01 00:00:19.639   324   324 W Resources: Preloaded drawable resource #0x1080257 (android:drawable/btn_toggle_off_normal_holo_light) that varies with configuration!!
01-01 00:00:19.640   324   324 W Resources: Preloaded drawable resource #0x1080256 (android:drawable/btn_toggle_off_normal_holo_dark) that varies with configuration!!
01-01 00:00:19.640   324   324 W Resources: Preloaded drawable resource #0x1080255 (android:drawable/btn_toggle_off_focused_holo_light) that varies with configuration!!
01-01 00:00:19.640   324   324 W Resources: Preloaded drawable resource #0x1080254 (android:drawable/btn_toggle_off_focused_holo_dark) that varies with configuration!!
01-01 00:00:19.641   324   324 W Resources: Preloaded drawable resource #0x1080253 (android:drawable/btn_toggle_off_disabled_holo_light) that varies with configuration!!
01-01 00:00:19.641   324   324 W Resources: Preloaded drawable resource #0x1080252 (android:drawable/btn_toggle_off_disabled_holo_dark) that varies with configuration!!
01-01 00:00:19.641   324   324 W Resources: Preloaded drawable resource #0x1080251 (android:drawable/btn_toggle_off_disabled_focused_holo_light) that varies with configuration!!
01-01 00:00:19.642   324   324 W Resources: Preloaded drawable resource #0x1080250 (android:drawable/btn_toggle_off_disabled_focused_holo_dark) that varies with configuration!!
01-01 00:00:19.642   324   324 W Resources: Preloaded drawable resource #0x1080262 (android:drawable/btn_toggle_on_normal_holo_light) that varies with configuration!!
01-01 00:00:19.642   324   324 W Resources: Preloaded drawable resource #0x108025e (android:drawable/btn_toggle_on_disabled_holo_light) that varies with configuration!!
01-01 00:00:19.643   324   324 W Resources: Preloaded drawable resource #0x1080264 (android:drawable/btn_toggle_on_pressed_holo_light) that varies with configuration!!
01-01 00:00:19.643   324   324 W Resources: Preloaded drawable resource #0x1080260 (android:drawable/btn_toggle_on_focused_holo_light) that varies with configuration!!
01-01 00:00:19.643   324   324 W Resources: Preloaded drawable resource #0x1080262 (android:drawable/btn_toggle_on_normal_holo_light) that varies with configuration!!
01-01 00:00:19.644   324   324 W Resources: Preloaded drawable resource #0x108025c (android:drawable/btn_toggle_on_disabled_focused_holo_light) that varies with configuration!!
01-01 00:00:19.644   324   324 W Resources: Preloaded drawable resource #0x108025e (android:drawable/btn_toggle_on_disabled_holo_light) that varies with configuration!!
01-01 00:00:19.644   324   324 W Resources: Preloaded drawable resource #0x1080257 (android:drawable/btn_toggle_off_normal_holo_light) that varies with configuration!!
01-01 00:00:19.644   324   324 W Resources: Preloaded drawable resource #0x1080253 (android:drawable/btn_toggle_off_disabled_holo_light) that varies with configuration!!
01-01 00:00:19.645   324   324 W Resources: Preloaded drawable resource #0x1080259 (android:drawable/btn_toggle_off_pressed_holo_light) that varies with configuration!!
01-01 00:00:19.645   324   324 W Resources: Preloaded drawable resource #0x1080255 (android:drawable/btn_toggle_off_focused_holo_light) that varies with configuration!!
