01-01 00:00:16.727   315   315 I irsc_util: file_parser Number of element :3
01-01 00:00:16.728   315   315 I irsc_util: file_parser Number of element :3
01-01 00:00:16.728   315   315 I irsc_util: file_parser Number of element :3
01-01 00:00:16.728   315   315 I irsc_util: file_parser Number of element :3
01-01 00:00:16.728   315   315 I irsc_util: file_parser Number of element :3
01-01 00:00:16.728   315   315 I irsc_util: file_parser Number of element :3
01-01 00:00:16.728   315   315 I irsc_util: file_parser Number of element :3
01-01 00:00:16.728   315   315 I irsc_util: file_parser Number of element :3
01-01 00:00:16.728   315   315 I irsc_util: file_parser Number of element :3
01-01 00:00:16.728   315   315 I irsc_util: file_parser Number of element :3
01-01 00:00:16.728   315   315 I irsc_util: file_parser Number of element :3
01-01 00:00:16.729   315   315 I irsc_util: file_parser Number of element :3
01-01 00:00:16.729   315   315 I irsc_util: file_parser Number of element :3
01-01 00:00:16.729   315   315 I irsc_util: file_parser Number of element :3
01-01 00:00:16.729   315   315 I irsc_util: file_parser Number of element :3
01-01 00:00:16.729   315   315 I irsc_util: file_parser Number of element :0
01-01 00:00:16.729   315   315 I irsc_util: file_parser Invalid Format or Comment - '/* Allow RCS service to aquire net_raw permission */
01-01 00:00:16.729   315   315 I irsc_util: '
01-01 00:00:16.729   315   315 I irsc_util: file_parser Number of element :4
01-01 00:00:16.729   315   315 I irsc_util: file_parser Number of element :0
01-01 00:00:16.729   315   315 I irsc_util: file_parser Invalid Format or Comment - '/* Allow QMID service to aquire net_raw permission */
01-01 00:00:16.730   315   315 I irsc_util: '
01-01 00:00:16.730   315   315 I irsc_util: file_parser Number of element :4
01-01 00:00:16.730   315   315 I irsc_util: file_parser Number of element :4
01-01 00:00:16.730   315   315 I irsc_util: file_parser Number of element :4
01-01 00:00:16.730   315   315 I irsc_util: file_parser Number of element :4
01-01 00:00:16.730   315   315 I irsc_util: file_parser Number of element :4
01-01 00:00:16.730   315   315 I irsc_util: file_parser Number of element :4
01-01 00:00:16.730   315   315 I irsc_util: file_parser Number of element :0
01-01 00:00:16.730   315   315 I irsc_util: file_parser Invalid Format or Comment - '/* IPC Security Config */
01-01 00:00:16.730   318   318 D adsprpc : vendor/qcom/proprietary/adsprpc/src/adsprpcd.c:21::info: calling: 0 == adsp_default_listener_register()
01-01 00:00:16.730   315   315 I irsc_util: '
01-01 00:00:16.731   315   315 I irsc_util: file_parser Number of element :0
01-01 00:00:16.731   315   315 I irsc_util: file_parser Invalid Format or Comment - '/* <GPS QMI Service ID - 16>:<GPS QMI Instance ID - all instances>:<Client Group ID> */
01-01 00:00:16.731   315   315 I irsc_util: '
01-01 00:00:16.731   315   315 I irsc_util: file_parser Number of element :4
01-01 00:00:16.731   315   315 I irsc_util: file_parser Number of element :0
01-01 00:00:16.731   315   315 I irsc_util: file_parser Invalid Format or Comment - '/* Allow SS CTL service to be used by system and net_raw processes */
01-01 00:00:16.731   315   315 I irsc_util: '
01-01 00:00:16.731   315   315 I irsc_util: file_parser Number of element :4
01-01 00:00:16.731   315   315 I irsc_util: file_parser Number of element :0
01-01 00:00:16.731   315   315 I irsc_util: file_parser Invalid Format or Comment - '/* Allow Sensor services to be used by sensor process */
01-01 00:00:16.732   315   315 I irsc_util: '
01-01 00:00:16.732   315   315 I irsc_util: file_parser Number of element :3
01-01 00:00:16.732   315   315 I irsc_util: file_parser Number of element :3
01-01 00:00:16.732   315   315 I irsc_util: file_parser Number of element :3
01-01 00:00:16.732   315   315 I irsc_util: file_parser Number of element :3
01-01 00:00:16.732   315   315 I irsc_util: file_parser Number of element :3
01-01 00:00:16.732   315   315 I irsc_util: file_parser Number of element :3
01-01 00:00:16.732   315   315 I irsc_util: file_parser Number of element :3
01-01 00:00:16.732   318   318 D adsprpc : vendor/qcom/proprietary/adsprpc/src/adsprpcd.c:21::info: passed: 0 == adsp_default_listener_register()
01-01 00:00:16.732   315   315 I irsc_util: file_parser Number of element :3
01-01 00:00:16.732   315   315 I irsc_util: file_parser Number of element :3
01-01 00:00:16.733   315   315 I irsc_util: file_parser Number of element :3
01-01 00:00:16.733   315   315 I irsc_util: file_parser Number of element :3
01-01 00:00:16.733   315   315 I irsc_util: file_parser Number of element :3
01-01 00:00:16.733   315   315 I irsc_util: file_parser Number of element :3
01-01 00:00:16.733   315   315 I irsc_util: file_parser Number of element :3
01-01 00:00:16.733   315   315 I irsc_util: file_parser Number of element :3
01-01 00:00:16.733   315   315 I irsc_util: file_parser Number of element :3
01-01 00:00:16.733   315   315 I irsc_util: file_parser Number of element :3
01-01 00:00:16.733   315   315 I irsc_util: file_parser Number of element :3
01-01 00:00:16.734   315   315 I irsc_util: file_parser Number of element :3
01-01 00:00:16.734   315   315 I irsc_util: file_parser Number of element :3
01-01 00:00:16.738   315   315 I irsc_util: file_parser Number of element :3
01-01 00:00:16.738   315   315 I irsc_util: file_parser Number of element :3
01-01 00:00:16.738   315   315 I irsc_util: file_parser Number of element :3
01-01 00:00:16.738   315   315 I irsc_util: file_parser Number of element :3
01-01 00:00:16.738   315   315 I irsc_util: file_parser Number of element :3
01-01 00:00:16.738   315   315 I irsc_util: file_parser Number of element :3
01-01 00:00:16.738   315   315 I irsc_util: file_parser Number of element :3
01-01 00:00:16.738   315   315 I irsc_util: file_parser Number of element :3
01-01 00:00:16.739   315   315 I irsc_util: file_parser Number of element :3
01-01 00:00:16.739   315   315 I irsc_util: file_parser Number of element :3
01-01 00:00:16.739   315   315 I irsc_util: file_parser Number of element :3
01-01 00:00:16.739   315   315 I irsc_util: file_parser Number of element :3
01-01 00:00:16.739   315   315 I irsc_util: file_parser Number of element :3
01-01 00:00:16.739   315   315 I irsc_util: file_parser Number of element :3
01-01 00:00:16.739   315   315 I irsc_util: file_parser Number of element :3
01-01 00:00:16.739   315   315 I irsc_util: file_parser Number of element :3
01-01 00:00:16.739   315   315 I irsc_util: file_parser Number of element :3
01-01 00:00:16.739   315   315 I irsc_util: file_parser Number of element :3
01-01 00:00:16.740   315   315 I irsc_util: file_parser Number of element :3
01-01 00:00:16.740   315   315 I irsc_util: file_parser Number of element :3
01-01 00:00:16.740   315   315 I irsc_util: file_parser Number of element :3
01-01 00:00:16.740   315   315 I irsc_util: file_parser Number of element :3
01-01 00:00:16.740   315   315 I irsc_util: file_parser Number of element :3
01-01 00:00:16.740   315   315 I irsc_util: file_parser Number of element :3
01-01 00:00:16.740   315   315 I irsc_util: file_parser Number of element :3
01-01 00:00:16.740   315   315 I irsc_util: file_parser Number of element :3
01-01 00:00:16.740   315   315 I irsc_util: file_parser Number of element :3
01-01 00:00:16.741   315   315 I irsc_util: file_parser Number of element :3
01-01 00:00:16.741   315   315 I irsc_util: file_parser Number of element :3
01-01 00:00:16.741   315   315 I irsc_util: file_parser Number of element :3
01-01 00:00:16.741   315   315 I irsc_util: file_parser Number of element :3
01-01 00:00:16.741   315   315 I irsc_util: file_parser Number of element :3
01-01 00:00:16.741   315   315 I irsc_util: file_parser Number of element :3
01-01 00:00:16.741   315   315 I irsc_util: file_parser Number of element :3
01-01 00:00:16.741   315   315 I irsc_util: file_parser Number of element :3
01-01 00:00:16.742   315   315 I irsc_util: file_parser Number of element :3
01-01 00:00:16.742   315   315 I irsc_util: file_parser Number of element :3
01-01 00:00:16.742   315   315 I irsc_util: file_parser Number of element :3
01-01 00:00:16.742   315   315 I irsc_util: file_parser Number of element :3
01-01 00:00:16.742   315   315 I irsc_util: file_parser Number of element :3
01-01 00:00:16.742   315   315 I irsc_util: file_parser Number of element :3
01-01 00:00:16.742   315   315 I irsc_util: file_parser Number of element :3
01-01 00:00:16.742   315   315 I irsc_util: file_parser Number of element :3
01-01 00:00:16.743   315   315 I irsc_util: file_parser Number of element :3
01-01 00:00:16.743   315   315 I irsc_util: file_parser Number of element :3
01-01 00:00:16.743   315   315 I irsc_util: file_parser Number of element :3
01-01 00:00:16.743   315   315 I irsc_util: file_parser Number of element :3
01-01 00:00:16.743   315   315 I irsc_util: file_parser Number of element :3
01-01 00:00:16.743   315   315 I irsc_util: file_parser Number of element :3
01-01 00:00:16.743   315   315 I irsc_util: file_parser Number of element :3
01-01 00:00:16.744   315   315 I irsc_util: file_parser Number of element :3
01-01 00:00:16.744   318   375 E adsprpc : vendor/qcom/proprietary/adsprpc/src/apps_std_imp.c:33:apps_std fopen failed: /oemconfig.so No such file or directory
01-01 00:00:16.744   315   315 I irsc_util: file_parser Number of element :3
01-01 00:00:16.744   315   315 I irsc_util: file_parser Number of element :3
01-01 00:00:16.744   318   375 E adsprpc : vendor/qcom/proprietary/adsprpc/src/apps_std_imp.c:33:apps_std fopen failed: /system/lib/rfsa/adsp//oemconfig.so No such file or directory
01-01 00:00:16.744   315   315 I irsc_util: file_parser Number of element :3
01-01 00:00:16.744   315   315 I irsc_util: file_parser Number of element :3
01-01 00:00:16.744   315   315 I irsc_util: file_parser Number of element :3
01-01 00:00:16.745   315   315 I irsc_util: file_parser Number of element :3
01-01 00:00:16.745   315   315 I irsc_util: file_parser Number of element :3
01-01 00:00:16.745   315   315 I irsc_util: file_parser Number of element :3
01-01 00:00:16.745   315   315 I irsc_util: file_parser Number of element :3
01-01 00:00:16.745   315   315 I irsc_util: file_parser Number of element :3
01-01 00:00:16.745   315   315 I irsc_util: file_parser Number of element :3
01-01 00:00:16.745   315   315 I irsc_util: file_parser Number of element :3
01-01 00:00:16.746   315   315 I irsc_util: file_parser Number of element :3
01-01 00:00:16.746   315   315 I irsc_util: file_parser Number of element :3
01-01 00:00:16.746   315   315 I irsc_util: file_parser Number of element :3
01-01 00:00:16.746   315   315 I irsc_util: file_parser Number of element :3
01-01 00:00:16.746   315   315 I irsc_util: file_parser Number of element :3
01-01 00:00:16.746   315   315 I irsc_util: file_parser Number of element :3
01-01 00:00:16.746   315   315 I irsc_util: file_parser Number of element :3
01-01 00:00:16.746   315   315 I irsc_util: file_parser Number of element :3
01-01 00:00:16.747   315   315 I irsc_util: file_parser Number of element :3
01-01 00:00:16.747   315   315 I irsc_util: file_parser Number of element :3
01-01 00:00:16.747   315   315 I irsc_util: file_parser Number of element :3
01-01 00:00:16.747   315   315 I irsc_util: file_parser Number of element :3
01-01 00:00:16.747   315   315 I irsc_util: file_parser Number of element :3
01-01 00:00:16.747   315   315 I irsc_util: file_parser Number of element :3
01-01 00:00:16.747   315   315 I irsc_util: file_parser Number of element :3
01-01 00:00:16.748   315   315 I irsc_util: file_parser Number of element :3
01-01 00:00:16.748   315   315 I irsc_util: file_parser Number of element :3
01-01 00:00:16.748   315   315 I irsc_util: file_parser Number of element :3
01-01 00:00:16.748   315   315 I irsc_util: file_parser Number of element :3
01-01 00:00:16.748   315   315 I irsc_util: file_parser Number of element :3
01-01 00:00:16.748   315   315 I irsc_util: file_parser Number of element :3
01-01 00:00:16.749   315   315 I irsc_util: file_parser Number of element :3
01-01 00:00:16.749   315   315 I irsc_util: file_parser Number of element :3
01-01 00:00:16.749   315   315 I irsc_util: file_parser Number of element :3
01-01 00:00:16.749   315   315 I irsc_util: file_parser Number of element :3
01-01 00:00:16.749   315   315 I irsc_util: file_parser Number of element :3
01-01 00:00:16.749   315   315 I irsc_util: file_parser Number of element :3
01-01 00:00:16.749   315   315 I irsc_util: file_parser Number of element :3
01-01 00:00:16.749   315   315 I irsc_util: file_parser Number of element :3
01-01 00:00:16.750   315   315 I irsc_util: file_parser Number of element :3
01-01 00:00:16.750   315   315 I irsc_util: file_parser Number of element :3
01-01 00:00:16.750   315   315 I irsc_util: file_parser Number of element :3
01-01 00:00:16.750   315   315 I irsc_util: file_parser Number of element :3
01-01 00:00:16.750   315   315 I irsc_util: file_parser Number of element :3
01-01 00:00:16.750   315   315 I irsc_util: file_parser Number of element :3
01-01 00:00:16.750   315   315 I irsc_util: file_parser Number of element :3
01-01 00:00:16.751   315   315 I irsc_util: file_parser Number of element :3
01-01 00:00:16.751   315   315 I irsc_util: file_parser Number of element :3
01-01 00:00:16.751   315   315 I irsc_util: file_parser Number of element :3
01-01 00:00:16.751   315   315 I irsc_util: file_parser Number of element :3
01-01 00:00:16.751   315   315 I irsc_util: file_parser Number of element :3
01-01 00:00:16.751   315   315 I irsc_util: file_parser Number of element :3
01-01 00:00:16.751   315   315 I irsc_util: file_parser Number of element :3
01-01 00:00:16.752   315   315 I irsc_util: file_parser Number of element :3
01-01 00:00:16.752   315   315 I irsc_util: file_parser Number of element :3
01-01 00:00:16.752   315   315 I irsc_util: file_parser Number of element :3
01-01 00:00:16.752   315   315 I irsc_util: file_parser Number of element :3
01-01 00:00:16.752   315   315 I irsc_util: file_parser Number of element :3
01-01 00:00:16.752   315   315 I irsc_util: file_parser Number of element :3
01-01 00:00:16.752   315   315 I irsc_util: file_parser Number of element :3
01-01 00:00:16.752   315   315 I irsc_util: file_parser Number of element :3
01-01 00:00:16.753   315   315 I irsc_util: file_parser Number of element :3
01-01 00:00:16.753   315   315 I irsc_util: file_parser Number of element :3
01-01 00:00:16.753   315   315 I irsc_util: file_parser Number of element :3
01-01 00:00:16.753   315   315 I irsc_util: file_parser Number of element :3
01-01 00:00:16.753   315   315 I irsc_util: file_parser Number of element :3
01-01 00:00:16.753   315   315 I irsc_util: file_parser Number of element :3
01-01 00:00:16.753   315   315 I irsc_util: file_parser Number of element :3
01-01 00:00:16.753   315   315 I irsc_util: file_parser Number of element :3
01-01 00:00:16.754   315   315 I irsc_util: file_parser Number of element :3
01-01 00:00:16.754   315   315 I irsc_util: file_parser Number of element :3
01-01 00:00:16.754   315   315 I irsc_util: file_parser Number of element :3
01-01 00:00:16.754   315   315 I irsc_util: file_parser Number of element :3
01-01 00:00:16.754   315   315 I irsc_util: file_parser Number of element :3
01-01 00:00:16.754   315   315 I irsc_util: file_parser Number of element :3
01-01 00:00:16.755   315   315 I irsc_util: file_parser Number of element :3
01-01 00:00:16.755   315   315 I irsc_util: file_parser Number of element :3
01-01 00:00:16.755   315   315 I irsc_util: file_parser Number of element :3
01-01 00:00:16.755   315   315 I irsc_util: file_parser Number of element :3
01-01 00:00:16.755   315   315 I irsc_util: file_parser Number of element :3
01-01 00:00:16.755   315   315 I irsc_util: file_parser Number of element :3
01-01 00:00:16.755   315   315 I irsc_util: file_parser Number of element :3
01-01 00:00:16.756   315   315 I irsc_util: file_parser Number of element :3
01-01 00:00:16.756   315   315 I irsc_util: file_parser Number of element :3
01-01 00:00:16.756   315   315 I irsc_util: file_parser Number of element :3
01-01 00:00:16.756   315   315 I irsc_util: file_parser Number of element :3
01-01 00:00:16.756   315   315 I irsc_util: file_parser Number of element :3
01-01 00:00:16.756   315   315 I irsc_util: file_parser Number of element :3
01-01 00:00:16.756   315   315 I irsc_util: file_parser Number of element :3
01-01 00:00:16.757   315   315 I irsc_util: file_parser Number of element :3
01-01 00:00:16.757   315   315 I irsc_util: file_parser Number of element :3
01-01 00:00:16.757   315   315 I irsc_util: file_parser Number of element :3
01-01 00:00:16.757   315   315 I irsc_util: file_parser Number of element :3
01-01 00:00:16.757   315   315 I irsc_util: file_parser Number of element :3
01-01 00:00:16.757   315   315 I irsc_util: file_parser Number of element :3
01-01 00:00:16.757   315   315 I irsc_util: file_parser Number of element :3
01-01 00:00:16.758   315   315 I irsc_util: file_parser Number of element :3
01-01 00:00:16.758   315   315 I irsc_util: file_parser Number of element :3
01-01 00:00:16.758   315   315 I irsc_util: file_parser Number of element :3
01-01 00:00:16.758   315   315 I irsc_util: file_parser Number of element :3
01-01 00:00:16.758   315   315 I irsc_util: file_parser Number of element :3
01-01 00:00:16.758   315   315 I irsc_util: file_parser Number of element :3
01-01 00:00:16.758   315   315 I irsc_util: file_parser Number of element :3
01-01 00:00:16.758   315   315 I irsc_util: file_parser Number of element :3
01-01 00:00:16.759   315   315 I irsc_util: file_parser Number of element :3
01-01 00:00:16.759   315   315 I irsc_util: file_parser Number of element :3
01-01 00:00:16.759   315   315 I irsc_util: file_parser Number of element :3
01-01 00:00:16.759   315   315 I irsc_util: file_parser Number of element :3
01-01 00:00:16.759   315   315 I irsc_util: file_parser Number of element :3
01-01 00:00:16.759   315   315 I irsc_util: file_parser Number of element :3
01-01 00:00:16.759   315   315 I irsc_util: file_parser Number of element :3
01-01 00:00:16.759   315   315 I irsc_util: file_parser Number of element :3
01-01 00:00:16.760   315   315 I irsc_util: file_parser Number of element :3
01-01 00:00:16.760   315   315 I irsc_util: file_parser Number of element :3
01-01 00:00:16.760   315   315 I irsc_util: file_parser Number of element :3
01-01 00:00:16.760   315   315 I irsc_util: file_parser Number of element :3
01-01 00:00:16.760   315   315 I irsc_util: file_parser Number of element :3
01-01 00:00:16.760   315   315 I irsc_util: file_parser Number of element :3
01-01 00:00:16.760   315   315 I irsc_util: file_parser Number of element :3
01-01 00:00:16.760   315   315 I irsc_util: file_parser Number of element :3
01-01 00:00:16.761   315   315 I irsc_util: file_parser Number of element :3
01-01 00:00:16.761   315   315 I irsc_util: file_parser Number of element :3
01-01 00:00:16.761   315   315 I irsc_util: file_parser Number of element :3
01-01 00:00:16.761   315   315 I irsc_util: file_parser Number of element :3
01-01 00:00:16.761   315   315 I irsc_util: file_parser Number of element :3
01-01 00:00:16.761   315   315 I irsc_util: file_parser Number of element :3
01-01 00:00:16.761   315   315 I irsc_util: file_parser Number of element :3
01-01 00:00:16.762   315   315 I irsc_util: file_parser Number of element :3
01-01 00:00:16.762   315   315 I irsc_util: file_parser Number of element :3
01-01 00:00:16.762   315   315 I irsc_util: file_parser Number of element :3
01-01 00:00:16.762   315   315 I irsc_util: file_parser Number of element :3
01-01 00:00:16.762   315   315 I irsc_util: file_parser Number of element :3
01-01 00:00:16.762   315   315 I irsc_util: file_parser Number of element :3
01-01 00:00:16.762   315   315 I irsc_util: file_parser Number of element :3
01-01 00:00:16.762   315   315 I irsc_util: file_parser Number of element :3
01-01 00:00:16.763   315   315 I irsc_util: file_parser Number of element :3
01-01 00:00:16.763   315   315 I irsc_util: file_parser Number of element :3
01-01 00:00:16.763   315   315 I irsc_util: file_parser Number of element :3
01-01 00:00:16.763   315   315 I irsc_util: file_parser Number of element :3
01-01 00:00:16.763   315   315 I irsc_util: file_parser Number of element :3
01-01 00:00:16.763   315   315 I irsc_util: file_parser Number of element :3
01-01 00:00:16.763   315   315 I irsc_util: file_parser Number of element :3
01-01 00:00:16.763   315   315 I irsc_util: file_parser Number of element :3
01-01 00:00:16.764   315   315 I irsc_util: file_parser Number of element :3
01-01 00:00:16.764   315   315 I irsc_util: file_parser Number of element :3
01-01 00:00:16.764   315   315 I irsc_util: file_parser Number of element :3
01-01 00:00:16.764   315   315 I irsc_util: file_parser Number of element :3
01-01 00:00:16.764   315   315 I irsc_util: file_parser Number of element :3
01-01 00:00:16.765   315   315 I irsc_util: file_parser Number of element :3
01-01 00:00:16.765   315   315 I irsc_util: file_parser Number of element :3
01-01 00:00:16.765   315   315 I irsc_util: file_parser Number of element :3
01-01 00:00:16.765   315   315 I irsc_util: file_parser Number of element :3
01-01 00:00:16.765   315   315 I irsc_util: file_parser Number of element :3
01-01 00:00:16.765   315   315 I irsc_util: file_parser Number of element :3
01-01 00:00:16.765   315   315 I irsc_util: file_parser Number of element :3
01-01 00:00:16.766   315   315 I irsc_util: file_parser Number of element :3
01-01 00:00:16.766   315   315 I irsc_util: file_parser Number of element :3
01-01 00:00:16.766   315   315 I irsc_util: file_parser Number of element :3
01-01 00:00:16.766   315   315 I irsc_util: file_parser Number of element :3
01-01 00:00:16.766   315   315 I irsc_util: file_parser Number of element :3
01-01 00:00:16.766   315   315 I irsc_util: file_parser Number of element :3
01-01 00:00:16.766   315   315 I irsc_util: file_parser Number of element :3
01-01 00:00:16.767   315   315 I irsc_util: file_parser Number of element :3
01-01 00:00:16.767   315   315 I irsc_util: file_parser Number of element :3
01-01 00:00:16.767   315   315 I irsc_util: file_parser Number of element :3
01-01 00:00:16.767   315   315 I irsc_util: file_parser Number of element :3
01-01 00:00:16.767   315   315 I irsc_util: file_parser Number of element :3
01-01 00:00:16.767   315   315 I irsc_util: file_parser Number of element :3
01-01 00:00:16.767   315   315 I irsc_util: file_parser Number of element :3
01-01 00:00:16.768   315   315 I irsc_util: file_parser Number of element :3
01-01 00:00:16.768   315   315 I irsc_util: file_parser Number of element :3
01-01 00:00:16.768   315   315 I irsc_util: file_parser Number of element :3
01-01 00:00:16.768   315   315 I irsc_util: file_parser Number of element :3
01-01 00:00:16.768   315   315 I irsc_util: file_parser Number of element :3
01-01 00:00:16.768   315   315 I irsc_util: file_parser Number of element :3
01-01 00:00:16.768   315   315 I irsc_util: file_parser Number of element :3
01-01 00:00:16.768   315   315 I irsc_util: file_parser Number of element :3
01-01 00:00:16.769   315   315 I irsc_util: file_parser Number of element :3
01-01 00:00:16.769   315   315 I irsc_util: file_parser Number of element :3
01-01 00:00:16.769   315   315 I irsc_util: file_parser Number of element :3
01-01 00:00:16.769   315   315 I irsc_util: file_parser Number of element :3
01-01 00:00:16.769   315   315 I irsc_util: file_parser Number of element :3
01-01 00:00:16.769   315   315 I irsc_util: file_parser Number of element :3
01-01 00:00:16.770   315   315 I irsc_util: file_parser Number of element :0
01-01 00:00:16.770   315   315 I irsc_util: file_parser Invalid Format or Comment - '/* Allow RCS service to aquire net_raw permission */
01-01 00:00:16.770   315   315 I irsc_util: '
01-01 00:00:16.770   315   315 I irsc_util: file_parser Number of element :4
01-01 00:00:16.770   315   315 I irsc_util: file_parser Number of element :0
01-01 00:00:16.770   315   315 I irsc_util: file_parser Invalid Format or Comment - '/* Allow QMID service to aquire net_raw permission */
01-01 00:00:16.770   315   315 I irsc_util: '
01-01 00:00:16.770   315   315 I irsc_util: file_parser Number of element :4
01-01 00:00:16.771   315   315 I irsc_util: file_parser Number of element :4
01-01 00:00:16.771   315   315 I irsc_util: file_parser Number of element :4
01-01 00:00:16.771   315   315 I irsc_util: file_parser Number of element :4
01-01 00:00:16.771   315   315 I irsc_util: file_parser Number of element :4
01-01 00:00:16.771   315   315 I irsc_util: file_parser Number of element :4
01-01 00:00:16.771   315   315 I irsc_util: Feed the sec config info to the router
01-01 00:00:16.772   315   315 I irsc_util: Num of entries:265
01-01 00:00:16.772   310   310 D QSEECOMAPI: : QSEECom_get_handle sb_length = 0x2000
01-01 00:00:16.774   302   302 I Netd    : Netd 1.0 starting
01-01 00:00:16.783   318   375 E adsprpc : vendor/qcom/proprietary/adsprpc/src/apps_std_imp.c:33:apps_std fopen failed: /system/vendor/lib/rfsa/adsp//oemconfig.so No such file or directory
01-01 00:00:16.784   318   375 E adsprpc : vendor/qcom/proprietary/adsprpc/src/apps_std_imp.c:33:apps_std fopen failed: /voiceproc_tx.so No such file or directory
01-01 00:00:16.784   318   375 E adsprpc : vendor/qcom/proprietary/adsprpc/src/apps_std_imp.c:33:apps_std fopen failed: /system/lib/rfsa/adsp//voiceproc_tx.so No such file or directory
01-01 00:00:16.784   318   375 E adsprpc : vendor/qcom/proprietary/adsprpc/src/apps_std_imp.c:33:apps_std fopen failed: /system/vendor/lib/rfsa/adsp//voiceproc_tx.so No such file or directory
01-01 00:00:16.784   318   375 E adsprpc : vendor/qcom/proprietary/adsprpc/src/apps_std_imp.c:33:apps_std fopen failed: /voiceproc_rx.so No such file or directory
01-01 00:00:16.785   318   375 E adsprpc : vendor/qcom/proprietary/adsprpc/src/apps_std_imp.c:33:apps_std fopen failed: /system/lib/rfsa/adsp//voiceproc_rx.so No such file or directory
01-01 00:00:16.785   318   375 E adsprpc : vendor/qcom/proprietary/adsprpc/src/apps_std_imp.c:33:apps_std fopen failed: /system/vendor/lib/rfsa/adsp//voiceproc_rx.so No such file or directory
01-01 00:00:16.839   416   416 I iptables: type=1400 audit(0.0:10): avc: denied { create } for scontext=u:r:init:s0 tcontext=u:r:init:s0 tclass=rawip_socket permissive=1
01-01 00:00:16.839   416   416 I iptables: type=1400 audit(0.0:11): avc: denied { getopt } for lport=255 scontext=u:r:init:s0 tcontext=u:r:init:s0 tclass=rawip_socket permissive=1
01-01 00:00:16.839   416   416 I iptables: type=1400 audit(0.0:12): avc: denied { setopt } for lport=255 scontext=u:r:init:s0 tcontext=u:r:init:s0 tclass=rawip_socket permissive=1
01-01 00:00:16.854   411   411 I logcat_to_sd: Waiting for sdcard to mount... 
01-01 00:00:16.866   407   407 I libmdmdetect: No supported ESOC's found
01-01 00:00:16.866   407   407 E mdm_helper_proxy: No supported ESOC's found
01-01 00:00:16.866   407   407 E mdm_helper_proxy: Failed to load device configuration
01-01 00:00:16.874   340   340 E mm-camera-sensor: module_sensor_init_eeprom:5078 Exit subdev_id[SUB_MODULE_EEPROM] == -1
01-01 00:00:16.874   340   340 E mm-camera-sensor: module_sensor_init_eeprom:5078 Exit subdev_id[SUB_MODULE_EEPROM] == -1
01-01 00:00:16.875   425   425 E wifi_ap.sh: WIFI_AP: Toggling! 
01-01 00:00:16.897   330   330 I Atfwd_Daemon: APQ baseband : Explicitly stopping ATFWD service....
01-01 00:00:16.897   330   330 I Atfwd_Daemon: Stop the daemon....
01-01 00:00:16.898   324   324 E QCNEA   : Cne Version 4.8
01-01 00:00:16.911   310   310 D QSEECOMAPI: : App is already loaded QSEE and app id = 2
01-01 00:00:16.915   432   432 I log_temperatures: Waiting for sdcard to mount... 
01-01 00:00:16.917   253   253 D QSEECOMAPI: : Loaded image: APP id = 2
01-01 00:00:16.919   253   253 D QSEECOMD: : Parent qseecom daemon process paused!! 
01-01 00:00:16.919   439   439 D QSEECOMD: : qseecom listener service threads starting!!! 
01-01 00:00:16.919   439   439 D QSEECOMD: : Total listener services to start = 5
01-01 00:00:16.919   439   439 E QSEECOMD: : Listener: index = 0, hierarchy = 1
01-01 00:00:16.919   439   439 D QSEECOMD: : Init dlopen(librpmb.so, RTLD_NOW) succeeds
01-01 00:00:16.919   439   439 D QSEECOMD: : Init::Init dlsym(g_FSHandle rpmb_start) succeeds
01-01 00:00:16.919   439   439 D QSEECOMAPI: : QSEECom_register_listener 8192 sb_length = 0x5000
01-01 00:00:16.919   431   431 I qcom-bluetooth: /system/etc/init.qcom.bt.sh: Bluetooth stack is Bluedroid 
01-01 00:00:16.921   439   439 D QSEECOMD: : Init rpmb_start ret = 0
01-01 00:00:16.921   439   439 D QSEECOMD: : RPMB system services: Started (Listener ID = 8192)
01-01 00:00:16.921   439   439 E QSEECOMD: : Listener: index = 1, hierarchy = 1
01-01 00:00:16.921   439   439 D QSEECOMD: : Init dlopen(libssd.so, RTLD_NOW) succeeds
01-01 00:00:16.921   439   439 D QSEECOMD: : Init::Init dlsym(g_FSHandle ssd_start) succeeds
01-01 00:00:16.921   439   439 D QSEECOMAPI: : QSEECom_register_listener 12288 sb_length = 0x5000
01-01 00:00:16.922   439   439 D QSEECOMD: : Init ssd_start ret = 0
01-01 00:00:16.922   439   439 D QSEECOMD: : SSD system services: Started (Listener ID = 12288)
01-01 00:00:16.922   439   439 E QSEECOMD: : Listener: index = 2, hierarchy = 1
01-01 00:00:16.922   439   439 D QSEECOMD: : Init dlopen(libsecureui.so, RTLD_NOW) succeeds
01-01 00:00:16.922   439   439 D QSEECOMD: : Init::Init dlsym(g_FSHandle secure_ui_start) succeeds
01-01 00:00:16.922   439   439 D QSEECOMAPI: : QSEECom_register_listener 16384 sb_length = 0x1014
01-01 00:00:16.923   439   439 D QSEECOMD: : Init secure_ui_start ret = 0
01-01 00:00:16.923   439   439 D QSEECOMD: : secure UI services: Started (Listener ID = 16384)
01-01 00:00:16.923   439   439 E QSEECOMD: : Listener: index = 3, hierarchy = 1
01-01 00:00:16.933   339   339 V AudioDaemonMain: Audio daemon starting sequence..
01-01 00:00:16.933   339   339 V AudioDaemon: Start audiod daemon
01-01 00:00:16.933   339   447 V AudioDaemon: readyToRun: open snd card state node files
01-01 00:00:16.933   339   447 V AudioDaemon: Start threadLoop()
01-01 00:00:16.934   339   447 D AudioDaemon: Opening sound card state : /proc/asound/card---/state
01-01 00:00:16.934   339   447 E AudioDaemon: Open /proc/asound/card---/state failed : No such file or directory
01-01 00:00:16.934   339   447 V AudioDaemon: bool android::AudioDaemon::getStateFDs(std::vector<std::pair<int, int> >&): 0 sound cards detected
01-01 00:00:16.934   339   447 E AudioDaemon: Sleeping for 100 ms
01-01 00:00:16.956   449   449 E wifi_ap.sh: WIFI_AP: Enabling! 
01-01 00:00:16.984   328   328 E LocSvc_launcher: E/sig_handler_chld:79]: Received SIGCHLD
01-01 00:00:16.984   328   328 E LocSvc_launcher: E/Parent woken up! Interrupted system call
01-01 00:00:16.984   328   328 E LocSvc_launcher: E/main:647]: Exit status: 1. Restarting
01-01 00:00:16.984   328   328 E LocSvc_launcher: E/main:657]: Restarting /system/bin/xtwifi-client. Number of restarts: 1
01-01 00:00:16.990   328   328 E LocSvc_launcher: E/sig_handler_chld:79]: Received SIGCHLD
01-01 00:00:16.990   328   328 E LocSvc_launcher: E/Parent woken up! Interrupted system call
01-01 00:00:16.990   328   328 E LocSvc_launcher: E/main:647]: Exit status: 1. Restarting
01-01 00:00:16.990   328   328 E LocSvc_launcher: E/main:657]: Restarting /system/bin/xtwifi-client. Number of restarts: 2
01-01 00:00:16.991   328   328 E LocSvc_launcher: E/sig_handler_chld:79]: Received SIGCHLD
01-01 00:00:16.992   328   328 E LocSvc_launcher: E/Parent woken up! Interrupted system call
01-01 00:00:16.992   328   328 E LocSvc_launcher: E/main:647]: Exit status: 1. Restarting
01-01 00:00:16.992   328   328 E LocSvc_launcher: E/main:657]: Restarting /system/bin/xtwifi-client. Number of restarts: 3
01-01 00:00:16.993   328   328 E LocSvc_launcher: E/sig_handler_chld:79]: Received SIGCHLD
01-01 00:00:16.993   328   328 E LocSvc_launcher: E/Parent woken up! Interrupted system call
01-01 00:00:16.993   328   328 E LocSvc_launcher: E/main:647]: Exit status: 1. Restarting
01-01 00:00:16.993   328   328 E LocSvc_launcher: E/main:657]: Restarting /system/bin/xtwifi-client. Number of restarts: 4
01-01 00:00:16.994   328   328 E LocSvc_launcher: E/sig_handler_chld:79]: Received SIGCHLD
01-01 00:00:16.994   328   328 E LocSvc_launcher: E/Parent woken up! Interrupted system call
01-01 00:00:16.994   328   328 E LocSvc_launcher: E/main:647]: Exit status: 1. Restarting
01-01 00:00:16.994   328   328 E LocSvc_launcher: E/main:657]: Restarting /system/bin/xtwifi-client. Number of restarts: 5
01-01 00:00:16.996   328   328 E LocSvc_launcher: E/sig_handler_chld:79]: Received SIGCHLD
01-01 00:00:16.996   328   328 E LocSvc_launcher: E/Parent woken up! Interrupted system call
01-01 00:00:16.996   328   328 E LocSvc_launcher: E/main:647]: Exit status: 1. Restarting
01-01 00:00:16.996   328   328 E LocSvc_launcher: E/main:651]: /system/bin/xtwifi-client Restarted too many times. Grounded!
01-01 00:00:17.002   307   307 I ServiceManager: Waiting for service batterystats...
01-01 00:00:17.005   317   317 D WLAN_PSA: NL BCAST MSG KDriver Not ready yet : KNLREADY
01-01 00:00:17.005   317   317 D WLAN_PSA: NL BCAST MSG Received, Kernel ready, connect LN
01-01 00:00:17.006   317   317 E pttSocketApp:          aniAsfIpc.c:809 Error(-1225008803):Gethostbyname failed, ipcPtr [0xb6b50040], sd 4
01-01 00:00:17.006   317   317 D WLAN_PSA: Register APP Socket to kernel
01-01 00:00:17.006   317   317 V WLAN_PSA: NL MSG, len[009], NL type[0x8708] WNI type[0x4541] len[17497]
01-01 00:00:17.006   317   317 V WLAN_PSA: NL MSG, PID: 0
01-01 00:00:17.006   317   317 V WLAN_PSA: NL MSG, len[056], NL type[0x11] WNI type[0x   2] len[036]
01-01 00:00:17.006   317   317 V WLAN_PSA: NL MSG, PID: 317
01-01 00:00:17.006   317   317 V WLAN_PSA: NL MSG, len[009], NL type[0x101] WNI type[0x4541] len[17497]
01-01 00:00:17.006   317   317 V WLAN_PSA: NL MSG, PID: 0
01-01 00:00:17.006   317   317 V WLAN_PSA: NL MSG, len[056], NL type[0x11] WNI type[0x   2] len[036]
01-01 00:00:17.006   317   317 V WLAN_PSA: NL MSG, PID: 317
01-01 00:00:17.014   322   322 E Diag_Lib: qpLogDiagInit ==>
01-01 00:00:17.020   322   322 E Diag_Lib: qpLogDiagInit <== result : 1
01-01 00:00:17.020   322   322 E Diag_Lib: [IMS_QMID] |imsqmiserver.c | 505 | QMID#$$#0#QMI DAEMON STARTED
01-01 00:00:17.020   383   383 I PPDaemon: QDCM LIbrary loaded successfully mQdcmLib = b5145144,             factory = b513b06d, mQdcmMode = b4f1b250
01-01 00:00:17.020   322   322 E Diag_Lib: [IMS_QMID] |imsqmiserver.c | 515 | ims-qmi-daemon main entry getgid: 3e9
01-01 00:00:17.020   322   322 E Diag_Lib: [IMS_QMID] |imsqmiserver.c | 524 | ims-qmi-daemon: Server Sock FD 10 received from init
01-01 00:00:17.020   322   322 E Diag_Lib: [IMS_QMID] |imsqmiserver.c | 86 | QMIDAddFDToFDSet:Added FD: [10] to FDSet
01-01 00:00:17.020   322   322 E Diag_Lib: [IMS_QMID] |imsqmiserver.c | 543 | QMID#$$#0#QMID SERVER STARTED
01-01 00:00:17.020   322   322 E Diag_Lib: [IMS_QMID] |imsqmiserver.c | 554 | ims-qmi-daemon listen done
01-01 00:00:17.023   414   414 E XTIA    : [MessageQ_Client] connect error: 2, [No such file or directory]
01-01 00:00:17.023   414   414 E XTIA    : [MessageQ_Client] connect failed 3
01-01 00:00:17.023   414   414 W XTIA    : [inet-agent-pos] retry count 1
01-01 00:00:17.023   322   322 E Diag_Lib: [IMS_QMID] |imsqmiserver.c | 563 | QMID#$$#0#QMI DAEMON PROPERTY SET SUCCESS
01-01 00:00:17.023   322   322 E Diag_Lib: [IMS_QMID] |imsqmiserver.c | 574 | QMID#$$#0#QMID STARTED HEAR BEAT
01-01 00:00:17.023   322   322 E Diag_Lib: [IMS_QMID] |imsqmiserver.c | 609 | ims-qmi-daemon blocking on select max_fd:10
01-01 00:00:17.025   439   439 D QSEECOMD: : Init dlopen(libdrmtime.so, RTLD_NOW) succeeds
01-01 00:00:17.025   439   439 D QSEECOMD: : Init::Init dlsym(g_FSHandle atime_start) succeeds
01-01 00:00:17.025   439   439 D DrmLibTime: QSEE Time Listener: atime_start
01-01 00:00:17.025   439   439 D QSEECOMAPI: : QSEECom_register_listener 11 sb_length = 0x5000
01-01 00:00:17.026   338   338 D QC-time-services: Daemon:genoff_pre_init::Base = 0
01-01 00:00:17.026   338   338 D QC-time-services: Daemon:ats_rtc_init: Time read from RTC -- year = 70, month = 0,day = 1
01-01 00:00:17.026   439   439 D DrmLibTime: registering fs service to QSEECom is done!
01-01 00:00:17.026   439   439 D DrmLibTime: begin to create a thread!
01-01 00:00:17.026   338   338 D QC-time-services: Daemon:Value read from RTC seconds = 16000
01-01 00:00:17.026   338   338 D QC-time-services: Daemon:genoff_init_config: ATS_RTC initialized
01-01 00:00:17.026   338   338 D QC-time-services: Daemon:genoff_pre_init::Base = 1
01-01 00:00:17.026   338   338 D QC-time-services: Daemon: Storage Name: ats_1 
01-01 00:00:17.026   338   338 D QC-time-services: Daemon:Opening File: /data/time/ats_1
01-01 00:00:17.026   439   439 D DrmLibTime: Creating a pthread in atime_start is done! return 0
01-01 00:00:17.026   338   338 D QC-time-services: Daemon:time_persistent_memory_opr:Genoff Read operation 
01-01 00:00:17.026   439   439 D QSEECOMD: : Init atime_start ret = 0
01-01 00:00:17.026   439   439 D QSEECOMD: : time services: Started (Listener ID = 11)
01-01 00:00:17.026   439   439 E QSEECOMD: : Listener: index = 4, hierarchy = 1
01-01 00:00:17.026   439   439 D QSEECOMD: : Init dlopen(libdrmfs.so, RTLD_NOW) succeeds
01-01 00:00:17.027   439   439 D QSEECOMD: : Init::Init dlsym(g_FSHandle fs_start) succeeds
01-01 00:00:17.027   439   439 D QSEECOMAPI: : QSEECom_register_listener 10 sb_length = 0x5000
01-01 00:00:17.027   439   439 D QSEECOMD: : Init fs_start ret = 0
01-01 00:00:17.027   439   439 D QSEECOMD: : file system services: Started (Listener ID = 10)
01-01 00:00:17.027   439   439 D QSEECOMD: : QSEECOM DAEMON RUNNING 
01-01 00:00:17.029   439   460 D DrmLibTime: QSEE Time Listener: dispatch
01-01 00:00:17.029   439   460 D DrmLibTime: before calling ioctl to read the next time_cmd
01-01 00:00:17.035   307   307 I mediaserver: ServiceManager: 0xb61500c0
01-01 00:00:17.035   307   307 I AudioFlinger: Using default 3000 mSec as standby time.
01-01 00:00:17.035   321   321 I ThermalEngine: Thermal daemon started
01-01 00:00:17.036   339   447 D AudioDaemon: Opening sound card state : /proc/asound/card0/state
01-01 00:00:17.036   339   447 V AudioDaemon: bool android::AudioDaemon::getStateFDs(std::vector<std::pair<int, int> >&): 1 sound cards detected
01-01 00:00:17.036   339   447 D AudioDaemon: Opening cpe0_state : /proc/asound/card0/cpe0_state
01-01 00:00:17.036   339   447 E AudioDaemon: CPE state open /proc/asound/card0/cpe0_state failed No such file or directory, Retrying 1
01-01 00:00:17.036   307   307 I ServiceManager: Waiting for service batterystats...
01-01 00:00:17.036   321   321 I ThermalEngine: devices_manager_init: Init
01-01 00:00:17.037   321   321 I ThermalEngine: Number of gpus :1
01-01 00:00:17.037   321   321 I Thermal-IOCTL: KTM IOCTL interface "/dev/msm_thermal_query" opened
01-01 00:00:17.038   321   321 I ThermalEngine: vdd_rstr_init: Init KTM VDD RSTR enabled: 0
01-01 00:00:17.038   321   321 I ThermalEngine: sensors_manager_init: Init
01-01 00:00:17.039   321   469 I ThermalEngine: qmi: Instance id 45 for fusion TS
01-01 00:00:17.040   338   338 D QC-time-services: Daemon:Unable to open filefor read
01-01 00:00:17.040   338   338 D QC-time-services: Daemon:genoff_post_init:Error in accessing storage
01-01 00:00:17.040   338   338 D QC-time-services: Daemon:genoff_pre_init::Base = 2
01-01 00:00:17.040   338   338 D QC-time-services: Daemon: Storage Name: ats_2 
01-01 00:00:17.040   338   338 D QC-time-services: Daemon:Opening File: /data/time/ats_2
01-01 00:00:17.040   338   338 D QC-time-services: Daemon:time_persistent_memory_opr:Genoff Read operation 
01-01 00:00:17.040   338   338 D QC-time-services: Daemon:Unable to open filefor read
01-01 00:00:17.040   338   338 D QC-time-services: Daemon:genoff_post_init:Error in accessing storage
01-01 00:00:17.040   338   338 D QC-time-services: Daemon:genoff_pre_init::Base = 3
01-01 00:00:17.040   338   338 D QC-time-services: Daemon: Storage Name: ats_3 
01-01 00:00:17.040   338   338 D QC-time-services: Daemon:Opening File: /data/time/ats_3
01-01 00:00:17.040   338   338 D QC-time-services: Daemon:time_persistent_memory_opr:Genoff Read operation 
01-01 00:00:17.040   338   338 D QC-time-services: Daemon:Unable to open filefor read
01-01 00:00:17.040   338   338 D QC-time-services: Daemon:genoff_post_init:Error in accessing storage
01-01 00:00:17.040   338   338 D QC-time-services: Daemon:genoff_pre_init::Base = 4
01-01 00:00:17.040   338   338 D QC-time-services: Daemon: Storage Name: ats_4 
01-01 00:00:17.040   338   338 D QC-time-services: Daemon:Opening File: /data/time/ats_4
01-01 00:00:17.040   338   338 D QC-time-services: Daemon:time_persistent_memory_opr:Genoff Read operation 
01-01 00:00:17.041   338   338 D QC-time-services: Daemon:Unable to open filefor read
01-01 00:00:17.041   338   338 D QC-time-services: Daemon:genoff_post_init:Error in accessing storage
01-01 00:00:17.041   338   338 D QC-time-services: Daemon:genoff_pre_init::Base = 5
01-01 00:00:17.041   338   338 D QC-time-services: Daemon: Storage Name: ats_5 
01-01 00:00:17.041   338   338 D QC-time-services: Daemon:Opening File: /data/time/ats_5
01-01 00:00:17.041   338   338 D QC-time-services: Daemon:time_persistent_memory_opr:Genoff Read operation 
01-01 00:00:17.041   338   338 D QC-time-services: Daemon:Unable to open filefor read
01-01 00:00:17.041   338   338 D QC-time-services: Daemon:genoff_post_init:Error in accessing storage
01-01 00:00:17.041   338   338 D QC-time-services: Daemon:genoff_pre_init::Base = 6
01-01 00:00:17.041   338   338 D QC-time-services: Daemon: Storage Name: ats_6 
01-01 00:00:17.041   338   338 D QC-time-services: Daemon:Opening File: /data/time/ats_6
01-01 00:00:17.041   338   338 D QC-time-services: Daemon:time_persistent_memory_opr:Genoff Read operation 
01-01 00:00:17.041   338   338 D QC-time-services: Daemon:Unable to open filefor read
01-01 00:00:17.041   338   338 D QC-time-services: Daemon:genoff_post_init:Error in accessing storage
01-01 00:00:17.041   338   338 D QC-time-services: Daemon:genoff_pre_init::Base = 7
01-01 00:00:17.041   338   338 D QC-time-services: Daemon: Storage Name: ats_7 
01-01 00:00:17.041   338   338 D QC-time-services: Daemon:Opening File: /data/time/ats_7
01-01 00:00:17.041   338   338 D QC-time-services: Daemon:time_persistent_memory_opr:Genoff Read operation 
01-01 00:00:17.041   338   338 D QC-time-services: Daemon:Unable to open filefor read
01-01 00:00:17.041   338   338 D QC-time-services: Daemon:genoff_post_init:Error in accessing storage
01-01 00:00:17.041   338   338 D QC-time-services: Daemon:genoff_pre_init::Base = 8
01-01 00:00:17.041   338   338 D QC-time-services: Daemon: Storage Name: ats_8 
01-01 00:00:17.041   338   338 D QC-time-services: Daemon:Opening File: /data/time/ats_8
01-01 00:00:17.041   338   338 D QC-time-services: Daemon:time_persistent_memory_opr:Genoff Read operation 
01-01 00:00:17.041   338   338 D QC-time-services: Daemon:Unable to open filefor read
01-01 00:00:17.041   338   338 D QC-time-services: Daemon:genoff_post_init:Error in accessing storage
01-01 00:00:17.041   338   338 D QC-time-services: Daemon:genoff_pre_init::Base = 9
01-01 00:00:17.041   338   338 D QC-time-services: Daemon: Storage Name: ats_9 
01-01 00:00:17.041   338   338 D QC-time-services: Daemon:Opening File: /data/time/ats_9
01-01 00:00:17.041   338   338 D QC-time-services: Daemon:time_persistent_memory_opr:Genoff Read operation 
01-01 00:00:17.041   338   338 D QC-time-services: Daemon:Unable to open filefor read
01-01 00:00:17.041   338   338 D QC-time-services: Daemon:genoff_post_init:Error in accessing storage
01-01 00:00:17.041   338   338 D QC-time-services: Daemon:genoff_pre_init::Base = 10
01-01 00:00:17.041   338   338 D QC-time-services: Daemon: Storage Name: ats_10 
01-01 00:00:17.041   338   338 D QC-time-services: Daemon:Opening File: /data/time/ats_10
01-01 00:00:17.041   338   338 D QC-time-services: Daemon:time_persistent_memory_opr:Genoff Read operation 
01-01 00:00:17.041   338   338 D QC-time-services: Daemon:Unable to open filefor read
01-01 00:00:17.041   338   338 D QC-time-services: Daemon:genoff_post_init:Error in accessing storage
01-01 00:00:17.041   338   338 D QC-time-services: Daemon:genoff_pre_init::Base = 11
01-01 00:00:17.041   338   338 D QC-time-services: Daemon: Storage Name: ats_11 
01-01 00:00:17.041   338   338 D QC-time-services: Daemon:Opening File: /data/time/ats_11
01-01 00:00:17.041   338   338 D QC-time-services: Daemon:time_persistent_memory_opr:Genoff Read operation 
01-01 00:00:17.041   338   338 D QC-time-services: Daemon:Unable to open filefor read
01-01 00:00:17.041   338   338 D QC-time-services: Daemon:genoff_post_init:Error in accessing storage
01-01 00:00:17.041   338   338 D QC-time-services: Daemon:genoff_pre_init::Base = 12
01-01 00:00:17.041   338   338 D QC-time-services: Daemon: Storage Name: ats_12 
01-01 00:00:17.041   338   338 D QC-time-services: Daemon:Opening File: /data/time/ats_12
01-01 00:00:17.041   338   338 D QC-time-services: Daemon:time_persistent_memory_opr:Genoff Read operation 
01-01 00:00:17.041   338   338 D QC-time-services: Daemon:Unable to open filefor read
01-01 00:00:17.041   338   338 D QC-time-services: Daemon:genoff_post_init:Error in accessing storage
01-01 00:00:17.041   338   338 D QC-time-services: Daemon:genoff_pre_init::Base = 13
01-01 00:00:17.041   338   338 D QC-time-services: Daemon: Storage Name: ats_13 
01-01 00:00:17.041   338   338 D QC-time-services: Daemon:Opening File: /data/time/ats_13
01-01 00:00:17.041   338   338 D QC-time-services: Daemon:time_persistent_memory_opr:Genoff Read operation 
01-01 00:00:17.041   338   338 D QC-time-services: Daemon:Unable to open filefor read
01-01 00:00:17.041   338   338 D QC-time-services: Daemon:genoff_post_init:Error in accessing storage
01-01 00:00:17.041   338   338 D QC-time-services: Daemon:genoff_pre_init::Base = 14
01-01 00:00:17.041   338   338 D QC-time-services: Daemon: Storage Name: ats_14 
01-01 00:00:17.041   338   338 D QC-time-services: Daemon:Opening File: /data/time/ats_14
01-01 00:00:17.041   338   338 D QC-time-services: Daemon:time_persistent_memory_opr:Genoff Read operation 
01-01 00:00:17.041   338   338 D QC-time-services: Daemon:Unable to open filefor read
01-01 00:00:17.041   338   338 D QC-time-services: Daemon:genoff_post_init:Error in accessing storage
01-01 00:00:17.041   338   338 D QC-time-services: Daemon:genoff_init_config: Other bases initilized, exiting genoff_init
01-01 00:00:17.041   338   338 D QC-time-services: Daemon:genoff_opr: Base = 1, val = 0, operation = 1
01-01 00:00:17.041   321   465 I ThermalEngine: ADSP thermal mitigation available.
01-01 00:00:17.041   338   338 D QC-time-services: Daemon: genoff get for 1
01-01 00:00:17.041   338   338 D QC-time-services: Daemon:rtc_get: Time read from RTC -- MM/DD/YY HH:MM:SS0/1/70 0:0:16
01-01 00:00:17.041   338   338 D QC-time-services: Daemon:Value read from RTC seconds = 16000
01-01 00:00:17.041   338   338 D QC-time-services: Daemon:Value read from generic offset = 0
01-01 00:00:17.041   338   338 D QC-time-services: Daemon:Final Time = 16000
01-01 00:00:17.041   338   338 D QC-time-services: Daemon:genoff_boot_tod_init: Setting system time to sec =16, nsec =0
01-01 00:00:17.088   249   249 I qdutils : PartialUpdate status: Disabled
01-01 00:00:17.088   249   249 I qdutils : Left Align: 0
01-01 00:00:17.088   249   249 I qdutils : Width Align: 0
01-01 00:00:17.088   249   249 I qdutils : Top Align: 0
01-01 00:00:17.088   249   249 I qdutils : Height Align: 0
01-01 00:00:17.088   249   249 I qdutils : Min ROI Width: 0
01-01 00:00:17.088   249   249 I qdutils : Min ROI Height: 0
01-01 00:00:17.088   249   249 I qdutils : Needs ROI Merge: 0
01-01 00:00:17.089   383   383 D PPDaemon: int dcm_os_intf_control(boolean): Entering
01-01 00:00:17.089   383   383 D PPDaemon: Calling LSM init 
01-01 00:00:17.091   383   383 D PPDaemon: Diag_LSM_Init succeeded. 
01-01 00:00:17.091   383   383 D PPDaemon: QDCM_Service_ErrorTypes InitUtility(): Entering
01-01 00:00:17.091   383   383 D PPDaemon: MDP version: 0x10030001.
01-01 00:00:17.091   383   383 D PPDaemon: MDSS version: 0x10030001.
01-01 00:00:17.091   383   383 E         : [QDCM_Service_Open,1211]QDCM utility version=0x02060002
01-01 00:00:17.091   383   383 D PPDaemon: QDCM_Service_RegisterCallback() successful.
01-01 00:00:17.091   383   383 D PPDaemon: QDCM_Service_ErrorTypes InitUtility(): Exiting
01-01 00:00:17.091   383   383 D PPDaemon: intf.hContext = 0xb4f54180, qdcmContextHandle = 0xb4f54180
01-01 00:00:17.091   383   383 D PPDaemon: int dcm_os_intf_control(boolean): Exiting
01-01 00:00:17.096   249   249 I qdhwcomposer: Initializing Qualcomm Hardware Composer
01-01 00:00:17.096   249   249 I qdhwcomposer: MDP version: 500
01-01 00:00:17.096   249   249 I SurfaceFlinger: Using composer version 1.4
01-01 00:00:17.096   249   249 I qdhwcomposer: hwc_registerProcs
01-01 00:00:17.096   249   249 I qdhwcomposer: Initializing UEVENT Thread
01-01 00:00:17.096   249   249 I qdhwcomposer: Initializing VSYNC Thread
01-01 00:00:17.096   249   249 D qdhwcomposer: hwc_getDisplayAttributes disp = 0, width = 1920
01-01 00:00:17.096   249   249 D qdhwcomposer: hwc_getDisplayAttributes disp = 0, height = 1080
01-01 00:00:17.096   249   802 I qdhwcomposer: vsync_loop: Reading event 0 for dpy 0 from /sys/class/graphics/fb0/vsync_event
