01-01 00:00:43.089  1339  1339 E LocSvc_eng: I/===> int loc_eng_init(loc_eng_data_s_type&, LocCallbacks*, LOC_API_ADAPTER_EVENT_MASK_T, loc_core::ContextBase*) line 1629 
01-01 00:00:43.089  1339  1339 D LocSvc_jni: set_capabilities_callback: 49
01-01 00:00:43.089  1339  1339 E LocSvc_eng: I/===> void loc_eng_agps_init(loc_eng_data_s_type&, AGpsExtCallbacks*) line 2200 
01-01 00:00:43.089  1339  1339 E LocSvc_eng: I/===> void loc_eng_ni_init(loc_eng_data_s_type&, GpsNiExtCallbacks*) line 327 
01-01 00:00:43.090  1339  1339 E LAlarm  : Service started flags 0 startId 2
01-01 00:00:43.091   380   511 E LOWI-6.0.0.15: [LOWIEventReceiver] handleEvent failed
01-01 00:00:43.091   381   452 E XTIA    : [inet-agent-cs] _process failed 4
01-01 00:00:43.091   381   450 E XTIA    : [inet-agent-tile] _process failed 4
01-01 00:00:43.091   381   448 E XTIA    : [inet-agent-pos] _process failed 4
01-01 00:00:43.091   381   454 E XTIA    : [inet-agent-wwan-pos] _process failed 4
01-01 00:00:43.092  1339  4911 E XTWiFiOS: Unknown info notification
01-01 00:00:43.095  1339  1339 D Ulp_jni : JNI:stop
01-01 00:00:43.096  1339  4696 E LocSvc_libulp: I/===> int ulp_msg_process_stop_req() line 546 
01-01 00:00:43.096  1339  4696 E LocSvc_libulp: I/int ulp_msg_process_stop_req(), at ulp state = 0
01-01 00:00:43.122  4848  4848 I SDCardMountedReceiver: ACTION_MEDIA_MOUNTED: Mounted To: file:///storage/sdcard1 in state "mounted"
01-01 00:00:43.123  4848  4848 D SDCardMountedReceiver: SDCard Mounted and Ready.  Starting firmware update service.
01-01 00:00:43.124  4848  4848 W ContextImpl: Calling a method in the system process without a qualified user: android.app.ContextImpl.startService:1686 android.content.ContextWrapper.startService:515 android.content.ContextWrapper.startService:515 com.sentera.updater.SDCardMountedReceiver.onReceive:47 android.app.ActivityThread.handleReceiver:2579 
01-01 00:00:43.134  4848  4848 D FirmwareUpdateService: Saving files versions to: /storage/sdcard1/info/
01-01 00:00:43.140  4848  4848 I FirmwareVersion: Firmware Version File: 
01-01 00:00:43.140  4848  4848 I FirmwareVersion: SENTERA SNAPCAM | [aa15283d] | SCR-H01 | 0.19.0 | 2018-04-16-171653 |  | 
01-01 00:00:43.162  1339  1339 I ActivityManager: Start proc com.android.deskclock for broadcast com.android.deskclock/com.android.alarmclock.AnalogAppWidgetProvider: pid=4959 uid=10027 gids={50027, 9997, 1028} abi=armeabi-v7a
01-01 00:00:43.227  1756  1756 V KeyguardTouchDelegate: Connected to keyguard
01-01 00:00:43.273  4848  4848 W ActivityThread: ClassLoader.getResourceAsStream: The class loader returned by Thread.getContextClassLoader() may fail for processes that host multiple applications. You should explicitly specify a context class loader. For example: Thread.setContextClassLoader(getClass().getClassLoader());
01-01 00:00:43.277  1339  1339 V ActivityManager: Display changed displayId=0
01-01 00:00:43.285  4573  4573 D Launcher: Broadcasting Home Idle Screen Intent ...
01-01 00:00:43.294  4573  5061 D OpenGLRenderer: Render dirty regions requested: true
01-01 00:00:43.296  4573  4573 D Atlas   : Validating map...
01-01 00:00:43.308  4848  4848 D FirmwareUpdateService: Checking for firmware in path: firmware
01-01 00:00:43.312  4848  5076 D FirmwareUpdateService: Checking for Firmware Updates...
01-01 00:00:43.312  4848  5076 D FirmwareChecker: Checking for previous updates file: /storage/sdcard1/firmware/applying_update
01-01 00:00:43.313  4848  5076 I FirmwareChecker: Scanning for firmware updates in: /storage/sdcard1/firmware
01-01 00:00:43.316  4848  5076 V FirmwareChecker: Rejecting Possible Update File: add_stored_configs - zip: false dotFile: false tempFile: false
01-01 00:00:43.316  4848  5076 D FirmwareChecker: No update files found. ( /storage/sdcard1/firmware )  Skipped update step.
01-01 00:00:43.316  4848  5076 D FirmwareChecker: Update Check Complete.
01-01 00:00:43.316  4848  5076 D FirmwareUpdateService: Stopping Service...
01-01 00:00:43.317  1339  4610 I ActivityManager: Start proc com.android.music for broadcast com.android.music/.MediaButtonIntentReceiver: pid=5079 uid=10039 gids={50039, 9997, 3003, 1028, 1015, 3002} abi=armeabi-v7a
01-01 00:00:43.352  4573  5061 I Adreno  : EGLInit: QTI Build: 01/16/15, 25d4fe7, 
01-01 00:00:43.394  4573  5061 I OpenGLRenderer: Initialized EGL, version 1.4
01-01 00:00:43.404  4573  5061 D OpenGLRenderer: Enabling debug mode 0
01-01 00:00:43.407  5079  5079 E MediaPlayer-JNI: QCMediaPlayer mediaplayer NOT present
01-01 00:00:43.410  5079  5079 D RemoteControlClient: setBrowsedPlayerUpdateListener
01-01 00:00:43.410  5079  5079 D RemoteControlClient: setPlayItemListener
01-01 00:00:43.410  5079  5079 D RemoteControlClient: setNowPlayingEntriesUpdateListener
01-01 00:00:43.411  5079  5079 E RemoteControlClient: updateNowPlayingContentChange
01-01 00:00:43.411  5079  5079 D RemoteControlClient: updateNowPlayingContentChangeInt
01-01 00:00:43.411  5079  5079 D MediaSession: MediaSession: updateNowPlayingContentChange
01-01 00:00:43.411  1339  1958 D MediaSessionRecord: SessionStub: updateNowPlayingContentChange
01-01 00:00:43.426  1719  4842 W MediaScanner: Error opening directory '/storage/usbotg/', skipping: No such file or directory.
01-01 00:00:43.445  1719  4842 V MediaScanner: pruneDeadThumbnailFiles... android.database.sqlite.SQLiteCursor@3014ef47
01-01 00:00:43.446  1719  4842 V MediaScanner: /pruneDeadThumbnailFiles... android.database.sqlite.SQLiteCursor@3014ef47
01-01 00:00:43.555  4573  5061 V RenderScript: Application requested CPU execution
01-01 00:00:43.568  4573  5061 V RenderScript: 0xa1676600 Launching thread(s), CPUs 4
01-01 00:00:43.601  1339  4630 W InputMethodManagerService: Focus gain on non-focused client com.android.internal.view.IInputMethodClient$Stub$Proxy@72022e1 (uid=10008 pid=4573)
01-01 00:00:43.616  1339  1367 I ActivityManager: Displayed com.android.launcher/com.android.launcher2.Launcher: +1s45ms
01-01 00:00:43.616  1339  1367 I Timeline: Timeline: Activity_windows_visible id: ActivityRecord{2dc0d6dd u0 com.android.launcher/com.android.launcher2.Launcher t7} time:40068
01-01 00:00:43.726  4518  4618 W QCNEJ   : |CORE| No family connected
01-01 00:00:43.729  4518  4618 E QCNEJ   : |CORE| Feature WQE is not enabled
01-01 00:00:43.734  4573  4573 I Timeline: Timeline: Activity_idle id: android.os.BinderProxy@338576cb time:40186
01-01 00:00:43.735  1339  1362 V KeyguardServiceDelegate: *** Keyguard started
01-01 00:00:43.735  1339  1362 W KeyguardServiceDelegate: onScreenTurnedOn(): no keyguard service!
01-01 00:00:43.735  1339  1339 V KeyguardServiceDelegate: *** Keyguard connected (yay!)
01-01 00:00:43.739  1756  2061 W Settings: Setting airplane_mode_on has moved from android.provider.Settings.System to android.provider.Settings.Global, returning read-only value.
01-01 00:00:43.739  1756  1756 D PhoneStatusBar: disable: < expand icons alerts system_info back HOME* RECENT* clock SEARCH* >
01-01 00:00:43.739   248   272 D VoldCmdListener: cryptfs getpw
01-01 00:00:43.741   248   272 D VoldCmdListener: cryptfs clearpw
01-01 00:00:43.746  1756  1756 D PhoneStatusBar: disable: < expand ICONS* alerts SYSTEM_INFO* back HOME RECENT clock SEARCH >
01-01 00:00:43.748  1756  2991 D BluetoothAdapter: 939180557: getState() :  mService = null. Returning STATE_OFF
01-01 00:00:43.748  1756  2991 D BluetoothAdapter: 939180557: getState() :  mService = null. Returning STATE_OFF
01-01 00:00:43.752  1756  2991 D BluetoothAdapter: 939180557: getState() :  mService = null. Returning STATE_OFF
01-01 00:00:43.752  1756  2991 D BluetoothAdapter: 939180557: getState() :  mService = null. Returning STATE_OFF
01-01 00:00:43.761  1756  1756 W Settings: Setting airplane_mode_on has moved from android.provider.Settings.System to android.provider.Settings.Global, returning read-only value.
01-01 00:00:43.774  1756  1756 D PhoneStatusBar: disable: < expand ICONS alerts SYSTEM_INFO back HOME RECENT clock SEARCH >
01-01 00:00:43.780  1339  1387 V Sensors : HAL:input data has partial packet
01-01 00:00:43.780  1339  1387 V Sensors : HAL:input data mLeftOverBufferSize=8
01-01 00:00:43.780  1339  1387 V Sensors : HAL:input catch up retrieve rdata=:16, 0, 0, 0, 2, 0, 236, 196
01-01 00:00:43.870  1339  1387 E Sensors : HAL:input invalid data_format 0x00
01-01 00:00:43.927  1339  1958 V KeyguardServiceDelegate: **** SHOWN CALLED ****
01-01 00:00:43.962   249  1373 I SurfaceFlinger: Boot is finished (28077 ms)
01-01 00:00:44.215  1339  1367 I SystemServiceManager: Starting phase 1000
01-01 00:00:44.236  1339  5265 I RecoverySystem: No recovery log file
01-01 00:00:44.240  5264  5264 E wifi_ap.sh: WIFI_AP: Toggling! 
01-01 00:00:44.250  4573  5061 W OpenGLRenderer: Incorrectly called buildLayer on View: ShortcutAndWidgetContainer, destroying layer...
01-01 00:00:44.271  1339  5260 I ActivityManager: Start proc com.android.keychain for service com.android.keychain/.KeyChainService: pid=5277 uid=1000 gids={41000, 9997, 3002, 3001, 1028, 1015, 3003, 3005, 1021, 3004, 1000, 3009, 1023, 1010, 2001, 1007} abi=armeabi-v7a
01-01 00:00:44.274  4959  4959 V AlarmClock: AlarmInitReceiver android.intent.action.BOOT_COMPLETED
01-01 00:00:44.278  5281  5281 E wifi_ap.sh: WIFI_AP: Enabling! 
01-01 00:00:44.295  5298  5298 E wifi_ap.sh: WIFI_AP: Starting AP with ssid: Sentera_21020-02_0066 password: 00660066 and channel: 9 on ip: 192.168.43.1 (root: 192.168.43) 
01-01 00:00:44.314  1339  5265 I BootReceiver: Copying audit failures to DropBox
01-01 00:00:44.314  1339  5265 I BootReceiver: Checking for fsck errors
01-01 00:00:44.336  4959  5316 V AlarmClock: AlarmInitReceiver - Reset timers and clear stopwatch data
01-01 00:00:44.361  4959  5316 V AlarmClock: AlarmInitReceiver finished
01-01 00:00:44.381  1339  1377 I ActivityManager: Start proc com.android.dialer for broadcast com.android.dialer/.calllog.CallLogReceiver: pid=5330 uid=10005 gids={50005, 9997, 3003, 1028, 1015} abi=armeabi-v7a
01-01 00:00:44.391   324   324 I art     : Explicit concurrent mark sweep GC freed 706(30KB) AllocSpace objects, 0(0B) LOS objects, 89% free, 114KB/1138KB, paused 130us total 7.643ms
01-01 00:00:44.409   324   324 I art     : Explicit concurrent mark sweep GC freed 5(160B) AllocSpace objects, 0(0B) LOS objects, 89% free, 114KB/1138KB, paused 97us total 14.957ms
01-01 00:00:44.416   324   324 I art     : Explicit concurrent mark sweep GC freed 5(160B) AllocSpace objects, 0(0B) LOS objects, 89% free, 114KB/1138KB, paused 95us total 5.505ms
01-01 00:00:44.498  5330  5330 D ExtensionsFactory: No custom extensions.
01-01 00:00:44.505  4554  4554 V PhoneApp: onCreate()...
01-01 00:00:44.637  1339  1429 D ConnectivityService: Got NetworkFactory Messenger for Telephony
01-01 00:00:44.648  4554  4554 D TelephonyProvider: dbh.onOpen: ok, queried table=siminfo
01-01 00:00:44.648  4554  4554 D TelephonyProvider: dbh.onOpen: ok, queried table=carriers
01-01 00:00:44.697  1339  4602 I ActivityManager: Start proc com.android.smspush for service com.android.smspush/.WapPushManager: pid=5367 uid=10054 gids={50054, 9997} abi=armeabi-v7a
01-01 00:00:44.718  1339  1361 D GpsLocationProvider: received SIM realted action: android.intent.action.SIM_STATE_CHANGED
01-01 00:00:44.719  1756  1756 D StatusBar.NetworkController: updateSimState, sim state is: NOT_READY
01-01 00:00:44.719  1756  1756 D StatusBar.NetworkController: updateSimState: mSimState=UNKNOWN
01-01 00:00:44.719  1756  1756 D StatusBar.NetworkController: In updateSimIcon simState= UNKNOWN
01-01 00:00:44.719  1756  1756 D StatusBar.NetworkController: refreshViews: Data not connected!! Set no data type icon / Roaming
01-01 00:00:44.720  1756  1756 D StatusBar.NetworkController: refreshViews connected={ } level=?? combinedSignalIconId=0x0/(null) combinedActivityIconId=0x0 mobileLabel= wifiLabel=No Internet connection emergencyOnly=false combinedLabel=No Internet connection mAirplaneMode=false mDataActivity=0 mPhoneSignalIconId=0x0/(null) mQSPhoneSignalIconId=0x0/(null) mDataDirectionIconId=0x0/(null) mDataSignalIconId=0x0/(null) mDataTypeIconId=0x0/(null) mQSDataTypeIconId=0x0/(null) mNoSimIconId=0x0/(null) mWifiIconId=0x0/(null) mQSWifiIconId=0x0/(null) mWifiActivityIconId=0x0/(null) mBluetoothTetherIconId=0x1080699/android:drawable/stat_sys_tether_bluetooth
01-01 00:00:44.721  1756  1756 D StatusBar.NetworkController: refreshSignalCluster - setMobileDataIndicators:  mHasMobileDataFeature = false mPhoneSignalIconId = (null) mDataSignalIconId = (null) mMobileActivityIconId = (null) mDataTypeIconId = (null) mNoSimIconId = (null)
01-01 00:00:44.721  1756  1756 D StatusBar.NetworkController: refreshSignalCluster - setMobileDataIndicators:  mHasMobileDataFeature = false mPhoneSignalIconId = (null) mDataSignalIconId = (null) mMobileActivityIconId = (null) mDataTypeIconId = (null) mNoSimIconId = (null)
01-01 00:00:44.721  1756  1756 D StatusBar.NetworkController: refreshSignalCluster - setMobileDataIndicators:  mHasMobileDataFeature = false mPhoneSignalIconId = (null) mDataSignalIconId = (null) mMobileActivityIconId = (null) mDataTypeIconId = (null) mNoSimIconId = (null)
01-01 00:00:44.721  1756  1756 D StatusBar.NetworkController: changing data overlay icon id to 0
01-01 00:00:44.721  1756  1756 D StatusBar.NetworkController: updateDataIcon, mDataDirectionIconId = (null) mDataConnected = false
01-01 00:00:44.721  1756  1756 D StatusBar.NetworkController: refreshViews: Data not connected!! Set no data type icon / Roaming
01-01 00:00:44.721  1756  1756 D StatusBar.NetworkController: refreshViews connected={ } level=?? combinedSignalIconId=0x0/(null) combinedActivityIconId=0x0 mobileLabel= wifiLabel=No Internet connection emergencyOnly=false combinedLabel=No Internet connection mAirplaneMode=false mDataActivity=0 mPhoneSignalIconId=0x0/(null) mQSPhoneSignalIconId=0x0/(null) mDataDirectionIconId=0x0/(null) mDataSignalIconId=0x0/(null) mDataTypeIconId=0x0/(null) mQSDataTypeIconId=0x0/(null) mNoSimIconId=0x0/(null) mWifiIconId=0x0/(null) mQSWifiIconId=0x0/(null) mWifiActivityIconId=0x0/(null) mBluetoothTetherIconId=0x1080699/android:drawable/stat_sys_tether_bluetooth
01-01 00:00:44.723  1756  1756 D PhoneStatusBarPolicy: updateSimState for subId :-1
01-01 00:00:44.726  4554  4554 D DcSwitchState: [DcSwitchState-0] DcSwitchState constructor E
01-01 00:00:44.726  4554  4554 D DcSwitchState: [DcSwitchState-0] DcSwitchState constructor X
01-01 00:00:44.727  1756  1756 D PhoneStatusBarPolicy: updateSimState for phoneId :0
01-01 00:00:44.728  1756  1756 D PhoneStatusBarPolicy: updateSimState for Slot :-1
01-01 00:00:44.732  1339  1361 D GpsLocationProvider: SIM MCC/MNC is still not available
01-01 00:00:44.759  4554  4554 D PhoneApp: startImsService
01-01 00:00:44.764  4554  4554 D PhoneApp: onCreate: mUpdateLock: android.os.UpdateLock@1f666759
01-01 00:00:44.765  4554  4554 D CallController: CallController constructor: app = com.android.phone.PhoneGlobals@19ed4f1e
01-01 00:00:44.766  4554  4554 D CallerInfoCache: init()
01-01 00:00:44.766  4554  4554 D CallerInfoCache: startAsyncCache
01-01 00:00:44.768  4554  5394 D CallerInfoCache: Start refreshing cache.
01-01 00:00:44.770  4554  4554 D PhoneInterfaceManager: [PhoneIntfMgr] publish: com.android.phone.PhoneInterfaceManager@238d2015
01-01 00:00:44.772  4554  4554 D CallStateMonitor: Adding Handler: Handler (com.android.phone.CallNotifier) {81b3f2a}
01-01 00:00:44.774  1339  1366 D BluetoothManagerService: Message: 20
01-01 00:00:44.774  1339  1366 D BluetoothManagerService: Added callback: android.bluetooth.IBluetoothManagerCallback$Stub$Proxy@15e98a6f:true
01-01 00:00:44.777  1339  1366 D BluetoothManagerService: Message: 30
01-01 00:00:44.781  4554  5394 D CallerInfoCache: Caching entries are done. Total: 0
01-01 00:00:44.782  4554  4554 V PhoneApp: register for ICC status
01-01 00:00:44.795  4554  4554 I Telephony: TtyManager: updateUiTtyMode -1 -> 0
01-01 00:00:44.803  1339  1429 D ConnectivityService: Got NetworkFactory Messenger for WIFI
01-01 00:00:44.804  1339  1423 D WIFI    : got request NetworkRequest [ id=1, legacyType=-1, [ Capabilities: INTERNET&NOT_RESTRICTED&TRUSTED&NOT_VPN] ] with score 0
01-01 00:00:44.836  1339  1377 I ActivityManager: Start proc com.android.providers.calendar for broadcast com.android.providers.calendar/.CalendarReceiver: pid=5397 uid=10001 gids={50001, 9997, 3003, 1028, 1015} abi=armeabi-v7a
01-01 00:00:44.850  1756  1756 D CarrierLabel: updateNetworkName showSpn=false spn= showPlmn=true plmn=No service.
01-01 00:00:44.851  1756  1756 D StatusBar.NetworkController: refreshViews: Data not connected!! Set no data type icon / Roaming
01-01 00:00:44.851  1756  1756 D StatusBar.NetworkController: refreshViews connected={ } level=?? combinedSignalIconId=0x0/(null) combinedActivityIconId=0x0 mobileLabel= wifiLabel=No Internet connection emergencyOnly=false combinedLabel=No Internet connection mAirplaneMode=false mDataActivity=0 mPhoneSignalIconId=0x0/(null) mQSPhoneSignalIconId=0x0/(null) mDataDirectionIconId=0x0/(null) mDataSignalIconId=0x0/(null) mDataTypeIconId=0x0/(null) mQSDataTypeIconId=0x0/(null) mNoSimIconId=0x0/(null) mWifiIconId=0x0/(null) mQSWifiIconId=0x0/(null) mWifiActivityIconId=0x0/(null) mBluetoothTetherIconId=0x1080699/android:drawable/stat_sys_tether_bluetooth
01-01 00:00:44.853  1756  1756 D StatusBar.NetworkController: onServiceStateChanged voiceState=1 dataState=1
01-01 00:00:44.853  1756  1756 D StatusBar.NetworkController: Combining data service state 1 for signal
01-01 00:00:44.853  1756  1756 D StatusBar.NetworkController: updateIconSet, voice network type is: 0/UNKNOWN, data network type is: 0/UNKNOWN
01-01 00:00:44.853  1756  1756 D StatusBar.NetworkController:  chosenNetworkType=0 hspaDataDistinguishable=false hspapDistinguishable=false showAtLeastThreeGees=false
01-01 00:00:44.854  1756  1756 D TelephonyIcons: updateDataType sub=0, type=0, inetCondition=0 showAtLeast3G=false show4GforLte=true hspaDistinguishable=false
01-01 00:00:44.854  1756  1756 D TelephonyIcons: data type item name: array/telephony_data_type_sim1
01-01 00:00:44.854  1756  1756 D TelephonyIcons: data type item id: 2131099652
01-01 00:00:44.854  1756  1756 D TelephonyIcons: updateDataType mSelectedDataTypeIcon[0]=0, mSelectedDataActivityIndex=0
01-01 00:00:44.854  1756  1756 D StatusBar.NetworkController: hasService: mServiceState=1 1 home null null null  Unknown Unknown CSS not supported -1 -1 RoamInd=-1 DefRoamInd=-1 EmergOnly=false retVal=false
01-01 00:00:44.854  1756  1756 D StatusBar.NetworkController: updateTelephonySignalStrength: hasService=false ss=null
01-01 00:00:44.854  1756  1756 D StatusBar.NetworkController: hasService: mServiceState=1 1 home null null null  Unknown Unknown CSS not supported -1 -1 RoamInd=-1 DefRoamInd=-1 EmergOnly=false retVal=false
01-01 00:00:44.854  1756  1756 D TelephonyIcons: null signal icon name: drawable/stat_sys_signal_null
01-01 00:00:44.855  1756  1756 D StatusBar.NetworkController: updateTelephonySignalStrength, No signal level. mPhoneSignalIconId = com.android.systemui:drawable/stat_sys_signal_null mDataSignalIconId = com.android.systemui:drawable/stat_sys_signal_null mQSPhoneSignalIconId = com.android.systemui:drawable/ic_qs_signal_no_signal mContentDescriptionPhoneSignal = No phone.
01-01 00:00:44.860  1756  1756 D StatusBar.NetworkController: updateDataNetType, mDataTypeIconId = (null) mQSDataTypeIconId = (null) mContentDescriptionDataType = 0
01-01 00:00:44.860  1756  1756 D StatusBar.NetworkController: updateDataIcon, mDataDirectionIconId = (null) mDataConnected = false
01-01 00:00:44.860  1756  1756 D CarrierLabel: updateNetworkName showSpn=false spn= showPlmn=true plmn=No service.
01-01 00:00:44.860  1756  1756 D StatusBar.NetworkController: refreshViews: Data not connected!! Set no data type icon / Roaming
01-01 00:00:44.860  1756  1756 D StatusBar.NetworkController: refreshViews connected={ } level=?? combinedSignalIconId=0x0/(null) combinedActivityIconId=0x0 mobileLabel= wifiLabel=No Internet connection emergencyOnly=false combinedLabel=No Internet connection mAirplaneMode=false mDataActivity=0 mPhoneSignalIconId=0x0/(null) mQSPhoneSignalIconId=0x0/(null) mDataDirectionIconId=0x0/(null) mDataSignalIconId=0x0/(null) mDataTypeIconId=0x0/(null) mQSDataTypeIconId=0x0/(null) mNoSimIconId=0x0/(null) mWifiIconId=0x0/(null) mQSWifiIconId=0x0/(null) mWifiActivityIconId=0x0/(null) mBluetoothTetherIconId=0x1080699/android:drawable/stat_sys_tether_bluetooth
01-01 00:00:44.862  1756  1756 D KeyguardUpdateMonitor: ACTION_SERVICE_STATE_CHANGED on sub: -1 showSpn:false showPlmn:true mServiceState: 1 1 home null null null  Unknown Unknown CSS not supported -1 -1 RoamInd=-1 DefRoamInd=-1 EmergOnly=false
01-01 00:00:44.866  4554  4554 D PhoneApp: getPhone phoneId:-1000
01-01 00:00:44.873  5397  5397 W ResourcesManager: Asset path '/system/framework/android.test.runner.jar' does not exist or contains no resources.
01-01 00:00:44.874  4554  4554 D PhoneApp: getPhone phoneId:-1000
01-01 00:00:44.878  4554  4554 D PhoneApp: getPhone phoneId:-1000
01-01 00:00:44.880  4554  4554 D PhoneApp: getPhone phoneId:-1000
01-01 00:00:44.884  4554  4554 D PhoneApp: getPhone phoneId:-1000
01-01 00:00:44.886  4554  4554 D PhoneApp: getPhone phoneId:-1000
01-01 00:00:44.890  4554  4554 D PhoneApp: getPhone phoneId:-1000
01-01 00:00:44.894  4554  4554 D PhoneApp: getPhone phoneId:-1000
01-01 00:00:44.898  4554  4554 D PhoneApp: getPhone phoneId:-1000
01-01 00:00:44.901  4554  4554 D PhoneApp: getPhone phoneId:-1000
01-01 00:00:44.903  4554  4554 D PhoneApp: getPhone phoneId:-1000
01-01 00:00:44.906  4554  4554 D PhoneApp: getPhone phoneId:-1000
01-01 00:00:44.911  4554  4554 D PhoneApp: getPhone phoneId:-1000
01-01 00:00:44.914  4554  4554 D PhoneApp: getPhone phoneId:-1000
01-01 00:00:44.917  5397  5397 I CalendarProvider2: Created com.android.providers.calendar.CalendarAlarmManager@18d92cf3(com.android.providers.calendar.CalendarProvider2@371c5db0)
01-01 00:00:44.918  4554  4554 D PhoneApp: getPhone phoneId:-1000
01-01 00:00:44.922  4554  4554 D PhoneApp: getPhone phoneId:-1000
01-01 00:00:44.926  4554  4554 D PhoneApp: getPhone phoneId:-1000
01-01 00:00:44.931  4554  4554 D PhoneApp: getPhone phoneId:-1000
01-01 00:00:44.936  4554  4554 D PhoneApp: getPhone phoneId:-1000
01-01 00:00:44.971  1339  4602 I ActivityManager: Start proc com.android.managedprovisioning for broadcast com.android.managedprovisioning/.BootReminder: pid=5422 uid=10009 gids={50009, 9997, 1028, 3003} abi=armeabi-v7a
01-01 00:00:44.976  4554  4554 D PhoneApp: getPhone phoneId:-1000
01-01 00:00:44.981  4554  4554 D PhoneApp: getPhone phoneId:-1000
01-01 00:00:44.985  4554  4554 D PhoneApp: getPhone phoneId:-1000
01-01 00:00:44.988  4554  4554 D PhoneApp: getPhone phoneId:-1000
01-01 00:00:44.992  4554  4554 D PhoneApp: getPhone phoneId:-1000
01-01 00:00:44.995  4554  4554 D PhoneApp: getPhone phoneId:-1000
01-01 00:00:45.000  4554  4554 D PhoneApp: getPhone phoneId:-1000
01-01 00:00:45.007  4554  4554 D PhoneApp: getPhone phoneId:-1000
01-01 00:00:45.011  4554  4554 D PhoneApp: getPhone phoneId:-1000
01-01 00:00:45.015  4554  4554 D PhoneApp: getPhone phoneId:-1000
01-01 00:00:45.019  4554  4554 D PhoneApp: getPhone phoneId:-1000
01-01 00:00:45.023  4554  4554 D PhoneApp: getPhone phoneId:-1000
01-01 00:00:45.027  4554  4554 D PhoneApp: getPhone phoneId:-1000
01-01 00:00:45.029  4554  4554 D TelephonyNetworkFactory-1: got request NetworkRequest [ id=1, legacyType=-1, [ Capabilities: INTERNET&NOT_RESTRICTED&TRUSTED&NOT_VPN] ] with score 0
01-01 00:00:45.030  4554  4554 D TelephonyDebugService: TelephonyDebugService()
01-01 00:00:45.039  1339  1428 D WifiService: New client listening to asynchronous messages
01-01 00:00:45.058  4554  4569 W art     : Suspending all threads took: 10.186ms
01-01 00:00:45.062  4554  4569 I art     : Background sticky concurrent mark sweep GC freed 3915(303KB) AllocSpace objects, 2(32KB) LOS objects, 20% free, 1592KB/1998KB, paused 11.582ms total 17.709ms
01-01 00:00:45.062  4554  4554 D ImsService: ImsService created!
01-01 00:00:45.067  4554  4554 D ImsSenderRxr: Starting IFMsg_Rxr[SUB0]
01-01 00:00:45.068  4554  5449 E ImsSenderRxr: Exception in socket create'java.io.IOException: No such file or directory
01-01 00:00:45.072  4554  4554 D ImsSenderRxr: [0000]> REQUEST_QUERY_SERVICE_STATUS[SUB0]
01-01 00:00:45.072  4554  4554 D ImsSenderRxr: Message data: [0, 0, 0, 12, 11, 13, 0, 0, 0, 0, 16, 1, 24, 29, 32, 0][SUB0]
01-01 00:00:45.072  4554  4554 D ImsSenderRxr: [0000]< REQUEST_QUERY_SERVICE_STATUS error: 1
01-01 00:00:45.085  4554  4554 D         : jint JNI_OnLoad(JavaVM*, void*)
01-01 00:00:45.085  4554  4554 D         : JvmPtr initialized to -1256865152
01-01 00:00:45.085  1339  1366 D Tethering: sendTetherStateChangedBroadcast 1, 0, 0
01-01 00:00:45.085  4554  4554 D ims_media_jni: int register_ims_media(JNIEnv*)
01-01 00:00:45.089  1339  1366 D Tethering: InitialState.processMessage what=4
01-01 00:00:45.090  1339  1366 D Tethering: sendTetherStateChangedBroadcast 0, 0, 0
01-01 00:00:45.129   317   317 D WLAN_PSA: NL BCAST MSG KDriver Not ready yet : KNLREADY
01-01 00:00:45.129   317   317 D WLAN_PSA: NL BCAST MSG Received, Kernel ready, connect LN
01-01 00:00:45.130   317   317 D WLAN_PSA: Register APP Socket to kernel
01-01 00:00:45.130   317   317 V WLAN_PSA: NL MSG, len[009], NL type[0x11CA] WNI type[0x4541] len[17497]
01-01 00:00:45.130   317   317 V WLAN_PSA: NL MSG, PID: 0
01-01 00:00:45.130   317   317 V WLAN_PSA: NL MSG, len[056], NL type[0x11] WNI type[0x   2] len[036]
01-01 00:00:45.130   317   317 V WLAN_PSA: NL MSG, PID: 317
01-01 00:00:45.130   317   317 V WLAN_PSA: NL MSG, len[009], NL type[0xF008] WNI type[0x4541] len[17497]
01-01 00:00:45.130   317   317 V WLAN_PSA: NL MSG, PID: 0
01-01 00:00:45.131   317   317 V WLAN_PSA: NL MSG, len[056], NL type[0x11] WNI type[0x   2] len[036]
01-01 00:00:45.131   317   317 V WLAN_PSA: NL MSG, PID: 317
01-01 00:00:45.151  4554  4554 D VideoCall_ImsMedia: Registering for Media Listener
01-01 00:00:45.151  4554  4554 E ImsServiceSub: ImsServiceClassTracker not found.
01-01 00:00:45.151  4554  4554 D ImsService: initSubscriptionStatus: Not multi-sim...
01-01 00:00:45.175  1339  4631 I ActivityManager: Start proc com.android.mms for broadcast com.android.mms/.transaction.MmsSystemEventReceiver: pid=5482 uid=10010 gids={50010, 9997, 3003, 1028, 1015} abi=armeabi-v7a
01-01 00:00:45.180  4554  4554 D CallNotifier: onMwiChanged(): false phoneId = 0
01-01 00:00:45.180  4554  4554 D NotificationMgr: updateMwi(): false phoneId = 0
01-01 00:00:45.183  4554  4554 D CallNotifier: onCfiChanged(): false
01-01 00:00:45.183  4554  4554 D NotificationMgr: updateCfi(): false phoneId = 0
01-01 00:00:45.185  4554  4554 D Telephony: TtyManager: setTTYMode exception: com.android.internal.telephony.CommandException: RADIO_NOT_AVAILABLE
01-01 00:00:45.186  4554  4554 V OtaStartupReceiver: onOtaspChanged: mOtaspMode=0
01-01 00:00:45.194  1339  1361 D GpsLocationProvider: received SIM realted action: android.intent.action.ACTION_SUBINFO_RECORD_UPDATED
01-01 00:00:45.198  4554  4554 D PhoneApp: getPhone phoneId:0
01-01 00:00:45.200  4554  4554 D PhoneApp: mReceiver: ACTION_ANY_DATA_CONNECTION_STATE_CHANGED
01-01 00:00:45.200  4554  4554 D PhoneApp: - state: DISCONNECTED
01-01 00:00:45.200  4554  4554 D PhoneApp: - reason: radioTurnedOff
01-01 00:00:45.200  4554  4554 D PhoneApp: mReceiver: ACTION_ANY_DATA_CONNECTION_STATE_CHANGED
01-01 00:00:45.201  4554  4554 D PhoneApp: - state: DISCONNECTED
01-01 00:00:45.201  4554  4554 D PhoneApp: - reason: radioTurnedOff
01-01 00:00:45.202  4554  4554 D PhoneApp: mReceiver: ACTION_ANY_DATA_CONNECTION_STATE_CHANGED
01-01 00:00:45.202  4554  4554 D PhoneApp: - state: DISCONNECTED
01-01 00:00:45.202  4554  4554 D PhoneApp: - reason: radioTurnedOff
01-01 00:00:45.204  1719  5446 E SQLiteLog: (283) recovered 60 frames from WAL file /data/data/com.android.providers.media/databases/internal.db-wal
01-01 00:00:45.205  1339  1361 D GpsLocationProvider: SIM MCC/MNC is still not available
01-01 00:00:45.206  4554  4554 D PhoneApp: mReceiver: ACTION_ANY_DATA_CONNECTION_STATE_CHANGED
01-01 00:00:45.206  4554  4554 D PhoneApp: - state: DISCONNECTED
01-01 00:00:45.206  4554  4554 D PhoneApp: - reason: radioTurnedOff
01-01 00:00:45.206  4554  4554 D PhoneApp: mReceiver: ACTION_ANY_DATA_CONNECTION_STATE_CHANGED
01-01 00:00:45.206  4554  4554 D PhoneApp: - state: DISCONNECTED
01-01 00:00:45.206  4554  4554 D PhoneApp: - reason: radioTurnedOff
01-01 00:00:45.207  4554  4554 D PhoneApp: mReceiver: ACTION_ANY_DATA_CONNECTION_STATE_CHANGED
01-01 00:00:45.207  4554  4554 D PhoneApp: - state: DISCONNECTED
01-01 00:00:45.209  4554  4554 D PhoneApp: - reason: radioTurnedOff
01-01 00:00:45.209  4554  4554 D PhoneApp: mReceiver: ACTION_ANY_DATA_CONNECTION_STATE_CHANGED
01-01 00:00:45.209  4554  4554 D PhoneApp: - state: DISCONNECTED
01-01 00:00:45.209  4554  4554 D PhoneApp: - reason: radioTurnedOff
01-01 00:00:45.209  4554  4554 D PhoneApp: mReceiver: ACTION_ANY_DATA_CONNECTION_STATE_CHANGED
01-01 00:00:45.209  4554  4554 D PhoneApp: - state: DISCONNECTED
01-01 00:00:45.209  4554  4554 D PhoneApp: - reason: radioTurnedOff
01-01 00:00:45.210  4554  4554 D PhoneApp: mReceiver: ACTION_ANY_DATA_CONNECTION_STATE_CHANGED
01-01 00:00:45.210  4554  4554 D PhoneApp: - state: DISCONNECTED
01-01 00:00:45.210  4554  4554 D PhoneApp: - reason: radioTurnedOff
01-01 00:00:45.210  4554  4554 D PhoneApp: mReceiver: ACTION_ANY_DATA_CONNECTION_STATE_CHANGED
01-01 00:00:45.210  4554  4554 D PhoneApp: - state: DISCONNECTED
01-01 00:00:45.210  4554  4554 D PhoneApp: - reason: radioTurnedOff
01-01 00:00:45.212  4554  4554 D PhoneApp: mReceiver: ACTION_ANY_DATA_CONNECTION_STATE_CHANGED
01-01 00:00:45.212  4554  4554 D PhoneApp: - state: DISCONNECTED
01-01 00:00:45.212  4554  4554 D PhoneApp: - reason: radioTurnedOff
01-01 00:00:45.212  4554  4554 D PhoneApp: mReceiver: ACTION_ANY_DATA_CONNECTION_STATE_CHANGED
01-01 00:00:45.212  4554  4554 D PhoneApp: - state: DISCONNECTED
01-01 00:00:45.212  4554  4554 D PhoneApp: - reason: radioTurnedOff
01-01 00:00:45.213  4554  4554 D PhoneApp: mReceiver: ACTION_ANY_DATA_CONNECTION_STATE_CHANGED
01-01 00:00:45.213  4554  4554 D PhoneApp: - state: DISCONNECTED
01-01 00:00:45.213  4554  4554 D PhoneApp: - reason: radioTurnedOff
01-01 00:00:45.213  4554  4554 D PhoneApp: mReceiver: ACTION_ANY_DATA_CONNECTION_STATE_CHANGED
01-01 00:00:45.213  4554  4554 D PhoneApp: - state: DISCONNECTED
01-01 00:00:45.213  4554  4554 D PhoneApp: - reason: radioTurnedOff
01-01 00:00:45.214  4554  4554 D PhoneApp: mReceiver: ACTION_ANY_DATA_CONNECTION_STATE_CHANGED
01-01 00:00:45.214  4554  4554 D PhoneApp: - state: DISCONNECTED
01-01 00:00:45.214  4554  4554 D PhoneApp: - reason: radioTurnedOff
01-01 00:00:45.216  4554  4554 D PhoneApp: mReceiver: ACTION_ANY_DATA_CONNECTION_STATE_CHANGED
01-01 00:00:45.216  4554  4554 D PhoneApp: - state: DISCONNECTED
01-01 00:00:45.216  4554  4554 D PhoneApp: - reason: radioTurnedOff
01-01 00:00:45.217  4554  4554 D PhoneApp: mReceiver: ACTION_ANY_DATA_CONNECTION_STATE_CHANGED
01-01 00:00:45.218  4554  4554 D PhoneApp: - state: DISCONNECTED
01-01 00:00:45.218  4554  4554 D PhoneApp: - reason: dataDetached
01-01 00:00:45.219  4554  4554 D PhoneApp: mReceiver: ACTION_ANY_DATA_CONNECTION_STATE_CHANGED
01-01 00:00:45.219  4554  4554 D PhoneApp: - state: DISCONNECTED
01-01 00:00:45.219  4554  4554 D PhoneApp: - reason: dataDetached
01-01 00:00:45.220  4554  4554 D PhoneApp: mReceiver: ACTION_ANY_DATA_CONNECTION_STATE_CHANGED
01-01 00:00:45.220  4554  4554 D PhoneApp: - state: DISCONNECTED
01-01 00:00:45.220  4554  4554 D PhoneApp: - reason: dataDetached
01-01 00:00:45.222  4554  4554 D PhoneApp: mReceiver: ACTION_ANY_DATA_CONNECTION_STATE_CHANGED
01-01 00:00:45.222  4554  4554 D PhoneApp: - state: DISCONNECTED
01-01 00:00:45.222  4554  4554 D PhoneApp: - reason: dataDetached
01-01 00:00:45.223  4554  4554 D PhoneApp: mReceiver: ACTION_ANY_DATA_CONNECTION_STATE_CHANGED
01-01 00:00:45.223  4554  4554 D PhoneApp: - state: DISCONNECTED
01-01 00:00:45.223  4554  4554 D PhoneApp: - reason: dataDetached
01-01 00:00:45.225  4554  4554 D PhoneApp: mReceiver: ACTION_ANY_DATA_CONNECTION_STATE_CHANGED
01-01 00:00:45.225  4554  4554 D PhoneApp: - state: DISCONNECTED
01-01 00:00:45.225  4554  4554 D PhoneApp: - reason: dataDetached
01-01 00:00:45.225  4554  4554 D PhoneApp: mReceiver: ACTION_ANY_DATA_CONNECTION_STATE_CHANGED
01-01 00:00:45.225  4554  4554 D PhoneApp: - state: DISCONNECTED
01-01 00:00:45.225  4554  4554 D PhoneApp: - reason: dataDetached
01-01 00:00:45.226  4554  4554 D PhoneApp: mReceiver: ACTION_ANY_DATA_CONNECTION_STATE_CHANGED
01-01 00:00:45.226  4554  4554 D PhoneApp: - state: DISCONNECTED
01-01 00:00:45.226  4554  4554 D PhoneApp: - reason: dataDetached
01-01 00:00:45.226  4554  4554 D PhoneApp: mReceiver: ACTION_ANY_DATA_CONNECTION_STATE_CHANGED
01-01 00:00:45.226  4554  4554 D PhoneApp: - state: DISCONNECTED
01-01 00:00:45.226  4554  4554 D PhoneApp: - reason: roamingOff
01-01 00:00:45.227  4554  4554 D PhoneApp: mReceiver: ACTION_ANY_DATA_CONNECTION_STATE_CHANGED
01-01 00:00:45.227  4554  4554 D PhoneApp: - state: DISCONNECTED
01-01 00:00:45.227  4554  4554 D PhoneApp: - reason: roamingOff
01-01 00:00:45.227  4554  4554 D PhoneApp: mReceiver: ACTION_ANY_DATA_CONNECTION_STATE_CHANGED
01-01 00:00:45.227  4554  4554 D PhoneApp: - state: DISCONNECTED
01-01 00:00:45.227  4554  4554 D PhoneApp: - reason: roamingOff
01-01 00:00:45.228  4554  4554 D PhoneApp: mReceiver: ACTION_ANY_DATA_CONNECTION_STATE_CHANGED
01-01 00:00:45.228  4554  4554 D PhoneApp: - state: DISCONNECTED
01-01 00:00:45.228  4554  4554 D PhoneApp: - reason: roamingOff
01-01 00:00:45.228  4554  4554 D PhoneApp: mReceiver: ACTION_ANY_DATA_CONNECTION_STATE_CHANGED
01-01 00:00:45.228  4554  4554 D PhoneApp: - state: DISCONNECTED
01-01 00:00:45.228  4554  4554 D PhoneApp: - reason: roamingOff
01-01 00:00:45.229  4554  4554 D PhoneApp: mReceiver: ACTION_ANY_DATA_CONNECTION_STATE_CHANGED
01-01 00:00:45.229  4554  4554 D PhoneApp: - state: DISCONNECTED
01-01 00:00:45.229  4554  4554 D PhoneApp: - reason: roamingOff
01-01 00:00:45.229  4554  4554 D PhoneApp: mReceiver: ACTION_ANY_DATA_CONNECTION_STATE_CHANGED
01-01 00:00:45.230  4554  4554 D PhoneApp: - state: DISCONNECTED
01-01 00:00:45.230  4554  4554 D PhoneApp: - reason: roamingOff
01-01 00:00:45.230  4554  4554 D PhoneApp: mReceiver: ACTION_ANY_DATA_CONNECTION_STATE_CHANGED
01-01 00:00:45.230  4554  4554 D PhoneApp: - state: DISCONNECTED
01-01 00:00:45.230  4554  4554 D PhoneApp: - reason: roamingOff
01-01 00:00:45.230  4554  4554 D ImsServiceSub: Message received: what = 5
01-01 00:00:45.230  4554  4554 D ImsServiceSub: Received event: EVENT_GET_STATUS_UPDATE
01-01 00:00:45.230  4554  4554 E ImsServiceSub: IMS Service Status Update failed!
01-01 00:00:45.229  5564  5564 I ndc     : type=1400 audit(0.0:35): avc: denied { read write } for path="/dev/pts/1" dev="devpts" ino=4 scontext=u:r:wcnss_service:s0 tcontext=u:object_r:devpts:s0 tclass=chr_file permissive=1
01-01 00:00:45.229  5564  5564 I ndc     : type=1400 audit(0.0:36): avc: denied { getattr } for path="/dev/pts/1" dev="devpts" ino=4 scontext=u:r:wcnss_service:s0 tcontext=u:object_r:devpts:s0 tclass=chr_file permissive=1
01-01 00:00:45.229  5564  5564 I ndc     : type=1400 audit(0.0:37): avc: denied { write } for name="netd" dev="tmpfs" ino=9932 scontext=u:r:wcnss_service:s0 tcontext=u:object_r:netd_socket:s0 tclass=sock_file permissive=1
01-01 00:00:45.247   303  1335 D QsoftapCmd: Got softap fwreload command we are passing on
01-01 00:00:45.248   303  1335 D SoftapController: Softap fwReload - Ok
01-01 00:00:45.249  5564  5564 I ndc     : type=1400 audit(0.0:38): avc: denied { ioctl } for path="/dev/pts/1" dev="devpts" ino=4 scontext=u:r:wcnss_service:s0 tcontext=u:object_r:devpts:s0 tclass=chr_file permissive=1
01-01 00:00:45.259  5258  5258 I sh      : 214 0 Ok
01-01 00:00:45.259  4554  4554 D Telephony: TtyManager: queryTTYMode exception: com.android.internal.telephony.CommandException: RADIO_NOT_AVAILABLE
01-01 00:00:45.259  4554  4554 I MmsService: mReceiver action: android.intent.action.ACTION_SUBINFO_RECORD_UPDATED
01-01 00:00:45.260  4554  4554 D TelephonyNetworkFactory-1: update networkCapabilites for subId = -1
01-01 00:00:45.260  4554  4554 D TelephonyNetworkFactory-1: INTERNET capability is removed from subId = -1
01-01 00:00:45.260  4554  4554 D TelephonyNetworkFactory-1: Ready to handle network requests
01-01 00:00:45.260  4554  4554 D CallNotifier: onReceive... 
01-01 00:00:45.260  4554  4554 I Telephony: : SUBINFO_RECORD_UPDATED : 4.
01-01 00:00:45.261  4554  4554 D Telephony: TelecomAccountRegistry: Found 1 phones.  Attempting to register.
01-01 00:00:45.261  4554  4554 D Telephony: TelecomAccountRegistry: Phone with subscription id -1
01-01 00:00:45.264  4554  5567 I MmsService: MmsConfigManager.loadInBackground(): mcc/mnc: 0/0
01-01 00:00:45.265   303  1335 D QsoftapCmd: Got softap set command we are overriding
01-01 00:00:45.265   303  1335 D         : qsapsetSoftap, softap, set, 8
01-01 00:00:45.265   303  1335 D         : ARG: 1 - softap
01-01 00:00:45.265   303  1335 D         : ARG: 2 - set
01-01 00:00:45.265   303  1335 D         : ARG: 3 - wlan0
01-01 00:00:45.265   303  1335 D         : ARG: 4 - Sentera_21020-02_0066
01-01 00:00:45.265   303  1335 D         : ARG: 5 - broadcast
01-01 00:00:45.265   303  1335 D         : ARG: 6 - 9
01-01 00:00:45.265   303  1335 D         : ARG: 7 - wpa2-psk
01-01 00:00:45.265   303  1335 D         : ARG: 8 - 00660066
01-01 00:00:45.265   303  1335 D         : CMD INPUT  [set ssid=Sentera_21020-02_0066][255]
01-01 00:00:45.268   303  1335 E         : Cmd: ssid Argument :Sentera_21020-02_0066 
01-01 00:00:45.268   303  1335 D         : cmd=ssid, Val:Sentera_21020-02_0066, INI:0 
01-01 00:00:45.269   303  1335 D         : Updated:ssid=Sentera_21020-02_0066
01-01 00:00:45.269   303  1335 D         : 
01-01 00:00:45.271  4554  5567 E MmsService: MmsConfigManager.load -- empty getActiveSubInfoList
01-01 00:00:45.271  4554  4554 D PhoneApp: getPhone phoneId:0
01-01 00:00:45.272   303  1335 D         : CMD OUTPUT [success]
01-01 00:00:45.272   303  1335 D         : len :7
01-01 00:00:45.272   303  1335 D         : 
01-01 00:00:45.272   303  1335 D         : CMD INPUT  [set ignore_broadcast_ssid=0][255]
01-01 00:00:45.272  4554  4554 E PhoneInterfaceManager: [PhoneIntfMgr] getIccId: No UICC
01-01 00:00:45.272  4554  5565 D ImsServiceClassTracker: updateVtCapability false
01-01 00:00:45.272   303  1335 E         : Cmd: ignore_broadcast_ssid Argument :0 
01-01 00:00:45.272   303  1335 D         : cmd=ignore_broadcast_ssid, Val:0, INI:0 
01-01 00:00:45.272   303  1335 D         : Updated:ignore_broadcast_ssid=0
01-01 00:00:45.272   303  1335 D         : 
01-01 00:00:45.272  4554  5565 D ImsServiceSub: getServiceId returns 1
01-01 00:00:45.272  4554  5565 D ImsSenderRxr: [0001]> REQUEST_IMS_REGISTRATION_STATE[SUB0]
01-01 00:00:45.272  4554  5565 D ImsSenderRxr: Message data: [0, 0, 0, 12, 11, 13, 1, 0, 0, 0, 16, 1, 24, 1, 32, 0][SUB0]
01-01 00:00:45.272  4554  5565 D ImsSenderRxr: [0001]< REQUEST_IMS_REGISTRATION_STATE error: 1
01-01 00:00:45.273  4554  5565 D VideoCall_ImsVideoGlobals: SetActiveSub, Sub # 1
01-01 00:00:45.273  4554  5565 E ImsServiceClassTracker: removeListener error: Listener not found, com.qualcomm.ims.vt.MediaController@ab7d801
01-01 00:00:45.273  4554  5565 D ImsService: Open returns serviceId 1
01-01 00:00:45.273   303  1335 D         : CMD OUTPUT [success]
01-01 00:00:45.273   303  1335 D         : len :7
01-01 00:00:45.273   303  1335 D         : 
01-01 00:00:45.273   303  1335 D         : CMD INPUT  [set channel=9][255]
01-01 00:00:45.273   303  1335 E         : Cmd: channel Argument :9 
01-01 00:00:45.273   303  1335 D         : cmd=channel, Val:9, INI:0 
01-01 00:00:45.273   303  1335 D         : Updated:channel=9
01-01 00:00:45.273   303  1335 D         : 
01-01 00:00:45.274   303  1335 D         : CMD OUTPUT [success]
01-01 00:00:45.274   303  1335 D         : len :7
01-01 00:00:45.274   303  1335 D         : 
01-01 00:00:45.274   303  1335 D         : CMD INPUT  [set security_mode=3][255]
01-01 00:00:45.275   303  1335 E         : Cmd: security_mode Argument :3 
01-01 00:00:45.275   303  1335 D         : cmd=wpa, Val:2, INI:0 
01-01 00:00:45.275   303  1335 D         : Updated:wpa=2
01-01 00:00:45.275   303  1335 D         : 
01-01 00:00:45.275  4554  5565 D ImsSenderRxr: setUiTTYMode uittyMode=0
01-01 00:00:45.276  4554  5565 D ImsSenderRxr: [0002]> REQUEST_SEND_UI_TTY_MODE[SUB0]
01-01 00:00:45.276  4554  5565 D ImsSenderRxr: Message data: [0, 0, 0, 14, 11, 13, 2, 0, 0, 0, 16, 1, 24, 39, 32, 0, 8, 0][SUB0]
01-01 00:00:45.276  4554  5565 D ImsSenderRxr: [0002]< REQUEST_SEND_UI_TTY_MODE error: 1
01-01 00:00:45.287   303  1335 D         : CMD OUTPUT [success]
01-01 00:00:45.287   303  1335 D         : len :7
01-01 00:00:45.287   303  1335 D         : 
01-01 00:00:45.287   303  1335 D         : CMD INPUT  [set wpa_passphrase=00660066][255]
01-01 00:00:45.287   303  1335 E         : Cmd: wpa_passphrase Argument :00660066 
01-01 00:00:45.287   303  1335 D         : cmd=wpa_passphrase, Val:00660066, INI:0 
01-01 00:00:45.288   303  1335 D         : Updated:wpa_passphrase=00660066
01-01 00:00:45.288   303  1335 D         : 
01-01 00:00:45.288   303  1335 D         : CMD OUTPUT [success]
01-01 00:00:45.288   303  1335 D         : len :7
01-01 00:00:45.288   303  1335 D         : 
01-01 00:00:45.288   303  1335 D         : CMD INPUT  [set commit][255]
01-01 00:00:45.288   303  1335 D         : CMD OUTPUT [success]
01-01 00:00:45.288   303  1335 D         : len :7
01-01 00:00:45.288   303  1335 D         : 
01-01 00:00:45.289  5258  5258 I sh      : 200 0 Softap operation succeeded
01-01 00:00:45.279  5566  5566 I ndc     : type=1400 audit(0.0:39): avc: denied { getattr } for path="/dev/pts/1" dev="devpts" ino=4 scontext=u:r:wcnss_service:s0 tcontext=u:object_r:devpts:s0 tclass=chr_file permissive=1
01-01 00:00:45.279  5566  5566 I ndc     : type=1400 audit(0.0:40): avc: denied { ioctl } for path="/dev/pts/1" dev="devpts" ino=4 scontext=u:r:wcnss_service:s0 tcontext=u:object_r:devpts:s0 tclass=chr_file permissive=1
01-01 00:00:45.279  5566  5566 I ndc     : type=1400 audit(0.0:41): avc: denied { write } for path="/dev/pts/1" dev="devpts" ino=4 scontext=u:r:wcnss_service:s0 tcontext=u:object_r:devpts:s0 tclass=chr_file permissive=1
01-01 00:00:45.279  5571  5571 I ndc     : type=1400 audit(0.0:42): avc: denied { read } for path="/dev/pts/1" dev="devpts" ino=4 scontext=u:r:wcnss_service:s0 tcontext=u:object_r:devpts:s0 tclass=chr_file permissive=1
01-01 00:00:45.295  1339  4572 D CountryDetector: The first listener is added
01-01 00:00:45.295   303  1335 D QsoftapCmd: Got softap startap command we are passing on
01-01 00:00:45.296   303  1335 D SoftapController: SoftAP started successfully
01-01 00:00:45.301  4554  5393 D PhoneApp: getPhone phoneId:0
01-01 00:00:45.309  4554  4571 D PhoneApp: getPhone phoneId:0
01-01 00:00:45.315  5482  5482 V Mms     : mnc/mcc: 
01-01 00:00:45.315  5482  5482 V Mms     : tag: bool value: enabledMMS - true
01-01 00:00:45.315  5482  5482 V Mms     : tag: int value: maxMessageSize - 307200
01-01 00:00:45.316  5482  5482 V Mms     : tag: int value: maxImageHeight - 480
01-01 00:00:45.316  5482  5482 V Mms     : tag: int value: maxImageWidth - 640
01-01 00:00:45.316  5482  5482 V Mms     : tag: int value: defaultSMSMessagesPerThread - 10000
01-01 00:00:45.316  5482  5482 V Mms     : tag: int value: defaultMMSMessagesPerThread - 1000
01-01 00:00:45.316  5482  5482 V Mms     : tag: int value: minMessageCountPerThread - 10
01-01 00:00:45.316  5482  5482 V Mms     : tag: int value: maxMessageCountPerThread - 5000
01-01 00:00:45.316  5482  5482 V Mms     : tag: string value: uaProfUrl - http://www.google.com/oha/rdf/ua-profile-kila.xml
01-01 00:00:45.316  5482  5482 V Mms     : tag: int value: recipientLimit - -1
01-01 00:00:45.316  5482  5482 V Mms     : tag: bool value: enableMultipartSMS - true
01-01 00:00:45.316  5482  5482 V Mms     : tag: int value: smsToMmsTextThreshold - -1
01-01 00:00:45.317  5482  5482 V Mms     : tag: bool value: enableSlideDuration - true
01-01 00:00:45.317  5482  5482 V Mms     : tag: int value: maxMessageTextSize - -1
01-01 00:00:45.324  5572  5572 E hostapd : Configuration file: /data/misc/wifi/hostapd.conf
01-01 00:00:45.324  5572  5572 I hostapd : Line 47: DEPRECATED: 'dump_file' configuration variable is not used anymore
01-01 00:00:45.325  5572  5572 E hostapd : MAC list file '/data/hostapd/hostapd.accept' not found.
01-01 00:00:45.325  5572  5572 E hostapd : Line 172: Failed to read accept_mac_file '/data/hostapd/hostapd.accept'
01-01 00:00:45.325  5572  5572 E hostapd : MAC list file '/data/hostapd/hostapd.deny' not found.
01-01 00:00:45.325  5572  5572 E hostapd : Line 173: Failed to read deny_mac_file '/data/hostapd/hostapd.deny'
01-01 00:00:45.327  5572  5572 I hostapd : rfkill: Cannot open RFKILL control device
01-01 00:00:45.350  4554  4554 D Telephony: AccountEntry: Registered phoneAccount: android.telecom.PhoneAccount@25dd76a6 with handle: ComponentInfo{com.android.phone/com.android.services.telephony.TelephonyConnectionService}, E
01-01 00:00:45.351  4554  4554 I Telephony: PstnIncomingCallNotifier: Registering: Handler (com.android.internal.telephony.cdma.CDMALTEPhone) {e0e1fa0}
01-01 00:00:45.352  4554  4554 D Telephony: PstnPhoneCapabilitiesNotifier: Registering: Handler (com.android.internal.telephony.cdma.CDMALTEPhone) {e0e1fa0}
01-01 00:00:45.372  4554  4554 D NotificationMgr: hideDataDisconnectedRoaming()...
01-01 00:00:45.373  4554  4554 D NotificationMgr: hideDataDisconnectedRoaming()...
01-01 00:00:45.373  4554  4554 D NotificationMgr: hideDataDisconnectedRoaming()...
01-01 00:00:45.374  4554  4554 D NotificationMgr: hideDataDisconnectedRoaming()...
01-01 00:00:45.374  4554  4554 D NotificationMgr: hideDataDisconnectedRoaming()...
01-01 00:00:45.375  4554  4554 D NotificationMgr: hideDataDisconnectedRoaming()...
01-01 00:00:45.375  4554  4554 D NotificationMgr: hideDataDisconnectedRoaming()...
01-01 00:00:45.375  4554  4554 D NotificationMgr: hideDataDisconnectedRoaming()...
01-01 00:00:45.376  4554  4554 D NotificationMgr: hideDataDisconnectedRoaming()...
01-01 00:00:45.376  4554  4554 D NotificationMgr: hideDataDisconnectedRoaming()...
01-01 00:00:45.377  4554  4554 D NotificationMgr: hideDataDisconnectedRoaming()...
01-01 00:00:45.378  4554  4554 D NotificationMgr: hideDataDisconnectedRoaming()...
01-01 00:00:45.378  4554  4554 D NotificationMgr: hideDataDisconnectedRoaming()...
01-01 00:00:45.379  4554  4554 D NotificationMgr: hideDataDisconnectedRoaming()...
01-01 00:00:45.379  4554  4554 D NotificationMgr: hideDataDisconnectedRoaming()...
01-01 00:00:45.380  4554  4554 D NotificationMgr: hideDataDisconnectedRoaming()...
01-01 00:00:45.380  4554  4554 D NotificationMgr: hideDataDisconnectedRoaming()...
01-01 00:00:45.381  4554  4554 D NotificationMgr: hideDataDisconnectedRoaming()...
01-01 00:00:45.382  4554  4554 D NotificationMgr: hideDataDisconnectedRoaming()...
01-01 00:00:45.382  4554  4554 D NotificationMgr: hideDataDisconnectedRoaming()...
01-01 00:00:45.382  4554  4554 D NotificationMgr: hideDataDisconnectedRoaming()...
01-01 00:00:45.382  4554  4554 D NotificationMgr: hideDataDisconnectedRoaming()...
01-01 00:00:45.383  4554  4554 D NotificationMgr: hideDataDisconnectedRoaming()...
01-01 00:00:45.383  4554  4554 D NotificationMgr: hideDataDisconnectedRoaming()...
01-01 00:00:45.383  4554  4554 D NotificationMgr: hideDataDisconnectedRoaming()...
01-01 00:00:45.383  4554  4554 D NotificationMgr: hideDataDisconnectedRoaming()...
01-01 00:00:45.384  4554  4554 D NotificationMgr: hideDataDisconnectedRoaming()...
01-01 00:00:45.384  4554  4554 D NotificationMgr: hideDataDisconnectedRoaming()...
01-01 00:00:45.384  4554  4554 D NotificationMgr: hideDataDisconnectedRoaming()...
01-01 00:00:45.384  4554  4554 D NotificationMgr: hideDataDisconnectedRoaming()...
01-01 00:00:45.385  4554  4554 D NotificationMgr: hideDataDisconnectedRoaming()...
01-01 00:00:45.385  4554  4554 D NotificationMgr: hideDataDisconnectedRoaming()...
01-01 00:00:45.385  4554  4554 D CallNotifier: ACTION_SUBINFO_RECORD_UPDATED...
01-01 00:00:45.387  4554  4554 D ImsServiceSub: Message received: what = 3
01-01 00:00:45.387  4554  4554 E ImsServiceSub: IMS State query failed!
01-01 00:00:45.388  4554  4554 D Telephony: PstnPhoneCapabilitiesNotifier: handleVideoCapabilitesChanged. Video capability - false
01-01 00:00:45.395  4554  4554 D Telephony: PstnPhoneCapabilitiesNotifier: handleVideoCapabilitesChanged. Exception=java.lang.NullPointerException: Attempt to invoke virtual method 'int android.telecom.PhoneAccount.getCapabilities()' on a null object reference
01-01 00:00:45.396  4554  4554 D CallNotifier: onMwiChanged(): false phoneId = 0
01-01 00:00:45.396  4554  4554 D NotificationMgr: updateMwi(): false phoneId = 0
01-01 00:00:45.397  4554  4554 D CallNotifier: onCfiChanged(): false
01-01 00:00:45.397  4554  4554 D NotificationMgr: updateCfi(): false phoneId = 0
01-01 00:00:45.410  5258  5258 I sh      : 600 Iface removed p2p0
01-01 00:00:45.438  1719  5446 W MediaScanner: Error opening directory '/oem/media/', skipping: No such file or directory.
01-01 00:00:45.440  1339  4572 I ActivityManager: Start proc com.android.onetimeinitializer for broadcast com.android.onetimeinitializer/.OneTimeInitializerReceiver: pid=5584 uid=10012 gids={50012, 9997} abi=armeabi-v7a
01-01 00:00:45.442  5482  5581 D Mms     : cancelNotification
