01-01 00:00:46.023  5482  5482 V Mms     : tag: bool value: enableMultipartSMS - true
01-01 00:00:46.024  5482  5482 V Mms     : tag: int value: smsToMmsTextThreshold - -1
01-01 00:00:46.024  5482  5482 V Mms     : tag: bool value: enableSlideDuration - true
01-01 00:00:46.024  5482  5482 V Mms     : tag: int value: maxMessageTextSize - -1
01-01 00:00:46.029   321   321 V WLAN_PSA: NL MSG, len[048], NL type[0x11] WNI type[0x5050] len[028]
01-01 00:00:46.029   321   321 V WLAN_PSA: NL MSG, PID: 321
01-01 00:00:46.044  5188  5188 I sh      : 214 0 Ok
01-01 00:00:46.039  5510  5510 I ndc     : type=1400 audit(0.0:40): avc: denied { write } for name="netd" dev="tmpfs" ino=11522 scontext=u:r:wcnss_service:s0 tcontext=u:object_r:netd_socket:s0 tclass=sock_file permissive=1
01-01 00:00:46.050   306  1336 D CommandListener: Setting iface cfg
01-01 00:00:46.061  1729  5472 W MediaScanner: Error opening directory '/oem/media/', skipping: No such file or directory.
01-01 00:00:46.099  1343  1940 I ActivityManager: Start proc com.android.onetimeinitializer for broadcast com.android.onetimeinitializer/.OneTimeInitializerReceiver: pid=5516 uid=10012 gids={50012, 9997} abi=armeabi-v7a
01-01 00:00:46.108  4899  5473 D MmsSmsDatabaseHelper: [MmsSmsDb] tableName: threads hasAutoIncrement: CREATE TABLE threads (_id INTEGER PRIMARY KEY AUTOINCREMENT,date INTEGER DEFAULT 0,message_count INTEGER DEFAULT 0,recipient_ids TEXT,snippet TEXT,snippet_cs INTEGER DEFAULT 0,read INTEGER DEFAULT 1,archived INTEGER DEFAULT 0,type INTEGER DEFAULT 0,error INTEGER DEFAULT 0,has_attachment INTEGER DEFAULT 0) result: true
01-01 00:00:46.108  4899  5473 D MmsSmsDatabaseHelper: [MmsSmsDb] tableName: canonical_addresses hasAutoIncrement: CREATE TABLE canonical_addresses (_id INTEGER PRIMARY KEY AUTOINCREMENT,address TEXT) result: true
01-01 00:00:46.109  4899  5473 D MmsSmsDatabaseHelper: [MmsSmsDb] tableName: part hasAutoIncrement: CREATE TABLE part (_id INTEGER PRIMARY KEY AUTOINCREMENT,mid INTEGER,seq INTEGER DEFAULT 0,ct TEXT,name TEXT,chset INTEGER,cd TEXT,fn TEXT,cid TEXT,cl TEXT,ctt_s INTEGER,ctt_t TEXT,_data TEXT,text TEXT) result: true
01-01 00:00:46.109  4899  5473 D MmsSmsDatabaseHelper: [MmsSmsDb] tableName: pdu hasAutoIncrement: CREATE TABLE pdu (_id INTEGER PRIMARY KEY AUTOINCREMENT,thread_id INTEGER,date INTEGER,date_sent INTEGER DEFAULT 0,msg_box INTEGER,read INTEGER DEFAULT 0,m_id TEXT,sub TEXT,sub_cs INTEGER,ct_t TEXT,ct_l TEXT,exp INTEGER,m_cls TEXT,m_type INTEGER,v INTEGER,m_size INTEGER,pri INTEGER,rr INTEGER,rpt_a INTEGER,resp_st INTEGER,st INTEGER,tr_id TEXT,retr_st INTEGER,retr_txt TEXT,retr_txt_cs INTEGER,read_status INTEGER,ct_cls INTEGER,resp_txt TEXT,d_tm INTEGER,d_rpt INTEGER,locked INTEGER DEFAULT 0,phone_id INTEGER DEFAULT -1, seen INTEGER DEFAULT 0,creator TEXT,text_only INTEGER DEFAULT 0) result: true
01-01 00:00:46.110  4899  5473 D MmsSmsDatabaseHelper: [getWritableDatabase] hasAutoIncrementThreads: true hasAutoIncrementAddresses: true hasAutoIncrementPart: true hasAutoIncrementPdu: true
01-01 00:00:46.124  5482  5513 D Mms     : cancelNotification
01-01 00:00:46.135  5482  5514 D Mms     : Cursor= >>>>> Dumping cursor android.content.ContentResolver$CursorWrapperInner@3014ef47
01-01 00:00:46.135  5482  5514 D Mms     : <<<<<
01-01 00:00:46.147  5516  5516 V OneTimeInitializerRece: OneTimeInitializerReceiver.onReceive
01-01 00:00:46.162   321   321 V WLAN_PSA: NL MSG, len[048], NL type[0x11] WNI type[0x5050] len[028]
01-01 00:00:46.162   321   321 V WLAN_PSA: NL MSG, PID: 321
01-01 00:00:46.162   321   321 V WLAN_PSA: NL MSG, len[089], NL type[0x11] WNI type[0x5050] len[069]
01-01 00:00:46.162   321   321 V WLAN_PSA: NL MSG, PID: 321
01-01 00:00:46.162   321   321 V WLAN_PSA: NL MSG, len[021], NL type[0x18] WNI type[0x  72] len[30313]
01-01 00:00:46.162   321   321 V WLAN_PSA: NL MSG, PID: 0
01-01 00:00:46.166  5480  5480 I hostapd : wlan0: interface state UNINITIALIZED->ENABLED
01-01 00:00:46.166  5480  5480 I hostapd : wlan0: AP-ENABLED 
01-01 00:00:46.166   306  1336 D CommandListener: Trying to bring up wlan0
01-01 00:00:46.166   321   321 V WLAN_PSA: NL MSG, len[045], NL type[0x11] WNI type[0x5050] len[025]
01-01 00:00:46.166   321   321 V WLAN_PSA: NL MSG, PID: 321
01-01 00:00:46.166   321   321 V WLAN_PSA: NL MSG, len[048], NL type[0x11] WNI type[0x5050] len[028]
01-01 00:00:46.166   321   321 V WLAN_PSA: NL MSG, PID: 321
01-01 00:00:46.166   321   321 V WLAN_PSA: NL MSG, len[048], NL type[0x11] WNI type[0x5050] len[028]
01-01 00:00:46.166   321   321 V WLAN_PSA: NL MSG, PID: 321
01-01 00:00:46.166   321   321 V WLAN_PSA: NL MSG, len[045], NL type[0x11] WNI type[0x5050] len[025]
01-01 00:00:46.166  5188  5188 I sh      : 614 Address updated 192.168.43.1/24 wlan0 128 0
01-01 00:00:46.166   321   321 V WLAN_PSA: NL MSG, PID: 321
01-01 00:00:46.166  5188  5188 I sh      : 600 Iface linkstate wlan0 up
01-01 00:00:46.166  5188  5188 I sh      : 200 0 Interface configuration set
01-01 00:00:46.172   306  1336 D CommandListener: TetherCmd::runCommand. argc: 4. argv[0]: tether
01-01 00:00:46.172   306  1336 D TetherController: tetherInterface(wlan0)
01-01 00:00:46.172   306  1336 D TetherController: Router advertisement daemon already stopped
01-01 00:00:46.172   306  1336 D TetherController: Need atleast two interfaces to start Router advertisement daemon
01-01 00:00:46.172  5188  5188 I sh      : 200 0 Tether operation succeeded
01-01 00:00:46.185  1343  1702 I ActivityManager: Start proc com.android.voicedialer for broadcast com.android.voicedialer/.VoiceDialerReceiver: pid=5584 uid=10016 gids={50016, 9997, 3002} abi=armeabi-v7a
01-01 00:00:46.186  5482  5514 D Mms     : Cursor= >>>>> Dumping cursor android.content.ContentResolver$CursorWrapperInner@31bbb374
01-01 00:00:46.186  5482  5514 D Mms     : <<<<<
01-01 00:00:46.199  5188  5188 I sh      : 200 0 success
01-01 00:00:46.208  5188  5188 I sh      : 200 0 success
01-01 00:00:46.214   306  1336 D TetherController: Setting IP forward enable = 1
01-01 00:00:46.214   306  1336 D TetherController: config_write_setting(/proc/sys/net/ipv6/conf/all/proxy_ndp, 2)
01-01 00:00:46.214   306  1336 D TetherController: config_write_setting(/proc/sys/net/ipv6/conf/all/forwarding, 2)
01-01 00:00:46.215  5188  5188 I sh      : 200 0 ipfwd operation succeeded
01-01 00:00:46.220   306  1336 D CommandListener: TetherCmd::runCommand. argc: 4. argv[0]: tether
01-01 00:00:46.220   306  1336 D TetherController: Starting tethering services
01-01 00:00:46.221  5482  5515 D Mms     : cancelNotification
01-01 00:00:46.222   306  1336 D TetherController: Sending update msg to dnsmasq [update_ifaces:wlan0]
01-01 00:00:46.222   306  1336 D TetherController: Tethering services running
01-01 00:00:46.222  5188  5188 I sh      : 200 0 Tether operation succeeded
01-01 00:00:46.219  5633  5633 I dnsmasq : type=1400 audit(0.0:41): avc: denied { getattr } for path="pipe:[20775]" dev="pipefs" ino=20775 scontext=u:r:dnsmasq:s0 tcontext=u:r:netd:s0 tclass=fifo_file permissive=1
01-01 00:00:46.233  5633  5633 I dnsmasq : started, version 2.51 cachesize 150
01-01 00:00:46.233  5633  5633 I dnsmasq : compile time options: no-IPv6 GNU-getopt no-DBus no-I18N DHCP no-scripts no-TFTP
01-01 00:00:46.233  5633  5633 W dnsmasq : warning: no upstream servers configured
01-01 00:00:46.233  5633  5633 I dnsmasq : DHCP, IP range 192.168.43.10 -- 192.168.43.99, lease time 1h
01-01 00:00:46.233  5633  5633 I dnsmasq : read /etc/hosts - 1 addresses
01-01 00:00:46.251  1343  1343 E LAlarm  : Service started flags 0 startId 3
01-01 00:00:46.254  1343  1343 W ContextImpl: Calling a method in the system process without a qualified user: android.app.ContextImpl.startService:1686 android.content.ContextWrapper.startService:515 android.content.ContextWrapper.startService:515 com.dsi.ant.server.AntService.startService:129 com.dsi.ant.server.startup.BootCompletedReceiver.onReceive:41 
01-01 00:00:46.254  1343  1343 W ContextImpl: Implicit intents with startService are not safe: Intent { act=com.dsi.ant.server.IAntHal } android.content.ContextWrapper.startService:515 android.content.ContextWrapper.startService:515 com.dsi.ant.server.AntService.startService:129 
01-01 00:00:46.273  1729  5472 W MediaScanner: Error opening directory '/storage/usbotg/', skipping: No such file or directory.
01-01 00:00:46.286  1343  1343 I ActivityManager: Start proc com.android.calendar for broadcast com.android.calendar/.alerts.AlertReceiver: pid=5658 uid=10024 gids={50024, 9997, 3003} abi=armeabi-v7a
01-01 00:00:46.304  1729  5472 V MediaScanner: pruneDeadThumbnailFiles... android.database.sqlite.SQLiteCursor@2ec5fd0c
01-01 00:00:46.304  1729  5472 V MediaScanner: /pruneDeadThumbnailFiles... android.database.sqlite.SQLiteCursor@2ec5fd0c
01-01 00:00:46.355  5658  5658 D ExtensionsFactory: No custom extensions.
01-01 00:00:46.357  5658  5658 D AlertReceiver: onReceive: a=android.intent.action.BOOT_COMPLETED Intent { act=android.intent.action.BOOT_COMPLETED flg=0x8000010 cmp=com.android.calendar/.alerts.AlertReceiver (has extras) }
01-01 00:00:46.391  1343  5018 I ActivityManager: Start proc com.android.email for broadcast com.android.email/.service.EmailBroadcastReceiver: pid=5682 uid=10029 gids={50029, 9997, 3003, 1028, 1015} abi=armeabi-v7a
01-01 00:00:46.393  5658  5680 D AlertService: 0 Action = android.intent.action.BOOT_COMPLETED
01-01 00:00:46.395  5658  5680 D AlertService: Scheduling next alarm with AlarmScheduler. sEventReminderReceived: null
01-01 00:00:46.405  5658  5680 D AlarmScheduler: No events found starting within 1 week.
01-01 00:00:46.540  5682  5701 D ActivityThread: Loading provider com.android.email.provider;com.android.email.notifier: com.android.email.provider.EmailProvider
01-01 00:00:46.547  5682  5704 D ActivityThread: Loading provider com.android.email.provider;com.android.email.notifier: com.android.email.provider.EmailProvider
01-01 00:00:46.576  5682  5682 D EmailBroadcastReceiver: Received android.intent.action.BOOT_COMPLETED
01-01 00:00:46.580  1985  1985 I SystemBroadcastReceiver: Boot has been completed
01-01 00:00:46.582  1985  1985 I LauncherIconVisibilityManager: Activity has already been disabled: ComponentInfo{com.android.inputmethod.latin/com.android.inputmethod.latin.setup.SetupActivity}
01-01 00:00:46.603  1343  2129 W ActivityManager: Unable to start service Intent { cmp=com.android.email/.service.AttachmentService } U=0: not found
01-01 00:00:46.605  1343  1359 W ActivityManager: Unable to start service Intent { cmp=com.android.email/.service.AttachmentService } U=0: not found
01-01 00:00:46.607  1343  1940 W ActivityManager: Unable to start service Intent { cmp=com.android.email/.service.AttachmentService } U=0: not found
01-01 00:00:46.611  5682  5711 I Email   : Observing account changes for notifications
01-01 00:00:46.642  4845  4845 I BootMessageReceiver: Boot completed, starting Snapcam Service.
01-01 00:00:46.645  1343  1702 I ActivityManager: Start proc com.android.exchange for service com.android.exchange/.service.EasService: pid=5712 uid=10030 gids={50030, 9997, 3003, 1028, 1015} abi=armeabi-v7a
01-01 00:00:46.660  4845  4845 W ContextImpl: Calling a method in the system process without a qualified user: android.app.ContextImpl.startService:1686 android.content.ContextWrapper.startService:515 android.content.ContextWrapper.startService:515 com.sentera.snapcam.BootMessageReceiver.onReceive:38 android.app.ActivityThread.handleReceiver:2579 
01-01 00:00:46.664  5682  5682 E ActivityThread: Service com.android.email.service.EmailBroadcastProcessorService has leaked ServiceConnection com.android.emailcommon.service.ServiceProxy$ProxyConnection@16e2186a that was originally bound here
01-01 00:00:46.664  5682  5682 E ActivityThread: android.app.ServiceConnectionLeaked: Service com.android.email.service.EmailBroadcastProcessorService has leaked ServiceConnection com.android.emailcommon.service.ServiceProxy$ProxyConnection@16e2186a that was originally bound here
01-01 00:00:46.664  5682  5682 E ActivityThread: 	at android.app.LoadedApk$ServiceDispatcher.<init>(LoadedApk.java:1072)
01-01 00:00:46.664  5682  5682 E ActivityThread: 	at android.app.LoadedApk.getServiceDispatcher(LoadedApk.java:966)
01-01 00:00:46.664  5682  5682 E ActivityThread: 	at android.app.ContextImpl.bindServiceCommon(ContextImpl.java:1768)
01-01 00:00:46.664  5682  5682 E ActivityThread: 	at android.app.ContextImpl.bindService(ContextImpl.java:1751)
01-01 00:00:46.664  5682  5682 E ActivityThread: 	at android.content.ContextWrapper.bindService(ContextWrapper.java:538)
01-01 00:00:46.664  5682  5682 E ActivityThread: 	at com.android.emailcommon.service.ServiceProxy.setTask(ServiceProxy.java:176)
01-01 00:00:46.664  5682  5682 E ActivityThread: 	at com.android.emailcommon.service.ServiceProxy.test(ServiceProxy.java:219)
01-01 00:00:46.664  5682  5682 E ActivityThread: 	at com.android.email.service.EmailServiceUtils.isServiceAvailable(EmailServiceUtils.java:160)
01-01 00:00:46.664  5682  5682 E ActivityThread: 	at com.android.email.provider.AccountReconciler.reconcileAccountsInternal(AccountReconciler.java:164)
01-01 00:00:46.664  5682  5682 E ActivityThread: 	at com.android.email.provider.AccountReconciler.reconcileAccounts(AccountReconciler.java:113)
01-01 00:00:46.664  5682  5682 E ActivityThread: 	at com.android.email.service.EmailBroadcastProcessorService.reconcileAndStartServices(EmailBroadcastProcessorService.java:305)
01-01 00:00:46.664  5682  5682 E ActivityThread: 	at com.android.email.service.EmailBroadcastProcessorService.onBootCompleted(EmailBroadcastProcessorService.java:295)
01-01 00:00:46.664  5682  5682 E ActivityThread: 	at com.android.email.service.EmailBroadcastProcessorService.onHandleIntent(EmailBroadcastProcessorService.java:130)
01-01 00:00:46.664  5682  5682 E ActivityThread: 	at android.app.IntentService$ServiceHandler.handleMessage(IntentService.java:65)
01-01 00:00:46.664  5682  5682 E ActivityThread: 	at android.os.Handler.dispatchMessage(Handler.java:102)
01-01 00:00:46.664  5682  5682 E ActivityThread: 	at android.os.Looper.loop(Looper.java:135)
01-01 00:00:46.664  5682  5682 E ActivityThread: 	at android.os.HandlerThread.run(HandlerThread.java:61)
01-01 00:00:46.666  4899  4899 D PhoneApp: getPhone phoneId:0
01-01 00:00:46.696  1343  1360 I ActivityManager: Start proc com.qualcomm.telephony for broadcast org.codeaurora.ims/.ImsServiceAutoboot: pid=5732 uid=1001 gids={41001, 9997, 3002, 3001, 3003, 1028, 1015} abi=armeabi-v7a
01-01 00:00:46.700  5416  5416 I CalendarProvider2: Sending notification intent: Intent { act=android.intent.action.PROVIDER_CHANGED dat=content://com.android.calendar }
01-01 00:00:46.700  5416  5416 W ContentResolver: Failed to get type for: content://com.android.calendar (Unknown URL content://com.android.calendar)
01-01 00:00:46.736  5732  5732 E ImsService AutoBoot: ImsService Auto Boot Started Successfully
01-01 00:00:46.738  5732  5732 I CsvtService AutoBoot: Received boot complete.CsvtEnabled = false
01-01 00:00:46.759  4845  4860 I art     : Background sticky concurrent mark sweep GC freed 4426(231KB) AllocSpace objects, 0(0B) LOS objects, 24% free, 863KB/1139KB, paused 5.868ms total 29.819ms
01-01 00:00:46.766  4845  4845 D MainListener: Creating MainListener
01-01 00:00:46.766  4845  4845 D MainListener: Creating: 107508752
01-01 00:00:46.770  1343  2129 I ActivityManager: Start proc com.android.cellbroadcastreceiver for broadcast com.android.cellbroadcastreceiver/.CellBroadcastReceiver: pid=5750 uid=10002 gids={50002, 9997} abi=armeabi-v7a
01-01 00:00:46.772  4845  4845 V MainListener: Start command issued to snapcam service with intent: Intent { act=android.intent.action.BOOT_COMPLETED cmp=com.sentera.snapcam/.main.MainListener }
01-01 00:00:46.772  4845  4845 V MainListener: Setting up Foreground Service...
01-01 00:00:46.778  4845  4845 I MainListener: Handling new intent: Intent { act=android.intent.action.BOOT_COMPLETED cmp=com.sentera.snapcam/.main.MainListener }
01-01 00:00:46.779  4845  4845 I MainListener: ----------------------- Application Start [ b0632b0b-99e7-4bbe-8b23-b8f41877f8e0 ] -----------------------
01-01 00:00:46.779  4845  4845 I MainListener: Running at group-priority: main - 5 Max Priority: 10
01-01 00:00:46.779   326   326 I art     : Explicit concurrent mark sweep GC freed 706(30KB) AllocSpace objects, 0(0B) LOS objects, 89% free, 114KB/1138KB, paused 120us total 8.841ms
01-01 00:00:46.779  4845  4845 I MainListener: Android process priority: -4
01-01 00:00:46.779  4845  4845 I MainListener: Starting Snapcam Application...
01-01 00:00:46.784  4845  4845 I ConfigUtils: Checking for updates to stored configs...
01-01 00:00:46.785  4845  4845 I ConfigUtils: Found add folder at: /storage/sdcard1/firmware/add_stored_configs
01-01 00:00:46.786   326   326 I art     : Explicit concurrent mark sweep GC freed 5(160B) AllocSpace objects, 0(0B) LOS objects, 89% free, 114KB/1138KB, paused 98us total 6.529ms
01-01 00:00:46.796   326   326 I art     : Explicit concurrent mark sweep GC freed 5(160B) AllocSpace objects, 0(0B) LOS objects, 89% free, 114KB/1138KB, paused 195us total 7.140ms
01-01 00:00:46.836  5712  5712 I Exchange: PSS has no active accounts; stopping service.
01-01 00:00:46.838  5750  5750 D CellBroadcastReceiver: onReceive Intent { act=android.intent.action.SERVICE_STATE flg=0x10 cmp=com.android.cellbroadcastreceiver/.CellBroadcastReceiver (has extras) }
01-01 00:00:46.838  5750  5750 D CellBroadcastReceiver: Intent ACTION_SERVICE_STATE_CHANGED
01-01 00:00:46.839  5750  5750 D CellBroadcastReceiver: Service state changed! 1 Full: 1 1 home null null null  Unknown Unknown CSS not supported -1 -1 RoamInd=-1 DefRoamInd=-1 EmergOnly=false Current state=-1
01-01 00:00:46.843  5750  5750 D CellBroadcastReceiver: onReceive Intent { act=android.intent.action.ACTION_SUBINFO_RECORD_UPDATED flg=0x10 cmp=com.android.cellbroadcastreceiver/.CellBroadcastReceiver (has extras) }
01-01 00:00:46.844  4899  5771 D SIP     : [SipSharedPreferences] isReceivingCallsEnabled, option not set; use default value, exception: android.provider.Settings$SettingNotFoundException: sip_receive_calls
01-01 00:00:46.844  4845  4845 I ConfigUtils: Checking for new factory default config in: /storage/sdcard1/firmware/config-factory-defaults.yml
01-01 00:00:46.845  4845  4845 I ConfigUtils: Attempting to load config file from SDCard...
01-01 00:00:46.859  4845  4845 I UserConfig: Attempting to load /storage/sdcard1/config.yml [ Version: 1.3 ]
01-01 00:00:46.909  1343  2129 I art     : Explicit concurrent mark sweep GC freed 14922(934KB) AllocSpace objects, 8(382KB) LOS objects, 33% free, 7MB/10MB, paused 1.994ms total 62.435ms
01-01 00:00:46.915  5482  5482 V Mms     : onStart: #1 resultCode: -1 = Activity.RESULT_OK
01-01 00:00:46.926  5658  5658 D AlertReceiver: onReceive: a=android.intent.action.PROVIDER_CHANGED Intent { act=android.intent.action.PROVIDER_CHANGED dat=content://com.android.calendar flg=0x10 cmp=com.android.calendar/.alerts.AlertReceiver }
01-01 00:00:46.931  5658  5776 D AlertService: 0 Action = android.intent.action.PROVIDER_CHANGED
01-01 00:00:46.949  4845  4845 I UserConfig: Loaded /storage/sdcard1/config.yml [ Version: 1.3 ]
01-01 00:00:46.949  4845  4845 I ConfigUtils: Config file loaded successfully from: /storage/sdcard1/config.yml
01-01 00:00:46.949  4845  4845 I ConfigUtils: Checking for new hardware config in: /storage/sdcard1/firmware/hardware-config.yml
01-01 00:00:46.950  4845  4845 I ConfigUtils: Loading hardware config from: /persist/sentera/hardware-config.yml
01-01 00:00:46.939  4845  4845 I sentera.snapcam: type=1400 audit(0.0:42): avc: denied { read } for name="hardware-config.yml" dev="mmcblk0p16" ino=22 scontext=u:r:system_app:s0 tcontext=u:object_r:persist_file:s0 tclass=file permissive=1
01-01 00:00:46.939  4845  4845 I sentera.snapcam: type=1400 audit(0.0:43): avc: denied { open } for path="/persist/sentera/hardware-config.yml" dev="mmcblk0p16" ino=22 scontext=u:r:system_app:s0 tcontext=u:object_r:persist_file:s0 tclass=file permissive=1
01-01 00:00:46.939  4845  4845 I sentera.snapcam: type=1400 audit(0.0:44): avc: denied { getattr } for path="/persist/sentera/hardware-config.yml" dev="mmcblk0p16" ino=22 scontext=u:r:system_app:s0 tcontext=u:object_r:persist_file:s0 tclass=file permissive=1
01-01 00:00:46.973  4845  4845 I ConfigUtils: Setting camera chromatix driver on camera 0 to: 5.4mm-0001_0014
01-01 00:00:46.988  4845  4845 I ConfigUtils: Setting camera chromatix driver on camera 1 to: 5.4mm-0001_0016
01-01 00:00:46.994  4845  4845 I ConfigUtils: Waiting for chromatix drivers to load...
01-01 00:00:47.005  4845  4845 I ConfigUtils: Chromatix drivers loaded!
01-01 00:00:47.017  4845  4845 I ConfigUtils: Changing IP to: 192.168.143.141
01-01 00:00:47.059  5837  5837 I iptables: type=1400 audit(0.0:45): avc: denied { create } for scontext=u:r:init:s0 tcontext=u:r:init:s0 tclass=rawip_socket permissive=1
01-01 00:00:47.059  5837  5837 I iptables: type=1400 audit(0.0:46): avc: denied { getopt } for lport=255 scontext=u:r:init:s0 tcontext=u:r:init:s0 tclass=rawip_socket permissive=1
01-01 00:00:47.059  5837  5837 I iptables: type=1400 audit(0.0:47): avc: denied { setopt } for lport=255 scontext=u:r:init:s0 tcontext=u:r:init:s0 tclass=rawip_socket permissive=1
01-01 00:00:47.122  4845  4845 I ConfigUtils: Successfully changed to: 192.168.143.141
01-01 00:00:47.157  4845  4845 I ConfigUtils: Wifi access point enabled!
01-01 00:00:47.157  4845  4845 I MainListener: Starting Sentera Protocol Listener...
01-01 00:00:47.172  5840  5840 E wifi_ap.sh: WIFI_AP: Toggling! 
01-01 00:00:47.175  4845  4845 I MainListener: Starting LED Notification Manager...
01-01 00:00:47.176  4845  4845 I MainListener: Starting Payload Status Updates...
01-01 00:00:47.177  4845  5842 I ProtocolServer: Starting class com.sentera.snapcam.senteraprotocol.ProcerusInterpreter server. RX: UDP [ 239.192.143.140:60530 ] TX: UDP [ 192.168.143.130:60531 ]
01-01 00:00:47.186  4845  5844 I StatusUpdater-1: Starting status server on 192.168.143.141:60531 - Updates: 192.168.143.130
01-01 00:00:47.186  4845  5843 I StatusUpdater-0: Starting status server on 192.168.143.141:60531 - Updates: 192.168.143.130
01-01 00:00:47.192  4845  4845 I MainListener: Starting IMU Sensor Polling Source...
01-01 00:00:47.198  4845  4845 D IMUPolling: IMUPolling Created.
01-01 00:00:47.198  4845  4845 I MainListener: Performing Data Source Initialization
01-01 00:00:47.198  4845  4845 I MainListener: Starting u-blox Interpreter Thread...
01-01 00:00:47.200  4845  4845 I MainListener: Starting u-blox Server Thread...
01-01 00:00:47.206  4845  4845 E jni-serial: On Load
01-01 00:00:47.206  4845  4845 I SerialIn: Library loaded successfully: snapcam-serial
01-01 00:00:47.206  4845  4845 I jni-serial: Configuring Input Serial Port for: /dev/ttyUSB0 @ 115200
01-01 00:00:47.206  4845  4845 D jni-default: Opening port /dev/ttyUSB0 as Read Only at 115200 baud.
01-01 00:00:47.206  1343  1392 V Sensors : HAL:input data has partial packet
01-01 00:00:47.206  1343  1392 V Sensors : HAL:input data mLeftOverBufferSize=8
01-01 00:00:47.206  1343  1392 V Sensors : HAL:input catch up retrieve rdata=:16, 0, 0, 0, 2, 0, 161, 196
01-01 00:00:47.199  4845  4845 I sentera.snapcam: type=1400 audit(0.0:48): avc: denied { read } for name="ttyUSB0" dev="tmpfs" ino=9138 scontext=u:r:system_app:s0 tcontext=u:object_r:device:s0 tclass=chr_file permissive=1
01-01 00:00:47.199  4845  4845 I sentera.snapcam: type=1400 audit(0.0:49): avc: denied { open } for path="/dev/ttyUSB0" dev="tmpfs" ino=9138 scontext=u:r:system_app:s0 tcontext=u:object_r:device:s0 tclass=chr_file permissive=1
01-01 00:00:47.199  4845  4845 I sentera.snapcam: type=1400 audit(0.0:50): avc: denied { ioctl } for path="/dev/ttyUSB0" dev="tmpfs" ino=9138 scontext=u:r:system_app:s0 tcontext=u:object_r:device:s0 tclass=chr_file permissive=1
01-01 00:00:47.208  4845  4845 I MainListener: Setup u-blox Event Manager...
01-01 00:00:47.210  4845  4845 I MainListener: Setup Attitude Repository...
01-01 00:00:47.211  4845  4845 I MainListener: Setup Absolute-Time Repository...
01-01 00:00:47.212  4845  4845 I MainListener: Setup Heading Repository...
01-01 00:00:47.212  4845  4845 I MainListener: Setup Position LLH Repository...
01-01 00:00:47.212  4845  4845 I MainListener: Performing Session Type Initialization
01-01 00:00:47.213  4845  4845 W MainListener: Commanded session used with Ublox.  Only the Sentera Protocol will start a session.
01-01 00:00:47.213  4845  4845 I MainListener: Starting web server...
01-01 00:00:47.213  5854  5854 E wifi_ap.sh: WIFI_AP: Enabling! 
01-01 00:00:47.216  4845  5855 I ProtocolServer: Starting class com.sentera.snapcam.ubx.UbxInterpreter server. RX: SERIAL [ /dev/ttyUSB0 @ 115200 bps ] TX: NONE
01-01 00:00:47.233  4845  4845 W ActivityThread: ClassLoader.getResources: The class loader returned by Thread.getContextClassLoader() may fail for processes that host multiple applications. You should explicitly specify a context class loader. For example: Thread.setContextClassLoader(getClass().getClassLoader());
01-01 00:00:47.233  5858  5858 E wifi_ap.sh: WIFI_AP: Starting AP with ssid: Sentera_21020-02_0066 password: 00660066 and channel: 9 on ip: 192.168.43.1 (root: 192.168.43) 
01-01 00:00:47.267  4845  4845 I ConfigUtils: Loaded to Idle: Saving config to internal storage
01-01 00:00:47.291  5838  5838 I sh      : insmod: can't insert '/system/lib/modules/wlan.ko': File exists
01-01 00:00:47.412   306  1336 D QsoftapCmd: Got softap fwreload command we are passing on
01-01 00:00:47.413   306  1336 D SoftapController: Softap fwReload - Ok
01-01 00:00:47.414  5838  5838 I sh      : 214 0 Ok
01-01 00:00:47.419   306  1336 D QsoftapCmd: Got softap set command we are overriding
01-01 00:00:47.419   306  1336 D         : qsapsetSoftap, softap, set, 8
01-01 00:00:47.419   306  1336 D         : ARG: 1 - softap
01-01 00:00:47.419   306  1336 D         : ARG: 2 - set
01-01 00:00:47.419   306  1336 D         : ARG: 3 - wlan0
01-01 00:00:47.420   306  1336 D         : ARG: 4 - Sentera_21020-02_0066
01-01 00:00:47.420   306  1336 D         : ARG: 5 - broadcast
01-01 00:00:47.420   306  1336 D         : ARG: 6 - 9
01-01 00:00:47.420   306  1336 D         : ARG: 7 - wpa2-psk
01-01 00:00:47.420   306  1336 D         : ARG: 8 - 00660066
01-01 00:00:47.420   306  1336 D         : CMD INPUT  [set ssid=Sentera_21020-02_0066][255]
01-01 00:00:47.420   306  1336 E         : Cmd: ssid Argument :Sentera_21020-02_0066 
01-01 00:00:47.420   306  1336 D         : cmd=ssid, Val:Sentera_21020-02_0066, INI:0 
01-01 00:00:47.420   306  1336 D         : Updated:ssid=Sentera_21020-02_0066
01-01 00:00:47.420   306  1336 D         : 
01-01 00:00:47.421   306  1336 D         : CMD OUTPUT [success]
01-01 00:00:47.421   306  1336 D         : len :7
01-01 00:00:47.421   306  1336 D         : 
01-01 00:00:47.421   306  1336 D         : CMD INPUT  [set ignore_broadcast_ssid=0][255]
01-01 00:00:47.421   306  1336 E         : Cmd: ignore_broadcast_ssid Argument :0 
01-01 00:00:47.421   306  1336 D         : cmd=ignore_broadcast_ssid, Val:0, INI:0 
01-01 00:00:47.421   306  1336 D         : Updated:ignore_broadcast_ssid=0
01-01 00:00:47.421   306  1336 D         : 
01-01 00:00:47.422   306  1336 D         : CMD OUTPUT [success]
01-01 00:00:47.422   306  1336 D         : len :7
01-01 00:00:47.422   306  1336 D         : 
01-01 00:00:47.422   306  1336 D         : CMD INPUT  [set channel=9][255]
01-01 00:00:47.423   306  1336 E         : Cmd: channel Argument :9 
01-01 00:00:47.423   306  1336 D         : cmd=channel, Val:9, INI:0 
01-01 00:00:47.423   306  1336 D         : Updated:channel=9
01-01 00:00:47.423   306  1336 D         : 
01-01 00:00:47.424   306  1336 D         : CMD OUTPUT [success]
01-01 00:00:47.424   306  1336 D         : len :7
01-01 00:00:47.424   306  1336 D         : 
01-01 00:00:47.424   306  1336 D         : CMD INPUT  [set security_mode=3][255]
01-01 00:00:47.424   306  1336 E         : Cmd: security_mode Argument :3 
01-01 00:00:47.424   306  1336 D         : cmd=wpa, Val:2, INI:0 
01-01 00:00:47.428   306  1336 D         : Updated:wpa=2
01-01 00:00:47.428   306  1336 D         : 
01-01 00:00:47.448  1343  1392 E Sensors : HAL:input invalid data_format 0x00
01-01 00:00:47.452   306  1336 D         : CMD OUTPUT [success]
01-01 00:00:47.452   306  1336 D         : len :7
01-01 00:00:47.452   306  1336 D         : 
01-01 00:00:47.452   306  1336 D         : CMD INPUT  [set wpa_passphrase=00660066][255]
01-01 00:00:47.452   306  1336 E         : Cmd: wpa_passphrase Argument :00660066 
01-01 00:00:47.452   306  1336 D         : cmd=wpa_passphrase, Val:00660066, INI:0 
01-01 00:00:47.455   306  1336 D         : Updated:wpa_passphrase=00660066
01-01 00:00:47.455   306  1336 D         : 
01-01 00:00:47.456   306  1336 D         : CMD OUTPUT [success]
01-01 00:00:47.456   306  1336 D         : len :7
01-01 00:00:47.456   306  1336 D         : 
01-01 00:00:47.456   306  1336 D         : CMD INPUT  [set commit][255]
01-01 00:00:47.456   306  1336 D         : CMD OUTPUT [success]
01-01 00:00:47.456   306  1336 D         : len :7
01-01 00:00:47.456   306  1336 D         : 
01-01 00:00:47.457  5838  5838 I sh      : 200 0 Softap operation succeeded
01-01 00:00:47.471   306  1336 D QsoftapCmd: Got softap startap command we are passing on
01-01 00:00:47.471   306  1336 E SoftapController: SoftAP is already running
01-01 00:00:47.474  5838  5838 I sh      : 214 0 Ok
01-01 00:00:47.479   306  1336 D CommandListener: Setting iface cfg
01-01 00:00:47.479   306  1336 D CommandListener: Trying to bring up wlan0
01-01 00:00:47.480  5838  5838 I sh      : 200 0 Interface configuration set
01-01 00:00:47.486   306  1336 D CommandListener: TetherCmd::runCommand. argc: 4. argv[0]: tether
01-01 00:00:47.486   306  1336 D TetherController: tetherInterface(wlan0)
01-01 00:00:47.486   306  1336 D TetherController: Router advertisement daemon already stopped
01-01 00:00:47.487   306  1336 D TetherController: Router advertisement daemon running
01-01 00:00:47.487   306  1336 D TetherController: Sending update msg to dnsmasq [update_ifaces:wlan0:wlan0]
01-01 00:00:47.488  5838  5838 I sh      : 200 0 Tether operation succeeded
01-01 00:00:47.489  5963  5963 I ndc     : type=1400 audit(0.0:51): avc: denied { read write } for path="/dev/pts/1" dev="devpts" ino=4 scontext=u:r:wcnss_service:s0 tcontext=u:object_r:devpts:s0 tclass=chr_file permissive=1
01-01 00:00:47.489  5963  5963 I ndc     : type=1400 audit(0.0:52): avc: denied { getattr } for path="/dev/pts/1" dev="devpts" ino=4 scontext=u:r:wcnss_service:s0 tcontext=u:object_r:devpts:s0 tclass=chr_file permissive=1
01-01 00:00:47.503  5838  5838 I sh      : 200 0 success
01-01 00:00:47.489  5963  5963 I ndc     : type=1400 audit(0.0:53): avc: denied { ioctl } for path="/dev/pts/1" dev="devpts" ino=4 scontext=u:r:wcnss_service:s0 tcontext=u:object_r:devpts:s0 tclass=chr_file permissive=1
01-01 00:00:47.507  5962  5962 D radish  : radish_bridge_debug_cmds: ebtables -t broute -L
01-01 00:00:47.516   306  1336 E Netd    : netlink response contains error (File exists)
01-01 00:00:47.517  5838  5838 I sh      : 400 0 addRoute() failed (File exists)
01-01 00:00:47.523   306  1336 D TetherController: Setting IP forward enable = 1
01-01 00:00:47.523   306  1336 D TetherController: config_write_setting(/proc/sys/net/ipv6/conf/all/proxy_ndp, 2)
01-01 00:00:47.523   306  1336 D TetherController: config_write_setting(/proc/sys/net/ipv6/conf/all/forwarding, 2)
01-01 00:00:47.524  5838  5838 I sh      : 200 0 ipfwd operation succeeded
01-01 00:00:47.527  4845  4845 I ConfigUtils: Saved current config to: /storage/sdcard1/config.yml
01-01 00:00:47.530   306  1336 D CommandListener: TetherCmd::runCommand. argc: 4. argv[0]: tether
01-01 00:00:47.530   306  1336 E TetherController: Tethering already started
01-01 00:00:47.530  5838  5838 I sh      : 400 0 Tether operation failed (Device or resource busy)
01-01 00:00:47.529  4845  4845 I sentera.snapcam: type=1400 audit(0.0:54): avc: denied { write } for name="trigger" dev="sysfs" ino=15771 scontext=u:r:system_app:s0 tcontext=u:object_r:sysfs:s0 tclass=file permissive=1
01-01 00:00:47.539  4845  4845 I ConfigUtils: Saved factory default config to: /storage/sdcard1/config-factory-defaults.yml
01-01 00:00:47.540  4845  4845 I MainListener: Snapcam ready for commands.
01-01 00:00:47.540  4845  4845 I MainListener: ----------------------- Session  : IDLE [  ] -----------------------
01-01 00:00:47.540  4845  4845 V StatusUpdater-0: Session:  entering IDLE
01-01 00:00:47.540  4845  4845 V StatusUpdater-1: Session:  entering IDLE
01-01 00:00:47.540  4845  4845 D LEDNotifications: Setting LEDs to Session Ready State.
01-01 00:00:47.556  5962  5962 D radish  : Bridge table: broute
01-01 00:00:47.556  5962  5962 D radish  : 
01-01 00:00:47.556  5962  5962 D radish  : Bridge chain: BROUTING, entries: 0, policy: ACCEPT
01-01 00:00:47.557  5962  5962 D radish  : radish_bridge_debug_cmds: brctl show
01-01 00:00:47.560  5962  5962 D radish  : bridge name	bridge id		STP enabled	interfaces
01-01 00:00:47.561  5962  5962 D radish  : radish_bridge_debug_cmds: netstat -ap
01-01 00:00:47.559  5974  5974 I netstat : type=1400 audit(0.0:55): avc: denied { getattr } for path="/proc/sysrq-trigger" dev="proc" ino=4026543158 scontext=u:r:netd:s0 tcontext=u:object_r:proc_sysrq:s0 tclass=file permissive=1
01-01 00:00:47.559  5974  5974 I netstat : type=1400 audit(0.0:56): avc: denied { getattr } for path="/proc/1" dev="proc" ino=11276 scontext=u:r:netd:s0 tcontext=u:r:init:s0 tclass=dir permissive=1
01-01 00:00:47.559  5974  5974 I netstat : type=1400 audit(0.0:57): avc: denied { search } for name="1" dev="proc" ino=11276 scontext=u:r:netd:s0 tcontext=u:r:init:s0 tclass=dir permissive=1
01-01 00:00:47.559  5974  5974 I netstat : type=1400 audit(0.0:58): avc: denied { read } for name="cmdline" dev="proc" ino=11767 scontext=u:r:netd:s0 tcontext=u:r:init:s0 tclass=file permissive=1
01-01 00:00:47.559  5974  5974 I netstat : type=1400 audit(0.0:59): avc: denied { open } for path="/proc/1/cmdline" dev="proc" ino=11767 scontext=u:r:netd:s0 tcontext=u:r:init:s0 tclass=file permissive=1
01-01 00:00:47.559  5974  5974 I netstat : type=1400 audit(0.0:60): avc: denied { getattr } for path="/proc/2" dev="proc" ino=12829 scontext=u:r:netd:s0 tcontext=u:r:kernel:s0 tclass=dir permissive=1
01-01 00:00:47.559  5974  5974 I netstat : type=1400 audit(0.0:61): avc: denied { search } for name="2" dev="proc" ino=12829 scontext=u:r:netd:s0 tcontext=u:r:kernel:s0 tclass=dir permissive=1
01-01 00:00:47.616  5962  5962 D radish  : Active Internet connections (servers and established)
01-01 00:00:47.616  5962  5962 D radish  : Proto Recv-Q Send-Q Local Address           Foreign Address         State       PID/Program name    
01-01 00:00:47.616  5962  5962 D radish  : tcp        0      0 (null):5555             (null):*                LISTEN      -
01-01 00:00:47.616  5962  5962 D radish  : tcp        0      0 (null):53               (null):*                LISTEN      -
01-01 00:00:47.616  5962  5962 D radish  : tcp        0      0 (null):53               (null):*                LISTEN      -
01-01 00:00:47.616  5962  5962 D radish  : tcp        0      0 (null):22               (null):*                LISTEN      -
01-01 00:00:47.616  5962  5962 D radish  : tcp        0      0 :::8080                 :::*                    LISTEN      -
01-01 00:00:47.616  5962  5962 D radish  : tcp        0      0 :::5201                 :::*                    LISTEN      -
01-01 00:00:47.616  5962  5962 D radish  : tcp        0      0 :::22                   :::*                    LISTEN      -
01-01 00:00:47.616  5962  5962 D radish  : udp        0      0 (null):53               (null):*                            -
01-01 00:00:47.616  5962  5962 D radish  : udp        0      0 (null):53               (null):*                            -
01-01 00:00:47.616  5962  5962 D radish  : udp        0      0 (null):67               (null):*                            -
01-01 00:00:47.616  5962  5962 D radish  : udp        0      0 (null):137              (null):*                            -
01-01 00:00:47.616  5962  5962 D radish  : udp        0      0 (null):138              (null):*                            -
01-01 00:00:47.616  5962  5962 D radish  : udp        0      0 :::50598                :::*                                -
01-01 00:00:47.616  5962  5962 D radish  : udp        0      0 :::60530                :::*                                -
01-01 00:00:47.616  5962  5962 D radish  : udp        0    704 (null):60531            (null):60531            ESTABLISHED -
01-01 00:00:47.616  5962  5962 D radish  : udp        0    704 (null):60531            (null):60531            ESTABLISHED -
01-01 00:00:47.616  5962  5962 D radish  : Active UNIX domain sockets (servers and established)
01-01 00:00:47.616  5962  5962 D radish  : Proto RefCnt Flags       Type       State         I-Node PID/Program name    Path
01-01 00:00:47.616  5962  5962 D radish  : unix  2      [ ACC ]     STREAM     LISTENING      11519 5962/radish         /dev/socket/dnsproxyd
01-01 00:00:47.616  5962  5962 D radish  : unix  2      [ ACC ]     STREAM     LISTENING      11521 5962/radish         /dev/socket/netd
01-01 00:00:47.616  5962  5962 D radish  : unix  2      [ ACC ]     STREAM     LISTENING      13585 -                   /data/system/ndebugsocket
01-01 00:00:47.616  5962  5962 D radish  : unix  2      [ ]         DGRAM                     11635 -                   @suilst
01-01 00:00:47.616  5962  5962 D radish  : unix  2      [ ACC ]     SEQPACKET  LISTENING      10503 -                   /dev/socket/lmkd
01-01 00:00:47.616  5962  5962 D radish  : unix  2      [ ACC ]     STREAM     LISTENING       9481 -                   /dev/socket/ims_datad
01-01 00:00:47.616  5962  5962 D radish  : unix  2      [ ACC ]     STREAM     LISTENING      11539 -                   /dev/socket/zygote
01-01 00:00:47.616  5962  5962 D radish  : unix  2      [ ACC ]     STREAM     LISTENING      10546 -                   /dev/socket/installd
01-01 00:00:47.616  5962  5962 D radish  : unix  2      [ ACC ]     STREAM     LISTENING      12349 -                   /dev/socket/thermal-recv-passive-client
01-01 00:00:47.616  5962  5962 D radish  : unix  2      [ ACC ]     STREAM     LISTENING      12352 -                   /dev/socket/thermal-recv-client
01-01 00:00:47.617  5962  5962 D radish  : unix  2      [ ACC ]     STREAM     LISTENING      12354 -                   /dev/socket/thermal-send-client
01-01 00:00:47.617  5962  5962 D radish  : unix  2      [ ACC ]     STREAM     LISTENING      10565 -                   /dev/socket/cnd
01-01 00:00:47.617  5962  5962 D radish  : unix  2      [ ACC ]     STREAM     LISTENING      11604 -                   /dev/socket/pps
01-01 00:00:47.617  5962  5962 D radish  : unix  2      [ ACC ]     STREAM     LISTENING      13839 -                   @time_genoff
01-01 00:00:47.617  5962  5962 D radish  : unix  2      [ ACC ]     STREAM     LISTENING      11395 -                   /dev/socket/property_service
01-01 00:00:47.617  5962  5962 D radish  : unix  2      [ ACC ]     STREAM     LISTENING      19562 -                   /data/misc/location/mq/alarm_svc
01-01 00:00:47.617  5962  5962 D radish  : unix  2      [ ACC ]     STREAM     LISTENING      10530 -                   @android:debuggerd
01-01 00:00:47.617  5962  5962 D radish  : unix  2      [ ACC ]     STREAM     LISTENING      10627 -                   @THERMALE_UI
01-01 00:00:47.617  5962  5962 D radish  : unix  2      [ ]         DGRAM                     20685 -                   /data/misc/wifi/hostapd/wlan0
01-01 00:00:47.617  5962  5962 D radish  : unix  2      [ ACC ]     STREAM     LISTENING      12744 -                   /data/misc/location/mq/location-mq-s
01-01 00:00:47.617  5962  5962 D radish  : unix  2      [ ACC ]     STREAM     LISTENING      12732 -                   /dev/socket/adbd
01-01 00:00:47.617  5962  5962 D radish  : unix  2      [ ACC ]     STREAM     LISTENING       9154 -                   /dev/socket/vold
01-01 00:00:47.617  5962  5962 D radish  : unix  2      [ ACC ]     STREAM     LISTENING       9438 -                   /dev/socket/ims_qmid
01-01 00:00:47.617  5962  5962 D radish  : unix  2      [ ACC ]     STREAM     LISTENING      12739 -                   @jdwp-control
01-01 00:00:47.617  5962  5962 D radish  : unix  36     [ ]         DGRAM                     10489 -                   /dev/socket/logdw
01-01 00:00:47.621  5962  5962 D radish  : unix  2      [ ACC ]     STREAM     LISTENING      11514 5962/radish         /dev/socket/fwmarkd
01-01 00:00:47.621  5962  5962 D radish  : unix  2      [ ACC ]     SEQPACKET  LISTENING      10492 -                   /dev/socket/logdr
01-01 00:00:47.621  5962  5962 D radish  : unix  2      [ ACC ]     STREAM     LISTENING      11517 5962/radish         /dev/socket/mdns
01-01 00:00:47.621  5962  5962 D radish  : unix  2      [ ACC ]     STREAM     LISTENING      10494 -                   /dev/socket/logd
01-01 00:00:47.621  5962  5962 D radish  : unix  3      [ ]         SEQPACKET  CONNECTED       9964 -                   
01-01 00:00:47.621  5962  5962 D radish  : unix  3      [ ]         SEQPACKET  CONNECTED      19612 -                   
01-01 00:00:47.621  5962  5962 D radish  : unix  3      [ ]         SEQPACKET  CONNECTED      13579 -                   
01-01 00:00:47.621  5962  5962 D radish  : unix  3      [ ]         STREAM     CONNECTED      17597 -                   
01-01 00:00:47.621  5962  5962 D radish  : unix  3      [ ]         STREAM     CONNECTED      16387 -                   
01-01 00:00:47.621  5962  5962 D radish  : unix  3      [ ]         STREAM     CONNECTED      10981 -                   
01-01 00:00:47.621  5962  5962 D radish  : unix  3      [ ]         STREAM     CONNECTED      18777 -                   @jdwp-control
01-01 00:00:47.621  5962  5962 D radish  : unix  2      [ ]         DGRAM                     13471 -                   
01-01 00:00:47.621  5962  5962 D radish  : unix  3      [ ]         STREAM     CONNECTED       9497 -                   
01-01 00:00:47.621  5962  5962 D radish  : unix  3      [ ]         STREAM     CONNECTED      20544 -                   
01-01 00:00:47.621  5962  5962 D radish  : unix  2      [ ]         DGRAM                     11428 -                   
01-01 00:00:47.621  5962  5962 D radish  : unix  3      [ ]         STREAM     CONNECTED      20574 -                   
01-01 00:00:47.621  5962  5962 D radish  : unix  2      [ ]         DGRAM                     12718 -                   
01-01 00:00:47.621  5962  5962 D radish  : unix  3      [ ]         STREAM     CONNECTED      14481 -                   
01-01 00:00:47.621  5962  5962 D radish  : unix  3      [ ]         STREAM     CONNECTED      18245 -                   
01-01 00:00:47.621  5962  5962 D radish  : unix  3      [ ]         STREAM     CONNECTED      20911 -                   @jdwp-control
01-01 00:00:47.621  5962  5962 D radish  : unix  3      [ ]         SEQPACKET  CONNECTED      13562 -                   
01-01 00:00:47.621  5962  5962 D radish  : unix  3      [ ]         STREAM     CONNECTED      19623 -                   
01-01 00:00:47.621  5962  5962 D radish  : unix  3      [ ]         STREAM     CONNECTED       9934 -                   
01-01 00:00:47.621  5962  5962 D radish  : unix  3      [ ]         STREAM     CONNECTED      12738 -                   
01-01 00:00:47.621  5962  5962 D radish  : unix  3      [ ]         STREAM     CONNECTED      18217 -                   @jdwp-control
01-01 00:00:47.621  5962  5962 D radish  : unix  3      [ ]         SEQPACKET  CONNECTED      19629 -                   
01-01 00:00:47.621  5962  5962 D radish  : unix  3      [ ]         SEQPACKET  CONNECTED      14016 -                   
01-01 00:00:47.621  5962  5962 D radish  : unix  3      [ ]         STREAM     CONNECTED      17928 -                   
01-01 00:00:47.621  5962  5962 D radish  : unix  2      [ ]         DGRAM                     10604 -                   
01-01 00:00:47.621  5962  5962 D radish  : unix  3      [ ]         STREAM     CONNECTED      18900 -                   @jdwp-control
01-01 00:00:47.621  5962  5962 D radish  : unix  3      [ ]         STREAM     CONNECTED       9462 -                   
01-01 00:00:47.621  5962  5962 D radish  : unix  3      [ ]         STREAM     CONNECTED      17727 -                   /data/misc/location/mq/location-mq-s
01-01 00:00:47.621  5962  5962 D radish  : unix  3      [ ]         SEQPACKET  CONNECTED      13147 -                   
01-01 00:00:47.621  5962  5962 D radish  : unix  2      [ ]         DGRAM                      9412 -                   
01-01 00:00:47.621  5962  5962 D radish  : unix  2      [ ]         DGRAM                     10688 -                   
01-01 00:00:47.621  5962  5962 D radish  : unix  2      [ ]         DGRAM                     11701 -                   
01-01 00:00:47.621  5962  5962 D radish  : unix  2      [ ]         DGRAM                     11640 -                   
01-01 00:00:47.621  5962  5962 D radish  : unix  3      [ ]         SEQPACKET  CONNECTED      17334 -                   
01-01 00:00:47.621  5962  5962 D radish  : unix  2      [ ]         DGRAM                     10631 -                   
01-01 00:00:47.621  5962  5962 D radish  : unix  3      [ ]         STREAM     CONNECTED      19719 -                   @jdwp-control
01-01 00:00:47.621  5962  5962 D radish  : unix  3      [ ]         STREAM     CONNECTED      17652 -                   
01-01 00:00:47.621  5962  5962 D radish  : unix  3      [ ]         STREAM     CONNECTED      15505 -                   @jdwp-control
01-01 00:00:47.621  5962  5962 D radish  : unix  3      [ ]         STREAM     CONNECTED