01-01 00:00:18.977   311   311 W Resources: Preloaded drawable resource #0x10802fb (android:drawable/fastscroll_track_default_holo_light) that varies with configuration!!
01-01 00:00:18.978   311   311 W Resources: Preloaded drawable resource #0x10802f0 (android:drawable/fastscroll_label_left_holo_light) that varies with configuration!!
01-01 00:00:18.979   311   311 W Resources: Preloaded drawable resource #0x10802f3 (android:drawable/fastscroll_label_right_holo_light) that varies with configuration!!
01-01 00:00:18.979   311   311 W Resources: Preloaded drawable resource #0x10802d0 (android:drawable/editbox_dropdown_background_dark) that varies with configuration!!
01-01 00:00:18.979   311   311 W Resources: Preloaded drawable resource #0x1080743 (android:drawable/textfield_search_selected_holo_dark) that varies with configuration!!
01-01 00:00:18.980   311   311 W Resources: Preloaded drawable resource #0x1080735 (android:drawable/textfield_search_default_holo_dark) that varies with configuration!!
01-01 00:00:18.980   311   311 W Resources: Preloaded drawable resource #0x1080745 (android:drawable/textfield_searchview_holo_dark) that varies with configuration!!
01-01 00:00:18.980   311   311 W Resources: Preloaded drawable resource #0x1080740 (android:drawable/textfield_search_right_selected_holo_dark) that varies with configuration!!
01-01 00:00:18.980   311   311 W Resources: Preloaded drawable resource #0x108073e (android:drawable/textfield_search_right_default_holo_dark) that varies with configuration!!
01-01 00:00:18.981   311   311 W Resources: Preloaded drawable resource #0x1080747 (android:drawable/textfield_searchview_right_holo_dark) that varies with configuration!!
01-01 00:00:18.981   311   311 W Resources: Preloaded drawable resource #0x1080744 (android:drawable/textfield_search_selected_holo_light) that varies with configuration!!
01-01 00:00:18.981   311   311 W Resources: Preloaded drawable resource #0x1080736 (android:drawable/textfield_search_default_holo_light) that varies with configuration!!
01-01 00:00:18.981   311   311 W Resources: Preloaded drawable resource #0x1080746 (android:drawable/textfield_searchview_holo_light) that varies with configuration!!
01-01 00:00:18.982   311   311 W Resources: Preloaded drawable resource #0x1080741 (android:drawable/textfield_search_right_selected_holo_light) that varies with configuration!!
01-01 00:00:18.982   311   311 W Resources: Preloaded drawable resource #0x108073f (android:drawable/textfield_search_right_default_holo_light) that varies with configuration!!
01-01 00:00:18.982   311   311 W Resources: Preloaded drawable resource #0x1080748 (android:drawable/textfield_searchview_right_holo_light) that varies with configuration!!
01-01 00:00:18.982   311   311 W Resources: Preloaded drawable resource #0x1080743 (android:drawable/textfield_search_selected_holo_dark) that varies with configuration!!
01-01 00:00:18.982   311   311 W Resources: Preloaded drawable resource #0x1080735 (android:drawable/textfield_search_default_holo_dark) that varies with configuration!!
01-01 00:00:18.983   311   311 W Resources: Preloaded drawable resource #0x1080740 (android:drawable/textfield_search_right_selected_holo_dark) that varies with configuration!!
01-01 00:00:18.983   311   311 W Resources: Preloaded drawable resource #0x108073e (android:drawable/textfield_search_right_default_holo_dark) that varies with configuration!!
01-01 00:00:18.983   311   311 W Resources: Preloaded drawable resource #0x1080744 (android:drawable/textfield_search_selected_holo_light) that varies with configuration!!
01-01 00:00:18.983   311   311 W Resources: Preloaded drawable resource #0x1080736 (android:drawable/textfield_search_default_holo_light) that varies with configuration!!
01-01 00:00:18.984   311   311 W Resources: Preloaded drawable resource #0x1080741 (android:drawable/textfield_search_right_selected_holo_light) that varies with configuration!!
01-01 00:00:18.984   311   311 W Resources: Preloaded drawable resource #0x108073f (android:drawable/textfield_search_right_default_holo_light) that varies with configuration!!
01-01 00:00:18.984   311   311 W Resources: Preloaded drawable resource #0x10806ff (android:drawable/tab_unselected_holo) that varies with configuration!!
01-01 00:00:18.985   311   311 W Resources: Preloaded drawable resource #0x10806fa (android:drawable/tab_selected_holo) that varies with configuration!!
01-01 00:00:18.985   311   311 W Resources: Preloaded drawable resource #0x10806fe (android:drawable/tab_unselected_focused_holo) that varies with configuration!!
01-01 00:00:18.986   298   298 I ServiceManager: Waiting for service batterystats...
01-01 00:00:18.986   311   311 W Resources: Preloaded drawable resource #0x10806f9 (android:drawable/tab_selected_focused_holo) that varies with configuration!!
01-01 00:00:18.986   311   311 W Resources: Preloaded drawable resource #0x1080700 (android:drawable/tab_unselected_pressed_holo) that varies with configuration!!
01-01 00:00:18.986   311   311 W Resources: Preloaded drawable resource #0x10806fb (android:drawable/tab_selected_pressed_holo) that varies with configuration!!
01-01 00:00:18.986   311   311 W Resources: Preloaded drawable resource #0x1080700 (android:drawable/tab_unselected_pressed_holo) that varies with configuration!!
01-01 00:00:18.987   311   311 W Resources: Preloaded drawable resource #0x10806fb (android:drawable/tab_selected_pressed_holo) that varies with configuration!!
01-01 00:00:18.987   311   311 W Resources: Preloaded drawable resource #0x10806ec (android:drawable/tab_indicator_holo) that varies with configuration!!
01-01 00:00:18.987   311   311 W Resources: Preloaded drawable resource #0x10806ff (android:drawable/tab_unselected_holo) that varies with configuration!!
01-01 00:00:18.987   311   311 W Resources: Preloaded drawable resource #0x10806fa (android:drawable/tab_selected_holo) that varies with configuration!!
01-01 00:00:18.988   311   311 W Resources: Preloaded drawable resource #0x10806fe (android:drawable/tab_unselected_focused_holo) that varies with configuration!!
01-01 00:00:18.988   311   311 W Resources: Preloaded drawable resource #0x10806f9 (android:drawable/tab_selected_focused_holo) that varies with configuration!!
01-01 00:00:18.988   311   311 W Resources: Preloaded drawable resource #0x1080700 (android:drawable/tab_unselected_pressed_holo) that varies with configuration!!
01-01 00:00:18.988   311   311 W Resources: Preloaded drawable resource #0x10806fb (android:drawable/tab_selected_pressed_holo) that varies with configuration!!
01-01 00:00:18.989   311   311 W Resources: Preloaded drawable resource #0x10805a0 (android:drawable/quickcontact_badge_overlay_pressed_dark) that varies with configuration!!
01-01 00:00:18.990   311   311 W Resources: Preloaded drawable resource #0x1080597 (android:drawable/quickcontact_badge_overlay_focused_dark) that varies with configuration!!
01-01 00:00:18.990   311   311 W Resources: Preloaded drawable resource #0x108059c (android:drawable/quickcontact_badge_overlay_normal_dark) that varies with configuration!!
01-01 00:00:18.990   311   311 W Resources: Preloaded drawable resource #0x1080596 (android:drawable/quickcontact_badge_overlay_dark) that varies with configuration!!
01-01 00:00:18.991   311   311 W Resources: Preloaded drawable resource #0x108059c (android:drawable/quickcontact_badge_overlay_normal_dark) that varies with configuration!!
01-01 00:00:18.991   311   311 W Resources: Preloaded drawable resource #0x10805a0 (android:drawable/quickcontact_badge_overlay_pressed_dark) that varies with configuration!!
01-01 00:00:18.993   311   311 W Resources: Preloaded drawable resource #0x10805a2 (android:drawable/quickcontact_badge_overlay_pressed_light) that varies with configuration!!
01-01 00:00:18.994   311   311 W Resources: Preloaded drawable resource #0x1080599 (android:drawable/quickcontact_badge_overlay_focused_light) that varies with configuration!!
01-01 00:00:18.999   311   311 W Resources: Preloaded drawable resource #0x108059e (android:drawable/quickcontact_badge_overlay_normal_light) that varies with configuration!!
01-01 00:00:18.999   311   311 W Resources: Preloaded drawable resource #0x108059b (android:drawable/quickcontact_badge_overlay_light) that varies with configuration!!
01-01 00:00:19.003   311   311 W Resources: Preloaded drawable resource #0x108059e (android:drawable/quickcontact_badge_overlay_normal_light) that varies with configuration!!
01-01 00:00:19.003   311   311 W Resources: Preloaded drawable resource #0x10805a2 (android:drawable/quickcontact_badge_overlay_pressed_light) that varies with configuration!!
01-01 00:00:19.004   311   311 W Resources: Preloaded drawable resource #0x10800b6 (android:drawable/ab_share_pack_mtrl_alpha) that varies with configuration!!
01-01 00:00:19.004   311   311 W Resources: Preloaded drawable resource #0x10800bc (android:drawable/ab_solid_shadow_mtrl_alpha) that varies with configuration!!
01-01 00:00:19.004   311   311 W Resources: Preloaded drawable resource #0x10800de (android:drawable/btn_cab_done_mtrl_alpha) that varies with configuration!!
01-01 00:00:19.005   311   311 W Resources: Preloaded drawable resource #0x1080113 (android:drawable/btn_check_to_off_mtrl_000) that varies with configuration!!
01-01 00:00:19.005   311   311 W Resources: Preloaded drawable resource #0x1080114 (android:drawable/btn_check_to_off_mtrl_001) that varies with configuration!!
01-01 00:00:19.005   311   311 W Resources: Preloaded drawable resource #0x1080115 (android:drawable/btn_check_to_off_mtrl_002) that varies with configuration!!
01-01 00:00:19.006   311   311 W Resources: Preloaded drawable resource #0x1080116 (android:drawable/btn_check_to_off_mtrl_003) that varies with configuration!!
01-01 00:00:19.006   311   311 W Resources: Preloaded drawable resource #0x1080117 (android:drawable/btn_check_to_off_mtrl_004) that varies with configuration!!
01-01 00:00:19.006   311   311 W Resources: Preloaded drawable resource #0x1080118 (android:drawable/btn_check_to_off_mtrl_005) that varies with configuration!!
01-01 00:00:19.007   311   311 W Resources: Preloaded drawable resource #0x1080119 (android:drawable/btn_check_to_off_mtrl_006) that varies with configuration!!
01-01 00:00:19.007   311   311 W Resources: Preloaded drawable resource #0x108011a (android:drawable/btn_check_to_off_mtrl_007) that varies with configuration!!
01-01 00:00:19.007   311   311 W Resources: Preloaded drawable resource #0x108011b (android:drawable/btn_check_to_off_mtrl_008) that varies with configuration!!
01-01 00:00:19.008   311   311 W Resources: Preloaded drawable resource #0x108011c (android:drawable/btn_check_to_off_mtrl_009) that varies with configuration!!
01-01 00:00:19.008   311   311 W Resources: Preloaded drawable resource #0x108011d (android:drawable/btn_check_to_off_mtrl_010) that varies with configuration!!
01-01 00:00:19.008   311   311 W Resources: Preloaded drawable resource #0x108011e (android:drawable/btn_check_to_off_mtrl_011) that varies with configuration!!
01-01 00:00:19.009   311   311 W Resources: Preloaded drawable resource #0x108011f (android:drawable/btn_check_to_off_mtrl_012) that varies with configuration!!
01-01 00:00:19.010   311   311 W Resources: Preloaded drawable resource #0x1080120 (android:drawable/btn_check_to_off_mtrl_013) that varies with configuration!!
01-01 00:00:19.010   311   311 W Resources: Preloaded drawable resource #0x1080121 (android:drawable/btn_check_to_off_mtrl_014) that varies with configuration!!
01-01 00:00:19.010   311   311 W Resources: Preloaded drawable resource #0x1080122 (android:drawable/btn_check_to_off_mtrl_015) that varies with configuration!!
01-01 00:00:19.010   311   311 W Resources: Preloaded drawable resource #0x1080123 (android:drawable/btn_check_to_on_mtrl_000) that varies with configuration!!
01-01 00:00:19.011   311   311 W Resources: Preloaded drawable resource #0x1080124 (android:drawable/btn_check_to_on_mtrl_001) that varies with configuration!!
01-01 00:00:19.011   311   311 W Resources: Preloaded drawable resource #0x1080125 (android:drawable/btn_check_to_on_mtrl_002) that varies with configuration!!
01-01 00:00:19.012   311   311 W Resources: Preloaded drawable resource #0x1080126 (android:drawable/btn_check_to_on_mtrl_003) that varies with configuration!!
01-01 00:00:19.012   311   311 W Resources: Preloaded drawable resource #0x1080127 (android:drawable/btn_check_to_on_mtrl_004) that varies with configuration!!
01-01 00:00:19.013   311   311 W Resources: Preloaded drawable resource #0x1080128 (android:drawable/btn_check_to_on_mtrl_005) that varies with configuration!!
01-01 00:00:19.013   311   311 W Resources: Preloaded drawable resource #0x1080129 (android:drawable/btn_check_to_on_mtrl_006) that varies with configuration!!
01-01 00:00:19.014   311   311 W Resources: Preloaded drawable resource #0x108012a (android:drawable/btn_check_to_on_mtrl_007) that varies with configuration!!
01-01 00:00:19.014   311   311 W Resources: Preloaded drawable resource #0x108012b (android:drawable/btn_check_to_on_mtrl_008) that varies with configuration!!
01-01 00:00:19.015   311   311 W Resources: Preloaded drawable resource #0x108012c (android:drawable/btn_check_to_on_mtrl_009) that varies with configuration!!
01-01 00:00:19.015   311   311 W Resources: Preloaded drawable resource #0x108012d (android:drawable/btn_check_to_on_mtrl_010) that varies with configuration!!
01-01 00:00:19.016   311   311 W Resources: Preloaded drawable resource #0x108012e (android:drawable/btn_check_to_on_mtrl_011) that varies with configuration!!
01-01 00:00:19.017   311   311 W Resources: Preloaded drawable resource #0x108012f (android:drawable/btn_check_to_on_mtrl_012) that varies with configuration!!
01-01 00:00:19.017   311   311 W Resources: Preloaded drawable resource #0x1080130 (android:drawable/btn_check_to_on_mtrl_013) that varies with configuration!!
01-01 00:00:19.017   311   311 W Resources: Preloaded drawable resource #0x1080131 (android:drawable/btn_check_to_on_mtrl_014) that varies with configuration!!
01-01 00:00:19.018   311   311 W Resources: Preloaded drawable resource #0x1080132 (android:drawable/btn_check_to_on_mtrl_015) that varies with configuration!!
01-01 00:00:19.018   311   311 W Resources: Preloaded drawable resource #0x10801c6 (android:drawable/btn_radio_to_off_mtrl_000) that varies with configuration!!
01-01 00:00:19.018   311   311 W Resources: Preloaded drawable resource #0x10801c7 (android:drawable/btn_radio_to_off_mtrl_001) that varies with configuration!!
01-01 00:00:19.019   311   311 W Resources: Preloaded drawable resource #0x10801c8 (android:drawable/btn_radio_to_off_mtrl_002) that varies with configuration!!
01-01 00:00:19.019   311   311 W Resources: Preloaded drawable resource #0x10801c9 (android:drawable/btn_radio_to_off_mtrl_003) that varies with configuration!!
01-01 00:00:19.019   311   311 W Resources: Preloaded drawable resource #0x10801ca (android:drawable/btn_radio_to_off_mtrl_004) that varies with configuration!!
01-01 00:00:19.020   311   311 W Resources: Preloaded drawable resource #0x10801cb (android:drawable/btn_radio_to_off_mtrl_005) that varies with configuration!!
01-01 00:00:19.020   311   311 W Resources: Preloaded drawable resource #0x10801cc (android:drawable/btn_radio_to_off_mtrl_006) that varies with configuration!!
01-01 00:00:19.021   311   311 W Resources: Preloaded drawable resource #0x10801cd (android:drawable/btn_radio_to_off_mtrl_007) that varies with configuration!!
01-01 00:00:19.021   311   311 W Resources: Preloaded drawable resource #0x10801ce (android:drawable/btn_radio_to_off_mtrl_008) that varies with configuration!!
01-01 00:00:19.022   311   311 W Resources: Preloaded drawable resource #0x10801cf (android:drawable/btn_radio_to_off_mtrl_009) that varies with configuration!!
01-01 00:00:19.022   311   311 W Resources: Preloaded drawable resource #0x10801d0 (android:drawable/btn_radio_to_off_mtrl_010) that varies with configuration!!
01-01 00:00:19.022   311   311 W Resources: Preloaded drawable resource #0x10801d1 (android:drawable/btn_radio_to_off_mtrl_011) that varies with configuration!!
01-01 00:00:19.025   311   311 W Resources: Preloaded drawable resource #0x10801d2 (android:drawable/btn_radio_to_off_mtrl_012) that varies with configuration!!
01-01 00:00:19.025   311   311 W Resources: Preloaded drawable resource #0x10801d3 (android:drawable/btn_radio_to_off_mtrl_013) that varies with configuration!!
01-01 00:00:19.026   311   311 W Resources: Preloaded drawable resource #0x10801d4 (android:drawable/btn_radio_to_off_mtrl_014) that varies with configuration!!
01-01 00:00:19.026   311   311 W Resources: Preloaded drawable resource #0x10801d5 (android:drawable/btn_radio_to_off_mtrl_015) that varies with configuration!!
01-01 00:00:19.027   311   311 W Resources: Preloaded drawable resource #0x10801d6 (android:drawable/btn_radio_to_on_mtrl_000) that varies with configuration!!
01-01 00:00:19.027   311   311 W Resources: Preloaded drawable resource #0x10801d7 (android:drawable/btn_radio_to_on_mtrl_001) that varies with configuration!!
01-01 00:00:19.027   311   311 W Resources: Preloaded drawable resource #0x10801d8 (android:drawable/btn_radio_to_on_mtrl_002) that varies with configuration!!
01-01 00:00:19.027   311   311 W Resources: Preloaded drawable resource #0x10801d9 (android:drawable/btn_radio_to_on_mtrl_003) that varies with configuration!!
01-01 00:00:19.028   311   311 W Resources: Preloaded drawable resource #0x10801da (android:drawable/btn_radio_to_on_mtrl_004) that varies with configuration!!
01-01 00:00:19.028   311   311 W Resources: Preloaded drawable resource #0x10801db (android:drawable/btn_radio_to_on_mtrl_005) that varies with configuration!!
01-01 00:00:19.029   311   311 W Resources: Preloaded drawable resource #0x10801dc (android:drawable/btn_radio_to_on_mtrl_006) that varies with configuration!!
01-01 00:00:19.030   311   311 W Resources: Preloaded drawable resource #0x10801dd (android:drawable/btn_radio_to_on_mtrl_007) that varies with configuration!!
01-01 00:00:19.030   311   311 W Resources: Preloaded drawable resource #0x10801de (android:drawable/btn_radio_to_on_mtrl_008) that varies with configuration!!
01-01 00:00:19.031   311   311 W Resources: Preloaded drawable resource #0x10801df (android:drawable/btn_radio_to_on_mtrl_009) that varies with configuration!!
01-01 00:00:19.031   311   311 W Resources: Preloaded drawable resource #0x10801e0 (android:drawable/btn_radio_to_on_mtrl_010) that varies with configuration!!
01-01 00:00:19.031   311   311 W Resources: Preloaded drawable resource #0x10801e1 (android:drawable/btn_radio_to_on_mtrl_011) that varies with configuration!!
01-01 00:00:19.032   311   311 W Resources: Preloaded drawable resource #0x10801e2 (android:drawable/btn_radio_to_on_mtrl_012) that varies with configuration!!
01-01 00:00:19.033   311   311 W Resources: Preloaded drawable resource #0x10801e3 (android:drawable/btn_radio_to_on_mtrl_013) that varies with configuration!!
01-01 00:00:19.033   311   311 W Resources: Preloaded drawable resource #0x10801e4 (android:drawable/btn_radio_to_on_mtrl_014) that varies with configuration!!
01-01 00:00:19.034   311   311 W Resources: Preloaded drawable resource #0x10801e5 (android:drawable/btn_radio_to_on_mtrl_015) that varies with configuration!!
01-01 00:00:19.034   311   311 W Resources: Preloaded drawable resource #0x10801ec (android:drawable/btn_rating_star_off_mtrl_alpha) that varies with configuration!!
01-01 00:00:19.034   311   311 W Resources: Preloaded drawable resource #0x10801fa (android:drawable/btn_rating_star_on_mtrl_alpha) that varies with configuration!!
01-01 00:00:19.035   311   311 W Resources: Preloaded drawable resource #0x108021c (android:drawable/btn_star_mtrl_alpha) that varies with configuration!!
01-01 00:00:19.035   311   311 W Resources: Preloaded drawable resource #0x1080231 (android:drawable/btn_switch_to_off_mtrl_00001) that varies with configuration!!
01-01 00:00:19.036   311   311 W Resources: Preloaded drawable resource #0x1080232 (android:drawable/btn_switch_to_off_mtrl_00002) that varies with configuration!!
01-01 00:00:19.036   311   311 W Resources: Preloaded drawable resource #0x1080233 (android:drawable/btn_switch_to_off_mtrl_00003) that varies with configuration!!
01-01 00:00:19.036   311   311 W Resources: Preloaded drawable resource #0x1080234 (android:drawable/btn_switch_to_off_mtrl_00004) that varies with configuration!!
01-01 00:00:19.037   311   311 W Resources: Preloaded drawable resource #0x1080235 (android:drawable/btn_switch_to_off_mtrl_00005) that varies with configuration!!
01-01 00:00:19.037   311   311 W Resources: Preloaded drawable resource #0x1080236 (android:drawable/btn_switch_to_off_mtrl_00006) that varies with configuration!!
01-01 00:00:19.037   311   311 W Resources: Preloaded drawable resource #0x1080237 (android:drawable/btn_switch_to_off_mtrl_00007) that varies with configuration!!
01-01 00:00:19.038   311   311 W Resources: Preloaded drawable resource #0x1080238 (android:drawable/btn_switch_to_off_mtrl_00008) that varies with configuration!!
01-01 00:00:19.038   311   311 W Resources: Preloaded drawable resource #0x1080239 (android:drawable/btn_switch_to_off_mtrl_00009) that varies with configuration!!
01-01 00:00:19.039   311   311 W Resources: Preloaded drawable resource #0x108023a (android:drawable/btn_switch_to_off_mtrl_00010) that varies with configuration!!
01-01 00:00:19.039   311   311 W Resources: Preloaded drawable resource #0x108023b (android:drawable/btn_switch_to_off_mtrl_00011) that varies with configuration!!
01-01 00:00:19.040   311   311 W Resources: Preloaded drawable resource #0x108023c (android:drawable/btn_switch_to_off_mtrl_00012) that varies with configuration!!
01-01 00:00:19.040   311   311 W Resources: Preloaded drawable resource #0x108023d (android:drawable/btn_switch_to_on_mtrl_00001) that varies with configuration!!
01-01 00:00:19.040   311   311 W Resources: Preloaded drawable resource #0x108023e (android:drawable/btn_switch_to_on_mtrl_00002) that varies with configuration!!
01-01 00:00:19.041   311   311 W Resources: Preloaded drawable resource #0x108023f (android:drawable/btn_switch_to_on_mtrl_00003) that varies with configuration!!
01-01 00:00:19.042   311   311 W Resources: Preloaded drawable resource #0x1080240 (android:drawable/btn_switch_to_on_mtrl_00004) that varies with configuration!!
01-01 00:00:19.042   311   311 W Resources: Preloaded drawable resource #0x1080241 (android:drawable/btn_switch_to_on_mtrl_00005) that varies with configuration!!
01-01 00:00:19.044   311   311 W Resources: Preloaded drawable resource #0x1080242 (android:drawable/btn_switch_to_on_mtrl_00006) that varies with configuration!!
01-01 00:00:19.044   311   311 W Resources: Preloaded drawable resource #0x1080243 (android:drawable/btn_switch_to_on_mtrl_00007) that varies with configuration!!
01-01 00:00:19.045   311   311 W Resources: Preloaded drawable resource #0x1080244 (android:drawable/btn_switch_to_on_mtrl_00008) that varies with configuration!!
01-01 00:00:19.045   311   311 W Resources: Preloaded drawable resource #0x1080245 (android:drawable/btn_switch_to_on_mtrl_00009) that varies with configuration!!
01-01 00:00:19.046   311   311 W Resources: Preloaded drawable resource #0x1080246 (android:drawable/btn_switch_to_on_mtrl_00010) that varies with configuration!!
01-01 00:00:19.046   311   311 W Resources: Preloaded drawable resource #0x1080247 (android:drawable/btn_switch_to_on_mtrl_00011) that varies with configuration!!
01-01 00:00:19.047   311   311 W Resources: Preloaded drawable resource #0x1080248 (android:drawable/btn_switch_to_on_mtrl_00012) that varies with configuration!!
01-01 00:00:19.047   311   311 W Resources: Preloaded drawable resource #0x108024d (android:drawable/btn_toggle_indicator_mtrl_alpha) that varies with configuration!!
01-01 00:00:19.048   311   311 W Resources: Preloaded drawable resource #0x10802e5 (android:drawable/expander_close_mtrl_alpha) that varies with configuration!!
01-01 00:00:19.048   311   311 W Resources: Preloaded drawable resource #0x10802ee (android:drawable/expander_open_mtrl_alpha) that varies with configuration!!
01-01 00:00:19.049   311   311 W Resources: Preloaded drawable resource #0x10802f8 (android:drawable/fastscroll_thumb_mtrl_alpha) that varies with configuration!!
01-01 00:00:19.049   311   311 W Resources: Preloaded drawable resource #0x10802ff (android:drawable/fastscroll_track_mtrl_alpha) that varies with configuration!!
01-01 00:00:19.050   311   311 W Resources: Preloaded drawable resource #0x1080339 (android:drawable/ic_cab_done_mtrl_alpha) that varies with configuration!!
01-01 00:00:19.050   311   311 W Resources: Preloaded drawable resource #0x1080340 (android:drawable/ic_clear_mtrl_alpha) that varies with configuration!!
01-01 00:00:19.051   311   311 W Resources: Preloaded drawable resource #0x108034c (android:drawable/ic_commit_search_api_mtrl_alpha) that varies with configuration!!
01-01 00:00:19.051   311   311 W Resources: Preloaded drawable resource #0x1080364 (android:drawable/ic_find_next_mtrl_alpha) that varies with configuration!!
01-01 00:00:19.052   311   311 W Resources: Preloaded drawable resource #0x1080368 (android:drawable/ic_find_previous_mtrl_alpha) that varies with configuration!!
01-01 00:00:19.052   311   311 W Resources: Preloaded drawable resource #0x10803b8 (android:drawable/ic_media_route_disabled_mtrl_alpha) that varies with configuration!!
01-01 00:00:19.053   311   311 W Resources: Preloaded drawable resource #0x10803be (android:drawable/ic_media_route_off_mtrl_alpha) that varies with configuration!!
01-01 00:00:19.053   311   311 W Resources: Preloaded drawable resource #0x10803c1 (android:drawable/ic_media_route_on_0_mtrl_alpha) that varies with configuration!!
01-01 00:00:19.054   311   311 W Resources: Preloaded drawable resource #0x10803c4 (android:drawable/ic_media_route_on_1_mtrl_alpha) that varies with configuration!!
01-01 00:00:19.054   311   311 W Resources: Preloaded drawable resource #0x10803c7 (android:drawable/ic_media_route_on_2_mtrl_alpha) that varies with configuration!!
01-01 00:00:19.054   311   311 W Resources: Preloaded drawable resource #0x10803ca (android:drawable/ic_media_route_on_mtrl_alpha) that varies with configuration!!
01-01 00:00:19.057   311   311 W Resources: Preloaded drawable resource #0x10803e8 (android:drawable/ic_menu_find_mtrl_alpha) that varies with configuration!!
01-01 00:00:19.060   311   311 W Resources: Preloaded drawable resource #0x1080403 (android:drawable/ic_menu_search_mtrl_alpha) that varies with configuration!!
01-01 00:00:19.064   311   311 W Resources: Preloaded drawable resource #0x108049c (android:drawable/list_divider_mtrl_alpha) that varies with configuration!!
01-01 00:00:19.065   311   311 W Resources: Preloaded drawable resource #0x10804a9 (android:drawable/list_section_divider_mtrl_alpha) that varies with configuration!!
01-01 00:00:19.066   311   311 W Resources: Preloaded drawable resource #0x1080552 (android:drawable/popup_background_mtrl_mult) that varies with configuration!!
01-01 00:00:19.067   311   311 W Resources: Preloaded drawable resource #0x1080579 (android:drawable/progress_mtrl_alpha) that varies with configuration!!
01-01 00:00:19.067   311   311 W Resources: Preloaded drawable resource #0x10805da (android:drawable/scrollbar_handle_mtrl_alpha) that varies with configuration!!
01-01 00:00:19.068   311   311 W Resources: Preloaded drawable resource #0x10805de (android:drawable/scrubber_control_from_pressed_mtrl_000) that varies with configuration!!
01-01 00:00:19.068   311   311 W Resources: Preloaded drawable resource #0x10805df (android:drawable/scrubber_control_from_pressed_mtrl_001) that varies with configuration!!
01-01 00:00:19.068   311   311 W Resources: Preloaded drawable resource #0x10805e0 (android:drawable/scrubber_control_from_pressed_mtrl_002) that varies with configuration!!
01-01 00:00:19.069   311   311 W Resources: Preloaded drawable resource #0x10805e1 (android:drawable/scrubber_control_from_pressed_mtrl_003) that varies with configuration!!
01-01 00:00:19.069   311   311 W Resources: Preloaded drawable resource #0x10805e2 (android:drawable/scrubber_control_from_pressed_mtrl_004) that varies with configuration!!
01-01 00:00:19.069   311   311 W Resources: Preloaded drawable resource #0x10805e3 (android:drawable/scrubber_control_from_pressed_mtrl_005) that varies with configuration!!
01-01 00:00:19.070   311   311 W Resources: Preloaded drawable resource #0x10805e7 (android:drawable/scrubber_control_off_pressed_mtrl_alpha) that varies with configuration!!
01-01 00:00:19.070   311   311 W Resources: Preloaded drawable resource #0x10805e6 (android:drawable/scrubber_control_off_mtrl_alpha) that varies with configuration!!
01-01 00:00:19.071   311   311 W Resources: Preloaded drawable resource #0x10805e9 (android:drawable/scrubber_control_on_pressed_mtrl_alpha) that varies with configuration!!
01-01 00:00:19.071   311   311 W Resources: Preloaded drawable resource #0x10805e8 (android:drawable/scrubber_control_on_mtrl_alpha) that varies with configuration!!
01-01 00:00:19.071   311   311 W Resources: Preloaded drawable resource #0x10805ed (android:drawable/scrubber_control_to_pressed_mtrl_000) that varies with configuration!!
01-01 00:00:19.071   311   311 W Resources: Preloaded drawable resource #0x10805ee (android:drawable/scrubber_control_to_pressed_mtrl_001) that varies with configuration!!
01-01 00:00:19.072   311   311 W Resources: Preloaded drawable resource #0x10805ef (android:drawable/scrubber_control_to_pressed_mtrl_002) that varies with configuration!!
01-01 00:00:19.072   311   311 W Resources: Preloaded drawable resource #0x10805f0 (android:drawable/scrubber_control_to_pressed_mtrl_003) that varies with configuration!!
01-01 00:00:19.072   311   311 W Resources: Preloaded drawable resource #0x10805f1 (android:drawable/scrubber_control_to_pressed_mtrl_004) that varies with configuration!!
01-01 00:00:19.073   311   311 W Resources: Preloaded drawable resource #0x10805f2 (android:drawable/scrubber_control_to_pressed_mtrl_005) that varies with configuration!!
01-01 00:00:19.073   311   311 W Resources: Preloaded drawable resource #0x10805f4 (android:drawable/scrubber_primary_mtrl_alpha) that varies with configuration!!
01-01 00:00:19.073   311   311 W Resources: Preloaded drawable resource #0x10805fb (android:drawable/scrubber_track_mtrl_alpha) that varies with configuration!!
01-01 00:00:19.074   311   311 W Resources: Preloaded drawable resource #0x1080643 (android:drawable/spinner_mtrl_am_alpha) that varies with configuration!!
01-01 00:00:19.074   311   311 W Resources: Preloaded drawable resource #0x10806c4 (android:drawable/switch_track_mtrl_alpha) that varies with configuration!!
01-01 00:00:19.075   311   311 W Resources: Preloaded drawable resource #0x1080705 (android:drawable/text_cursor_mtrl_alpha) that varies with configuration!!
01-01 00:00:19.076   311   311 W Resources: Preloaded drawable resource #0x1080714 (android:drawable/textfield_activated_mtrl_alpha) that varies with configuration!!
01-01 00:00:19.076   311   311 W Resources: Preloaded drawable resource #0x108071d (android:drawable/textfield_default_mtrl_alpha) that varies with configuration!!
01-01 00:00:19.076   311   311 W Resources: Preloaded drawable resource #0x1080733 (android:drawable/textfield_search_activated_mtrl_alpha) that varies with configuration!!
01-01 00:00:19.077   311   311 W Resources: Preloaded drawable resource #0x1080737 (android:drawable/textfield_search_default_mtrl_alpha) that varies with configuration!!
01-01 00:00:19.077   311   311 W Resources: Preloaded drawable resource #0x108070b (android:drawable/text_select_handle_left_mtrl_alpha) that varies with configuration!!
01-01 00:00:19.077   311   311 W Resources: Preloaded drawable resource #0x108070e (android:drawable/text_select_handle_middle_mtrl_alpha) that varies with configuration!!
01-01 00:00:19.078   311   311 W Resources: Preloaded drawable resource #0x1080711 (android:drawable/text_select_handle_right_mtrl_alpha) that varies with configuration!!
01-01 00:00:19.085   311   311 I art     : Explicit concurrent mark sweep GC freed 4831(1003KB) AllocSpace objects, 0(0B) LOS objects, 39% free, 1752KB/2MB, paused 108us total 6.403ms
01-01 00:00:19.085   311   311 I Zygote  : ...preloaded 430 resources in 356ms.
01-01 00:00:19.097   311   311 I art     : Explicit concurrent mark sweep GC freed 635(108KB) AllocSpace objects, 0(0B) LOS objects, 40% free, 1687KB/2MB, paused 108us total 5.282ms
01-01 00:00:19.097   311   311 I Zygote  : ...preloaded 41 resources in 12ms.
01-01 00:00:19.097   311   311 I art     : Counter: 0
01-01 00:00:19.098   311   311 D libEGL  : loaded /vendor/lib/egl/libEGL_adreno.so
01-01 00:00:19.115   311   311 D libEGL  : loaded /vendor/lib/egl/libGLESv1_CM_adreno.so
01-01 00:00:19.121   311   311 D libEGL  : loaded /vendor/lib/egl/libGLESv2_adreno.so
01-01 00:00:19.131   311   311 I Zygote  : Preloading shared libraries...
01-01 00:00:19.143   311   311 D Zygote  : end preload
01-01 00:00:19.148   311   311 I art     : Explicit concurrent mark sweep GC freed 461(21KB) AllocSpace objects, 0(0B) LOS objects, 39% free, 1670KB/2MB, paused 107us total 4.827ms
01-01 00:00:19.153   311   311 I art     : Explicit concurrent mark sweep GC freed 41(1568B) AllocSpace objects, 0(0B) LOS objects, 40% free, 1669KB/2MB, paused 105us total 4.571ms
01-01 00:00:19.158   311   311 I art     : Explicit concurrent mark sweep GC freed 5(160B) AllocSpace objects, 0(0B) LOS objects, 40% free, 1669KB/2MB, paused 105us total 4.482ms
01-01 00:00:19.214   311   311 I Zygote  : System server process 1337 has been created
01-01 00:00:19.218   311   311 I Zygote  : Accepting command socket connections
01-01 00:00:19.253  1337  1337 I InstallerConnection: disconnecting...
01-01 00:00:19.309  1337  1337 W SystemServer: System clock is before 1970; setting to 1970.
01-01 00:00:19.314  1337  1337 I SystemServer: Entered the Android system server!
01-01 00:00:19.397  1337  1337 V Fingerprint-JNI: FingerprintManager JNI ready.
01-01 00:00:19.397  1337  1355 I         : System server: starting sensor init.
01-01 00:00:19.398  1337  1355 D SensorService: nuSensorService starting...
01-01 00:00:19.407  1337  1337 I SystemServiceManager: Starting com.android.server.pm.Installer
01-01 00:00:19.416  1337  1355 I MLLITE  : sensor type path: /sys/bus/iio/devices/iio:device0/in_magn_scale
01-01 00:00:19.417  1337  1355 I MLLITE  : found directory
01-01 00:00:19.417  1337  1355 I MLLITE  : name path: /sys/bus/iio/devices/iio:device0/name
01-01 00:00:19.417  1337  1355 I MLLITE  : name found: mpu9250 now test for mpuxxxx
01-01 00:00:19.417  1337  1355 I MLLITE  : name path: /sys/bus/iio/devices/iio:device0/secondary_name
01-01 00:00:19.417  1337  1355 I MLLITE  : secondary name found: AK8963
01-01 00:00:19.421  1337  1337 I Installer: Waiting for installd to be ready.
01-01 00:00:19.421  1337  1337 I InstallerConnection: connecting...
01-01 00:00:19.422   299   299 I installd: new connection
01-01 00:00:19.424  1337  1337 I SystemServiceManager: Starting com.android.server.am.ActivityManagerService$Lifecycle
01-01 00:00:19.429  1337  1355 I MPL-loaddmp: dmp firmware size to write = 2639
01-01 00:00:19.430  1337  1355 I MPL-loaddmp: Bytes written = 2639
01-01 00:00:19.489  1337  1337 I ActivityManager: Memory class: 192
01-01 00:00:19.491  1337  1357 I ServiceThread: Enabled StrictMode logging for ActivityManager looper.
01-01 00:00:19.561   376  1358 E modemanager: readXMLOp:Couldn't open OEM XML file!
01-01 00:00:19.561   376  1358 E modemanager: retrieveMode: Failed to enumerate modes
01-01 00:00:19.561   376  1358 E modemanager: in applyDefaultMode fail to retrieve default mode!
01-01 00:00:19.561   376  1358 I modemanager: in applyDefaultMode ret = 0 mCurMode = -1
01-01 00:00:19.561   376  1358 E PPDaemon: void* applyDefaultModeThreadFunc(void*) failed applying default mode!
01-01 00:00:19.608  1337  1337 I IntentFirewall: Read new rules (A:0 B:0 S:0)
01-01 00:00:19.617  1337  1361 I ServiceThread: Enabled StrictMode logging for android.ui looper.
01-01 00:00:19.620  1337  1363 I ServiceThread: Enabled StrictMode logging for android.display looper.
01-01 00:00:19.624  1337  1337 D AppOps  : AppOpsService published
01-01 00:00:19.625  1337  1337 I SystemServiceManager: Starting com.android.server.power.PowerManagerService
01-01 00:00:19.634  1337  1365 I ServiceThread: Enabled StrictMode logging for PowerManagerService looper.
01-01 00:00:19.642  1337  1337 I QCOM PowerHAL: QCOM power HAL initing.
01-01 00:00:19.643  1337  1337 W libsuspend: Error writing 'on' to /sys/power/state: Invalid argument
01-01 00:00:19.643  1337  1337 I libsuspend: Selected wakeup count
01-01 00:00:19.644  1337  1337 I QCOM PowerHAL: Got set_interactive hint
01-01 00:00:19.650  1337  1337 I SystemServiceManager: Starting com.android.server.display.DisplayManagerService
01-01 00:00:19.654  1337  1337 I SystemServiceManager: Starting phase 100
01-01 00:00:19.662  1337  1363 I DisplayManagerService: Display device added: DisplayDeviceInfo{"Built-in Screen": 1920 x 1080, 60.0 fps, supportedRefreshRates [60.0], density 200, 799.475 x 249.381 dpi, appVsyncOff 0, presDeadline 17666667, touch INTERNAL, rotation 0, type BUILT_IN, state UNKNOWN, FLAG_DEFAULT_DISPLAY, FLAG_ROTATES_WITH_CONTENT, FLAG_SECURE, FLAG_SUPPORTS_PROTECTED_BUFFERS}
01-01 00:00:19.662  1337  1337 I SystemServer: Package Manager
01-01 00:00:19.681  1337  1337 W PackageManager: No security bridge jar found, using default
01-01 00:00:19.698  1337  1337 W SystemConfig: No directory /system/etc/sysconfig, skipping
01-01 00:00:19.701  1337  1352 I art     : Background sticky concurrent mark sweep GC freed 18836(1155KB) AllocSpace objects, 3(81KB) LOS objects, 44% free, 1543KB/2MB, paused 5.177ms total 25.275ms
01-01 00:00:19.739   384   384 E libsensor1: sensor1_open: Error in connect() errno=2 No such file or directory
01-01 00:00:19.739   384   384 E slim_sensor1: I/slim_sensor1_open: Pending Sensor1 connection opening!
01-01 00:00:19.739   384   384 E slim_provider_common: I/slim_message_queue_init: Initializing message queue
01-01 00:00:19.742   384   384 E SlimProviderConf: I/GetConfiguredSensorProvider:g_sensor_provider is 1
01-01 00:00:19.742   384   384 E slim_sensor1: I/slim_sensor1_init: Initializing Sensor1
01-01 00:00:19.742   384   384 E slim_sensor1: W/sensor process is not up and running yet!
01-01 00:00:19.762  1337  1337 D SELinuxMMAC: Using policy file /system/etc/security/mac_permissions.xml
01-01 00:00:19.809  1207  1207 I nmbd    : type=1400 audit(0.0:31): avc: denied { write } for laddr=192.168.143.141 lport=137 scontext=u:r:init:s0 tcontext=u:r:init:s0 tclass=udp_socket permissive=1
01-01 00:00:19.809  1207  1207 I nmbd    : type=1400 audit(0.0:32): avc: denied { read } for lport=137 scontext=u:r:init:s0 tcontext=u:r:init:s0 tclass=udp_socket permissive=1
01-01 00:00:19.923  1337  1337 D PackageManager: No files in app dir /vendor/overlay
01-01 00:00:19.999   298   298 E MediaPlayerFactory: calling dlopen on FACTORY_LIB
01-01 00:00:20.000   325   325 E QC-time-services: Daemon:genoff_modem_qmi_init: qmi_client_get_service_list returned -2num_services 0
01-01 00:00:20.007   298   298 E MediaPlayerFactory: calling dlsym on pFactoryLib for FACTORY_CREATE_FN 
01-01 00:00:20.007   298   298 E MediaPlayerFactory: registering DASH Player factory...
01-01 00:00:20.007   298   298 I CameraService: CameraService started (pid=298)
01-01 00:00:20.017   298   298 I CameraService: Loaded "QCamera Module" camera module
01-01 00:00:20.018   298   298 E mm-camera-intf: entity id 1
01-01 00:00:20.018   298   298 E mm-camera-intf: entity name video0 type 65537 group id 2
01-01 00:00:20.018   298   298 E mm-camera-intf: entity id 2
01-01 00:00:20.018   298   298 E mm-camera-intf: entity name msm_cci type 131072 group id 0
01-01 00:00:20.018   298   298 E mm-camera-intf: entity id 3
01-01 00:00:20.018   298   298 E mm-camera-intf: entity name v4l-subdev0 type 131072 group id 0
01-01 00:00:20.018   298   298 E mm-camera-intf: entity id 4
01-01 00:00:20.018   298   298 E mm-camera-intf: entity name v4l-subdev1 type 131072 group id 0
01-01 00:00:20.018   298   298 E mm-camera-intf: entity id 5
01-01 00:00:20.018   298   298 E mm-camera-intf: entity name v4l-subdev2 type 131072 group id 0
01-01 00:00:20.018   298   298 E mm-camera-intf: entity id 6
01-01 00:00:20.018   298   298 E mm-camera-intf: entity name v4l-subdev3 type 131072 group id 1
01-01 00:00:20.018   298   298 E mm-camera-intf: entity id 7
01-01 00:00:20.018   298   298 E mm-camera-intf: entity name v4l-subdev4 type 131072 group id 1
01-01 00:00:20.018   298   298 E mm-camera-intf: entity id 8
01-01 00:00:20.018   298   298 E mm-camera-intf: entity name v4l-subdev5 type 131072 group id 1
01-01 00:00:20.018   298   298 E mm-camera-intf: entity id 9
01-01 00:00:20.018   298   298 E mm-camera-intf: entity name v4l-subdev6 type 131072 group id 1
01-01 00:00:20.018   298   298 E mm-camera-intf: entity id 10
01-01 00:00:20.018   298   298 E mm-camera-intf: entity name v4l-subdev7 type 131072 group id 7
01-01 00:00:20.018   298   298 E mm-camera-intf: entity id 11
01-01 00:00:20.018   298   298 E mm-camera-intf: entity name v4l-subdev8 type 131072 group id 14
01-01 00:00:20.027   298   298 D mm-camera-intf: index = 0 flag = 0 mount_angle = 0 facing = 0
01-01 00:00:20.027   298   298 D mm-camera-intf: index = 1 flag = 0 mount_angle = 0 facing = 0
01-01 00:00:20.027   298   298 E QCamera2Factory: int qcamera::QCamera2Factory::getCameraInfo(int, camera_info*) : Hal descriptor table is not initialized!
01-01 00:00:20.027   298   298 E QCamera2Factory: int qcamera::QCamera2Factory::getCameraInfo(int, camera_info*) : Hal descriptor table is not initialized!
01-01 00:00:20.028   298   298 I AudioPolicyService: AudioPolicyService CSTOR in new mode
01-01 00:00:20.030   298   298 W AudioPolicyManager: DeviceVector::add device 80000040 already in
01-01 00:00:20.030   298   298 I AudioPolicyManager: loadAudioPolicyConfig() loaded /system/etc/audio_policy.conf
01-01 00:00:20.035   298   298 D audio_hw_primary: adev_open: enter
01-01 00:00:20.094  1337  1337 W ResourceType: Failure getting entry for 0x7f0b022e (t=10 e=558) (error -75)
01-01 00:00:20.096  1337  1337 W PackageParser: No actions in intent filter at /system/priv-app/Contacts/Contacts.apk Binary XML file line #362
01-01 00:00:20.153   298   298 E audio_route: Control 'MultiMedia4 Mixer MI2S_TX' doesn't exist - skipping
01-01 00:00:20.155   298   298 E audio_route: Control 'MultiMedia2 Mixer QUAT_MI2S_TX' doesn't exist - skipping
01-01 00:00:20.155   298   298 E audio_route: Control 'HDMI_RX_Voice Mixer Voice Stub' doesn't exist - skipping
01-01 00:00:20.155   298   298 E audio_route: Control 'HDMI_RX Port Mixer SLIM_3_TX' doesn't exist - skipping
01-01 00:00:20.156   298   298 E audio_route: Control 'HDMI_RX_Voice Mixer Voice2 Stub' doesn't exist - skipping
01-01 00:00:20.156   298   298 E audio_route: Control 'HDMI_RX_Voice Mixer VoLTE Stub' doesn't exist - skipping
01-01 00:00:20.156   298   298 E audio_route: Control 'HDMI_RX Port Mixer SLIM_3_TX' doesn't exist - skipping
01-01 00:00:20.156   298   298 E audio_route: Control 'AUX_PCM_RX_Voip Mixer Voip' doesn't exist - skipping
01-01 00:00:20.157   298   298 E audio_route: Control 'MultiMedia1 Mixer AUX_PCM_TX' doesn't exist - skipping
01-01 00:00:20.157   298   298 E audio_route: Control 'RX4 DSM MUX' doesn't exist - skipping
01-01 00:00:20.157   298   298 E audio_route: Control 'RX6 DSM MUX' doesn't exist - skipping
01-01 00:00:20.157   298   298 E audio_route: Control 'SLIM_0_RX AANC MUX' doesn't exist - skipping
01-01 00:00:20.157   298   298 E audio_route: Control 'MultiMedia8 Mixer AUX_PCM_UL_TX' doesn't exist - skipping
01-01 00:00:20.158   298   298 E audio_route: Control 'MultiMedia8 Mixer AUX_PCM_UL_TX' doesn't exist - skipping
01-01 00:00:20.158   298   298 E audio_route: Control 'MultiMedia2 Mixer QUAT_MI2S_TX' doesn't exist - skipping
01-01 00:00:20.158   298   298 E audio_route: Control 'HDMI_RX_Voice Mixer Voice Stub' doesn't exist - skipping
01-01 00:00:20.158   298   298 E audio_route: Control 'HDMI_RX Port Mixer SLIM_3_TX' doesn't exist - skipping
01-01 00:00:20.159   298   298 E audio_route: Control 'HDMI_RX_Voice Mixer Voice2 Stub' doesn't exist - skipping
01-01 00:00:20.159   298   298 E audio_route: Control 'HDMI_RX Port Mixer SLIM_3_TX' doesn't exist - skipping
01-01 00:00:20.160   298   298 E audio_route: Control 'SLIMBUS_3_RX_Voice2 Mixer Voice2 Stub' doesn't exist - skipping
01-01 00:00:20.160   298   298 E audio_route: Control 'MultiMedia8 Mixer SLIM_6_TX' already exists in path 'incall-rec-uplink-and-downlink-compress'
01-01 00:00:20.160   298   298 E audio_route: Control 'SLIMBUS_0_RX Port Mixer AUX_PCM_TX' doesn't exist - skipping
01-01 00:00:20.160   298   298 E audio_route: Control 'AUX_PCM_RX  Audio Mixer MultiMedia6' doesn't exist - skipping
01-01 00:00:20.160   298   298 E audio_route: Control 'HDMI_RX_Voice Mixer VoLTE Stub' doesn't exist - skipping
01-01 00:00:20.161   298   298 E audio_route: Control 'HDMI_RX Port Mixer SLIM_3_TX' doesn't exist - skipping
01-01 00:00:20.167   298   298 E audio_route: Control 'SLIM_0_RX AANC MUX' doesn't exist - skipping
01-01 00:00:20.177   298   298 D msm8974_platform: platform_init: Opened sound card:0
01-01 00:00:20.183   298   298 E ACDB-LOADER: ACDB -> No .acdb files found in /etc!
01-01 00:00:20.183   298   298 E ACDB-LOADER: ACDB -> Error: Could not open any directory! Failed for /etc
01-01 00:00:20.183   298   298 E ACDB-LOADER: ACDB -> Could not load .acdb files!
01-01 00:00:20.183   298   298 D platform_info: platform_info_init: Failed to open /system/etc/audio_platform_info.xml, using defaults.
01-01 00:00:20.183   298   298 I libmdmdetect: No supported ESOC's found
01-01 00:00:20.183   298   298 D msm8974_platform: platform_csd_init: num_modems 0
01-01 00:00:20.183   298   298 D audio_hw_ssr: audio_extn_ssr_update_enabled: surround sound recording is not supported
01-01 00:00:20.183   298   298 D audio_hw_spkr_prot: audio_extn_spkr_prot_init: Initialize speaker protection module
01-01 00:00:20.183   298   298 D audio_hw_spkr_prot: audio_extn_spkr_prot_init: Speaker protection disabled
01-01 00:00:20.183   298   298 D msm8974_platform: hw_util_open Opening device /dev/snd/hwC0D1000
01-01 00:00:20.183   298   298 D msm8974_platform: hw_util_open success
01-01 00:00:20.183   298   298 D ACDB-LOADER: ACDB -> ACDB_CMD_GET_ANC_SETTING
01-01 00:00:20.183   298   298 D         : Failed to fetch the lookup information of the device 0000001A 
01-01 00:00:20.183   298   298 E ACDB-LOADER: Error: ACDB ANC returned = -1
01-01 00:00:20.183   298   298 D ACDB-LOADER: ACDB -> ACDB_CMD_GET_ANC_SETTING
01-01 00:00:20.183   298   298 D         : Failed to fetch the lookup information of the device 0000001B 
01-01 00:00:20.183   298   298 E ACDB-LOADER: Error: ACDB ANC returned = -1
01-01 00:00:20.183   298   298 D ACDB-LOADER: ACDB -> ACDB_CMD_GET_ANC_SETTING
01-01 00:00:20.183   298   298 D         : Failed to fetch the lookup information of the device 0000001C 
01-01 00:00:20.183   298   298 E ACDB-LOADER: Error: ACDB ANC returned = -1
01-01 00:00:20.183   298   298 D ACDB-LOADER: ACDB -> ACDB_CMD_GET_ANC_SETTING
01-01 00:00:20.183   298   298 D         : Failed to fetch the lookup information of the device 0000001D 
01-01 00:00:20.183   298   298 E ACDB-LOADER: Error: ACDB ANC returned = -1
01-01 00:00:20.183   298   298 D ACDB-LOADER: ACDB -> ACDB_CMD_GET_ANC_SETTING
01-01 00:00:20.183   298   298 D         : Failed to fetch the lookup information of the device 0000001E 
01-01 00:00:20.183   298   298 E ACDB-LOADER: Error: ACDB ANC returned = -1
01-01 00:00:20.183   298   298 D ACDB-LOADER: ACDB -> ACDB_CMD_GET_ANC_SETTING
01-01 00:00:20.183   298   298 D         : Failed to fetch the lookup information of the device 0000001F 
01-01 00:00:20.183   298   298 E ACDB-LOADER: Error: ACDB ANC returned = -1
01-01 00:00:20.183   298   298 D ACDB-LOADER: ACDB -> ACDB_CMD_GET_ANC_SETTING
01-01 00:00:20.183   298   298 D         : Failed to fetch the lookup information of the device 00000067 
01-01 00:00:20.183   298   298 E ACDB-LOADER: Error: ACDB ANC returned = -1
01-01 00:00:20.183   298   298 D ACDB-LOADER: ACDB -> ACDB_CMD_GET_ANC_SETTING
01-01 00:00:20.183   298   298 D         : Failed to fetch the lookup information of the device 00000056 
01-01 00:00:20.183   298   298 E ACDB-LOADER: Error: ACDB ANC returned = -1
01-01 00:00:20.183   298   298 D ACDB-LOADER: ACDB -> ACDB_CMD_GET_ANC_SETTING
01-01 00:00:20.183   298   298 D         : Failed to fetch the lookup information of the device 00000059 
01-01 00:00:20.183   298   298 E ACDB-LOADER: Error: ACDB ANC returned = -1
01-01 00:00:20.183   298   298 D msm8974_platform: send_codec_cal cal sent for anc_cal
01-01 00:00:20.183   298   298 E ACDB-LOADER: ACDB -> send_codec_cal
01-01 00:00:20.183   298   298 E ACDB-LOADER: ACDB -> ACDB_CMD_GET_CODEC_CAL_DATA
01-01 00:00:20.183   298   298 D         : Failed to fetch the lookup information of the device 00000064 
01-01 00:00:20.183   298   298 E ACDB-LOADER: Error: ACDB CODEC CAL returned = -1
01-01 00:00:20.183   298   298 D msm8974_platform: send_codec_cal cal sent for mad_cal
01-01 00:00:20.183   298   298 D ACDB-LOADER: send mbhc data
01-01 00:00:20.183   298   298 D ACDB-LOADER: ACDB -> MBHC ACDB_PID_GENERAL_CONFIG
01-01 00:00:20.183   298   298 D         : Failed to fetch the lookup information of the globaldata table
01-01 00:00:20.183   298   298 E ACDB-LOADER: Error reading MBHC general config returned = ffffffff
