--------- beginning of main
01-01 00:00:17.063   245   245 I lowmemorykiller: Using in-kernel low memory killer interface
01-01 00:00:00.919   243   243 W auditd  : type=2000 audit(0.0:1): initialized
01-01 00:00:13.059   243   243 I auditd  : type=1403 audit(0.0:2): policy loaded auid=4294967295 ses=4294967295
01-01 00:00:17.002   343   343 E QC-time-services: Daemon:genoff_boot_tod_init: Unable to set TOD at boot up
01-01 00:00:17.002   343   343 E QC-time-services: Daemon: Unable to set TOD at boot up
01-01 00:00:17.002   343   343 D QC-time-services: Daemon:genoff_modem_qmi_init: Initiallizing QMI 
01-01 00:00:17.002   343   343 E QC-time-services: Daemon:genoff_modem_qmi_init: qmi_client_get_service_list returned -2num_services 0
01-01 00:00:17.004   449   449 D QSEECOMD: : Init rpmb_start ret = 0
01-01 00:00:17.004   449   449 D QSEECOMD: : RPMB system services: Started (Listener ID = 8192)
01-01 00:00:17.004   449   449 E QSEECOMD: : Listener: index = 1, hierarchy = 1
01-01 00:00:17.004   449   449 D QSEECOMD: : Init dlopen(libssd.so, RTLD_NOW) succeeds
01-01 00:00:17.004   449   449 D QSEECOMD: : Init::Init dlsym(g_FSHandle ssd_start) succeeds
01-01 00:00:17.004   449   449 D QSEECOMAPI: : QSEECom_register_listener 12288 sb_length = 0x5000
01-01 00:00:17.004   422   422 E mdm_helper_proxy: Failed to load device configuration
01-01 00:00:17.006   449   449 D QSEECOMD: : Init ssd_start ret = 0
01-01 00:00:17.006   449   449 D QSEECOMD: : SSD system services: Started (Listener ID = 12288)
01-01 00:00:17.006   449   449 E QSEECOMD: : Listener: index = 2, hierarchy = 1
01-01 00:00:17.006   449   449 D QSEECOMD: : Init dlopen(libsecureui.so, RTLD_NOW) succeeds
01-01 00:00:17.006   449   449 D QSEECOMD: : Init::Init dlsym(g_FSHandle secure_ui_start) succeeds
01-01 00:00:17.006   449   449 D QSEECOMAPI: : QSEECom_register_listener 16384 sb_length = 0x1014
01-01 00:00:17.007   324   324 I ThermalEngine: vdd_rstr_init: Init KTM VDD RSTR enabled: 0
01-01 00:00:17.007   324   324 I ThermalEngine: sensors_manager_init: Init
01-01 00:00:17.008   324   462 I ThermalEngine: qmi: Instance id 45 for fusion TS
01-01 00:00:17.013   324   452 I ThermalEngine: ADSP thermal mitigation available.
01-01 00:00:17.013   248   248 D libEGL  : loaded /vendor/lib/egl/libGLESv1_CM_adreno.so
01-01 00:00:17.015   449   449 D QSEECOMD: : Init secure_ui_start ret = 0
01-01 00:00:17.015   449   449 D QSEECOMD: : secure UI services: Started (Listener ID = 16384)
01-01 00:00:17.015   449   449 E QSEECOMD: : Listener: index = 3, hierarchy = 1
01-01 00:00:17.015   324   452 I ThermalEngine: ACTION: ADSP - Pending request: cpuv_restriction_cold mitigation succeeded for level 0.
01-01 00:00:17.015   324   452 I ThermalEngine: Mitigation:VDD[ADSP-cpuv_restriction_cold]:0
01-01 00:00:17.020   248   248 D libEGL  : loaded /vendor/lib/egl/libGLESv2_adreno.so
01-01 00:00:17.023   324   324 E ThermalEngine: adc_sensors_setup: Error opening /sys/bus/spmi/devices/qpnp-vadc-f004fe00/pa_therm0
01-01 00:00:17.023   324   324 I ThermalEngine: QMI TS sensor found for pa_therm0
01-01 00:00:17.023   324   324 E ThermalEngine: adc_sensors_setup: Error opening /sys/bus/spmi/devices/qpnp-vadc-f004fe00/pa_therm1
01-01 00:00:17.023   324   324 I ThermalEngine: QMI TS sensor found for pa_therm1
01-01 00:00:17.025   324   324 E ThermalEngine: bcl_setup: Error opening /sys/devices/qcom,bcl.38/iavail
01-01 00:00:17.025   324   324 E ThermalEngine: add_tgt_sensors_set: Error adding bcl
01-01 00:00:17.025   324   324 E ThermalEngine: sensors_init: Error adding BCL TS
01-01 00:00:17.025   324   324 I ThermalEngine: No target config file, falling back to '/system/etc/thermal-engine.conf'
01-01 00:00:17.026   324   324 I ThermalEngine: Loading config file for virtual sensor
01-01 00:00:17.026   324   324 I ThermalEngine: Loading configuration file /system/etc/thermal-engine.conf
01-01 00:00:17.026   324   324 E ThermalEngine: Unable to open config file '/system/etc/thermal-engine.conf'
01-01 00:00:17.026   324   324 E ThermalEngine: virtual_sensors_init: Error getting virtual sensors set
01-01 00:00:17.026   324   324 I ThermalEngine: Loading configuration file /system/etc/thermal-engine.conf
01-01 00:00:17.026   324   324 E ThermalEngine: Unable to open config file '/system/etc/thermal-engine.conf'
01-01 00:00:17.026   324   324 I ThermalEngine: [PMIC-ALARM-MONITOR]
01-01 00:00:17.026   324   324 I ThermalEngine: #algo_type monitor
01-01 00:00:17.026   324   324 I ThermalEngine: sampling 1000
01-01 00:00:17.026   324   324 I ThermalEngine: sensor pma8084_tz
01-01 00:00:17.026   324   324 I ThermalEngine: thresholds 107000 127000
01-01 00:00:17.026   324   324 I ThermalEngine: thresholds_clr 103000 123000
01-01 00:00:17.026   324   324 I ThermalEngine: actions hotplug_1+hotplug_2+hotplug_3+cpu0+cpu1+cpu2+cpu3 hotplug_1+hotplug_2+hotplug_3
01-01 00:00:17.026   324   324 I ThermalEngine: action_info 0+0+0+960000+960000+960000+960000 1+1+1
01-01 00:00:17.026   324   324 I ThermalEngine: [VDD_RSTR_MONITOR-TSENS10]
01-01 00:00:17.026   324   324 I ThermalEngine: #algo_type monitor
01-01 00:00:17.026   324   324 I ThermalEngine: sampling 1000
01-01 00:00:17.026   324   324 I ThermalEngine: sensor tsens_tz_sensor10
01-01 00:00:17.026   324   324 I ThermalEngine: thresholds 5000
01-01 00:00:17.026   324   324 I ThermalEngine: thresholds_clr 10000
01-01 00:00:17.026   324   324 I ThermalEngine: actions vdd_restriction
01-01 00:00:17.026   324   324 I ThermalEngine: action_info 1
01-01 00:00:17.026   324   324 I ThermalEngine: descending
01-01 00:00:17.026   324   324 I ThermalEngine: [VDD_RSTR_MONITOR-TSENS9]
01-01 00:00:17.026   324   324 I ThermalEngine: #algo_type monitor
01-01 00:00:17.026   324   324 I ThermalEngine: sampling 1000
01-01 00:00:17.026   324   324 I ThermalEngine: sensor tsens_tz_sensor9
01-01 00:00:17.026   324   324 I ThermalEngine: thresholds 5000
01-01 00:00:17.026   324   324 I ThermalEngine: thresholds_clr 10000
01-01 00:00:17.026   324   324 I ThermalEngine: actions vdd_restriction
01-01 00:00:17.026   324   324 I ThermalEngine: action_info 1
01-01 00:00:17.026   324   324 I ThermalEngine: descending
01-01 00:00:17.026   324   324 I ThermalEngine: [VDD_RSTR_MONITOR-TSENS8]
01-01 00:00:17.026   324   324 I ThermalEngine: #algo_type monitor
01-01 00:00:17.026   324   324 I ThermalEngine: sampling 1000
01-01 00:00:17.026   324   324 I ThermalEngine: sensor tsens_tz_sensor8
01-01 00:00:17.026   324   324 I ThermalEngine: thresholds 5000
01-01 00:00:17.026   324   324 I ThermalEngine: thresholds_clr 10000
01-01 00:00:17.026   324   324 I ThermalEngine: actions vdd_restriction
01-01 00:00:17.026   324   324 I ThermalEngine: action_info 1
01-01 00:00:17.026   324   324 I ThermalEngine: descending
01-01 00:00:17.026   324   324 I ThermalEngine: [VDD_RSTR_MONITOR-TSENS7]
01-01 00:00:17.026   324   324 I ThermalEngine: #algo_type monitor
01-01 00:00:17.026   324   324 I ThermalEngine: sampling 1000
01-01 00:00:17.026   324   324 I ThermalEngine: sensor tsens_tz_sensor7
01-01 00:00:17.026   324   324 I ThermalEngine: thresholds 5000
01-01 00:00:17.026   324   324 I ThermalEngine: thresholds_clr 10000
01-01 00:00:17.026   324   324 I ThermalEngine: actions vdd_restriction
01-01 00:00:17.026   324   324 I ThermalEngine: action_info 1
01-01 00:00:17.026   324   324 I ThermalEngine: descending
01-01 00:00:17.026   324   324 I ThermalEngine: [VDD_RSTR_MONITOR-TSENS6]
01-01 00:00:17.026   324   324 I ThermalEngine: #algo_type monitor
01-01 00:00:17.026   324   324 I ThermalEngine: sampling 1000
01-01 00:00:17.026   324   324 I ThermalEngine: sensor tsens_tz_sensor6
01-01 00:00:17.026   324   324 I ThermalEngine: thresholds 5000
01-01 00:00:17.026   324   324 I ThermalEngine: thresholds_clr 10000
01-01 00:00:17.026   324   324 I ThermalEngine: actions vdd_restriction
01-01 00:00:17.026   324   324 I ThermalEngine: action_info 1
01-01 00:00:17.026   324   324 I ThermalEngine: descending
01-01 00:00:17.026   324   324 I ThermalEngine: [VDD_RSTR_MONITOR-TSENS5]
01-01 00:00:17.026   324   324 I ThermalEngine: #algo_type monitor
01-01 00:00:17.026   324   324 I ThermalEngine: sampling 1000
01-01 00:00:17.026   324   324 I ThermalEngine: sensor tsens_tz_sensor5
01-01 00:00:17.026   324   324 I ThermalEngine: thresholds 5000
01-01 00:00:17.026   324   324 I ThermalEngine: thresholds_clr 10000
01-01 00:00:17.026   324   324 I ThermalEngine: actions vdd_restriction
01-01 00:00:17.026   324   324 I ThermalEngine: action_info 1
01-01 00:00:17.026   324   324 I ThermalEngine: descending
01-01 00:00:17.026   324   324 I ThermalEngine: [VDD_RSTR_MONITOR-TSENS4]
01-01 00:00:17.026   324   324 I ThermalEngine: #algo_type monitor
01-01 00:00:17.027   324   324 I ThermalEngine: sampling 1000
01-01 00:00:17.027   324   324 I ThermalEngine: sensor tsens_tz_sensor4
01-01 00:00:17.027   324   324 I ThermalEngine: thresholds 5000
01-01 00:00:17.027   324   324 I ThermalEngine: thresholds_clr 10000
01-01 00:00:17.027   324   324 I ThermalEngine: actions vdd_restriction
01-01 00:00:17.027   324   324 I ThermalEngine: action_info 1
01-01 00:00:17.027   324   324 I ThermalEngine: descending
01-01 00:00:17.027   324   324 I ThermalEngine: [VDD_RSTR_MONITOR-TSENS3]
01-01 00:00:17.027   324   324 I ThermalEngine: #algo_type monitor
01-01 00:00:17.027   324   324 I ThermalEngine: sampling 1000
01-01 00:00:17.027   324   324 I ThermalEngine: sensor tsens_tz_sensor3
01-01 00:00:17.027   324   324 I ThermalEngine: thresholds 5000
01-01 00:00:17.027   324   324 I ThermalEngine: thresholds_clr 10000
01-01 00:00:17.027   324   324 I ThermalEngine: actions vdd_restriction
01-01 00:00:17.027   324   324 I ThermalEngine: action_info 1
01-01 00:00:17.027   324   324 I ThermalEngine: descending
01-01 00:00:17.027   324   324 I ThermalEngine: [VDD_RSTR_MONITOR-TSENS2]
01-01 00:00:17.027   324   324 I ThermalEngine: #algo_type monitor
01-01 00:00:17.027   324   324 I ThermalEngine: sampling 1000
01-01 00:00:17.027   324   324 I ThermalEngine: sensor tsens_tz_sensor2
01-01 00:00:17.027   324   324 I ThermalEngine: thresholds 5000
01-01 00:00:17.027   324   324 I ThermalEngine: thresholds_clr 10000
01-01 00:00:17.027   324   324 I ThermalEngine: actions vdd_restriction
01-01 00:00:17.027   324   324 I ThermalEngine: action_info 1
01-01 00:00:17.027   324   324 I ThermalEngine: descending
01-01 00:00:17.027   324   324 I ThermalEngine: [VDD_RSTR_MONITOR-TSENS1]
01-01 00:00:17.027   324   324 I ThermalEngine: #algo_type monitor
01-01 00:00:17.027   324   324 I ThermalEngine: sampling 1000
01-01 00:00:17.027   324   324 I ThermalEngine: sensor tsens_tz_sensor1
01-01 00:00:17.027   324   324 I ThermalEngine: thresholds 5000
01-01 00:00:17.027   324   324 I ThermalEngine: thresholds_clr 10000
01-01 00:00:17.027   324   324 I ThermalEngine: actions vdd_restriction
01-01 00:00:17.027   324   324 I ThermalEngine: action_info 1
01-01 00:00:17.027   324   324 I ThermalEngine: descending
01-01 00:00:17.027   324   324 I ThermalEngine: [VDD_RSTR_MONITOR-TSENS0]
01-01 00:00:17.027   324   324 I ThermalEngine: #algo_type monitor
01-01 00:00:17.027   324   324 I ThermalEngine: sampling 1000
01-01 00:00:17.027   324   324 I ThermalEngine: sensor tsens_tz_sensor0
01-01 00:00:17.027   324   324 I ThermalEngine: thresholds 5000
01-01 00:00:17.027   324   324 I ThermalEngine: thresholds_clr 10000
01-01 00:00:17.027   324   324 I ThermalEngine: actions vdd_restriction
01-01 00:00:17.027   324   324 I ThermalEngine: action_info 1
01-01 00:00:17.027   324   324 I ThermalEngine: descending
01-01 00:00:17.027   324   324 I ThermalEngine: [SS-GPU]
01-01 00:00:17.027   324   324 I ThermalEngine: #algo_type ss
01-01 00:00:17.027   324   324 I ThermalEngine: sampling 250
01-01 00:00:17.027   324   324 I ThermalEngine: sensor tsens_tz_sensor10
01-01 00:00:17.027   324   324 I ThermalEngine: device gpu
01-01 00:00:17.027   324   324 I ThermalEngine: set_point 100000
01-01 00:00:17.027   324   324 I ThermalEngine: set_point_clr 65000
01-01 00:00:17.027   324   324 I ThermalEngine: time_constant 0
01-01 00:00:17.027   324   324 I ThermalEngine: [SS-POPMEM]
01-01 00:00:17.027   324   324 I ThermalEngine: #algo_type ss
01-01 00:00:17.027   324   324 I ThermalEngine: sampling 65
01-01 00:00:17.027   324   324 I ThermalEngine: sensor pop_mem
01-01 00:00:17.027   324   324 I ThermalEngine: device cpu
01-01 00:00:17.027   324   324 I ThermalEngine: set_point 80000
01-01 00:00:17.027   324   324 I ThermalEngine: set_point_clr 55000
01-01 00:00:17.027   324   324 I ThermalEngine: time_constant 16
01-01 00:00:17.027   324   324 I ThermalEngine: [SS-CPU3]
01-01 00:00:17.027   324   324 I ThermalEngine: #algo_type ss
01-01 00:00:17.027   324   324 I ThermalEngine: sampling 65
01-01 00:00:17.027   324   324 I ThermalEngine: sensor cpu3
01-01 00:00:17.027   324   324 I ThermalEngine: device cpu
01-01 00:00:17.027   324   324 I ThermalEngine: set_point 90000
01-01 00:00:17.027   324   324 I ThermalEngine: set_point_clr 55000
01-01 00:00:17.027   324   324 I ThermalEngine: time_constant 0
01-01 00:00:17.027   324   324 I ThermalEngine: [SS-CPU2]
01-01 00:00:17.027   324   324 I ThermalEngine: #algo_type ss
01-01 00:00:17.027   324   324 I ThermalEngine: sampling 65
01-01 00:00:17.027   324   324 I ThermalEngine: sensor cpu2
01-01 00:00:17.027   324   324 I ThermalEngine: device cpu
01-01 00:00:17.027   324   324 I ThermalEngine: set_point 90000
01-01 00:00:17.027   324   324 I ThermalEngine: set_point_clr 55000
01-01 00:00:17.027   324   324 I ThermalEngine: time_constant 0
01-01 00:00:17.027   324   324 I ThermalEngine: [SS-CPU1]
01-01 00:00:17.027   324   324 I ThermalEngine: #algo_type ss
01-01 00:00:17.027   324   324 I ThermalEngine: sampling 65
01-01 00:00:17.027   324   324 I ThermalEngine: sensor cpu1
01-01 00:00:17.027   324   324 I ThermalEngine: device cpu
01-01 00:00:17.027   324   324 I ThermalEngine: set_point 90000
01-01 00:00:17.027   324   324 I ThermalEngine: set_point_clr 55000
01-01 00:00:17.027   324   324 I ThermalEngine: time_constant 0
01-01 00:00:17.027   324   324 I ThermalEngine: [SS-CPU0]
01-01 00:00:17.027   324   324 I ThermalEngine: #algo_type ss
01-01 00:00:17.027   324   324 I ThermalEngine: sampling 65
01-01 00:00:17.027   324   324 I ThermalEngine: sensor cpu0
01-01 00:00:17.027   324   324 I ThermalEngine: device cpu
01-01 00:00:17.027   324   324 I ThermalEngine: set_point 90000
01-01 00:00:17.027   324   324 I ThermalEngine: set_point_clr 55000
01-01 00:00:17.027   324   324 I ThermalEngine: time_constant 0
01-01 00:00:17.027   324   324 I ThermalEngine: [SPEAKER-CAL]
01-01 00:00:17.027   324   324 I ThermalEngine: sampling 30000 30000 10 1800000
01-01 00:00:17.027   324   324 I ThermalEngine: sensor pma8084_tz
01-01 00:00:17.027   324   324 I ThermalEngine: sensors tsens_tz_sensor1 tsens_tz_sensor2 tsens_tz_sensor3 tsens_tz_sensor4 tsens_tz_sensor7 tsens_tz_sensor8 tsens_tz_sensor9 tsens_tz_sensor10
01-01 00:00:17.027   324   324 I ThermalEngine: temp_range 6000 10000 2000
01-01 00:00:17.027   324   324 I ThermalEngine: max_temp 45000
01-01 00:00:17.027   324   324 I ThermalEngine: offset -4000
01-01 00:00:17.028   324   499 I ThermalEngine: Sensor:tsens_tz_sensor10:64000 mC
01-01 00:00:17.028   324   499 I ThermalEngine: Sensor:tsens_tz_sensor1:62000 mC
01-01 00:00:17.029   324   499 I ThermalEngine: Sensor:tsens_tz_sensor8:82000 mC
01-01 00:00:17.029   324   499 I ThermalEngine: Sensor:tsens_tz_sensor7:81000 mC
01-01 00:00:17.037   324   498 I ThermalEngine: Sensor:pma8084_tz:59239 mC
01-01 00:00:17.037   324   498 I ThermalEngine: Sensor:tsens_tz_sensor10:64000 mC
01-01 00:00:17.037   324   498 I ThermalEngine: Sensor:tsens_tz_sensor9:67000 mC
01-01 00:00:17.037   324   498 I ThermalEngine: Sensor:tsens_tz_sensor8:83000 mC
01-01 00:00:17.038   324   498 I ThermalEngine: Sensor:tsens_tz_sensor7:83000 mC
01-01 00:00:17.038   324   498 I ThermalEngine: Sensor:tsens_tz_sensor6:81000 mC
01-01 00:00:17.039   324   498 I ThermalEngine: Sensor:tsens_tz_sensor5:83000 mC
01-01 00:00:17.039   382   382 V LOWI-6.0.0.15: [LOWIEventDispatcher] LOWIEventDispatcher
01-01 00:00:17.040   324   498 I ThermalEngine: Sensor:tsens_tz_sensor4:67000 mC
01-01 00:00:17.040   324   499 I ThermalEngine: Sensor:tsens_tz_sensor6:81000 mC
01-01 00:00:17.041   324   498 I ThermalEngine: Sensor:tsens_tz_sensor3:70000 mC
01-01 00:00:17.041   324   498 I ThermalEngine: Sensor:tsens_tz_sensor2:62000 mC
01-01 00:00:17.042   324   499 I ThermalEngine: Sensor:tsens_tz_sensor5:83000 mC
01-01 00:00:17.043   324   498 I ThermalEngine: Sensor:tsens_tz_sensor1:62000 mC
01-01 00:00:17.044   324   498 I ThermalEngine: Sensor:tsens_tz_sensor0:72000 mC
01-01 00:00:17.044   324   498 I ThermalEngine: vdd_restrict_qmi_request: MODEM req level(0) is recorded and waiting for completing QMI registration
01-01 00:00:17.045   324   498 I ThermalEngine: ACTION: ADSP - Vdd_restriction mitigation succeeded for level 0.
01-01 00:00:17.045   324   498 I ThermalEngine: Mitigation:VDD[ADSP]:0
01-01 00:00:17.045   324   498 I ThermalEngine: hotplug_ktm_disable_cb: write out 0
01-01 00:00:17.056   382   382 V LOWI-6.0.0.15: [MessageQ_Client] creating client socket
01-01 00:00:17.056   382   382 I LOWI-6.0.0.15: [MessageQ_Client] connecting to server [/data/misc/location/mq/location-mq-s]
01-01 00:00:17.056   382   382 I LOWI-6.0.0.15: [MessageQ_Client] connected
01-01 00:00:17.056   382   382 V LOWI-6.0.0.15: [LOWIController] init
01-01 00:00:17.057   381   381 E QCALOG  : [MessageQ] ProcessNewMessage: [NOT_REGISTERED:382] unknown deliver target [OS-Agent]
01-01 00:00:17.063   383   512 E XTIA    : [inet-agent-pos] _process failed 4
01-01 00:00:17.064   383   512 E XTIA    : [inet-agent-pos] _process failed 4
01-01 00:00:17.067   449   449 D QSEECOMD: : Init dlopen(libdrmtime.so, RTLD_NOW) succeeds
01-01 00:00:17.067   449   449 D QSEECOMD: : Init::Init dlsym(g_FSHandle atime_start) succeeds
01-01 00:00:17.067   449   449 D DrmLibTime: QSEE Time Listener: atime_start
01-01 00:00:17.067   449   449 D QSEECOMAPI: : QSEECom_register_listener 11 sb_length = 0x5000
01-01 00:00:17.068   449   449 D DrmLibTime: registering fs service to QSEECom is done!
01-01 00:00:17.068   449   449 D DrmLibTime: begin to create a thread!
01-01 00:00:17.068   449   449 D DrmLibTime: Creating a pthread in atime_start is done! return 0
01-01 00:00:17.068   449   449 D QSEECOMD: : Init atime_start ret = 0
01-01 00:00:17.068   449   449 D QSEECOMD: : time services: Started (Listener ID = 11)
01-01 00:00:17.068   449   449 E QSEECOMD: : Listener: index = 4, hierarchy = 1
01-01 00:00:17.068   449   449 D QSEECOMD: : Init dlopen(libdrmfs.so, RTLD_NOW) succeeds
01-01 00:00:17.068   449   449 D QSEECOMD: : Init::Init dlsym(g_FSHandle fs_start) succeeds
01-01 00:00:17.068   449   449 D QSEECOMAPI: : QSEECom_register_listener 10 sb_length = 0x5000
01-01 00:00:17.069   449   449 D QSEECOMD: : Init fs_start ret = 0
01-01 00:00:17.069   449   449 D QSEECOMD: : file system services: Started (Listener ID = 10)
01-01 00:00:17.069   449   449 D QSEECOMD: : QSEECOM DAEMON RUNNING 
01-01 00:00:17.069   383   512 E XTIA    : [inet-agent-pos] _process failed 4
01-01 00:00:17.070   383   516 E XTIA    : [inet-agent-cs] _process failed 4
01-01 00:00:17.070   383   516 E XTIA    : [inet-agent-cs] _process failed 4
01-01 00:00:17.070   383   516 E XTIA    : [inet-agent-cs] _process failed 4
01-01 00:00:17.072   508   508 I log_temperatures: Waiting for sdcard to mount... 
01-01 00:00:17.074   383   512 E XTIA    : [inet-agent-pos] _process failed 4
01-01 00:00:17.074   382   522 E LOWI-6.0.0.15: [LOWIEventReceiver] handleEvent failed
01-01 00:00:17.074   382   522 E LOWI-6.0.0.15: [LOWIEventReceiver] handleEvent failed
01-01 00:00:17.074   382   522 E LOWI-6.0.0.15: [LOWIEventReceiver] handleEvent failed
01-01 00:00:17.074   382   522 E LOWI-6.0.0.15: [LOWIEventReceiver] handleEvent failed
01-01 00:00:17.075   383   516 E XTIA    : [inet-agent-cs] _process failed 4
01-01 00:00:17.075   449   523 D DrmLibTime: QSEE Time Listener: dispatch
01-01 00:00:17.075   449   523 D DrmLibTime: before calling ioctl to read the next time_cmd
01-01 00:00:17.077   262   262 E qca1530 : detect 
01-01 00:00:17.079   258   258 I qcom-bluetooth: /system/etc/init.qcom.bt.sh: init.qcom.bt.sh config = onboot 
01-01 00:00:17.080   252   252 D QSEECOMD: : qseecom listener services process entry PPID = 1
01-01 00:00:17.080   252   252 E QSEECOMD: : Listener: index = 0, hierarchy = 0
01-01 00:00:17.081   383   514 E XTIA    : [inet-agent-tile] _process failed 4
01-01 00:00:17.081   383   514 E XTIA    : [inet-agent-tile] _process failed 4
01-01 00:00:17.081   383   514 E XTIA    : [inet-agent-tile] _process failed 4
01-01 00:00:17.081   383   514 E XTIA    : [inet-agent-tile] _process failed 4
01-01 00:00:17.082   383   516 E XTIA    : [inet-agent-cs] _process failed 4
01-01 00:00:17.082   383   512 E XTIA    : [inet-agent-pos] _process failed 4
01-01 00:00:17.082   383   514 E XTIA    : [inet-agent-tile] _process failed 4
01-01 00:00:17.082   382   522 E LOWI-6.0.0.15: [LOWIEventReceiver] handleEvent failed
01-01 00:00:17.082   383   518 E XTIA    : [inet-agent-wwan-pos] _process failed 4
01-01 00:00:17.082   383   518 E XTIA    : [inet-agent-wwan-pos] _process failed 4
01-01 00:00:17.082   383   518 E XTIA    : [inet-agent-wwan-pos] _process failed 4
01-01 00:00:17.082   383   518 E XTIA    : [inet-agent-wwan-pos] _process failed 4
01-01 00:00:17.082   383   518 E XTIA    : [inet-agent-wwan-pos] _process failed 4
01-01 00:00:17.083   505   505 I logcat_to_sd: Waiting for sdcard to mount... 
01-01 00:00:17.084   252   252 D QSEECOMD: : Init dlopen(librpmb.so, RTLD_NOW) succeeds
01-01 00:00:17.084   252   252 D QSEECOMD: : Init::Init dlsym(g_FSHandle rpmb_init_service) succeeds
01-01 00:00:17.085   252   252 I rpmb    : RPMB Mult = 16384, Rel_sec_cnt = 1
01-01 00:00:17.085   252   252 E DrmLibRpmb: rpmb_init succeeded! with ret = 0
01-01 00:00:17.085   252   252 D QSEECOMD: : Init rpmb_init_service ret = 0
01-01 00:00:17.085   252   252 D QSEECOMD: : RPMB system services: init (Listener ID = 8192)
01-01 00:00:17.085   252   252 E QSEECOMD: : Listener: index = 1, hierarchy = 0
01-01 00:00:17.089   406   406 I sshd    : type=1400 audit(0.0:10): avc: denied { create } for scontext=u:r:init:s0 tcontext=u:r:init:s0 tclass=tcp_socket permissive=1
01-01 00:00:17.089   406   406 I sshd    : type=1400 audit(0.0:11): avc: denied { setopt } for scontext=u:r:init:s0 tcontext=u:r:init:s0 tclass=tcp_socket permissive=1
01-01 00:00:17.089   406   406 I sshd    : type=1400 audit(0.0:12): avc: denied { bind } for scontext=u:r:init:s0 tcontext=u:r:init:s0 tclass=tcp_socket permissive=1
01-01 00:00:17.089   406   406 I sshd    : type=1400 audit(0.0:13): avc: denied { listen } for lport=22 scontext=u:r:init:s0 tcontext=u:r:init:s0 tclass=tcp_socket permissive=1
01-01 00:00:17.092   252   252 D QSEECOMD: : Init dlopen(libssd.so, RTLD_NOW) succeeds
01-01 00:00:17.092   252   252 D QSEECOMD: : Init::Init dlsym(g_FSHandle ssd_init_service) succeeds
01-01 00:00:17.093   252   252 E SSD     : ssd_init_service succeeded!
01-01 00:00:17.093   252   252 D QSEECOMD: : Init ssd_init_service ret = 0
01-01 00:00:17.093   252   252 D QSEECOMD: : SSD system services: init (Listener ID = 12288)
01-01 00:00:17.093   252   252 E QSEECOMD: : Listener: index = 2, hierarchy = 0
01-01 00:00:17.093   248   248 I Adreno  : EGLInit: QTI Build: 01/16/15, 25d4fe7, 
01-01 00:00:17.093   344   344 V AudioDaemonMain: Audio daemon starting sequence..
01-01 00:00:17.093   344   344 V AudioDaemon: Start audiod daemon
01-01 00:00:17.094   344   530 V AudioDaemon: readyToRun: open snd card state node files
01-01 00:00:17.094   344   530 V AudioDaemon: Start threadLoop()
01-01 00:00:17.095   344   530 D AudioDaemon: Opening sound card state : /proc/asound/card---/state
01-01 00:00:17.095   344   530 E AudioDaemon: Open /proc/asound/card---/state failed : No such file or directory
01-01 00:00:17.095   344   530 V AudioDaemon: bool android::AudioDaemon::getStateFDs(std::vector<std::pair<int, int> >&): 0 sound cards detected
01-01 00:00:17.095   344   530 E AudioDaemon: Sleeping for 100 ms
01-01 00:00:17.097   275   275 I qcom-bluetooth: /system/etc/init.qcom.bt.sh: Bluetooth Address programmed successfully 
01-01 00:00:17.101   406   406 I /system/bin/sshd: Server listening on :: port 22.
01-01 00:00:17.101   406   406 I /system/bin/sshd: Server listening on 0.0.0.0 port 22.
01-01 00:00:17.101   406   406 E /system/bin/sshd: error: Couldn't create pid file "/var/run/sshd.pid": No such file or directory
01-01 00:00:17.106   520   520 E wifi_ap.sh: WIFI_AP: Enabling! 
01-01 00:00:17.107   267   267 D qca1530 : detect 
01-01 00:00:17.128   281   281 V qca1530 : detect 
--------- beginning of system
01-01 00:00:17.128   247   247 I Vold    : Vold 2.1 (the revenge) firing up
01-01 00:00:17.128   247   247 E DirectVolume: Vold managed volumes must have auto mount point; ignoring /storage/sdcard1
01-01 00:00:17.128   247   247 D Vold    : Volume sdcard1 state changing -1 (Initializing) -> 0 (No-Media)
01-01 00:00:17.128   247   247 I Cryptfs : Check if PFE is activated on Boot
01-01 00:00:17.130   247   247 E Cryptfs : Bad magic for real block device /dev/block/bootdevice/by-name/userdata
01-01 00:00:17.130   247   247 E Cryptfs : Error getting crypt footer and key
01-01 00:00:17.132   252   252 D QSEECOMD: : Init dlopen(libsecureui.so, RTLD_NOW) succeeds
01-01 00:00:17.132   252   252 D QSEECOMD: : Init::Init dlsym(g_FSHandle secure_ui_init) succeeds
01-01 00:00:17.132   252   252 D QSEECOMD: : Init secure_ui_init ret = 0
01-01 00:00:17.132   252   252 D QSEECOMD: : secure UI services: init (Listener ID = 16384)
01-01 00:00:17.132   252   252 D QSEECOMAPI: : QSEECom_get_handle sb_length = 0x400
01-01 00:00:17.132   252   252 D QSEECOMAPI: : App is not loaded in QSEE
01-01 00:00:17.136   446   446 E Diag_Lib: qpLogDiagInit ==>
01-01 00:00:17.138   446   446 E Diag_Lib: qpLogDiagInit <== result : 1
01-01 00:00:17.138   446   446 E Diag_Lib: [IMS_DataD] imsdatad.c | 4660 | | 446 |DATAD#$$#0#DATAD STARTED
01-01 00:00:17.138   446   446 E Diag_Lib: [IMS_DataD] imsdatad.c | 4683 | | 446 |ims-dcm-daemon dcm Daemon main entry, uid 1000, gid 1000, egid 1000 
01-01 00:00:17.138   446   446 E Diag_Lib: [IMS_DataD] imsdatad.c | 4685 | | 446 |DATAD#$$#0#DCM QMI SERVICES STARTED
01-01 00:00:17.138   446   446 E Diag_Lib: [IMS_DataD] imsdatad.c | 2870 | | 446 |ims-dcm-daemon ims_dcm_qmi_handler_init_func >
01-01 00:00:17.138   446   446 E Diag_Lib: [IMS_DataD] imsdatad.c | 2851 | | 446 |ims-dcm-daemon qmi_dcm_register_service
01-01 00:00:17.140   446   446 E Diag_Lib: [IMS_DataD] imsdatad.c | 2856 | | 446 |ims-dcm-daemon qmi_dcm_register_service rc : 0
01-01 00:00:17.140   446   446 E Diag_Lib: [IMS_DataD] imsdatad.c | 2861 | | 446 |ims-dcm-daemon qmi_dcm_register_service service_cookie.service_handle : 0x1
01-01 00:00:17.140   446   446 E Diag_Lib: [IMS_DataD] imsdatad.c | 2879 | | 446 |ims_dcm_qmi_handler_init_func exit MAX FD 6
01-01 00:00:17.140   446   446 E Diag_Lib: [IMS_DataD] imsdatad.c | 4695 | | 446 |ims-dcm-daemon: Server Sock FD 10 received from init
01-01 00:00:17.140   446   446 E Diag_Lib: [IMS_DataD] imsdatad.c | 4715 | | 446 |DATAD#$$#0#DATAD SERVER STARTED
01-01 00:00:17.140   446   446 E Diag_Lib: [IMS_DataD] imsdatad.c | 235 | | 446 |DatadAddFDToFDSet:Added FD: [10] to FDSet
01-01 00:00:17.140   446   446 E Diag_Lib: [IMS_DataD] imsdatad.c | 4725 | | 446 |ims-dcm-daemon listen done
01-01 00:00:17.140   446   446 E Diag_Lib: [IMS_DataD] imsdatad.c | 4742 | | 446 |ims-dcm-daemon : socket pair created. readfd = 7, write fd = 9
01-01 00:00:17.140   446   446 E Diag_Lib: [IMS_DataD] imsdatad.c | 235 | | 446 |DatadAddFDToFDSet:Added FD: [7] to FDSet
01-01 00:00:17.140   446   446 E Diag_Lib: [IMS_DataD] imsdatad.c | 4759 | | 446 |DATAD#$$#0#DATAD  LOOPBACK SERVER STARTED for INTERNAL EVENTS
01-01 00:00:17.140   446   446 E Diag_Lib: [IMS_DataD] imsdatad.c | 4768 | | 446 |DATAD#$$#0#DATAD STARTED HEAR BEAT
01-01 00:00:17.149   295   295 I init    : type=1400 audit(0.0:3): avc: denied { entrypoint } for path="/system/bin/busybox" dev="mmcblk0p15" ino=223 scontext=u:r:shell:s0 tcontext=u:object_r:system_file:s0 tclass=file permissive=1
01-01 00:00:17.149   248   248 I SurfaceFlinger: SurfaceFlinger is starting
01-01 00:00:17.149   248   248 I SurfaceFlinger: SurfaceFlinger's main thread ready to run. Initializing graphics H/W...
01-01 00:00:17.152   536   536 E wifi_ap.sh: WIFI_AP: Starting AP with ssid: Sentera_21020-02_0066 password: 00660066 and channel: 9 on ip: 192.168.43.1 (root: 192.168.43) 
01-01 00:00:17.163   248   248 D libEGL  : loaded /vendor/lib/egl/libEGL_adreno.so
01-01 00:00:17.179   247   289 W DirectVolume: Deprecated implied prefix pattern detected, please use '/devices/msm_sdcc.2/mmc_host*' instead
01-01 00:00:17.179   247   289 D Vold    : Volume sdcard1 state changing 0 (No-Media) -> 2 (Pending)
01-01 00:00:17.180   247   289 D Vold    : Volume sdcard1 state changing 2 (Pending) -> 1 (Idle-Unmounted)
01-01 00:00:17.195   344   530 D AudioDaemon: Opening sound card state : /proc/asound/card0/state
01-01 00:00:17.195   344   530 V AudioDaemon: bool android::AudioDaemon::getStateFDs(std::vector<std::pair<int, int> >&): 1 sound cards detected
01-01 00:00:17.195   344   530 D AudioDaemon: Opening cpe0_state : /proc/asound/card0/cpe0_state
01-01 00:00:17.195   344   530 E AudioDaemon: CPE state open /proc/asound/card0/cpe0_state failed No such file or directory, Retrying 1
01-01 00:00:17.237   308   308 I         : debuggerd: Nov  9 2015 10:06:26
01-01 00:00:17.288   311   311 I mediaserver: ServiceManager: 0xb61500c0
01-01 00:00:17.288   311   311 I AudioFlinger: Using default 3000 mSec as standby time.
01-01 00:00:17.289   311   311 I ServiceManager: Waiting for service batterystats...
01-01 00:00:17.295   344   530 E AudioDaemon: CPE state open /proc/asound/card0/cpe0_state failed No such file or directory, Retrying 2
01-01 00:00:17.338   345   345 I mm-camera-sensor: module_sensor_init:5275 Enter
01-01 00:00:17.339   345   345 E mm-camera-sensor: sensor_init_probe:191 failed: to oribe eeprom bin sensors
01-01 00:00:17.345   312   312 I installd: installd firing up
01-01 00:00:17.375   321   321 D WLAN_PSA: PTT_SOCKET_APP Start
01-01 00:00:17.375   321   321 V WLAN_PSA: UID 0
01-01 00:00:17.375   321   321 E WLAN_PSA: Set as Blocked Operation
01-01 00:00:17.378   306   306 I Netd    : Netd 1.0 starting
01-01 00:00:17.382   321   321 D WLAN_PSA: FTM Test App: Diag_LSM_Init succeeded. 
01-01 00:00:17.382   321   321 D WLAN_PSA: PTT_SOCKET_APP Init done, wait clients
01-01 00:00:17.395   344   530 D AudioDaemon: number of sndcards 1 CPEs 0
01-01 00:00:17.396   344   530 D AudioDaemon: read for sound card state change before while
01-01 00:00:17.396   344   530 D AudioDaemon: sound card state file content: ONLINE
01-01 00:00:17.396   344   530 D AudioDaemon:  before while
01-01 00:00:17.396   344   530 E AudioDaemon: put cur_state to online
01-01 00:00:17.396   344   530 D AudioDaemon: cur_state=0, bootup_complete=0
01-01 00:00:17.396   344   530 E AudioDaemon: sound card up is deteced before while
01-01 00:00:17.396   344   530 E AudioDaemon: bootup_complete set to 1
01-01 00:00:17.396   344   530 D AudioDaemon: poll() for sound card state change 
01-01 00:00:17.398   319   319 I irsc_util: irsc tool created:0xb6c4f060
01-01 00:00:17.398   319   319 I irsc_util: Starting irsc tool
01-01 00:00:17.398   319   319 I irsc_util: Trying to open sec config file
01-01 00:00:17.403   348   348 E qca1530 : init 
01-01 00:00:17.411   322   322 D adsprpc : vendor/qcom/proprietary/adsprpc/src/adsprpcd.c:21::info: calling: 0 == adsp_default_listener_register()
01-01 00:00:17.414   354   354 D qca1530 : init 
01-01 00:00:17.418   322   322 D adsprpc : vendor/qcom/proprietary/adsprpc/src/adsprpcd.c:21::info: passed: 0 == adsp_default_listener_register()
01-01 00:00:17.426   322   357 E adsprpc : vendor/qcom/proprietary/adsprpc/src/apps_std_imp.c:33:apps_std fopen failed: /oemconfig.so No such file or directory
01-01 00:00:17.426   322   357 E adsprpc : vendor/qcom/proprietary/adsprpc/src/apps_std_imp.c:33:apps_std fopen failed: /system/lib/rfsa/adsp//oemconfig.so No such file or directory
01-01 00:00:17.429   314   314 D QSEECOMAPI: : QSEECom_get_handle sb_length = 0x2000
01-01 00:00:17.433   319   319 I irsc_util: file_parser Number of element :0
01-01 00:00:17.433   319   319 I irsc_util: file_parser Invalid Format or Comment - '/* IPC Security Config */
01-01 00:00:17.433   319   319 I irsc_util: '
01-01 00:00:17.433   319   319 I irsc_util: file_parser Number of element :0
01-01 00:00:17.433   319   319 I irsc_util: file_parser Invalid Format or Comment - '/* <GPS QMI Service ID - 16>:<GPS QMI Instance ID - all instances>:<Client Group ID> */
01-01 00:00:17.433   319   319 I irsc_util: '
01-01 00:00:17.433   319   319 I irsc_util: file_parser Number of element :4
01-01 00:00:17.433   319   319 I irsc_util: file_parser Number of element :0
01-01 00:00:17.433   319   319 I irsc_util: file_parser Invalid Format or Comment - '/* Allow SS CTL service to be used by system and net_raw processes */
01-01 00:00:17.433   319   319 I irsc_util: '
01-01 00:00:17.433   319   319 I irsc_util: file_parser Number of element :4
01-01 00:00:17.433   319   319 I irsc_util: file_parser Number of element :0
01-01 00:00:17.433   319   319 I irsc_util: file_parser Invalid Format or Comment - '/* Allow Sensor services to be used by sensor process */
01-01 00:00:17.433   319   319 I irsc_util: '
01-01 00:00:17.433   319   319 I irsc_util: file_parser Number of element :3
01-01 00:00:17.433   319   319 I irsc_util: file_parser Number of element :3
01-01 00:00:17.433   319   319 I irsc_util: file_parser Number of element :3
01-01 00:00:17.433   319   319 I irsc_util: file_parser Number of element :3
01-01 00:00:17.433   319   319 I irsc_util: file_parser Number of element :3
01-01 00:00:17.433   319   319 I irsc_util: file_parser Number of element :3
01-01 00:00:17.433   319   319 I irsc_util: file_parser Number of element :3
01-01 00:00:17.433   319   319 I irsc_util: file_parser Number of element :3
01-01 00:00:17.433   319   319 I irsc_util: file_parser Number of element :3
01-01 00:00:17.433   319   319 I irsc_util: file_parser Number of element :3
01-01 00:00:17.433   319   319 I irsc_util: file_parser Number of element :3
01-01 00:00:17.433   319   319 I irsc_util: file_parser Number of element :3
01-01 00:00:17.433   319   319 I irsc_util: file_parser Number of element :3
01-01 00:00:17.433   319   319 I irsc_util: file_parser Number of element :3
01-01 00:00:17.433   319   319 I irsc_util: file_parser Number of element :3
01-01 00:00:17.433   319   319 I irsc_util: file_parser Number of element :3
01-01 00:00:17.433   319   319 I irsc_util: file_parser Number of element :3
01-01 00:00:17.433   319   319 I irsc_util: file_parser Number of element :3
01-01 00:00:17.433   319   319 I irsc_util: file_parser Number of element :3
01-01 00:00:17.433   319   319 I irsc_util: file_parser Number of element :3
01-01 00:00:17.433   319   319 I irsc_util: file_parser Number of element :3
01-01 00:00:17.433   319   319 I irsc_util: file_parser Number of element :3
01-01 00:00:17.433   319   319 I irsc_util: file_parser Number of element :3
01-01 00:00:17.433   319   319 I irsc_util: file_parser Number of element :3
01-01 00:00:17.433   319   319 I irsc_util: file_parser Number of element :3
01-01 00:00:17.433   319   319 I irsc_util: file_parser Number of element :3
01-01 00:00:17.433   319   319 I irsc_util: file_parser Number of element :3
01-01 00:00:17.433   319   319 I irsc_util: file_parser Number of element :3
01-01 00:00:17.433   319   319 I irsc_util: file_parser Number of element :3
01-01 00:00:17.433   319   319 I irsc_util: file_parser Number of element :3
01-01 00:00:17.433   319   319 I irsc_util: file_parser Number of element :3
01-01 00:00:17.433   319   319 I irsc_util: file_parser Number of element :3
01-01 00:00:17.433   319   319 I irsc_util: file_parser Number of element :3
01-01 00:00:17.433   319   319 I irsc_util: file_parser Number of element :3
01-01 00:00:17.433   319   319 I irsc_util: file_parser Number of element :3
01-01 00:00:17.433   319   319 I irsc_util: file_parser Number of element :3
01-01 00:00:17.433   319   319 I irsc_util: file_parser Number of element :3
01-01 00:00:17.433   319   319 I irsc_util: file_parser Number of element :3
01-01 00:00:17.433   319   319 I irsc_util: file_parser Number of element :3
01-01 00:00:17.433   319   319 I irsc_util: file_parser Number of element :3
01-01 00:00:17.433   319   319 I irsc_util: file_parser Number of element :3
01-01 00:00:17.433   319   319 I irsc_util: file_parser Number of element :3
01-01 00:00:17.433   319   319 I irsc_util: file_parser Number of element :3
01-01 00:00:17.433   319   319 I irsc_util: file_parser Number of element :3
01-01 00:00:17.433   319   319 I irsc_util: file_parser Number of element :3
01-01 00:00:17.433   319   319 I irsc_util: file_parser Number of element :3
01-01 00:00:17.433   319   319 I irsc_util: file_parser Number of element :3
01-01 00:00:17.433   319   319 I irsc_util: file_parser Number of element :3
01-01 00:00:17.433   319   319 I irsc_util: file_parser Number of element :3
01-01 00:00:17.433   319   319 I irsc_util: file_parser Number of element :3
01-01 00:00:17.433   319   319 I irsc_util: file_parser Number of element :3
01-01 00:00:17.433   319   319 I irsc_util: file_parser Number of element :3
01-01 00:00:17.433   319   319 I irsc_util: file_parser Number of element :3
01-01 00:00:17.433   319   319 I irsc_util: file_parser Number of element :3
01-01 00:00:17.433   319   319 I irsc_util: file_parser Number of element :3
01-01 00:00:17.434   319   319 I irsc_util: file_parser Number of element :3
01-01 00:00:17.434   319   319 I irsc_util: file_parser Number of element :3
01-01 00:00:17.434   319   319 I irsc_util: file_parser Number of element :3
01-01 00:00:17.434   319   319 I irsc_util: file_parser Number of element :3
01-01 00:00:17.434   319   319 I irsc_util: file_parser Number of element :3
01-01 00:00:17.434   319   319 I irsc_util: file_parser Number of element :3
01-01 00:00:17.434   319   319 I irsc_util: file_parser Number of element :3
01-01 00:00:17.434   319   319 I irsc_util: file_parser Number of element :3
01-01 00:00:17.434   319   319 I irsc_util: file_parser Number of element :3
01-01 00:00:17.434   319   319 I irsc_util: file_parser Number of element :3
01-01 00:00:17.434   319   319 I irsc_util: file_parser Number of element :3
01-01 00:00:17.434   319   319 I irsc_util: file_parser Number of element :3
01-01 00:00:17.434   319   319 I irsc_util: file_parser Number of element :3
01-01 00:00:17.434   319   319 I irsc_util: file_parser Number of element :3
01-01 00:00:17.434   319   319 I irsc_util: file_parser Number of element :3
01-01 00:00:17.434   319   319 I irsc_util: file_parser Number of element :3
01-01 00:00:17.434   319   319 I irsc_util: file_parser Number of element :3
01-01 00:00:17.434   319   319 I irsc_util: file_parser Number of element :3
01-01 00:00:17.434   319   319 I irsc_util: file_parser Number of element :3
01-01 00:00:17.434   319   319 I irsc_util: file_parser Number of element :3
01-01 00:00:17.434   319   319 I irsc_util: file_parser Number of element :3
01-01 00:00:17.434   319   319 I irsc_util: file_parser Number of element :3
01-01 00:00:17.434   319   319 I irsc_util: file_parser Number of element :3
01-01 00:00:17.434   319   319 I irsc_util: file_parser Number of element :3
01-01 00:00:17.434   319   319 I irsc_util: file_parser Number of element :3
01-01 00:00:17.434   319   319 I irsc_util: file_parser Number of element :3
01-01 00:00:17.434   319   319 I irsc_util: file_parser Number of element :3
01-01 00:00:17.434   319   319 I irsc_util: file_parser Number of element :3
01-01 00:00:17.434   319   319 I irsc_util: file_parser Number of element :3
01-01 00:00:17.434   319   319 I irsc_util: file_parser Number of element :3
01-01 00:00:17.434   319   319 I irsc_util: file_parser Number of element :3
01-01 00:00:17.434   319   319 I irsc_util: file_parser Number of element :3
01-01 00:00:17.434   319   319 I irsc_util: file_parser Number of element :3
01-01 00:00:17.434   319   319 I irsc_util: file_parser Number of element :3
01-01 00:00:17.434   319   319 I irsc_util: file_parser Number of element :3
01-01 00:00:17.434   319   319 I irsc_util: file_parser Number of element :3
01-01 00:00:17.434   319   319 I irsc_util: file_parser Number of element :3
01-01 00:00:17.434   319   319 I irsc_util: file_parser Number of element :3
01-01 00:00:17.434   319   319 I irsc_util: file_parser Number of element :3
01-01 00:00:17.434   319   319 I irsc_util: file_parser Number of element :3
01-01 00:00:17.434   319   319 I irsc_util: file_parser Number of element :3
01-01 00:00:17.434   319   319 I irsc_util: file_parser Number of element :3
01-01 00:00:17.434   319   319 I irsc_util: file_parser Number of element :3
01-01 00:00:17.434   319   319 I irsc_util: file_parser Number of element :3
01-01 00:00:17.434   319   319 I irsc_util: file_parser Number of element :3
01-01 00:00:17.434   319   319 I irsc_util: file_parser Number of element :3
01-01 00:00:17.434   319   319 I irsc_util: file_parser Number of element :3
01-01 00:00:17.434   319   319 I irsc_util: file_parser Number of element :3
01-01 00:00:17.434   319   319 I irsc_util: file_parser Number of element :3
01-01 00:00:17.434   319   319 I irsc_util: file_parser Number of element :3
01-01 00:00:17.434   319   319 I irsc_util: file_parser Number of element :3
01-01 00:00:17.434   319   319 I irsc_util: file_parser Number of element :3
01-01 00:00:17.434   319   319 I irsc_util: file_parser Number of element :3
01-01 00:00:17.434   319   319 I irsc_util: file_parser Number of element :3
01-01 00:00:17.434   319   319 I irsc_util: file_parser Number of element :3
01-01 00:00:17.434   319   319 I irsc_util: file_parser Number of element :3
01-01 00:00:17.434   319   319 I irsc_util: file_parser Number of element :3
01-01 00:00:17.434   319   319 I irsc_util: file_parser Number of element :3
01-01 00:00:17.434   319   319 I irsc_util: file_parser Number of element :3
01-01 00:00:17.434   319   319 I irsc_util: file_parser Number of element :3
01-01 00:00:17.434   319   319 I irsc_util: file_parser Number of element :3
01-01 00:00:17.434   319   319 I irsc_util: file_parser Number of element :3
01-01 00:00:17.434   319   319 I irsc_util: file_parser Number of element :3
01-01 00:00:17.434   319   319 I irsc_util: file_parser Number of element :3
01-01 00:00:17.434   319   319 I irsc_util: file_parser Number of element :3
01-01 00:00:17.434   319   319 I irsc_util: file_parser Number of element :3
01-01 00:00:17.434   319   319 I irsc_util: file_parser Number of element :3
01-01 00:00:17.434   319   319 I irsc_util: file_parser Number of element :3
01-01 00:00:17.434   319   319 I irsc_util: file_parser Number of element :3
01-01 00:00:17.434   319   319 I irsc_util: file_parser Number of element :3
01-01 00:00:17.434   319   319 I irsc_util: file_parser Number of element :3
01-01 00:00:17.434   319   319 I irsc_util: file_parser Number of element :3
01-01 00:00:17.434   319   319 I irsc_util: file_parser Number of element :3
01-01 00:00:17.434   319   319 I irsc_util: file_parser Number of element :3
01-01 00:00:17.434   319   319 I irsc_util: file_parser Number of element :3
01-01 00:00:17.434   319   319 I irsc_util: file_parser Number of element :3
01-01 00:00:17.434   319   319 I irsc_util: file_parser Number of element :3
01-01 00:00:17.434   319   319 I irsc_util: file_parser Number of element :3
01-01 00:00:17.434   319   319 I irsc_util: file_parser Number of element :3
01-01 00:00:17.434   319   319 I irsc_util: file_parser Number of element :3
01-01 00:00:17.434   319   319 I irsc_util: file_parser Number of element :3
01-01 00:00:17.434   319   319 I irsc_util: file_parser Number of element :3
01-01 00:00:17.435   319   319 I irsc_util: file_parser Number of element :3
01-01 00:00:17.435   319   319 I irsc_util: file_parser Number of element :3
01-01 00:00:17.435   319   319 I irsc_util: file_parser Number of element :3
01-01 00:00:17.435   319   319 I irsc_util: file_parser Number of element :3
01-01 00:00:17.435   319   319 I irsc_util: file_parser Number of element :3
01-01 00:00:17.435   319   319 I irsc_util: file_parser Number of element :3
01-01 00:00:17.435   319   319 I irsc_util: file_parser Number of element :3
01-01 00:00:17.435   319   319 I irsc_util: file_parser Number of element :3
01-01 00:00:17.435   319   319 I irsc_util: file_parser Number of element :3
01-01 00:00:17.435   319   319 I irsc_util: file_parser Number of element :3
01-01 00:00:17.435   319   319 I irsc_util: file_parser Number of element :3
01-01 00:00:17.435   319   319 I irsc_util: file_parser Number of element :3
01-01 00:00:17.435   319   319 I irsc_util: file_parser Number of element :3
01-01 00:00:17.435   319   319 I irsc_util: file_parser Number of element :3
01-01 00:00:17.435   319   319 I irsc_util: file_parser Number of element :3
01-01 00:00:17.435   319   319 I irsc_util: file_parser Number of element :3
01-01 00:00:17.435   319   319 I irsc_util: file_parser Number of element :3
01-01 00:00:17.435   319   319 I irsc_util: file_parser Number of element :3
01-01 00:00:17.435   319   319 I irsc_util: file_parser Number of element :3
01-01 00:00:17.435   319   319 I irsc_util: file_parser Number of element :3
01-01 00:00:17.435   319   319 I irsc_util: file_parser Number of element :3
01-01 00:00:17.435   319   319 I irsc_util: file_parser Number of element :3
01-01 00:00:17.435   319   319 I irsc_util: file_parser Number of element :3
01-01 00:00:17.435   319   319 I irsc_util: file_parser Number of element :3
01-01 00:00:17.435   319   319 I irsc_util: file_parser Number of element :3
01-01 00:00:17.435   319   319 I irsc_util: file_parser Number of element :3
01-01 00:00:17.435   319   319 I irsc_util: file_parser Number of element :3
01-01 00:00:17.435   319   319 I irsc_util: file_parser Number of element :3
01-01 00:00:17.435   319   319 I irsc_util: file_parser Number of element :3
01-01 00:00:17.435   319   319 I irsc_util: file_parser Number of element :3
01-01 00:00:17.435   319   319 I irsc_util: file_parser Number of element :3
01-01 00:00:17.435   319   319 I irsc_util: file_parser Number of element :3
01-01 00:00:17.435   319   319 I irsc_util: file_parser Number of element :3
01-01 00:00:17.435   319   319 I irsc_util: file_parser Number of element :3
01-01 00:00:17.435   319   319 I irsc_util: file_parser Number of element :3
01-01 00:00:17.435   319   319 I irsc_util: file_parser Number of element :3
01-01 00:00:17.435   319   319 I irsc_util: file_parser Number of element :3
01-01 00:00:17.435   319   319 I irsc_util: file_parser Number of element :3
01-01 00:00:17.435   319   319 I irsc_util: file_parser Number of element :3
01-01 00:00:17.435   319   319 I irsc_util: file_parser Number of element :3
01-01 00:00:17.435   319   319 I irsc_util: file_parser Number of element :3
01-01 00:00:17.435   319   319 I irsc_util: file_parser Number of element :3
01-01 00:00:17.435   319   319 I irsc_util: file_parser Number of element :3
01-01 00:00:17.435   319   319 I irsc_util: file_parser Number of element :3
01-01 00:00:17.435   319   319 I irsc_util: file_parser Number of element :3
01-01 00:00:17.435   319   319 I irsc_util: file_parser Number of element :3
01-01 00:00:17.435   319   319 I irsc_util: file_parser Number of element :3
01-01 00:00:17.435   319   319 I irsc_util: file_parser Number of element :3
01-01 00:00:17.435   319   319 I irsc_util: file_parser Number of element :3
01-01 00:00:17.435   319   319 I irsc_util: file_parser Number of element :3
01-01 00:00:17.435   319   319 I irsc_util: file_parser Number of element :3
01-01 00:00:17.435   319   319 I irsc_util: file_parser Number of element :3
01-01 00:00:17.435   319   319 I irsc_util: file_parser Number of element :3
01-01 00:00:17.435   319   319 I irsc_util: file_parser Number of element :3
01-01 00:00:17.435   319   319 I irsc_util: file_parser Number of element :3
01-01 00:00:17.435   319   319 I irsc_util: file_parser Number of element :3
01-01 00:00:17.435   356   356 V qca1530 : init 
01-01 00:00:17.437   319   319 I irsc_util: file_parser Number of element :3
01-01 00:00:17.438   319   319 I irsc_util: file_parser Number of element :3
01-01 00:00:17.438   319   319 I irsc_util: file_parser Number of element :3
01-01 00:00:17.438   319   319 I irsc_util: file_parser Number of element :3
01-01 00:00:17.438   319   319 I irsc_util: file_parser Number of element :3
01-01 00:00:17.438   319   319 I irsc_util: file_parser Number of element :3
01-01 00:00:17.438   319   319 I irsc_util: file_parser Number of element :3
01-01 00:00:17.439   342   342 I iperf3  : type=1400 audit(0.0:4): avc: denied { create } for scontext=u:r:init:s0 tcontext=u:r:init:s0 tclass=tcp_socket permissive=1
01-01 00:00:17.439   342   342 I iperf3  : type=1400 audit(0.0:5): avc: denied { setopt } for scontext=u:r:init:s0 tcontext=u:r:init:s0 tclass=tcp_socket permissive=1
01-01 00:00:17.439   342   342 I iperf3  : type=1400 audit(0.0:6): avc: denied { bind } for scontext=u:r:init:s0 tcontext=u:r:init:s0 tclass=tcp_socket permissive=1
01-01 00:00:17.439   342   342 I iperf3  : type=1400 audit(0.0:7): avc: denied { name_bind } for src=5201 scontext=u:r:init:s0 tcontext=u:object_r:port:s0 tclass=tcp_socket permissive=1
