01-01 00:00:53.159  5277  5277 I Thread-116: type=1400 audit(0.0:33): avc: denied { create } for name="alarm_svc" scontext=u:r:system_server:s0 tcontext=u:object_r:location_data_file:s0 tclass=sock_file permissive=1
01-01 00:00:53.159  5277  5277 I Thread-116: type=1400 audit(0.0:34): avc: denied { setattr } for name="alarm_svc" dev="mmcblk0p25" ino=634026 scontext=u:r:system_server:s0 tcontext=u:object_r:location_data_file:s0 tclass=sock_file permissive=1
01-01 00:00:53.169  1324  5277 D OSAL    : socket_server_setup:87] succeeded. Return Val 266
01-01 00:00:53.169  1324  5277 D OSAL    : alarm_service_register: result of socket_server_setup was 266!
01-01 00:00:53.169  1324  5277 D         : jboolean locAlarmSvc::native_register(JNIEnv*, jobject)]67 alarm_register succeeded
01-01 00:00:53.169  1324  5277 D         : jint locAlarmSvc::native_wait_for_alarm()]42
01-01 00:00:53.169  5141  5279 E MmsService: MmsConfigManager.load -- empty getActiveSubInfoList
01-01 00:00:53.180  2019  2047 I art     : Background partial concurrent mark sweep GC freed 1596(114KB) AllocSpace objects, 0(0B) LOS objects, 40% free, 13MB/21MB, paused 6.420ms total 71.380ms
01-01 00:00:53.379  1324  1336 I art     : Background sticky concurrent mark sweep GC freed 36341(3MB) AllocSpace objects, 15(254KB) LOS objects, 22% free, 6MB/8MB, paused 1.952ms total 330.594ms
01-01 00:00:53.489  1324  1424 I ActivityManager: Start proc com.android.printspooler for service com.android.printspooler/.model.PrintSpoolerService: pid=5282 uid=10047 gids={50047, 9997} abi=armeabi-v7a
01-01 00:00:53.577  5282  5282 I PrintSpoolerService: No existing print spooler state.
01-01 00:00:53.607  1324  1324 D Ulp_jni : JNI:stop
01-01 00:00:53.608  1324  5257 E LocSvc_libulp: I/===> int ulp_msg_process_stop_req() line 546 
01-01 00:00:53.608  1324  5257 E LocSvc_libulp: I/int ulp_msg_process_stop_req(), at ulp state = 0
01-01 00:00:53.729  5176  5176 D Launcher: Broadcasting Home Idle Screen Intent ...
01-01 00:00:53.753  5176  5325 D OpenGLRenderer: Render dirty regions requested: true
01-01 00:00:53.756  5176  5176 D Atlas   : Validating map...
01-01 00:00:53.826  5176  5325 I Adreno  : EGLInit: QTI Build: 01/16/15, 25d4fe7, 
01-01 00:00:53.850  5176  5325 I OpenGLRenderer: Initialized EGL, version 1.4
01-01 00:00:53.875  5176  5325 D OpenGLRenderer: Enabling debug mode 0
01-01 00:00:53.927  5111  5244 W QCNEJ   : |CORE| No family connected
01-01 00:00:53.945  5111  5244 E QCNEJ   : |CORE| Feature WQE is not enabled
01-01 00:00:54.249  5176  5325 V RenderScript: Application requested CPU execution
01-01 00:00:54.262  5176  5325 V RenderScript: 0xa1676600 Launching thread(s), CPUs 4
01-01 00:00:54.341  1324  2507 W InputMethodManagerService: Focus gain on non-focused client com.android.internal.view.IInputMethodClient$Stub$Proxy@2a0fb352 (uid=10008 pid=5176)
01-01 00:00:54.355  1324  1488 I ActivityManager: Displayed com.android.launcher/com.android.launcher2.Launcher: +1s880ms
01-01 00:00:54.355  1324  1488 I Timeline: Timeline: Activity_windows_visible id: ActivityRecord{320e4f6c u0 com.android.launcher/com.android.launcher2.Launcher t7} time:51097
01-01 00:00:54.488  5176  5220 I art     : Background partial concurrent mark sweep GC freed 176(10KB) AllocSpace objects, 0(0B) LOS objects, 39% free, 17MB/29MB, paused 5.227ms total 10.492ms
01-01 00:00:54.623  2019  2019 V KeyguardTouchDelegate: Connected to keyguard
01-01 00:00:54.691  5176  5176 I Timeline: Timeline: Activity_idle id: android.os.BinderProxy@2317924f time:51433
01-01 00:00:54.768  1324  1426 I art     : WaitForGcToComplete blocked for 17.271ms for cause Explicit
01-01 00:00:54.801  1324  1426 I art     : Explicit concurrent mark sweep GC freed 1503(56KB) AllocSpace objects, 0(0B) LOS objects, 33% free, 7MB/10MB, paused 1.013ms total 32.338ms
01-01 00:00:55.204  5176  5325 W OpenGLRenderer: Incorrectly called buildLayer on View: ShortcutAndWidgetContainer, destroying layer...
01-01 00:00:55.337  1324  1426 E ActivityManager: ANR in system
01-01 00:00:55.337  1324  1426 E ActivityManager: PID: 1324
01-01 00:00:55.337  1324  1426 E ActivityManager: Reason: Executing service android/com.android.internal.backup.LocalTransportService
01-01 00:00:55.337  1324  1426 E ActivityManager: Load: 7.49 / 2.05 / 0.7
01-01 00:00:55.337  1324  1426 E ActivityManager: CPU usage from 11360ms to 0ms ago:
01-01 00:00:55.337  1324  1426 E ActivityManager:   1.9% 247/surfaceflinger: 0.8% user + 1% kernel / faults: 30 minor
01-01 00:00:55.337  1324  1426 E ActivityManager:   1.5% 2019/com.android.systemui: 0.8% user + 0.7% kernel / faults: 4101 minor 1 major
01-01 00:00:55.337  1324  1426 E ActivityManager:   1.3% 1324/system_server: 1% user + 0.2% kernel / faults: 1147 minor 3 major
01-01 00:00:55.337  1324  1426 E ActivityManager:   1.1% 490/kworker/0:3: 0% user + 1.1% kernel
01-01 00:00:55.337  1324  1426 E ActivityManager:   0.9% 529/mdss_fb0: 0% user + 0.9% kernel
01-01 00:00:55.337  1324  1426 E ActivityManager:   0.7% 659/bootanimation: 0.3% user + 0.3% kernel / faults: 57 minor
01-01 00:00:55.337  1324  1426 E ActivityManager:   0.4% 239/kworker/u8:4: 0% user + 0.4% kernel
01-01 00:00:55.337  1324  1426 E ActivityManager:   0.4% 508/sh: 0% user + 0.3% kernel / faults: 1840 minor
01-01 00:00:55.337  1324  1426 E ActivityManager:   0.3% 202/kworker/u8:3: 0% user + 0.3% kernel
01-01 00:00:55.337  1324  1426 E ActivityManager:   0.2% 1//init: 0% user + 0.2% kernel / faults: 80 minor
01-01 00:00:55.337  1324  1426 E ActivityManager:   0.2% 307/mediaserver: 0% user + 0.2% kernel / faults: 992 minor
01-01 00:00:55.337  1324  1426 E ActivityManager:   0.1% 3/ksoftirqd/0: 0% user + 0.1% kernel
01-01 00:00:55.337  1324  1426 E ActivityManager:   0.1% 34/kworker/u9:0: 0% user + 0.1% kernel
01-01 00:00:55.337  1324  1426 E ActivityManager:   0.1% 173/mmcqd/0: 0% user + 0.1% kernel
01-01 00:00:55.337  1324  1426 E ActivityManager:   0.1% 2481/android.process.acore: 0% user + 0.1% kernel / faults: 611 minor
01-01 00:00:55.337  1324  1426 E ActivityManager:   0% 8/rcu_preempt: 0% user + 0% kernel
01-01 00:00:55.337  1324  1426 E ActivityManager:   0% 31/kworker/0:1: 0% user + 0% kernel
01-01 00:00:55.337  1324  1426 E ActivityManager:   0% 47/system: 0% user + 0% kernel
01-01 00:00:55.337  1324  1426 E ActivityManager:   0% 242/logd: 0% user + 0% kernel / faults: 7 minor
01-01 00:00:55.337  1324  1426 E ActivityManager:   0% 303/netd: 0% user + 0% kernel / faults: 173 minor
01-01 00:00:55.337  1324  1426 E ActivityManager:   0% 393/sdcard: 0% user + 0% kernel
01-01 00:00:55.337  1324  1426 E ActivityManager:   0% 427/mm-qcamera-daemon: 0% user + 0% kernel / faults: 83 minor
01-01 00:00:55.337  1324  1426 E ActivityManager:   0% 1167/nmbd: 0% user + 0% kernel / faults: 14 minor
01-01 00:00:55.337  1324  1426 E ActivityManager:   0% 2344/grep: 0% user + 0% kernel
01-01 00:00:55.337  1324  1426 E ActivityManager:   0% 2686/com.android.externalstorage: 0% user + 0% kernel / faults: 521 minor
01-01 00:00:55.337  1324  1426 E ActivityManager:   0% 2726/com.sentera.updater: 0% user + 0% kernel / faults: 1024 minor
01-01 00:00:55.337  1324  1426 E ActivityManager:  +0% 4654/sh: 0% user + 0% kernel
01-01 00:00:55.337  1324  1426 E ActivityManager:  +0% 4780/sleep: 0% user + 0% kernel
01-01 00:00:55.337  1324  1426 E ActivityManager:  +0% 5014/smbd: 0% user + 0% kernel
01-01 00:00:55.337  1324  1426 E ActivityManager: 31% TOTAL: 5.8% user + 22% kernel + 3% iowait + 0% softirq
01-01 00:00:55.337  1324  1426 E ActivityManager: CPU usage from 3447ms to 3965ms later:
01-01 00:00:55.337  1324  1426 E ActivityManager:   11% 5176/com.android.launcher: 6.6% user + 5% kernel / faults: 2144 minor 2 major
01-01 00:00:55.337  1324  1426 E ActivityManager:     8.3% 5270/launcher-loader: 6.6% user + 1.6% kernel
01-01 00:00:55.337  1324  1426 E ActivityManager:     1.6% 5325/RenderThread: 0% user + 1.6% kernel
01-01 00:00:55.337  1324  1426 E ActivityManager:   5.7% 1324/system_server: 5.7% user + 0% kernel / faults: 10 minor
01-01 00:00:55.337  1324  1426 E ActivityManager:     1.9% 1356/Binder_1: 1.9% user + 0% kernel
01-01 00:00:55.337  1324  1426 E ActivityManager:     1.9% 1357/Binder_2: 0% user + 1.9% kernel
01-01 00:00:55.337  1324  1426 E ActivityManager:     1.9% 1426/ActivityManager: 0% user + 1.9% kernel
01-01 00:00:55.337  1324  1426 E ActivityManager:     1.9% 2059/Binder_3: 1.9% user + 0% kernel
01-01 00:00:55.337  1324  1426 E ActivityManager:   2.5% 247/surfaceflinger: 1.2% user + 1.2% kernel / faults: 1 minor
01-01 00:00:55.337  1324  1426 E ActivityManager:     1.2% 247/surfaceflinger: 0% user + 1.2% kernel
01-01 00:00:55.337  1324  1426 E ActivityManager:   1.4% 659/bootanimation: 0% user + 1.4% kernel / faults: 3 minor
01-01 00:00:55.337  1324  1426 E ActivityManager:  +0% 5493/sleep: 0% user + 0% kernel
01-01 00:00:55.337  1324  1426 E ActivityManager: 48% TOTAL: 12% user + 34% kernel + 2% iowait
01-01 00:00:55.362  1324  1486 D BluetoothManagerService: Message: 300
01-01 00:00:55.362  1324  1486 D BluetoothManagerService: MESSAGE_USER_SWITCHED
01-01 00:00:55.366  2019  2019 V StatusBar: userId 0 is in the house
01-01 00:00:55.379   247  1505 D PermissionCache: checking android.permission.HARDWARE_TEST for uid=1000 => granted (109 us)
01-01 00:00:55.381   307  1760 D audio_hw_primary: adev_set_mic_mute state 0
01-01 00:00:55.396  1324  5494 E ActivityManager: Error reading /data/anr/traces.txt
01-01 00:00:55.396  1324  5494 E ActivityManager: java.io.FileNotFoundException: /data/anr/traces.txt: open failed: ENOENT (No such file or directory)
01-01 00:00:55.396  1324  5494 E ActivityManager: 	at libcore.io.IoBridge.open(IoBridge.java:456)
01-01 00:00:55.396  1324  5494 E ActivityManager: 	at java.io.FileInputStream.<init>(FileInputStream.java:76)
01-01 00:00:55.396  1324  5494 E ActivityManager: 	at android.os.FileUtils.readTextFile(FileUtils.java:228)
01-01 00:00:55.396  1324  5494 E ActivityManager: 	at com.android.server.am.ActivityManagerService$20.run(ActivityManagerService.java:12010)
01-01 00:00:55.396  1324  5494 E ActivityManager: Caused by: android.system.ErrnoException: open failed: ENOENT (No such file or directory)
01-01 00:00:55.396  1324  5494 E ActivityManager: 	at libcore.io.Posix.open(Native Method)
01-01 00:00:55.396  1324  5494 E ActivityManager: 	at libcore.io.BlockGuardOs.open(BlockGuardOs.java:186)
01-01 00:00:55.396  1324  5494 E ActivityManager: 	at libcore.io.IoBridge.open(IoBridge.java:442)
01-01 00:00:55.396  1324  5494 E ActivityManager: 	... 3 more
01-01 00:00:55.409  1324  1426 V KeyguardServiceDelegate: *** Keyguard started
01-01 00:00:55.410  1324  1426 W KeyguardServiceDelegate: onScreenTurnedOn(): no keyguard service!
01-01 00:00:55.425  1324  1324 E NlpProxy: No NLPs exist to bind to!
01-01 00:00:55.425  1324  1324 V UlpService: +startAdditionalServices
01-01 00:00:55.428  1324  1324 V UlpService: -startAdditionalServices
01-01 00:00:55.430  1324  1324 V KeyguardServiceDelegate: *** Keyguard connected (yay!)
01-01 00:00:55.433  2019  2019 D PhoneStatusBar: disable: < expand icons alerts system_info back HOME* RECENT* clock SEARCH* >
01-01 00:00:55.434  2019  2053 W Settings: Setting airplane_mode_on has moved from android.provider.Settings.System to android.provider.Settings.Global, returning read-only value.
01-01 00:00:55.438   246   291 D VoldCmdListener: cryptfs getpw
01-01 00:00:55.439   246   291 D VoldCmdListener: cryptfs clearpw
01-01 00:00:55.450  1324  1637 V Sensors : HAL:input data has partial packet
01-01 00:00:55.450  1324  1637 V Sensors : HAL:input data mLeftOverBufferSize=8
01-01 00:00:55.450  1324  1637 V Sensors : HAL:input catch up retrieve rdata=:16, 0, 0, 0, 2, 0, 249, 196
01-01 00:00:55.453  2019  2019 D PhoneStatusBar: disable: < expand ICONS* alerts SYSTEM_INFO* back HOME RECENT clock SEARCH >
01-01 00:00:55.459  1324  1324 E LAlarm  : Service started flags 0 startId 2
01-01 00:00:55.460  1324  1324 D Ulp_jni : JNI:stop
01-01 00:00:55.461  1324  5257 E LocSvc_libulp: I/===> int ulp_msg_process_stop_req() line 546 
01-01 00:00:55.461  1324  5257 E LocSvc_libulp: I/int ulp_msg_process_stop_req(), at ulp state = 0
01-01 00:00:55.462  2019  3744 D BluetoothAdapter: 849676401: getState() :  mService = null. Returning STATE_OFF
01-01 00:00:55.462  2019  3744 D BluetoothAdapter: 849676401: getState() :  mService = null. Returning STATE_OFF
01-01 00:00:55.467  2019  3744 D BluetoothAdapter: 849676401: getState() :  mService = null. Returning STATE_OFF
01-01 00:00:55.467  2019  3744 D BluetoothAdapter: 849676401: getState() :  mService = null. Returning STATE_OFF
01-01 00:00:55.479  2019  2019 W Settings: Setting airplane_mode_on has moved from android.provider.Settings.System to android.provider.Settings.Global, returning read-only value.
01-01 00:00:55.494   247   274 I SurfaceFlinger: Boot is finished (39219 ms)
01-01 00:00:55.519  1324  1426 I ActivityManager: Start proc com.android.deskclock for broadcast com.android.deskclock/com.android.alarmclock.AnalogAppWidgetProvider: pid=5512 uid=10027 gids={50027, 9997, 1028} abi=armeabi-v7a
01-01 00:00:55.520  2019  2019 D PhoneStatusBar: disable: < expand ICONS alerts SYSTEM_INFO back HOME RECENT clock SEARCH >
01-01 00:00:55.539  1324  1637 E Sensors : HAL:input invalid data_format 0x00
01-01 00:00:55.640  1324  1324 D Ulp_jni : JNI:stop
01-01 00:00:55.640  1324  5257 E LocSvc_libulp: I/===> int ulp_msg_process_stop_req() line 546 
01-01 00:00:55.640  1324  5257 E LocSvc_libulp: I/int ulp_msg_process_stop_req(), at ulp state = 0
01-01 00:00:55.748  1324  2498 V KeyguardServiceDelegate: **** SHOWN CALLED ****
01-01 00:00:55.803  1324  1488 I SystemServiceManager: Starting phase 1000
01-01 00:00:55.865  5557  5557 E wifi_ap.sh: WIFI_AP: Toggling! 
01-01 00:00:55.894  1324  1324 V ActivityManager: Display changed displayId=0
01-01 00:00:55.980  5580  5580 E wifi_ap.sh: WIFI_AP: Enabling! 
01-01 00:00:56.036  5588  5588 E wifi_ap.sh: WIFI_AP: Starting AP with ssid: Sentera_21020-02_0066 password: 00660066 and channel: 9 on ip: 192.168.43.1 (root: 192.168.43) 
01-01 00:00:56.088  1324  1356 I ActivityManager: Start proc com.android.music for broadcast com.android.music/.MediaButtonIntentReceiver: pid=5640 uid=10039 gids={50039, 9997, 3003, 1028, 1015, 3002} abi=armeabi-v7a
01-01 00:00:56.181  1324  5692 I ActivityManager: Start proc com.android.keychain for service com.android.keychain/.KeyChainService: pid=5710 uid=1000 gids={41000, 9997, 3002, 3001, 1028, 1015, 3003, 3005, 1021, 3004, 1000, 3009, 1023, 1010, 2001, 1007} abi=armeabi-v7a
01-01 00:00:56.202  1324  5741 I RecoverySystem: No recovery log file
01-01 00:00:56.204  5512  5512 V AlarmClock: AlarmInitReceiver android.intent.action.BOOT_COMPLETED
01-01 00:00:56.228  1324  5741 I BootReceiver: Copying audit failures to DropBox
01-01 00:00:56.228  1324  5741 I BootReceiver: Checking for fsck errors
01-01 00:00:56.239  5640  5640 E MediaPlayer-JNI: QCMediaPlayer mediaplayer NOT present
01-01 00:00:56.242  5512  5776 V AlarmClock: AlarmInitReceiver - Reset timers and clear stopwatch data
01-01 00:00:56.243  5640  5640 D RemoteControlClient: setBrowsedPlayerUpdateListener
01-01 00:00:56.243  5640  5640 D RemoteControlClient: setPlayItemListener
01-01 00:00:56.243  5640  5640 D RemoteControlClient: setNowPlayingEntriesUpdateListener
01-01 00:00:56.244  5640  5640 E RemoteControlClient: updateNowPlayingContentChange
01-01 00:00:56.246  5640  5640 D RemoteControlClient: updateNowPlayingContentChangeInt
01-01 00:00:56.246  5640  5640 D MediaSession: MediaSession: updateNowPlayingContentChange
01-01 00:00:56.246  1324  2507 D MediaSessionRecord: SessionStub: updateNowPlayingContentChange
01-01 00:00:56.271  5512  5776 V AlarmClock: AlarmInitReceiver finished
01-01 00:00:56.292  1324  1356 I ActivityManager: Start proc com.android.dialer for broadcast com.android.dialer/.calllog.CallLogReceiver: pid=5835 uid=10005 gids={50005, 9997, 3003, 1028, 1015} abi=armeabi-v7a
01-01 00:00:56.301   329   329 I art     : Explicit concurrent mark sweep GC freed 703(30KB) AllocSpace objects, 0(0B) LOS objects, 89% free, 114KB/1138KB, paused 151us total 8.401ms
01-01 00:00:56.308   329   329 I art     : Explicit concurrent mark sweep GC freed 8(256B) AllocSpace objects, 0(0B) LOS objects, 89% free, 114KB/1138KB, paused 101us total 5.828ms
01-01 00:00:56.316   329   329 I art     : Explicit concurrent mark sweep GC freed 5(160B) AllocSpace objects, 0(0B) LOS objects, 89% free, 114KB/1138KB, paused 104us total 6.874ms
01-01 00:00:56.380  5835  5835 D ExtensionsFactory: No custom extensions.
01-01 00:00:56.369   508   508 I sh      : type=1400 audit(0.0:35): avc: denied { append } for name="performance_log.csv" dev="fuse" ino=3062915328 scontext=u:r:init:s0 tcontext=u:object_r:fuse:s0 tclass=file permissive=1
01-01 00:00:56.369   508   508 I sh      : type=1400 audit(0.0:36): avc: denied { open } for path="/storage/sdcard1/info/logs/performance_log.csv" dev="fuse" ino=3062915328 scontext=u:r:init:s0 tcontext=u:object_r:fuse:s0 tclass=file permissive=1
01-01 00:00:56.388  5141  5141 V PhoneApp: onCreate()...
01-01 00:00:56.527  1324  1800 D ConnectivityService: Got NetworkFactory Messenger for Telephony
01-01 00:00:56.538  5141  5141 D TelephonyProvider: dbh.onOpen: ok, queried table=siminfo
01-01 00:00:56.538  5141  5141 D TelephonyProvider: dbh.onOpen: ok, queried table=carriers
01-01 00:00:56.584  1324  2507 I ActivityManager: Start proc com.android.smspush for service com.android.smspush/.WapPushManager: pid=6030 uid=10054 gids={50054, 9997} abi=armeabi-v7a
01-01 00:00:56.603  1324  1424 D GpsLocationProvider: received SIM realted action: android.intent.action.SIM_STATE_CHANGED
01-01 00:00:56.604  2019  2019 D StatusBar.NetworkController: updateSimState, sim state is: NOT_READY
01-01 00:00:56.605  2019  2019 D StatusBar.NetworkController: updateSimState: mSimState=UNKNOWN
01-01 00:00:56.605  2019  2019 D StatusBar.NetworkController: In updateSimIcon simState= UNKNOWN
01-01 00:00:56.605  2019  2019 D StatusBar.NetworkController: refreshViews: Data not connected!! Set no data type icon / Roaming
01-01 00:00:56.605  2019  2019 D StatusBar.NetworkController: refreshViews connected={ } level=?? combinedSignalIconId=0x0/(null) combinedActivityIconId=0x0 mobileLabel= wifiLabel=No Internet connection emergencyOnly=false combinedLabel=No Internet connection mAirplaneMode=false mDataActivity=0 mPhoneSignalIconId=0x0/(null) mQSPhoneSignalIconId=0x0/(null) mDataDirectionIconId=0x0/(null) mDataSignalIconId=0x0/(null) mDataTypeIconId=0x0/(null) mQSDataTypeIconId=0x0/(null) mNoSimIconId=0x0/(null) mWifiIconId=0x0/(null) mQSWifiIconId=0x0/(null) mWifiActivityIconId=0x0/(null) mBluetoothTetherIconId=0x1080699/android:drawable/stat_sys_tether_bluetooth
01-01 00:00:56.606  2019  2019 D StatusBar.NetworkController: refreshSignalCluster - setMobileDataIndicators:  mHasMobileDataFeature = false mPhoneSignalIconId = (null) mDataSignalIconId = (null) mMobileActivityIconId = (null) mDataTypeIconId = (null) mNoSimIconId = (null)
01-01 00:00:56.606  2019  2019 D StatusBar.NetworkController: refreshSignalCluster - setMobileDataIndicators:  mHasMobileDataFeature = false mPhoneSignalIconId = (null) mDataSignalIconId = (null) mMobileActivityIconId = (null) mDataTypeIconId = (null) mNoSimIconId = (null)
01-01 00:00:56.606  2019  2019 D StatusBar.NetworkController: refreshSignalCluster - setMobileDataIndicators:  mHasMobileDataFeature = false mPhoneSignalIconId = (null) mDataSignalIconId = (null) mMobileActivityIconId = (null) mDataTypeIconId = (null) mNoSimIconId = (null)
01-01 00:00:56.606  2019  2019 D StatusBar.NetworkController: changing data overlay icon id to 0
01-01 00:00:56.606  1324  1424 D GpsLocationProvider: SIM MCC/MNC is still not available
01-01 00:00:56.606  2019  2019 D StatusBar.NetworkController: updateDataIcon, mDataDirectionIconId = (null) mDataConnected = false
01-01 00:00:56.606  2019  2019 D StatusBar.NetworkController: refreshViews: Data not connected!! Set no data type icon / Roaming
01-01 00:00:56.607  2019  2019 D StatusBar.NetworkController: refreshViews connected={ } level=?? combinedSignalIconId=0x0/(null) combinedActivityIconId=0x0 mobileLabel= wifiLabel=No Internet connection emergencyOnly=false combinedLabel=No Internet connection mAirplaneMode=false mDataActivity=0 mPhoneSignalIconId=0x0/(null) mQSPhoneSignalIconId=0x0/(null) mDataDirectionIconId=0x0/(null) mDataSignalIconId=0x0/(null) mDataTypeIconId=0x0/(null) mQSDataTypeIconId=0x0/(null) mNoSimIconId=0x0/(null) mWifiIconId=0x0/(null) mQSWifiIconId=0x0/(null) mWifiActivityIconId=0x0/(null) mBluetoothTetherIconId=0x1080699/android:drawable/stat_sys_tether_bluetooth
01-01 00:00:56.607  2019  2019 D PhoneStatusBarPolicy: updateSimState for subId :-1
01-01 00:00:56.607  2019  2019 D PhoneStatusBarPolicy: updateSimState for phoneId :0
01-01 00:00:56.608  2019  2019 D PhoneStatusBarPolicy: updateSimState for Slot :-1
01-01 00:00:56.610  5141  5141 D DcSwitchState: [DcSwitchState-0] DcSwitchState constructor E
01-01 00:00:56.611  5141  5141 D DcSwitchState: [DcSwitchState-0] DcSwitchState constructor X
01-01 00:00:56.640  5141  5141 D PhoneApp: startImsService
01-01 00:00:56.650  5141  5141 D PhoneApp: onCreate: mUpdateLock: android.os.UpdateLock@3622b2fd
01-01 00:00:56.651  5141  5141 D CallController: CallController constructor: app = com.android.phone.PhoneGlobals@bfd7bf2
01-01 00:00:56.651  5141  5141 D CallerInfoCache: init()
01-01 00:00:56.651  5141  5141 D CallerInfoCache: startAsyncCache
01-01 00:00:56.655  5141  6056 D CallerInfoCache: Start refreshing cache.
01-01 00:00:56.658  5141  5141 D PhoneInterfaceManager: [PhoneIntfMgr] publish: com.android.phone.PhoneInterfaceManager@e8780c0
01-01 00:00:56.665  5141  5141 D CallStateMonitor: Adding Handler: Handler (com.android.phone.CallNotifier) {663653e}
01-01 00:00:56.668  1324  1486 D BluetoothManagerService: Message: 20
01-01 00:00:56.668  1324  1486 D BluetoothManagerService: Added callback: android.bluetooth.IBluetoothManagerCallback$Stub$Proxy@7e110d2:true
01-01 00:00:56.670  1324  1486 D BluetoothManagerService: Message: 30
01-01 00:00:56.671  5141  6056 D CallerInfoCache: Caching entries are done. Total: 0
01-01 00:00:56.674  5141  5141 V PhoneApp: register for ICC status
01-01 00:00:56.689  5141  5141 I Telephony: TtyManager: updateUiTtyMode -1 -> 0
01-01 00:00:56.700  1324  1800 D ConnectivityService: Got NetworkFactory Messenger for WIFI
01-01 00:00:56.701  1324  1778 D WIFI    : got request NetworkRequest [ id=1, legacyType=-1, [ Capabilities: INTERNET&NOT_RESTRICTED&TRUSTED&NOT_VPN] ] with score 0
01-01 00:00:56.736  1324  1356 I ActivityManager: Start proc com.android.providers.calendar for broadcast com.android.providers.calendar/.CalendarReceiver: pid=6066 uid=10001 gids={50001, 9997, 3003, 1028, 1015} abi=armeabi-v7a
01-01 00:00:56.756  2019  2019 D CarrierLabel: updateNetworkName showSpn=false spn= showPlmn=true plmn=No service.
01-01 00:00:56.756  2019  2019 D StatusBar.NetworkController: refreshViews: Data not connected!! Set no data type icon / Roaming
01-01 00:00:56.756  2019  2019 D StatusBar.NetworkController: refreshViews connected={ } level=?? combinedSignalIconId=0x0/(null) combinedActivityIconId=0x0 mobileLabel= wifiLabel=No Internet connection emergencyOnly=false combinedLabel=No Internet connection mAirplaneMode=false mDataActivity=0 mPhoneSignalIconId=0x0/(null) mQSPhoneSignalIconId=0x0/(null) mDataDirectionIconId=0x0/(null) mDataSignalIconId=0x0/(null) mDataTypeIconId=0x0/(null) mQSDataTypeIconId=0x0/(null) mNoSimIconId=0x0/(null) mWifiIconId=0x0/(null) mQSWifiIconId=0x0/(null) mWifiActivityIconId=0x0/(null) mBluetoothTetherIconId=0x1080699/android:drawable/stat_sys_tether_bluetooth
01-01 00:00:56.756  2019  2019 D StatusBar.NetworkController: onServiceStateChanged voiceState=1 dataState=1
01-01 00:00:56.757  2019  2019 D StatusBar.NetworkController: Combining data service state 1 for signal
01-01 00:00:56.757  2019  2019 D StatusBar.NetworkController: updateIconSet, voice network type is: 0/UNKNOWN, data network type is: 0/UNKNOWN
01-01 00:00:56.757  2019  2019 D StatusBar.NetworkController:  chosenNetworkType=0 hspaDataDistinguishable=false hspapDistinguishable=false showAtLeastThreeGees=false
01-01 00:00:56.757  2019  2019 D TelephonyIcons: updateDataType sub=0, type=0, inetCondition=0 showAtLeast3G=false show4GforLte=true hspaDistinguishable=false
01-01 00:00:56.758  2019  2019 D TelephonyIcons: data type item name: array/telephony_data_type_sim1
01-01 00:00:56.758  2019  2019 D TelephonyIcons: data type item id: 2131099652
01-01 00:00:56.758  2019  2019 D TelephonyIcons: updateDataType mSelectedDataTypeIcon[0]=0, mSelectedDataActivityIndex=0
01-01 00:00:56.758  2019  2019 D StatusBar.NetworkController: hasService: mServiceState=1 1 home null null null  Unknown Unknown CSS not supported -1 -1 RoamInd=-1 DefRoamInd=-1 EmergOnly=false retVal=false
01-01 00:00:56.758  2019  2019 D StatusBar.NetworkController: updateTelephonySignalStrength: hasService=false ss=null
01-01 00:00:56.758  2019  2019 D StatusBar.NetworkController: hasService: mServiceState=1 1 home null null null  Unknown Unknown CSS not supported -1 -1 RoamInd=-1 DefRoamInd=-1 EmergOnly=false retVal=false
01-01 00:00:56.758  2019  2019 D TelephonyIcons: null signal icon name: drawable/stat_sys_signal_null
01-01 00:00:56.759  2019  2019 D StatusBar.NetworkController: updateTelephonySignalStrength, No signal level. mPhoneSignalIconId = com.android.systemui:drawable/stat_sys_signal_null mDataSignalIconId = com.android.systemui:drawable/stat_sys_signal_null mQSPhoneSignalIconId = com.android.systemui:drawable/ic_qs_signal_no_signal mContentDescriptionPhoneSignal = No phone.
01-01 00:00:56.761  1324  1486 D Tethering: sendTetherStateChangedBroadcast 1, 0, 0
01-01 00:00:56.767  2019  2019 D StatusBar.NetworkController: updateDataNetType, mDataTypeIconId = (null) mQSDataTypeIconId = (null) mContentDescriptionDataType = 0
01-01 00:00:56.767  2019  2019 D StatusBar.NetworkController: updateDataIcon, mDataDirectionIconId = (null) mDataConnected = false
01-01 00:00:56.767  2019  2019 D CarrierLabel: updateNetworkName showSpn=false spn= showPlmn=true plmn=No service.
01-01 00:00:56.767  2019  2019 D StatusBar.NetworkController: refreshViews: Data not connected!! Set no data type icon / Roaming
01-01 00:00:56.767  2019  2019 D StatusBar.NetworkController: refreshViews connected={ } level=?? combinedSignalIconId=0x0/(null) combinedActivityIconId=0x0 mobileLabel= wifiLabel=No Internet connection emergencyOnly=false combinedLabel=No Internet connection mAirplaneMode=false mDataActivity=0 mPhoneSignalIconId=0x0/(null) mQSPhoneSignalIconId=0x0/(null) mDataDirectionIconId=0x0/(null) mDataSignalIconId=0x0/(null) mDataTypeIconId=0x0/(null) mQSDataTypeIconId=0x0/(null) mNoSimIconId=0x0/(null) mWifiIconId=0x0/(null) mQSWifiIconId=0x0/(null) mWifiActivityIconId=0x0/(null) mBluetoothTetherIconId=0x1080699/android:drawable/stat_sys_tether_bluetooth
01-01 00:00:56.767  2019  2019 D KeyguardUpdateMonitor: ACTION_SERVICE_STATE_CHANGED on sub: -1 showSpn:false showPlmn:true mServiceState: 1 1 home null null null  Unknown Unknown CSS not supported -1 -1 RoamInd=-1 DefRoamInd=-1 EmergOnly=false
01-01 00:00:56.768  5141  5141 D PhoneApp: getPhone phoneId:-1000
01-01 00:00:56.773  1324  1486 D Tethering: InitialState.processMessage what=4
01-01 00:00:56.775  1324  1486 D Tethering: sendTetherStateChangedBroadcast 0, 0, 0
01-01 00:00:56.779  5141  5141 D PhoneApp: getPhone phoneId:-1000
01-01 00:00:56.785  5141  5141 D PhoneApp: getPhone phoneId:-1000
01-01 00:00:56.788  5141  5141 D PhoneApp: getPhone phoneId:-1000
01-01 00:00:56.791  5141  5141 D PhoneApp: getPhone phoneId:-1000
01-01 00:00:56.791  6066  6066 W ResourcesManager: Asset path '/system/framework/android.test.runner.jar' does not exist or contains no resources.
01-01 00:00:56.793  5141  5141 D PhoneApp: getPhone phoneId:-1000
01-01 00:00:56.795  5141  5141 D PhoneApp: getPhone phoneId:-1000
01-01 00:00:56.798  5141  5141 D PhoneApp: getPhone phoneId:-1000
01-01 00:00:56.801  5141  5141 D PhoneApp: getPhone phoneId:-1000
01-01 00:00:56.804  5141  5141 D PhoneApp: getPhone phoneId:-1000
01-01 00:00:56.806  5141  5141 D PhoneApp: getPhone phoneId:-1000
01-01 00:00:56.809  5141  5141 D PhoneApp: getPhone phoneId:-1000
01-01 00:00:56.811  5141  5141 D PhoneApp: getPhone phoneId:-1000
01-01 00:00:56.813  5141  5141 D PhoneApp: getPhone phoneId:-1000
01-01 00:00:56.815  5141  5141 D PhoneApp: getPhone phoneId:-1000
01-01 00:00:56.818   321   321 D WLAN_PSA: NL BCAST MSG KDriver Not ready yet : KNLREADY
01-01 00:00:56.818   321   321 D WLAN_PSA: NL BCAST MSG Received, Kernel ready, connect LN
01-01 00:00:56.820  5141  5141 D PhoneApp: getPhone phoneId:-1000
01-01 00:00:56.821   321   321 D WLAN_PSA: Register APP Socket to kernel
01-01 00:00:56.821   321   321 V WLAN_PSA: NL MSG, len[009], NL type[0x0] WNI type[0x4541] len[17497]
01-01 00:00:56.821   321   321 V WLAN_PSA: NL MSG, PID: 0
01-01 00:00:56.821   321   321 V WLAN_PSA: NL MSG, len[056], NL type[0x11] WNI type[0x   2] len[036]
01-01 00:00:56.821   321   321 V WLAN_PSA: NL MSG, PID: 321
01-01 00:00:56.821   321   321 V WLAN_PSA: NL MSG, len[009], NL type[0x11] WNI type[0x4541] len[17497]
01-01 00:00:56.821   321   321 V WLAN_PSA: NL MSG, PID: 0
01-01 00:00:56.821   321   321 V WLAN_PSA: NL MSG, len[056], NL type[0x11] WNI type[0x   2] len[036]
01-01 00:00:56.821   321   321 V WLAN_PSA: NL MSG, PID: 321
01-01 00:00:56.824  5141  5141 D PhoneApp: getPhone phoneId:-1000
01-01 00:00:56.826  5141  5141 D PhoneApp: getPhone phoneId:-1000
01-01 00:00:56.829  5141  5141 D PhoneApp: getPhone phoneId:-1000
01-01 00:00:56.831  5141  5141 D PhoneApp: getPhone phoneId:-1000
01-01 00:00:56.833  5141  5141 D PhoneApp: getPhone phoneId:-1000
01-01 00:00:56.836  5141  5141 D PhoneApp: getPhone phoneId:-1000
01-01 00:00:56.838  5141  5141 D PhoneApp: getPhone phoneId:-1000
01-01 00:00:56.841  6066  6066 I CalendarProvider2: Created com.android.providers.calendar.CalendarAlarmManager@1906d1f7(com.android.providers.calendar.CalendarProvider2@17ead864)
01-01 00:00:56.842  5141  5141 D PhoneApp: getPhone phoneId:-1000
01-01 00:00:56.846  5141  5141 D PhoneApp: getPhone phoneId:-1000
01-01 00:00:56.850  5141  5141 D PhoneApp: getPhone phoneId:-1000
01-01 00:00:56.852  5141  5141 D PhoneApp: getPhone phoneId:-1000
01-01 00:00:56.854  5141  5141 D PhoneApp: getPhone phoneId:-1000
01-01 00:00:56.859  5141  5141 D PhoneApp: getPhone phoneId:-1000
01-01 00:00:56.862  5141  5141 D PhoneApp: getPhone phoneId:-1000
01-01 00:00:56.894  1324  2507 I ActivityManager: Start proc com.android.managedprovisioning for broadcast com.android.managedprovisioning/.BootReminder: pid=6095 uid=10009 gids={50009, 9997, 1028, 3003} abi=armeabi-v7a
01-01 00:00:56.897  5141  5141 D PhoneApp: getPhone phoneId:-1000
01-01 00:00:56.900  5141  5141 D PhoneApp: getPhone phoneId:-1000
01-01 00:00:56.902  5141  5141 D TelephonyNetworkFactory-1: got request NetworkRequest [ id=1, legacyType=-1, [ Capabilities: INTERNET&NOT_RESTRICTED&TRUSTED&NOT_VPN] ] with score 0
01-01 00:00:56.903  5141  5141 D TelephonyDebugService: TelephonyDebugService()
01-01 00:00:56.914  1324  1796 D WifiService: New client listening to asynchronous messages
01-01 00:00:56.929  5141  5141 D ImsService: ImsService created!
01-01 00:00:56.933  5141  5141 D ImsSenderRxr: Starting IFMsg_Rxr[SUB0]
01-01 00:00:56.919  6118  6118 I ndc     : type=1400 audit(0.0:37): avc: denied { read write } for path="/dev/pts/1" dev="devpts" ino=4 scontext=u:r:wcnss_service:s0 tcontext=u:object_r:devpts:s0 tclass=chr_file permissive=1
01-01 00:00:56.935  5141  6119 E ImsSenderRxr: Exception in socket create'java.io.IOException: No such file or directory
01-01 00:00:56.929  6118  6118 I ndc     : type=1400 audit(0.0:38): avc: denied { getattr } for path="/dev/pts/1" dev="devpts" ino=4 scontext=u:r:wcnss_service:s0 tcontext=u:object_r:devpts:s0 tclass=chr_file permissive=1
01-01 00:00:56.929  6118  6118 I ndc     : type=1400 audit(0.0:39): avc: denied { write } for name="netd" dev="tmpfs" ino=10814 scontext=u:r:wcnss_service:s0 tcontext=u:object_r:netd_socket:s0 tclass=sock_file permissive=1
01-01 00:00:56.939  5141  5141 D ImsSenderRxr: [0000]> REQUEST_QUERY_SERVICE_STATUS[SUB0]
01-01 00:00:56.939  5141  5141 D ImsSenderRxr: Message data: [0, 0, 0, 12, 11, 13, 0, 0, 0, 0, 16, 1, 24, 29, 32, 0][SUB0]
01-01 00:00:56.939   303  1659 D QsoftapCmd: Got softap fwreload command we are passing on
01-01 00:00:56.939  5141  5141 D ImsSenderRxr: [0000]< REQUEST_QUERY_SERVICE_STATUS error: 1
01-01 00:00:56.939   303  1659 D SoftapController: Softap fwReload - Ok
01-01 00:00:56.929  6118  6118 I ndc     : type=1400 audit(0.0:40): avc: denied { ioctl } for path="/dev/pts/1" dev="devpts" ino=4 scontext=u:r:wcnss_service:s0 tcontext=u:object_r:devpts:s0 tclass=chr_file permissive=1
01-01 00:00:56.940  5550  5550 I sh      : 214 0 Ok
01-01 00:00:56.944  5141  5141 D         : jint JNI_OnLoad(JavaVM*, void*)
01-01 00:00:56.944  5141  5141 D         : JvmPtr initialized to -1256865152
01-01 00:00:56.944  5141  5141 D ims_media_jni: int register_ims_media(JNIEnv*)
01-01 00:00:56.946   303  1659 D QsoftapCmd: Got softap set command we are overriding
01-01 00:00:56.947   303  1659 D         : qsapsetSoftap, softap, set, 8
01-01 00:00:56.947   303  1659 D         : ARG: 1 - softap
01-01 00:00:56.947   303  1659 D         : ARG: 2 - set
01-01 00:00:56.947   303  1659 D         : ARG: 3 - wlan0
01-01 00:00:56.947   303  1659 D         : ARG: 4 - Sentera_21020-02_0066
01-01 00:00:56.947   303  1659 D         : ARG: 5 - broadcast
01-01 00:00:56.947   303  1659 D         : ARG: 6 - 9
01-01 00:00:56.947   303  1659 D         : ARG: 7 - wpa2-psk
01-01 00:00:56.947   303  1659 D         : ARG: 8 - 00660066
01-01 00:00:56.947   303  1659 D         : CMD INPUT  [set ssid=Sentera_21020-02_0066][255]
01-01 00:00:56.957   303  1659 E         : Cmd: ssid Argument :Sentera_21020-02_0066 
01-01 00:00:56.957   303  1659 D         : cmd=ssid, Val:Sentera_21020-02_0066, INI:0 
01-01 00:00:56.959   303  1659 D         : Updated:ssid=Sentera_21020-02_0066
01-01 00:00:56.959   303  1659 D         : 
01-01 00:00:56.961   303  1659 D         : CMD OUTPUT [success]
01-01 00:00:56.961   303  1659 D         : len :7
01-01 00:00:56.961   303  1659 D         : 
01-01 00:00:56.961   303  1659 D         : CMD INPUT  [set ignore_broadcast_ssid=0][255]
01-01 00:00:56.961   303  1659 E         : Cmd: ignore_broadcast_ssid Argument :0 
01-01 00:00:56.961   303  1659 D         : cmd=ignore_broadcast_ssid, Val:0, INI:0 
01-01 00:00:56.961   303  1659 D         : Updated:ignore_broadcast_ssid=0
01-01 00:00:56.961   303  1659 D         : 
01-01 00:00:56.962   303  1659 D         : CMD OUTPUT [success]
01-01 00:00:56.962   303  1659 D         : len :7
01-01 00:00:56.962   303  1659 D         : 
01-01 00:00:56.962   303  1659 D         : CMD INPUT  [set channel=9][255]
01-01 00:00:56.962   303  1659 E         : Cmd: channel Argument :9 
01-01 00:00:56.962   303  1659 D         : cmd=channel, Val:9, INI:0 
01-01 00:00:56.963   303  1659 D         : Updated:channel=9
01-01 00:00:56.963   303  1659 D         : 
01-01 00:00:56.963   303  1659 D         : CMD OUTPUT [success]
01-01 00:00:56.963   303  1659 D         : len :7
01-01 00:00:56.963   303  1659 D         : 
01-01 00:00:56.964   303  1659 D         : CMD INPUT  [set security_mode=3][255]
01-01 00:00:56.964   303  1659 E         : Cmd: security_mode Argument :3 
01-01 00:00:56.964   303  1659 D         : cmd=wpa, Val:2, INI:0 
01-01 00:00:56.964   303  1659 D         : Updated:wpa=2
01-01 00:00:56.964   303  1659 D         : 
01-01 00:00:56.975   303  1659 D         : CMD OUTPUT [success]
01-01 00:00:56.975   303  1659 D         : len :7
01-01 00:00:56.975   303  1659 D         : 
01-01 00:00:56.975   303  1659 D         : CMD INPUT  [set wpa_passphrase=00660066][255]
01-01 00:00:56.975   303  1659 E         : Cmd: wpa_passphrase Argument :00660066 
01-01 00:00:56.975   303  1659 D         : cmd=wpa_passphrase, Val:00660066, INI:0 
01-01 00:00:56.976   303  1659 D         : Updated:wpa_passphrase=00660066
01-01 00:00:56.976   303  1659 D         : 
01-01 00:00:56.977   303  1659 D         : CMD OUTPUT [success]
01-01 00:00:56.977   303  1659 D         : len :7
01-01 00:00:56.977   303  1659 D         : 
01-01 00:00:56.977   303  1659 D         : CMD INPUT  [set commit][255]
01-01 00:00:56.977   303  1659 D         : CMD OUTPUT [success]
01-01 00:00:56.977   303  1659 D         : len :7
01-01 00:00:56.977   303  1659 D         : 
01-01 00:00:56.977  5550  5550 I sh      : 200 0 Softap operation succeeded
01-01 00:00:56.982  5141  5141 D VideoCall_ImsMedia: Registering for Media Listener
01-01 00:00:56.982  5141  5141 E ImsServiceSub: ImsServiceClassTracker not found.
01-01 00:00:56.982  5141  5141 D ImsService: initSubscriptionStatus: Not multi-sim...
01-01 00:00:56.983   303  1659 D QsoftapCmd: Got softap startap command we are passing on
01-01 00:00:56.984  5141  5141 D CallNotifier: onMwiChanged(): false phoneId = 0
01-01 00:00:56.984  5141  5141 D NotificationMgr: updateMwi(): false phoneId = 0
01-01 00:00:56.984   303  1659 D SoftapController: SoftAP started successfully
01-01 00:00:56.985  5141  5141 D CallNotifier: onCfiChanged(): false
01-01 00:00:56.985  5141  5141 D NotificationMgr: updateCfi(): false phoneId = 0
01-01 00:00:56.988  5141  5141 D Telephony: TtyManager: setTTYMode exception: com.android.internal.telephony.CommandException: RADIO_NOT_AVAILABLE
01-01 00:00:56.988  5141  5141 V OtaStartupReceiver: onOtaspChanged: mOtaspMode=0
01-01 00:00:56.995  1324  1424 D GpsLocationProvider: received SIM realted action: android.intent.action.ACTION_SUBINFO_RECORD_UPDATED
01-01 00:00:57.000  1324  1424 D GpsLocationProvider: SIM MCC/MNC is still not available
01-01 00:00:57.000  5141  5141 D PhoneApp: getPhone phoneId:0
01-01 00:00:57.002  5141  5141 D PhoneApp: mReceiver: ACTION_ANY_DATA_CONNECTION_STATE_CHANGED
01-01 00:00:57.002  5141  5141 D PhoneApp: - state: DISCONNECTED
01-01 00:00:57.002  5141  5141 D PhoneApp: - reason: radioTurnedOff
01-01 00:00:57.002  5141  5141 D PhoneApp: mReceiver: ACTION_ANY_DATA_CONNECTION_STATE_CHANGED
01-01 00:00:57.002  5141  5141 D PhoneApp: - state: DISCONNECTED
01-01 00:00:57.002  5141  5141 D PhoneApp: - reason: radioTurnedOff
01-01 00:00:57.003  5141  5141 D PhoneApp: mReceiver: ACTION_ANY_DATA_CONNECTION_STATE_CHANGED
01-01 00:00:57.003  5141  5141 D PhoneApp: - state: DISCONNECTED
01-01 00:00:57.003  5141  5141 D PhoneApp: - reason: radioTurnedOff
01-01 00:00:57.003  5141  5141 D PhoneApp: mReceiver: ACTION_ANY_DATA_CONNECTION_STATE_CHANGED
01-01 00:00:57.003  5141  5141 D PhoneApp: - state: DISCONNECTED
01-01 00:00:57.003  5141  5141 D PhoneApp: - reason: radioTurnedOff
01-01 00:00:57.003  5141  5141 D PhoneApp: mReceiver: ACTION_ANY_DATA_CONNECTION_STATE_CHANGED
01-01 00:00:57.003  5141  5141 D PhoneApp: - state: DISCONNECTED
01-01 00:00:57.003  5141  5141 D PhoneApp: - reason: radioTurnedOff
01-01 00:00:57.003  5141  5141 D PhoneApp: mReceiver: ACTION_ANY_DATA_CONNECTION_STATE_CHANGED
01-01 00:00:57.003  5141  5141 D PhoneApp: - state: DISCONNECTED
01-01 00:00:57.003  5141  5141 D PhoneApp: - reason: radioTurnedOff
01-01 00:00:57.004  5141  5141 D PhoneApp: mReceiver: ACTION_ANY_DATA_CONNECTION_STATE_CHANGED
01-01 00:00:57.004  5141  5141 D PhoneApp: - state: DISCONNECTED
01-01 00:00:57.004  5141  5141 D PhoneApp: - reason: radioTurnedOff
01-01 00:00:57.004  5141  5141 D PhoneApp: mReceiver: ACTION_ANY_DATA_CONNECTION_STATE_CHANGED
01-01 00:00:57.004  5141  5141 D PhoneApp: - state: DISCONNECTED
01-01 00:00:57.004  5141  5141 D PhoneApp: - reason: radioTurnedOff
01-01 00:00:57.004  5141  5141 D PhoneApp: mReceiver: ACTION_ANY_DATA_CONNECTION_STATE_CHANGED
01-01 00:00:57.004  5141  5141 D PhoneApp: - state: DISCONNECTED
01-01 00:00:57.004  5141  5141 D PhoneApp: - reason: radioTurnedOff
01-01 00:00:57.005  5141  5141 D PhoneApp: mReceiver: ACTION_ANY_DATA_CONNECTION_STATE_CHANGED
01-01 00:00:57.005  5141  5141 D PhoneApp: - state: DISCONNECTED
01-01 00:00:57.005  5141  5141 D PhoneApp: - reason: radioTurnedOff
01-01 00:00:57.005  5141  5141 D PhoneApp: mReceiver: ACTION_ANY_DATA_CONNECTION_STATE_CHANGED
01-01 00:00:57.005  5141  5141 D PhoneApp: - state: DISCONNECTED
01-01 00:00:57.005  5141  5141 D PhoneApp: - reason: radioTurnedOff
01-01 00:00:57.005  5141  5141 D PhoneApp: mReceiver: ACTION_ANY_DATA_CONNECTION_STATE_CHANGED
01-01 00:00:57.005  5141  5141 D PhoneApp: - state: DISCONNECTED
01-01 00:00:57.005  5141  5141 D PhoneApp: - reason: radioTurnedOff
01-01 00:00:57.006  5141  5141 D PhoneApp: mReceiver: ACTION_ANY_DATA_CONNECTION_STATE_CHANGED
01-01 00:00:57.006  5141  5141 D PhoneApp: - state: DISCONNECTED
01-01 00:00:57.006  5141  5141 D PhoneApp: - reason: radioTurnedOff
01-01 00:00:57.006  6126  6126 E hostapd : Configuration file: /data/misc/wifi/hostapd.conf
01-01 00:00:57.006  6126  6126 I hostapd : Line 47: DEPRECATED: 'dump_file' configuration variable is not used anymore
01-01 00:00:57.006  5141  5141 D PhoneApp: mReceiver: ACTION_ANY_DATA_CONNECTION_STATE_CHANGED
01-01 00:00:57.006  5141  5141 D PhoneApp: - state: DISCONNECTED
01-01 00:00:57.006  5141  5141 D PhoneApp: - reason: radioTurnedOff
01-01 00:00:57.006  5141  5141 D PhoneApp: mReceiver: ACTION_ANY_DATA_CONNECTION_STATE_CHANGED
01-01 00:00:57.006  5141  5141 D PhoneApp: - state: DISCONNECTED
01-01 00:00:57.006  5141  5141 D PhoneApp: - reason: radioTurnedOff
01-01 00:00:57.007  5141  5141 D PhoneApp: mReceiver: ACTION_ANY_DATA_CONNECTION_STATE_CHANGED
01-01 00:00:57.007  5141  5141 D PhoneApp: - state: DISCONNECTED
01-01 00:00:57.007  5141  5141 D PhoneApp: - reason: radioTurnedOff
01-01 00:00:57.007  5141  5141 D PhoneApp: mReceiver: ACTION_ANY_DATA_CONNECTION_STATE_CHANGED
01-01 00:00:57.007  5141  5141 D PhoneApp: - state: DISCONNECTED
01-01 00:00:57.007  5141  5141 D PhoneApp: - reason: dataDetached
01-01 00:00:57.007  6126  6126 E hostapd : MAC list file '/data/hostapd/hostapd.accept' not found.
01-01 00:00:57.007  6126  6126 E hostapd : Line 172: Failed to read accept_mac_file '/data/hostapd/hostapd.accept'
01-01 00:00:57.007  6126  6126 E hostapd : MAC list file '/data/hostapd/hostapd.deny' not found.
01-01 00:00:57.007  6126  6126 E hostapd : Line 173: Failed to read deny_mac_file '/data/hostapd/hostapd.deny'
01-01 00:00:57.008  5141  5141 D PhoneApp: mReceiver: ACTION_ANY_DATA_CONNECTION_STATE_CHANGED
01-01 00:00:57.008  5141  5141 D PhoneApp: - state: DISCONNECTED
01-01 00:00:57.008  5141  5141 D PhoneApp: - reason: dataDetached
01-01 00:00:57.008  5141  5141 D PhoneApp: mReceiver: ACTION_ANY_DATA_CONNECTION_STATE_CHANGED
01-01 00:00:57.008  5141  5141 D PhoneApp: - state: DISCONNECTED
01-01 00:00:57.008  5141  5141 D PhoneApp: - reason: dataDetached
01-01 00:00:57.008  5141  5141 D PhoneApp: mReceiver: ACTION_ANY_DATA_CONNECTION_STATE_CHANGED
01-01 00:00:57.008  5141  5141 D PhoneApp: - state: DISCONNECTED
01-01 00:00:57.008  5141  5141 D PhoneApp: - reason: dataDetached
01-01 00:00:57.009  6126  6126 I hostapd : rfkill: Cannot open RFKILL control device
01-01 00:00:57.009  5141  5141 D PhoneApp: mReceiver: ACTION_ANY_DATA_CONNECTION_STATE_CHANGED
01-01 00:00:57.009  5141  5141 D PhoneApp: - state: DISCONNECTED
01-01 00:00:57.009  5141  5141 D PhoneApp: - reason: dataDetached
01-01 00:00:57.009  5141  5141 D PhoneApp: mReceiver: ACTION_ANY_DATA_CONNECTION_STATE_CHANGED
01-01 00:00:57.009  5141  5141 D PhoneApp: - state: DISCONNECTED
01-01 00:00:57.009  5141  5141 D PhoneApp: - reason: dataDetached
01-01 00:00:57.010  5141  5141 D PhoneApp: mReceiver: ACTION_ANY_DATA_CONNECTION_STATE_CHANGED
01-01 00:00:57.010  5141  5141 D PhoneApp: - state: DISCONNECTED
01-01 00:00:57.010  5141  5141 D PhoneApp: - reason: dataDetached
01-01 00:00:57.010  5141  5141 D PhoneApp: mReceiver: ACTION_ANY_DATA_CONNECTION_STATE_CHANGED
01-01 00:00:57.010  5141  5141 D PhoneApp: - state: DISCONNECTED
01-01 00:00:57.010  5141  5141 D PhoneApp: - reason: dataDetached
01-01 00:00:57.010  5141  5141 D PhoneApp: mReceiver: ACTION_ANY_DATA_CONNECTION_STATE_CHANGED
01-01 00:00:57.010  5141  5141 D PhoneApp: - state: DISCONNECTED
01-01 00:00:57.010  5141  5141 D PhoneApp: - reason: roamingOff
01-01 00:00:57.011  5141  5141 D PhoneApp: mReceiver: ACTION_ANY_DATA_CONNECTION_STATE_CHANGED
01-01 00:00:57.011  5141  5141 D PhoneApp: - state: DISCONNECTED
01-01 00:00:57.011  5141  5141 D PhoneApp: - reason: roamingOff
01-01 00:00:57.011  5141  5141 D PhoneApp: mReceiver: ACTION_ANY_DATA_CONNECTION_STATE_CHANGED
01-01 00:00:57.011  5141  5141 D PhoneApp: - state: DISCONNECTED
01-01 00:00:57.011  5141  5141 D PhoneApp: - reason: roamingOff
01-01 00:00:57.011  5141  5141 D PhoneApp: mReceiver: ACTION_ANY_DATA_CONNECTION_STATE_CHANGED
01-01 00:00:57.011  5141  5141 D PhoneApp: - state: DISCONNECTED
01-01 00:00:57.011  5141  5141 D PhoneApp: - reason: roamingOff
01-01 00:00:57.012  5141  5141 D PhoneApp: mReceiver: ACTION_ANY_DATA_CONNECTION_STATE_CHANGED
01-01 00:00:57.012  5141  5141 D PhoneApp: - state: DISCONNECTED
01-01 00:00:57.012  5141  5141 D PhoneApp: - reason: roamingOff
01-01 00:00:57.012  5141  5141 D PhoneApp: mReceiver: ACTION_ANY_DATA_CONNECTION_STATE_CHANGED
01-01 00:00:57.012  5141  5141 D PhoneApp: - state: DISCONNECTED
01-01 00:00:57.012  5141  5141 D PhoneApp: - reason: roamingOff
01-01 00:00:57.012  5141  5141 D PhoneApp: mReceiver: ACTION_ANY_DATA_CONNECTION_STATE_CHANGED
01-01 00:00:57.012  5141  5141 D PhoneApp: - state: DISCONNECTED
01-01 00:00:57.012  5141  5141 D PhoneApp: - reason: roamingOff
01-01 00:00:57.012  5141  5141 D PhoneApp: mReceiver: ACTION_ANY_DATA_CONNECTION_STATE_CHANGED
01-01 00:00:57.012  5141  5141 D PhoneApp: - state: DISCONNECTED
01-01 00:00:57.012  5141  5141 D PhoneApp: - reason: roamingOff
01-01 00:00:57.013  5141  5141 D ImsServiceSub: Message received: what = 5
01-01 00:00:57.013  5141  5141 D ImsServiceSub: Received event: EVENT_GET_STATUS_UPDATE
01-01 00:00:57.013  5141  5141 E ImsServiceSub: IMS Service Status Update failed!
01-01 00:00:57.043  5141  5141 D Telephony: TtyManager: queryTTYMode exception: com.android.internal.telephony.CommandException: RADIO_NOT_AVAILABLE
01-01 00:00:57.043  5141  5141 I MmsService: mReceiver action: android.intent.action.ACTION_SUBINFO_RECORD_UPDATED
01-01 00:00:57.043  5141  5141 D TelephonyNetworkFactory-1: update networkCapabilites for subId = -1
01-01 00:00:57.043  5141  5141 D TelephonyNetworkFactory-1: INTERNET capability is removed from subId = -1
01-01 00:00:57.043  5141  5141 D TelephonyNetworkFactory-1: Ready to handle network requests
01-01 00:00:57.044  5141  5141 D CallNotifier: onReceive... 
01-01 00:00:57.044  5141  5141 I Telephony: : SUBINFO_RECORD_UPDATED : 4.
01-01 00:00:57.044  5141  5141 D Telephony: TelecomAccountRegistry: Found 1 phones.  Attempting to register.
01-01 00:00:57.044  5141  5141 D Telephony: TelecomAccountRegistry: Phone with subscription id -1
01-01 00:00:57.047  5141  6129 I MmsService: MmsConfigManager.loadInBackground(): mcc/mnc: 0/0
01-01 00:00:57.047  5141  6128 D ImsServiceClassTracker: updateVtCapability false
01-01 00:00:57.047  5141  6128 D ImsServiceSub: getServiceId returns 1
01-01 00:00:57.047  5141  6128 D ImsSenderRxr: [0001]> REQUEST_IMS_REGISTRATION_STATE[SUB0]
01-01 00:00:57.047  5141  6128 D ImsSenderRxr: Message data: [0, 0, 0, 12, 11, 13, 1, 0, 0, 0, 16, 1, 24, 1, 32, 0][SUB0]
01-01 00:00:57.047  5141  6128 D ImsSenderRxr: [0001]< REQUEST_IMS_REGISTRATION_STATE error: 1
01-01 00:00:57.048  5141  6128 D VideoCall_ImsVideoGlobals: SetActiveSub, Sub # 1
01-01 00:00:57.048  5141  6128 E ImsServiceClassTracker: removeListener error: Listener not found, com.qualcomm.ims.vt.MediaController@3c76c525
01-01 00:00:57.048  5141  6128 D ImsService: Open returns serviceId 1
01-01 00:00:57.051  5141  5141 D PhoneApp: getPhone phoneId:0
01-01 00:00:57.051  5141  5141 E PhoneInterfaceManager: [PhoneIntfMgr] getIccId: No UICC
01-01 00:00:57.051  5141  6128 D ImsSenderRxr: setUiTTYMode uittyMode=0
01-01 00:00:57.052  5141  6129 E MmsService: MmsConfigManager.load -- empty getActiveSubInfoList
01-01 00:00:57.055  5141  6128 D ImsSenderRxr: [0002]> REQUEST_SEND_UI_TTY_MODE[SUB0]
01-01 00:00:57.055  5141  6128 D ImsSenderRxr: Message data: [0, 0, 0, 14, 11, 13, 2, 0, 0, 0, 16, 1, 24, 39, 32, 0, 8, 0][SUB0]
01-01 00:00:57.055  5141  6128 D ImsSenderRxr: [0002]< REQUEST_SEND_UI_TTY_MODE error: 1
01-01 00:00:57.071  5550  5550 I sh      : 600 Iface removed p2p0
01-01 00:00:57.080  5141  5141 D Telephony: AccountEntry: Registered phoneAccount: android.telecom.PhoneAccount@e4166fa with handle: ComponentInfo{com.android.phone/com.android.services.telephony.TelephonyConnectionService}, E
01-01 00:00:57.080  5141  5141 I Telephony: PstnIncomingCallNotifier: Registering: Handler (com.android.internal.telephony.cdma.CDMALTEPhone) {14b8354}
01-01 00:00:57.092  1324  2128 I ActivityManager: Start proc com.android.mms for broadcast com.android.mms/.transaction.MmsSystemEventReceiver: pid=6131 uid=10010 gids={50010, 9997, 3003, 1028, 1015} abi=armeabi-v7a
01-01 00:00:57.093  5141  5141 D Telephony: PstnPhoneCapabilitiesNotifier: Registering: Handler (com.android.internal.telephony.cdma.CDMALTEPhone) {14b8354}
01-01 00:00:57.098  5141  5141 D NotificationMgr: hideDataDisconnectedRoaming()...
01-01 00:00:57.099  5141  5141 D NotificationMgr: hideDataDisconnectedRoaming()...
01-01 00:00:57.100  5141  5141 D NotificationMgr: hideDataDisconnectedRoaming()...
01-01 00:00:57.100  5141  5141 D NotificationMgr: hideDataDisconnectedRoaming()...
01-01 00:00:57.100  5141  5141 D NotificationMgr: hideDataDisconnectedRoaming()...
01-01 00:00:57.101  5141  5141 D NotificationMgr: hideDataDisconnectedRoaming()...
