01-01 00:00:16.520   315   315 I irsc_util: file_parser Number of element :3
01-01 00:00:16.520   315   315 I irsc_util: file_parser Number of element :3
01-01 00:00:16.520   315   315 I irsc_util: file_parser Number of element :3
01-01 00:00:16.520   315   315 I irsc_util: file_parser Number of element :3
01-01 00:00:16.520   315   315 I irsc_util: file_parser Number of element :3
01-01 00:00:16.520   315   315 I irsc_util: file_parser Number of element :3
01-01 00:00:16.520   315   315 I irsc_util: file_parser Number of element :3
01-01 00:00:16.520   315   315 I irsc_util: file_parser Number of element :3
01-01 00:00:16.520   315   315 I irsc_util: file_parser Number of element :3
01-01 00:00:16.520   315   315 I irsc_util: file_parser Number of element :3
01-01 00:00:16.520   315   315 I irsc_util: file_parser Number of element :3
01-01 00:00:16.520   315   315 I irsc_util: file_parser Number of element :3
01-01 00:00:16.520   315   315 I irsc_util: file_parser Number of element :3
01-01 00:00:16.520   315   315 I irsc_util: file_parser Number of element :3
01-01 00:00:16.520   315   315 I irsc_util: file_parser Number of element :3
01-01 00:00:16.522   315   315 I irsc_util: file_parser Number of element :3
01-01 00:00:16.523   315   315 I irsc_util: file_parser Number of element :3
01-01 00:00:16.523   315   315 I irsc_util: file_parser Number of element :3
01-01 00:00:16.523   315   315 I irsc_util: file_parser Number of element :3
01-01 00:00:16.523   315   315 I irsc_util: file_parser Number of element :3
01-01 00:00:16.523   315   315 I irsc_util: file_parser Number of element :3
01-01 00:00:16.523   315   315 I irsc_util: file_parser Number of element :3
01-01 00:00:16.523   315   315 I irsc_util: file_parser Number of element :3
01-01 00:00:16.523   315   315 I irsc_util: file_parser Number of element :3
01-01 00:00:16.523   315   315 I irsc_util: file_parser Number of element :3
01-01 00:00:16.523   315   315 I irsc_util: file_parser Number of element :3
01-01 00:00:16.523   315   315 I irsc_util: file_parser Number of element :3
01-01 00:00:16.523   315   315 I irsc_util: file_parser Number of element :3
01-01 00:00:16.523   315   315 I irsc_util: file_parser Number of element :3
01-01 00:00:16.523   315   315 I irsc_util: file_parser Number of element :3
01-01 00:00:16.523   315   315 I irsc_util: file_parser Number of element :3
01-01 00:00:16.524   315   315 I irsc_util: file_parser Number of element :3
01-01 00:00:16.524   315   315 I irsc_util: file_parser Number of element :3
01-01 00:00:16.524   315   315 I irsc_util: file_parser Number of element :3
01-01 00:00:16.524   315   315 I irsc_util: file_parser Number of element :3
01-01 00:00:16.524   315   315 I irsc_util: file_parser Number of element :3
01-01 00:00:16.524   315   315 I irsc_util: file_parser Number of element :3
01-01 00:00:16.524   315   315 I irsc_util: file_parser Number of element :3
01-01 00:00:16.524   315   315 I irsc_util: file_parser Number of element :3
01-01 00:00:16.524   315   315 I irsc_util: file_parser Number of element :3
01-01 00:00:16.524   315   315 I irsc_util: file_parser Number of element :3
01-01 00:00:16.524   315   315 I irsc_util: file_parser Number of element :3
01-01 00:00:16.524   315   315 I irsc_util: file_parser Number of element :3
01-01 00:00:16.524   315   315 I irsc_util: file_parser Number of element :3
01-01 00:00:16.524   315   315 I irsc_util: file_parser Number of element :3
01-01 00:00:16.524   315   315 I irsc_util: file_parser Number of element :3
01-01 00:00:16.525   315   315 I irsc_util: file_parser Number of element :3
01-01 00:00:16.525   315   315 I irsc_util: file_parser Number of element :3
01-01 00:00:16.525   315   315 I irsc_util: file_parser Number of element :3
01-01 00:00:16.525   315   315 I irsc_util: file_parser Number of element :3
01-01 00:00:16.525   315   315 I irsc_util: file_parser Number of element :3
01-01 00:00:16.525   315   315 I irsc_util: file_parser Number of element :3
01-01 00:00:16.525   315   315 I irsc_util: file_parser Number of element :3
01-01 00:00:16.525   315   315 I irsc_util: file_parser Number of element :3
01-01 00:00:16.525   315   315 I irsc_util: file_parser Number of element :3
01-01 00:00:16.525   315   315 I irsc_util: file_parser Number of element :3
01-01 00:00:16.525   315   315 I irsc_util: file_parser Number of element :3
01-01 00:00:16.525   315   315 I irsc_util: file_parser Number of element :3
01-01 00:00:16.525   315   315 I irsc_util: file_parser Number of element :3
01-01 00:00:16.525   315   315 I irsc_util: file_parser Number of element :3
01-01 00:00:16.525   315   315 I irsc_util: file_parser Number of element :3
01-01 00:00:16.525   315   315 I irsc_util: file_parser Number of element :3
01-01 00:00:16.525   315   315 I irsc_util: file_parser Number of element :3
01-01 00:00:16.525   315   315 I irsc_util: file_parser Number of element :3
01-01 00:00:16.525   315   315 I irsc_util: file_parser Number of element :3
01-01 00:00:16.525   315   315 I irsc_util: file_parser Number of element :3
01-01 00:00:16.526   315   315 I irsc_util: file_parser Number of element :3
01-01 00:00:16.526   315   315 I irsc_util: file_parser Number of element :3
01-01 00:00:16.526   315   315 I irsc_util: file_parser Number of element :3
01-01 00:00:16.526   315   315 I irsc_util: file_parser Number of element :3
01-01 00:00:16.526   315   315 I irsc_util: file_parser Number of element :3
01-01 00:00:16.526   315   315 I irsc_util: file_parser Number of element :3
01-01 00:00:16.526   315   315 I irsc_util: file_parser Number of element :3
01-01 00:00:16.526   315   315 I irsc_util: file_parser Number of element :3
01-01 00:00:16.526   315   315 I irsc_util: file_parser Number of element :3
01-01 00:00:16.526   315   315 I irsc_util: file_parser Number of element :3
01-01 00:00:16.526   315   315 I irsc_util: file_parser Number of element :3
01-01 00:00:16.526   315   315 I irsc_util: file_parser Number of element :3
01-01 00:00:16.526   315   315 I irsc_util: file_parser Number of element :0
01-01 00:00:16.526   315   315 I irsc_util: file_parser Invalid Format or Comment - '/* Allow RCS service to aquire net_raw permission */
01-01 00:00:16.526   315   315 I irsc_util: '
01-01 00:00:16.526   315   315 I irsc_util: file_parser Number of element :4
01-01 00:00:16.526   315   315 I irsc_util: file_parser Number of element :0
01-01 00:00:16.526   315   315 I irsc_util: file_parser Invalid Format or Comment - '/* Allow QMID service to aquire net_raw permission */
01-01 00:00:16.527   315   315 I irsc_util: '
01-01 00:00:16.527   315   315 I irsc_util: file_parser Number of element :4
01-01 00:00:16.527   315   315 I irsc_util: file_parser Number of element :4
01-01 00:00:16.527   315   315 I irsc_util: file_parser Number of element :4
01-01 00:00:16.527   315   315 I irsc_util: file_parser Number of element :4
01-01 00:00:16.527   315   315 I irsc_util: file_parser Number of element :4
01-01 00:00:16.527   315   315 I irsc_util: file_parser Number of element :4
01-01 00:00:16.527   315   315 I irsc_util: file_parser Number of element :0
01-01 00:00:16.527   315   315 I irsc_util: file_parser Invalid Format or Comment - '/* IPC Security Config */
01-01 00:00:16.527   315   315 I irsc_util: '
01-01 00:00:16.527   315   315 I irsc_util: file_parser Number of element :0
01-01 00:00:16.527   315   315 I irsc_util: file_parser Invalid Format or Comment - '/* <GPS QMI Service ID - 16>:<GPS QMI Instance ID - all instances>:<Client Group ID> */
01-01 00:00:16.531   315   315 I irsc_util: '
01-01 00:00:16.531   315   315 I irsc_util: file_parser Number of element :4
01-01 00:00:16.531   315   315 I irsc_util: file_parser Number of element :0
01-01 00:00:16.531   315   315 I irsc_util: file_parser Invalid Format or Comment - '/* Allow SS CTL service to be used by system and net_raw processes */
01-01 00:00:16.531   315   315 I irsc_util: '
01-01 00:00:16.531   315   315 I irsc_util: file_parser Number of element :4
01-01 00:00:16.531   315   315 I irsc_util: file_parser Number of element :0
01-01 00:00:16.531   315   315 I irsc_util: file_parser Invalid Format or Comment - '/* Allow Sensor services to be used by sensor process */
01-01 00:00:16.531   315   315 I irsc_util: '
01-01 00:00:16.531   315   315 I irsc_util: file_parser Number of element :3
01-01 00:00:16.531   315   315 I irsc_util: file_parser Number of element :3
01-01 00:00:16.531   315   315 I irsc_util: file_parser Number of element :3
01-01 00:00:16.531   315   315 I irsc_util: file_parser Number of element :3
01-01 00:00:16.531   315   315 I irsc_util: file_parser Number of element :3
01-01 00:00:16.531   315   315 I irsc_util: file_parser Number of element :3
01-01 00:00:16.531   315   315 I irsc_util: file_parser Number of element :3
01-01 00:00:16.531   315   315 I irsc_util: file_parser Number of element :3
01-01 00:00:16.531   315   315 I irsc_util: file_parser Number of element :3
01-01 00:00:16.531   315   315 I irsc_util: file_parser Number of element :3
01-01 00:00:16.531   315   315 I irsc_util: file_parser Number of element :3
01-01 00:00:16.531   315   315 I irsc_util: file_parser Number of element :3
01-01 00:00:16.531   315   315 I irsc_util: file_parser Number of element :3
01-01 00:00:16.531   315   315 I irsc_util: file_parser Number of element :3
01-01 00:00:16.531   315   315 I irsc_util: file_parser Number of element :3
01-01 00:00:16.531   315   315 I irsc_util: file_parser Number of element :3
01-01 00:00:16.531   315   315 I irsc_util: file_parser Number of element :3
01-01 00:00:16.531   315   315 I irsc_util: file_parser Number of element :3
01-01 00:00:16.531   315   315 I irsc_util: file_parser Number of element :3
01-01 00:00:16.531   315   315 I irsc_util: file_parser Number of element :3
01-01 00:00:16.531   315   315 I irsc_util: file_parser Number of element :3
01-01 00:00:16.531   315   315 I irsc_util: file_parser Number of element :3
01-01 00:00:16.531   315   315 I irsc_util: file_parser Number of element :3
01-01 00:00:16.531   315   315 I irsc_util: file_parser Number of element :3
01-01 00:00:16.531   315   315 I irsc_util: file_parser Number of element :3
01-01 00:00:16.531   315   315 I irsc_util: file_parser Number of element :3
01-01 00:00:16.531   315   315 I irsc_util: file_parser Number of element :3
01-01 00:00:16.531   315   315 I irsc_util: file_parser Number of element :3
01-01 00:00:16.531   315   315 I irsc_util: file_parser Number of element :3
01-01 00:00:16.531   315   315 I irsc_util: file_parser Number of element :3
01-01 00:00:16.531   315   315 I irsc_util: file_parser Number of element :3
01-01 00:00:16.531   315   315 I irsc_util: file_parser Number of element :3
01-01 00:00:16.531   315   315 I irsc_util: file_parser Number of element :3
01-01 00:00:16.531   315   315 I irsc_util: file_parser Number of element :3
01-01 00:00:16.531   315   315 I irsc_util: file_parser Number of element :3
01-01 00:00:16.531   315   315 I irsc_util: file_parser Number of element :3
01-01 00:00:16.531   315   315 I irsc_util: file_parser Number of element :3
01-01 00:00:16.531   315   315 I irsc_util: file_parser Number of element :3
01-01 00:00:16.531   315   315 I irsc_util: file_parser Number of element :3
01-01 00:00:16.531   315   315 I irsc_util: file_parser Number of element :3
01-01 00:00:16.531   315   315 I irsc_util: file_parser Number of element :3
01-01 00:00:16.531   315   315 I irsc_util: file_parser Number of element :3
01-01 00:00:16.531   315   315 I irsc_util: file_parser Number of element :3
01-01 00:00:16.531   315   315 I irsc_util: file_parser Number of element :3
01-01 00:00:16.531   315   315 I irsc_util: file_parser Number of element :3
01-01 00:00:16.531   315   315 I irsc_util: file_parser Number of element :3
01-01 00:00:16.531   315   315 I irsc_util: file_parser Number of element :3
01-01 00:00:16.531   315   315 I irsc_util: file_parser Number of element :3
01-01 00:00:16.531   315   315 I irsc_util: file_parser Number of element :3
01-01 00:00:16.531   315   315 I irsc_util: file_parser Number of element :3
01-01 00:00:16.531   315   315 I irsc_util: file_parser Number of element :3
01-01 00:00:16.531   315   315 I irsc_util: file_parser Number of element :3
01-01 00:00:16.531   315   315 I irsc_util: file_parser Number of element :3
01-01 00:00:16.531   315   315 I irsc_util: file_parser Number of element :3
01-01 00:00:16.531   315   315 I irsc_util: file_parser Number of element :3
01-01 00:00:16.531   315   315 I irsc_util: file_parser Number of element :3
01-01 00:00:16.531   315   315 I irsc_util: file_parser Number of element :3
01-01 00:00:16.531   315   315 I irsc_util: file_parser Number of element :3
01-01 00:00:16.532   315   315 I irsc_util: file_parser Number of element :3
01-01 00:00:16.532   315   315 I irsc_util: file_parser Number of element :3
01-01 00:00:16.532   315   315 I irsc_util: file_parser Number of element :3
01-01 00:00:16.532   315   315 I irsc_util: file_parser Number of element :3
01-01 00:00:16.532   315   315 I irsc_util: file_parser Number of element :3
01-01 00:00:16.532   315   315 I irsc_util: file_parser Number of element :3
01-01 00:00:16.532   315   315 I irsc_util: file_parser Number of element :3
01-01 00:00:16.532   315   315 I irsc_util: file_parser Number of element :3
01-01 00:00:16.532   315   315 I irsc_util: file_parser Number of element :3
01-01 00:00:16.532   315   315 I irsc_util: file_parser Number of element :3
01-01 00:00:16.532   315   315 I irsc_util: file_parser Number of element :3
01-01 00:00:16.532   315   315 I irsc_util: file_parser Number of element :3
01-01 00:00:16.532   315   315 I irsc_util: file_parser Number of element :3
01-01 00:00:16.532   315   315 I irsc_util: file_parser Number of element :3
01-01 00:00:16.532   315   315 I irsc_util: file_parser Number of element :3
01-01 00:00:16.532   315   315 I irsc_util: file_parser Number of element :3
01-01 00:00:16.532   315   315 I irsc_util: file_parser Number of element :3
01-01 00:00:16.532   315   315 I irsc_util: file_parser Number of element :3
01-01 00:00:16.532   315   315 I irsc_util: file_parser Number of element :3
01-01 00:00:16.532   315   315 I irsc_util: file_parser Number of element :3
01-01 00:00:16.532   315   315 I irsc_util: file_parser Number of element :3
01-01 00:00:16.532   315   315 I irsc_util: file_parser Number of element :3
01-01 00:00:16.532   315   315 I irsc_util: file_parser Number of element :3
01-01 00:00:16.532   315   315 I irsc_util: file_parser Number of element :3
01-01 00:00:16.532   315   315 I irsc_util: file_parser Number of element :3
01-01 00:00:16.532   315   315 I irsc_util: file_parser Number of element :3
01-01 00:00:16.532   315   315 I irsc_util: file_parser Number of element :3
01-01 00:00:16.532   315   315 I irsc_util: file_parser Number of element :3
01-01 00:00:16.532   315   315 I irsc_util: file_parser Number of element :3
01-01 00:00:16.532   315   315 I irsc_util: file_parser Number of element :3
01-01 00:00:16.532   315   315 I irsc_util: file_parser Number of element :3
01-01 00:00:16.532   315   315 I irsc_util: file_parser Number of element :3
01-01 00:00:16.532   315   315 I irsc_util: file_parser Number of element :3
01-01 00:00:16.532   315   315 I irsc_util: file_parser Number of element :3
01-01 00:00:16.532   315   315 I irsc_util: file_parser Number of element :3
01-01 00:00:16.532   315   315 I irsc_util: file_parser Number of element :3
01-01 00:00:16.532   315   315 I irsc_util: file_parser Number of element :3
01-01 00:00:16.532   315   315 I irsc_util: file_parser Number of element :3
01-01 00:00:16.532   315   315 I irsc_util: file_parser Number of element :3
01-01 00:00:16.532   315   315 I irsc_util: file_parser Number of element :3
01-01 00:00:16.532   315   315 I irsc_util: file_parser Number of element :3
01-01 00:00:16.532   315   315 I irsc_util: file_parser Number of element :3
01-01 00:00:16.532   315   315 I irsc_util: file_parser Number of element :3
01-01 00:00:16.532   315   315 I irsc_util: file_parser Number of element :3
01-01 00:00:16.532   315   315 I irsc_util: file_parser Number of element :3
01-01 00:00:16.532   315   315 I irsc_util: file_parser Number of element :3
01-01 00:00:16.532   315   315 I irsc_util: file_parser Number of element :3
01-01 00:00:16.532   315   315 I irsc_util: file_parser Number of element :3
01-01 00:00:16.532   315   315 I irsc_util: file_parser Number of element :3
01-01 00:00:16.532   315   315 I irsc_util: file_parser Number of element :3
01-01 00:00:16.532   315   315 I irsc_util: file_parser Number of element :3
01-01 00:00:16.532   315   315 I irsc_util: file_parser Number of element :3
01-01 00:00:16.532   315   315 I irsc_util: file_parser Number of element :3
01-01 00:00:16.532   315   315 I irsc_util: file_parser Number of element :3
01-01 00:00:16.532   315   315 I irsc_util: file_parser Number of element :3
01-01 00:00:16.532   315   315 I irsc_util: file_parser Number of element :3
01-01 00:00:16.532   315   315 I irsc_util: file_parser Number of element :3
01-01 00:00:16.532   315   315 I irsc_util: file_parser Number of element :3
01-01 00:00:16.532   315   315 I irsc_util: file_parser Number of element :3
01-01 00:00:16.532   315   315 I irsc_util: file_parser Number of element :3
01-01 00:00:16.532   315   315 I irsc_util: file_parser Number of element :3
01-01 00:00:16.532   315   315 I irsc_util: file_parser Number of element :3
01-01 00:00:16.532   315   315 I irsc_util: file_parser Number of element :3
01-01 00:00:16.532   315   315 I irsc_util: file_parser Number of element :3
01-01 00:00:16.532   315   315 I irsc_util: file_parser Number of element :3
01-01 00:00:16.532   315   315 I irsc_util: file_parser Number of element :3
01-01 00:00:16.532   315   315 I irsc_util: file_parser Number of element :3
01-01 00:00:16.532   315   315 I irsc_util: file_parser Number of element :3
01-01 00:00:16.532   315   315 I irsc_util: file_parser Number of element :3
01-01 00:00:16.532   315   315 I irsc_util: file_parser Number of element :3
01-01 00:00:16.532   315   315 I irsc_util: file_parser Number of element :3
01-01 00:00:16.532   315   315 I irsc_util: file_parser Number of element :3
01-01 00:00:16.532   315   315 I irsc_util: file_parser Number of element :3
01-01 00:00:16.532   315   315 I irsc_util: file_parser Number of element :3
01-01 00:00:16.532   315   315 I irsc_util: file_parser Number of element :3
01-01 00:00:16.532   315   315 I irsc_util: file_parser Number of element :3
01-01 00:00:16.532   315   315 I irsc_util: file_parser Number of element :3
01-01 00:00:16.532   315   315 I irsc_util: file_parser Number of element :3
01-01 00:00:16.532   315   315 I irsc_util: file_parser Number of element :3
01-01 00:00:16.532   315   315 I irsc_util: file_parser Number of element :3
01-01 00:00:16.532   315   315 I irsc_util: file_parser Number of element :3
01-01 00:00:16.532   315   315 I irsc_util: file_parser Number of element :3
01-01 00:00:16.532   315   315 I irsc_util: file_parser Number of element :3
01-01 00:00:16.532   315   315 I irsc_util: file_parser Number of element :3
01-01 00:00:16.532   315   315 I irsc_util: file_parser Number of element :3
01-01 00:00:16.532   315   315 I irsc_util: file_parser Number of element :3
01-01 00:00:16.532   315   315 I irsc_util: file_parser Number of element :3
01-01 00:00:16.532   315   315 I irsc_util: file_parser Number of element :3
01-01 00:00:16.532   315   315 I irsc_util: file_parser Number of element :3
01-01 00:00:16.532   315   315 I irsc_util: file_parser Number of element :3
01-01 00:00:16.532   315   315 I irsc_util: file_parser Number of element :3
01-01 00:00:16.532   315   315 I irsc_util: file_parser Number of element :3
01-01 00:00:16.532   315   315 I irsc_util: file_parser Number of element :3
01-01 00:00:16.532   315   315 I irsc_util: file_parser Number of element :3
01-01 00:00:16.532   315   315 I irsc_util: file_parser Number of element :3
01-01 00:00:16.532   315   315 I irsc_util: file_parser Number of element :3
01-01 00:00:16.532   315   315 I irsc_util: file_parser Number of element :3
01-01 00:00:16.532   315   315 I irsc_util: file_parser Number of element :3
01-01 00:00:16.532   315   315 I irsc_util: file_parser Number of element :3
01-01 00:00:16.532   315   315 I irsc_util: file_parser Number of element :3
01-01 00:00:16.532   315   315 I irsc_util: file_parser Number of element :3
01-01 00:00:16.532   315   315 I irsc_util: file_parser Number of element :3
01-01 00:00:16.532   315   315 I irsc_util: file_parser Number of element :3
01-01 00:00:16.532   315   315 I irsc_util: file_parser Number of element :3
01-01 00:00:16.533   315   315 I irsc_util: file_parser Number of element :3
01-01 00:00:16.533   315   315 I irsc_util: file_parser Number of element :3
01-01 00:00:16.533   315   315 I irsc_util: file_parser Number of element :3
01-01 00:00:16.533   315   315 I irsc_util: file_parser Number of element :3
01-01 00:00:16.533   315   315 I irsc_util: file_parser Number of element :3
01-01 00:00:16.533   315   315 I irsc_util: file_parser Number of element :3
01-01 00:00:16.533   315   315 I irsc_util: file_parser Number of element :3
01-01 00:00:16.533   315   315 I irsc_util: file_parser Number of element :3
01-01 00:00:16.533   315   315 I irsc_util: file_parser Number of element :3
01-01 00:00:16.533   315   315 I irsc_util: file_parser Number of element :3
01-01 00:00:16.533   315   315 I irsc_util: file_parser Number of element :3
01-01 00:00:16.533   315   315 I irsc_util: file_parser Number of element :3
01-01 00:00:16.533   315   315 I irsc_util: file_parser Number of element :3
01-01 00:00:16.533   315   315 I irsc_util: file_parser Number of element :3
01-01 00:00:16.533   315   315 I irsc_util: file_parser Number of element :3
01-01 00:00:16.533   315   315 I irsc_util: file_parser Number of element :3
01-01 00:00:16.533   315   315 I irsc_util: file_parser Number of element :3
01-01 00:00:16.533   315   315 I irsc_util: file_parser Number of element :3
01-01 00:00:16.533   315   315 I irsc_util: file_parser Number of element :3
01-01 00:00:16.533   315   315 I irsc_util: file_parser Number of element :3
01-01 00:00:16.533   315   315 I irsc_util: file_parser Number of element :3
01-01 00:00:16.533   315   315 I irsc_util: file_parser Number of element :3
01-01 00:00:16.533   315   315 I irsc_util: file_parser Number of element :3
01-01 00:00:16.533   315   315 I irsc_util: file_parser Number of element :3
01-01 00:00:16.533   315   315 I irsc_util: file_parser Number of element :3
01-01 00:00:16.533   315   315 I irsc_util: file_parser Number of element :3
01-01 00:00:16.533   315   315 I irsc_util: file_parser Number of element :3
01-01 00:00:16.533   315   315 I irsc_util: file_parser Number of element :3
01-01 00:00:16.533   315   315 I irsc_util: file_parser Number of element :3
01-01 00:00:16.533   315   315 I irsc_util: file_parser Number of element :3
01-01 00:00:16.533   315   315 I irsc_util: file_parser Number of element :3
01-01 00:00:16.533   315   315 I irsc_util: file_parser Number of element :3
01-01 00:00:16.533   315   315 I irsc_util: file_parser Number of element :3
01-01 00:00:16.533   315   315 I irsc_util: file_parser Number of element :3
01-01 00:00:16.533   315   315 I irsc_util: file_parser Number of element :3
01-01 00:00:16.533   315   315 I irsc_util: file_parser Number of element :3
01-01 00:00:16.533   315   315 I irsc_util: file_parser Number of element :3
01-01 00:00:16.533   315   315 I irsc_util: file_parser Number of element :3
01-01 00:00:16.533   315   315 I irsc_util: file_parser Number of element :3
01-01 00:00:16.533   315   315 I irsc_util: file_parser Number of element :3
01-01 00:00:16.533   315   315 I irsc_util: file_parser Number of element :3
01-01 00:00:16.533   315   315 I irsc_util: file_parser Number of element :3
01-01 00:00:16.533   315   315 I irsc_util: file_parser Number of element :3
01-01 00:00:16.533   315   315 I irsc_util: file_parser Number of element :3
01-01 00:00:16.533   315   315 I irsc_util: file_parser Number of element :3
01-01 00:00:16.533   315   315 I irsc_util: file_parser Number of element :3
01-01 00:00:16.533   315   315 I irsc_util: file_parser Number of element :3
01-01 00:00:16.533   315   315 I irsc_util: file_parser Number of element :3
01-01 00:00:16.533   315   315 I irsc_util: file_parser Number of element :3
01-01 00:00:16.533   315   315 I irsc_util: file_parser Number of element :3
01-01 00:00:16.533   315   315 I irsc_util: file_parser Number of element :3
01-01 00:00:16.533   315   315 I irsc_util: file_parser Number of element :3
01-01 00:00:16.533   315   315 I irsc_util: file_parser Number of element :3
01-01 00:00:16.533   315   315 I irsc_util: file_parser Number of element :3
01-01 00:00:16.533   315   315 I irsc_util: file_parser Number of element :3
01-01 00:00:16.533   315   315 I irsc_util: file_parser Number of element :3
01-01 00:00:16.533   315   315 I irsc_util: file_parser Number of element :3
01-01 00:00:16.533   315   315 I irsc_util: file_parser Number of element :3
01-01 00:00:16.533   315   315 I irsc_util: file_parser Number of element :3
01-01 00:00:16.533   315   315 I irsc_util: file_parser Number of element :3
01-01 00:00:16.533   315   315 I irsc_util: file_parser Number of element :3
01-01 00:00:16.533   315   315 I irsc_util: file_parser Number of element :3
01-01 00:00:16.533   315   315 I irsc_util: file_parser Number of element :3
01-01 00:00:16.533   315   315 I irsc_util: file_parser Number of element :3
01-01 00:00:16.533   315   315 I irsc_util: file_parser Number of element :3
01-01 00:00:16.533   315   315 I irsc_util: file_parser Number of element :3
01-01 00:00:16.533   315   315 I irsc_util: file_parser Number of element :3
01-01 00:00:16.533   315   315 I irsc_util: file_parser Number of element :3
01-01 00:00:16.533   315   315 I irsc_util: file_parser Number of element :3
01-01 00:00:16.533   315   315 I irsc_util: file_parser Number of element :3
01-01 00:00:16.533   315   315 I irsc_util: file_parser Number of element :3
01-01 00:00:16.533   315   315 I irsc_util: file_parser Number of element :3
01-01 00:00:16.533   315   315 I irsc_util: file_parser Number of element :3
01-01 00:00:16.533   315   315 I irsc_util: file_parser Number of element :3
01-01 00:00:16.533   315   315 I irsc_util: file_parser Number of element :3
01-01 00:00:16.533   315   315 I irsc_util: file_parser Number of element :3
01-01 00:00:16.533   315   315 I irsc_util: file_parser Number of element :3
01-01 00:00:16.533   315   315 I irsc_util: file_parser Number of element :3
01-01 00:00:16.533   315   315 I irsc_util: file_parser Number of element :3
01-01 00:00:16.533   315   315 I irsc_util: file_parser Number of element :3
01-01 00:00:16.533   315   315 I irsc_util: file_parser Number of element :3
01-01 00:00:16.533   315   315 I irsc_util: file_parser Number of element :3
01-01 00:00:16.533   315   315 I irsc_util: file_parser Number of element :3
01-01 00:00:16.533   315   315 I irsc_util: file_parser Number of element :3
01-01 00:00:16.533   315   315 I irsc_util: file_parser Number of element :3
01-01 00:00:16.533   315   315 I irsc_util: file_parser Number of element :3
01-01 00:00:16.538   315   315 I irsc_util: file_parser Number of element :3
01-01 00:00:16.538   315   315 I irsc_util: file_parser Number of element :3
01-01 00:00:16.538   315   315 I irsc_util: file_parser Number of element :3
01-01 00:00:16.538   315   315 I irsc_util: file_parser Number of element :3
01-01 00:00:16.538   315   315 I irsc_util: file_parser Number of element :3
01-01 00:00:16.538   315   315 I irsc_util: file_parser Number of element :3
01-01 00:00:16.538   315   315 I irsc_util: file_parser Number of element :3
01-01 00:00:16.538   315   315 I irsc_util: file_parser Number of element :3
01-01 00:00:16.538   315   315 I irsc_util: file_parser Number of element :0
01-01 00:00:16.538   315   315 I irsc_util: file_parser Invalid Format or Comment - '/* Allow RCS service to aquire net_raw permission */
01-01 00:00:16.538   315   315 I irsc_util: '
01-01 00:00:16.538   315   315 I irsc_util: file_parser Number of element :4
01-01 00:00:16.538   315   315 I irsc_util: file_parser Number of element :0
01-01 00:00:16.538   315   315 I irsc_util: file_parser Invalid Format or Comment - '/* Allow QMID service to aquire net_raw permission */
01-01 00:00:16.538   315   315 I irsc_util: '
01-01 00:00:16.538   315   315 I irsc_util: file_parser Number of element :4
01-01 00:00:16.538   315   315 I irsc_util: file_parser Number of element :4
01-01 00:00:16.538   315   315 I irsc_util: file_parser Number of element :4
01-01 00:00:16.538   315   315 I irsc_util: file_parser Number of element :4
01-01 00:00:16.538   315   315 I irsc_util: file_parser Number of element :4
01-01 00:00:16.538   315   315 I irsc_util: file_parser Number of element :4
01-01 00:00:16.538   315   315 I irsc_util: Feed the sec config info to the router
01-01 00:00:16.538   315   315 I irsc_util: Num of entries:265
01-01 00:00:16.540   304   304 I Netd    : Netd 1.0 starting
01-01 00:00:16.548   311   311 D QSEECOMAPI: : QSEECom_get_handle sb_length = 0x2000
01-01 00:00:16.580   317   367 E adsprpc : vendor/qcom/proprietary/adsprpc/src/apps_std_imp.c:33:apps_std fopen failed: /system/vendor/lib/rfsa/adsp//oemconfig.so No such file or directory
01-01 00:00:16.587   317   367 E adsprpc : vendor/qcom/proprietary/adsprpc/src/apps_std_imp.c:33:apps_std fopen failed: /voiceproc_tx.so No such file or directory
01-01 00:00:16.587   317   367 E adsprpc : vendor/qcom/proprietary/adsprpc/src/apps_std_imp.c:33:apps_std fopen failed: /system/lib/rfsa/adsp//voiceproc_tx.so No such file or directory
01-01 00:00:16.587   317   367 E adsprpc : vendor/qcom/proprietary/adsprpc/src/apps_std_imp.c:33:apps_std fopen failed: /system/vendor/lib/rfsa/adsp//voiceproc_tx.so No such file or directory
01-01 00:00:16.587   317   367 E adsprpc : vendor/qcom/proprietary/adsprpc/src/apps_std_imp.c:33:apps_std fopen failed: /voiceproc_rx.so No such file or directory
01-01 00:00:16.588   317   367 E adsprpc : vendor/qcom/proprietary/adsprpc/src/apps_std_imp.c:33:apps_std fopen failed: /system/lib/rfsa/adsp//voiceproc_rx.so No such file or directory
01-01 00:00:16.588   317   367 E adsprpc : vendor/qcom/proprietary/adsprpc/src/apps_std_imp.c:33:apps_std fopen failed: /system/vendor/lib/rfsa/adsp//voiceproc_rx.so No such file or directory
01-01 00:00:16.622   589   589 I recovery: Recovery image already installed 
01-01 00:00:16.661   323   323 D AndroidRuntime: 
01-01 00:00:16.661   323   323 D AndroidRuntime: >>>>>> AndroidRuntime START com.android.internal.os.ZygoteInit <<<<<<
01-01 00:00:16.661   393   393 I qdutils : PartialUpdate status: Disabled
01-01 00:00:16.661   393   393 I qdutils : Left Align: 0
01-01 00:00:16.661   393   393 I qdutils : Width Align: 0
01-01 00:00:16.661   393   393 I qdutils : Top Align: 0
01-01 00:00:16.661   393   393 I qdutils : Height Align: 0
01-01 00:00:16.661   393   393 I qdutils : Min ROI Width: 0
01-01 00:00:16.661   393   393 I qdutils : Min ROI Height: 0
01-01 00:00:16.661   393   393 I qdutils : Needs ROI Merge: 0
01-01 00:00:16.662   393   393 D PPDaemon: CABL version 1.1.20130401
01-01 00:00:16.663   393   393 D PPDaemon: isHDMIPrimary: HDMI is not primary display
01-01 00:00:16.669   405   405 D LocSvc_utils_cfg: D/loc_read_conf: using /etc/gps.conf
01-01 00:00:16.669   405   405 D LocSvc_utils_cfg: D/int loc_read_conf_r(FILE*, loc_param_s_type*, uint32_t):283]: num_params: 2
01-01 00:00:16.669   405   405 D LocSvc_utils_cfg: D/loc_set_config_entry: PARAM DEBUG_LEVEL = 3
01-01 00:00:16.669   405   405 D LocSvc_utils_cfg: D/int loc_read_conf_r(FILE*, loc_param_s_type*, uint32_t):287]: fgets returned NULL
01-01 00:00:16.669   405   405 E SlimDmn : I/int main(int, char**):g_sensor_provider is 1
01-01 00:00:16.697   323   323 D AndroidRuntime: CheckJNI is OFF
01-01 00:00:16.707   323   323 I art     : option[0]=-Xzygote
01-01 00:00:16.707   323   323 I art     : option[1]=-Xstacktracefile:/data/anr/traces.txt
01-01 00:00:16.707   323   323 I art     : option[2]=exit
01-01 00:00:16.707   323   323 I art     : option[3]=vfprintf
01-01 00:00:16.707   323   323 I art     : option[4]=sensitiveThread
01-01 00:00:16.707   323   323 I art     : option[5]=-verbose:gc
01-01 00:00:16.707   323   323 I art     : option[6]=-Xms8m
01-01 00:00:16.707   323   323 I art     : option[7]=-Xmx512m
01-01 00:00:16.707   323   323 I art     : option[8]=-XX:mainThreadStackSize=24K
01-01 00:00:16.707   323   323 I art     : option[9]=-XX:HeapGrowthLimit=192m
01-01 00:00:16.707   323   323 I art     : option[10]=-XX:HeapMinFree=512k
01-01 00:00:16.707   323   323 I art     : option[11]=-XX:HeapMaxFree=8m
01-01 00:00:16.707   323   323 I art     : option[12]=-XX:HeapTargetUtilization=0.75
01-01 00:00:16.707   323   323 I art     : option[13]=-agentlib:jdwp=transport=dt_android_adb,suspend=n,server=y
01-01 00:00:16.707   323   323 I art     : option[14]=-Xlockprofthreshold:500
01-01 00:00:16.707   323   323 I art     : option[15]=-Ximage-compiler-option
01-01 00:00:16.707   323   323 I art     : option[16]=--runtime-arg
01-01 00:00:16.707   323   323 I art     : option[17]=-Ximage-compiler-option
01-01 00:00:16.707   323   323 I art     : option[18]=-Xms64m
01-01 00:00:16.707   323   323 I art     : option[19]=-Ximage-compiler-option
01-01 00:00:16.707   323   323 I art     : option[20]=--runtime-arg
01-01 00:00:16.708   323   323 I art     : option[21]=-Ximage-compiler-option
01-01 00:00:16.708   323   323 I art     : option[22]=-Xmx64m
01-01 00:00:16.708   323   323 I art     : option[23]=-Ximage-compiler-option
01-01 00:00:16.708   323   323 I art     : option[24]=--image-classes-zip=/system/framework/framework.jar
01-01 00:00:16.708   323   323 I art     : option[25]=-Ximage-compiler-option
01-01 00:00:16.708   323   323 I art     : option[26]=--image-classes=preloaded-classes
01-01 00:00:16.708   323   323 I art     : option[27]=-Xcompiler-option
01-01 00:00:16.708   323   323 I art     : option[28]=--runtime-arg
01-01 00:00:16.708   323   323 I art     : option[29]=-Xcompiler-option
01-01 00:00:16.708   323   323 I art     : option[30]=-Xms64m
01-01 00:00:16.708   323   323 I art     : option[31]=-Xcompiler-option
01-01 00:00:16.708   323   323 I art     : option[32]=--runtime-arg
01-01 00:00:16.708   323   323 I art     : option[33]=-Xcompiler-option
01-01 00:00:16.708   323   323 I art     : option[34]=-Xmx512m
01-01 00:00:16.708   323   323 I art     : option[35]=-Duser.language=en
01-01 00:00:16.708   323   323 I art     : option[36]=-Duser.region=US
01-01 00:00:16.709   422   422 I iptables: type=1400 audit(0.0:10): avc: denied { create } for scontext=u:r:init:s0 tcontext=u:r:init:s0 tclass=rawip_socket permissive=1
01-01 00:00:16.711   420   420 I qcom-bluetooth: /system/etc/init.qcom.bt.sh: Bluetooth stack is Bluedroid 
01-01 00:00:16.719   422   422 I iptables: type=1400 audit(0.0:11): avc: denied { getopt } for lport=255 scontext=u:r:init:s0 tcontext=u:r:init:s0 tclass=rawip_socket permissive=1
01-01 00:00:16.719   422   422 I iptables: type=1400 audit(0.0:12): avc: denied { setopt } for lport=255 scontext=u:r:init:s0 tcontext=u:r:init:s0 tclass=rawip_socket permissive=1
01-01 00:00:16.748   413   413 I libmdmdetect: No supported ESOC's found
01-01 00:00:16.748   413   413 E mdm_helper_proxy: No supported ESOC's found
01-01 00:00:16.748   413   413 E mdm_helper_proxy: Failed to load device configuration
01-01 00:00:16.750   424   424 E wifi_ap.sh: WIFI_AP: Toggling! 
01-01 00:00:16.758   331   331 I Atfwd_Daemon: APQ baseband : Explicitly stopping ATFWD service....
01-01 00:00:16.758   331   331 I Atfwd_Daemon: Stop the daemon....
01-01 00:00:16.760   328   328 E LocSvc_launcher: E/sig_handler_chld:79]: Received SIGCHLD
01-01 00:00:16.760   328   328 E LocSvc_launcher: E/Parent woken up! Interrupted system call
01-01 00:00:16.760   328   328 E LocSvc_launcher: E/main:647]: Exit status: 1. Restarting
01-01 00:00:16.760   328   328 E LocSvc_launcher: E/main:657]: Restarting /system/bin/xtwifi-client. Number of restarts: 1
01-01 00:00:16.765   328   328 E LocSvc_launcher: E/sig_handler_chld:79]: Received SIGCHLD
01-01 00:00:16.765   328   328 E LocSvc_launcher: E/Parent woken up! Interrupted system call
01-01 00:00:16.765   328   328 E LocSvc_launcher: E/main:647]: Exit status: 1. Restarting
01-01 00:00:16.766   328   328 E LocSvc_launcher: E/main:657]: Restarting /system/bin/xtwifi-client. Number of restarts: 2
01-01 00:00:16.772   328   328 E LocSvc_launcher: E/sig_handler_chld:79]: Received SIGCHLD
01-01 00:00:16.772   328   328 E LocSvc_launcher: E/Parent woken up! Interrupted system call
01-01 00:00:16.772   328   328 E LocSvc_launcher: E/main:647]: Exit status: 1. Restarting
01-01 00:00:16.772   328   328 E LocSvc_launcher: E/main:657]: Restarting /system/bin/xtwifi-client. Number of restarts: 3
01-01 00:00:16.774   425   425 I logcat_to_sd: Waiting for sdcard to mount... 
01-01 00:00:16.774   324   324 E QCNEA   : Cne Version 4.8
01-01 00:00:16.790   249   249 D libEGL  : loaded /vendor/lib/egl/libGLESv1_CM_adreno.so
01-01 00:00:16.799   322   322 E Diag_Lib: qpLogDiagInit ==>
01-01 00:00:16.799   341   341 D QC-time-services: Daemon:genoff_pre_init::Base = 0
01-01 00:00:16.799   341   341 D QC-time-services: Daemon:ats_rtc_init: Time read from RTC -- year = 70, month = 0,day = 1
01-01 00:00:16.800   341   341 D QC-time-services: Daemon:Value read from RTC seconds = 16000
01-01 00:00:16.800   341   341 D QC-time-services: Daemon:genoff_init_config: ATS_RTC initialized
01-01 00:00:16.800   341   341 D QC-time-services: Daemon:genoff_pre_init::Base = 1
01-01 00:00:16.800   341   341 D QC-time-services: Daemon: Storage Name: ats_1 
01-01 00:00:16.800   341   341 D QC-time-services: Daemon:Opening File: /data/time/ats_1
01-01 00:00:16.800   341   341 D QC-time-services: Daemon:time_persistent_memory_opr:Genoff Read operation 
01-01 00:00:16.803   249   249 D libEGL  : loaded /vendor/lib/egl/libGLESv2_adreno.so
01-01 00:00:16.807   321   321 I ThermalEngine: Thermal daemon started
01-01 00:00:16.807   321   321 I ThermalEngine: devices_manager_init: Init
01-01 00:00:16.807   321   321 I ThermalEngine: Number of gpus :1
01-01 00:00:16.807   321   321 I Thermal-IOCTL: KTM IOCTL interface "/dev/msm_thermal_query" opened
01-01 00:00:16.810   341   341 D QC-time-services: Daemon:Unable to open filefor read
01-01 00:00:16.810   341   341 D QC-time-services: Daemon:genoff_post_init:Error in accessing storage
01-01 00:00:16.810   341   341 D QC-time-services: Daemon:genoff_pre_init::Base = 2
01-01 00:00:16.810   341   341 D QC-time-services: Daemon: Storage Name: ats_2 
01-01 00:00:16.810   341   341 D QC-time-services: Daemon:Opening File: /data/time/ats_2
01-01 00:00:16.810   341   341 D QC-time-services: Daemon:time_persistent_memory_opr:Genoff Read operation 
01-01 00:00:16.810   341   341 D QC-time-services: Daemon:Unable to open filefor read
01-01 00:00:16.810   341   341 D QC-time-services: Daemon:genoff_post_init:Error in accessing storage
01-01 00:00:16.810   341   341 D QC-time-services: Daemon:genoff_pre_init::Base = 3
01-01 00:00:16.810   341   341 D QC-time-services: Daemon: Storage Name: ats_3 
01-01 00:00:16.810   341   341 D QC-time-services: Daemon:Opening File: /data/time/ats_3
01-01 00:00:16.810   341   341 D QC-time-services: Daemon:time_persistent_memory_opr:Genoff Read operation 
01-01 00:00:16.810   341   341 D QC-time-services: Daemon:Unable to open filefor read
01-01 00:00:16.810   341   341 D QC-time-services: Daemon:genoff_post_init:Error in accessing storage
01-01 00:00:16.810   341   341 D QC-time-services: Daemon:genoff_pre_init::Base = 4
01-01 00:00:16.810   341   341 D QC-time-services: Daemon: Storage Name: ats_4 
01-01 00:00:16.810   341   341 D QC-time-services: Daemon:Opening File: /data/time/ats_4
01-01 00:00:16.810   341   341 D QC-time-services: Daemon:time_persistent_memory_opr:Genoff Read operation 
01-01 00:00:16.810   341   341 D QC-time-services: Daemon:Unable to open filefor read
01-01 00:00:16.810   341   341 D QC-time-services: Daemon:genoff_post_init:Error in accessing storage
01-01 00:00:16.810   341   341 D QC-time-services: Daemon:genoff_pre_init::Base = 5
01-01 00:00:16.810   341   341 D QC-time-services: Daemon: Storage Name: ats_5 
01-01 00:00:16.810   341   341 D QC-time-services: Daemon:Opening File: /data/time/ats_5
01-01 00:00:16.810   341   341 D QC-time-services: Daemon:time_persistent_memory_opr:Genoff Read operation 
01-01 00:00:16.814   341   341 D QC-time-services: Daemon:Unable to open filefor read
01-01 00:00:16.814   341   341 D QC-time-services: Daemon:genoff_post_init:Error in accessing storage
01-01 00:00:16.814   341   341 D QC-time-services: Daemon:genoff_pre_init::Base = 6
01-01 00:00:16.814   341   341 D QC-time-services: Daemon: Storage Name: ats_6 
01-01 00:00:16.814   341   341 D QC-time-services: Daemon:Opening File: /data/time/ats_6
01-01 00:00:16.814   341   341 D QC-time-services: Daemon:time_persistent_memory_opr:Genoff Read operation 
01-01 00:00:16.814   341   341 D QC-time-services: Daemon:Unable to open filefor read
01-01 00:00:16.814   341   341 D QC-time-services: Daemon:genoff_post_init:Error in accessing storage
01-01 00:00:16.814   322   322 E Diag_Lib: qpLogDiagInit <== result : 1
01-01 00:00:16.814   341   341 D QC-time-services: Daemon:genoff_pre_init::Base = 7
01-01 00:00:16.814   341   341 D QC-time-services: Daemon: Storage Name: ats_7 
01-01 00:00:16.814   341   341 D QC-time-services: Daemon:Opening File: /data/time/ats_7
01-01 00:00:16.814   341   341 D QC-time-services: Daemon:time_persistent_memory_opr:Genoff Read operation 
01-01 00:00:16.814   322   322 E Diag_Lib: [IMS_QMID] |imsqmiserver.c | 505 | QMID#$$#0#QMI DAEMON STARTED
01-01 00:00:16.814   341   341 D QC-time-services: Daemon:Unable to open filefor read
01-01 00:00:16.814   341   341 D QC-time-services: Daemon:genoff_post_init:Error in accessing storage
01-01 00:00:16.814   322   322 E Diag_Lib: [IMS_QMID] |imsqmiserver.c | 515 | ims-qmi-daemon main entry getgid: 3e9
01-01 00:00:16.814   341   341 D QC-time-services: Daemon:genoff_pre_init::Base = 8
01-01 00:00:16.814   341   341 D QC-time-services: Daemon: Storage Name: ats_8 
01-01 00:00:16.814   341   341 D QC-time-services: Daemon:Opening File: /data/time/ats_8
01-01 00:00:16.814   322   322 E Diag_Lib: [IMS_QMID] |imsqmiserver.c | 524 | ims-qmi-daemon: Server Sock FD 10 received from init
01-01 00:00:16.814   341   341 D QC-time-services: Daemon:time_persistent_memory_opr:Genoff Read operation 
01-01 00:00:16.815   322   322 E Diag_Lib: [IMS_QMID] |imsqmiserver.c | 86 | QMIDAddFDToFDSet:Added FD: [10] to FDSet
01-01 00:00:16.815   341   341 D QC-time-services: Daemon:Unable to open filefor read
01-01 00:00:16.815   322   322 E Diag_Lib: [IMS_QMID] |imsqmiserver.c | 543 | QMID#$$#0#QMID SERVER STARTED
01-01 00:00:16.815   341   341 D QC-time-services: Daemon:genoff_post_init:Error in accessing storage
01-01 00:00:16.815   341   341 D QC-time-services: Daemon:genoff_pre_init::Base = 9
01-01 00:00:16.815   322   322 E Diag_Lib: [IMS_QMID] |imsqmiserver.c | 554 | ims-qmi-daemon listen done
01-01 00:00:16.815   341   341 D QC-time-services: Daemon: Storage Name: ats_9 
01-01 00:00:16.815   341   341 D QC-time-services: Daemon:Opening File: /data/time/ats_9
01-01 00:00:16.815   341   341 D QC-time-services: Daemon:time_persistent_memory_opr:Genoff Read operation 
01-01 00:00:16.815   341   341 D QC-time-services: Daemon:Unable to open filefor read
01-01 00:00:16.815   341   341 D QC-time-services: Daemon:genoff_post_init:Error in accessing storage
01-01 00:00:16.815   341   341 D QC-time-services: Daemon:genoff_pre_init::Base = 10
01-01 00:00:16.815   341   341 D QC-time-services: Daemon: Storage Name: ats_10 
01-01 00:00:16.815   341   341 D QC-time-services: Daemon:Opening File: /data/time/ats_10
01-01 00:00:16.815   341   341 D QC-time-services: Daemon:time_persistent_memory_opr:Genoff Read operation 
01-01 00:00:16.815   341   341 D QC-time-services: Daemon:Unable to open filefor read
01-01 00:00:16.815   341   341 D QC-time-services: Daemon:genoff_post_init:Error in accessing storage
01-01 00:00:16.815   341   341 D QC-time-services: Daemon:genoff_pre_init::Base = 11
01-01 00:00:16.815   341   341 D QC-time-services: Daemon: Storage Name: ats_11 
01-01 00:00:16.815   341   341 D QC-time-services: Daemon:Opening File: /data/time/ats_11
01-01 00:00:16.815   341   341 D QC-time-services: Daemon:time_persistent_memory_opr:Genoff Read operation 
01-01 00:00:16.815   341   341 D QC-time-services: Daemon:Unable to open filefor read
01-01 00:00:16.815   341   341 D QC-time-services: Daemon:genoff_post_init:Error in accessing storage
01-01 00:00:16.815   341   341 D QC-time-services: Daemon:genoff_pre_init::Base = 12
01-01 00:00:16.815   341   341 D QC-time-services: Daemon: Storage Name: ats_12 
01-01 00:00:16.815   341   341 D QC-time-services: Daemon:Opening File: /data/time/ats_12
01-01 00:00:16.815   341   341 D QC-time-services: Daemon:time_persistent_memory_opr:Genoff Read operation 
01-01 00:00:16.815   341   341 D QC-time-services: Daemon:Unable to open filefor read
01-01 00:00:16.815   341   341 D QC-time-services: Daemon:genoff_post_init:Error in accessing storage
01-01 00:00:16.815   341   341 D QC-time-services: Daemon:genoff_pre_init::Base = 13
01-01 00:00:16.815   341   341 D QC-time-services: Daemon: Storage Name: ats_13 
01-01 00:00:16.815   341   341 D QC-time-services: Daemon:Opening File: /data/time/ats_13
01-01 00:00:16.815   341   341 D QC-time-services: Daemon:time_persistent_memory_opr:Genoff Read operation 
01-01 00:00:16.815   341   341 D QC-time-services: Daemon:Unable to open filefor read
01-01 00:00:16.815   341   341 D QC-time-services: Daemon:genoff_post_init:Error in accessing storage
01-01 00:00:16.815   341   341 D QC-time-services: Daemon:genoff_pre_init::Base = 14
01-01 00:00:16.815   341   341 D QC-time-services: Daemon: Storage Name: ats_14 
01-01 00:00:16.815   341   341 D QC-time-services: Daemon:Opening File: /data/time/ats_14
01-01 00:00:16.815   341   341 D QC-time-services: Daemon:time_persistent_memory_opr:Genoff Read operation 
01-01 00:00:16.815   341   341 D QC-time-services: Daemon:Unable to open filefor read
01-01 00:00:16.815   341   341 D QC-time-services: Daemon:genoff_post_init:Error in accessing storage
01-01 00:00:16.815   341   341 D QC-time-services: Daemon:genoff_init_config: Other bases initilized, exiting genoff_init
01-01 00:00:16.815   341   341 D QC-time-services: Daemon:genoff_opr: Base = 1, val = 0, operation = 1
01-01 00:00:16.815   341   341 D QC-time-services: Daemon: genoff get for 1
01-01 00:00:16.815   341   341 D QC-time-services: Daemon:rtc_get: Time read from RTC -- MM/DD/YY HH:MM:SS0/1/70 0:0:16
01-01 00:00:16.815   341   341 D QC-time-services: Daemon:Value read from RTC seconds = 16000
01-01 00:00:16.815   341   341 D QC-time-services: Daemon:Value read from generic offset = 0
01-01 00:00:16.815   341   341 D QC-time-services: Daemon:Final Time = 16000
01-01 00:00:16.815   341   341 D QC-time-services: Daemon:genoff_boot_tod_init: Setting system time to sec =16, nsec =0
01-01 00:00:17.019   316   316 D WLAN_PSA: NL BCAST MSG KDriver Not ready yet : KNLREADY
01-01 00:00:17.019   316   316 D WLAN_PSA: NL BCAST MSG Received, Kernel ready, connect LN
01-01 00:00:17.019   316   316 E pttSocketApp:          aniAsfIpc.c:809 Error(-1225152163):Gethostbyname failed, ipcPtr [0xb6b50040], sd 4
01-01 00:00:17.019   316   316 D WLAN_PSA: Register APP Socket to kernel
01-01 00:00:17.019   316   316 V WLAN_PSA: NL MSG, len[009], NL type[0x4D08] WNI type[0x4541] len[17497]
01-01 00:00:17.019   316   316 V WLAN_PSA: NL MSG, PID: 0
01-01 00:00:17.019   316   316 V WLAN_PSA: NL MSG, len[056], NL type[0x11] WNI type[0x   2] len[036]
01-01 00:00:17.019   316   316 V WLAN_PSA: NL MSG, PID: 316
01-01 00:00:17.019   316   316 V WLAN_PSA: NL MSG, len[009], NL type[0x4708] WNI type[0x4541] len[17497]
01-01 00:00:17.019   316   316 V WLAN_PSA: NL MSG, PID: 0
01-01 00:00:17.019   316   316 V WLAN_PSA: NL MSG, len[056], NL type[0x11] WNI type[0x   2] len[036]
01-01 00:00:17.019   316   316 V WLAN_PSA: NL MSG, PID: 316
01-01 00:00:17.108   343   343 E mm-camera-sensor: module_sensor_init_eeprom:5078 Exit subdev_id[SUB_MODULE_EEPROM] == -1
01-01 00:00:17.108   343   343 E mm-camera-sensor: module_sensor_init_eeprom:5078 Exit subdev_id[SUB_MODULE_EEPROM] == -1
01-01 00:00:17.129   820   820 I ndc     : type=1400 audit(0.0:17): avc: denied { read write } for path="/dev/pts/0" dev="devpts" ino=3 scontext=u:r:wcnss_service:s0 tcontext=u:object_r:devpts:s0 tclass=chr_file permissive=1
01-01 00:00:17.129   820   820 I ndc     : type=1400 audit(0.0:18): avc: denied { getattr } for path="/dev/pts/0" dev="devpts" ino=3 scontext=u:r:wcnss_service:s0 tcontext=u:object_r:devpts:s0 tclass=chr_file permissive=1
01-01 00:00:17.129   820   820 I ndc     : type=1400 audit(0.0:19): avc: denied { write } for name="netd" dev="tmpfs" ino=9606 scontext=u:r:wcnss_service:s0 tcontext=u:object_r:netd_socket:s0 tclass=sock_file permissive=1
01-01 00:00:17.147   388   388 I sh      : Error connecting (Connection refused)
01-01 00:00:17.152   388   388 I sh      : Error connecting (Connection refused)
01-01 00:00:17.154   393   393 I PPDaemon: QDCM LIbrary loaded successfully mQdcmLib = b5170144,             factory = b516606d, mQdcmMode = b4f1b250
01-01 00:00:17.154   249   249 I qdutils : PartialUpdate status: Disabled
01-01 00:00:17.154   249   249 I qdutils : Left Align: 0
01-01 00:00:17.154   249   249 I qdutils : Width Align: 0
