--------- beginning of main
01-01 00:00:15.913     0   263 E qca1530 : detect 
01-01 00:00:00.909   244   244 W auditd  : type=2000 audit(0.0:1): initialized
01-01 00:00:11.939   244   244 I auditd  : type=1403 audit(0.0:2): policy loaded auid=4294967295 ses=4294967295
01-01 00:00:15.919     0   260 I qcom-bluetooth: /system/etc/init.qcom.bt.sh: init.qcom.bt.sh config = onboot 
01-01 00:00:15.924     0   246 I lowmemorykiller: Using in-kernel low memory killer interface
01-01 00:00:15.932     0   264 D qca1530 : detect 
01-01 00:00:15.939     0   273 V qca1530 : detect 
01-01 00:00:15.979   285   285 I init    : type=1400 audit(0.0:3): avc: denied { entrypoint } for path="/system/bin/busybox" dev="mmcblk0p15" ino=223 scontext=u:r:shell:s0 tcontext=u:object_r:system_file:s0 tclass=file permissive=1
01-01 00:00:15.996   253   253 D QSEECOMD: : qseecom listener services process entry PPID = 1
01-01 00:00:15.996   253   253 E QSEECOMD: : Listener: index = 0, hierarchy = 0
01-01 00:00:16.000   325   325 E QC-time-services: Daemon:genoff_boot_tod_init: Unable to set TOD at boot up
01-01 00:00:16.000   325   325 E QC-time-services: Daemon: Unable to set TOD at boot up
01-01 00:00:16.000   325   325 D QC-time-services: Daemon:genoff_modem_qmi_init: Initiallizing QMI 
01-01 00:00:16.000   253   253 D QSEECOMD: : Init dlopen(librpmb.so, RTLD_NOW) succeeds
01-01 00:00:16.000   253   253 D QSEECOMD: : Init::Init dlsym(g_FSHandle rpmb_init_service) succeeds
01-01 00:00:16.000   325   325 E QC-time-services: Daemon:genoff_modem_qmi_init: qmi_client_get_service_list returned -2num_services 0
01-01 00:00:16.000   253   253 I rpmb    : RPMB Mult = 16384, Rel_sec_cnt = 1
01-01 00:00:16.000   253   253 E DrmLibRpmb: rpmb_init succeeded! with ret = 0
01-01 00:00:16.000   253   253 D QSEECOMD: : Init rpmb_init_service ret = 0
01-01 00:00:16.000   253   253 D QSEECOMD: : RPMB system services: init (Listener ID = 8192)
01-01 00:00:16.000   253   253 E QSEECOMD: : Listener: index = 1, hierarchy = 0
01-01 00:00:16.002   253   253 D QSEECOMD: : Init dlopen(libssd.so, RTLD_NOW) succeeds
01-01 00:00:16.002   253   253 D QSEECOMD: : Init::Init dlsym(g_FSHandle ssd_init_service) succeeds
01-01 00:00:16.002   253   253 E SSD     : ssd_init_service succeeded!
01-01 00:00:16.002   253   253 D QSEECOMD: : Init ssd_init_service ret = 0
01-01 00:00:16.002   253   253 D QSEECOMD: : SSD system services: init (Listener ID = 12288)
01-01 00:00:16.002   253   253 E QSEECOMD: : Listener: index = 2, hierarchy = 0
01-01 00:00:16.004   288   288 I qcom-bluetooth: /system/etc/init.qcom.bt.sh: Bluetooth Address programmed successfully 
01-01 00:00:16.008   381   381 V LOWI-6.0.0.15: [LOWIEventDispatcher] LOWIEventDispatcher
01-01 00:00:16.022   249   249 D libEGL  : loaded /vendor/lib/egl/libEGL_adreno.so
01-01 00:00:16.023   381   381 V LOWI-6.0.0.15: [MessageQ_Client] creating client socket
01-01 00:00:16.023   381   381 I LOWI-6.0.0.15: [MessageQ_Client] connecting to server [/data/misc/location/mq/location-mq-s]
01-01 00:00:16.023   381   381 I LOWI-6.0.0.15: [MessageQ_Client] connected
01-01 00:00:16.023   381   381 V LOWI-6.0.0.15: [LOWIController] init
01-01 00:00:16.023   380   380 E QCALOG  : [MessageQ] ProcessNewMessage: [NOT_REGISTERED:381] unknown deliver target [OS-Agent]
01-01 00:00:16.028   382   458 E XTIA    : [inet-agent-wwan-pos] _process failed 4
01-01 00:00:16.028   382   452 E XTIA    : [inet-agent-pos] _process failed 4
01-01 00:00:16.028   382   456 E XTIA    : [inet-agent-cs] _process failed 4
01-01 00:00:16.029   382   454 E XTIA    : [inet-agent-tile] _process failed 4
01-01 00:00:16.029   381   490 E LOWI-6.0.0.15: [LOWIEventReceiver] handleEvent failed
01-01 00:00:16.034   309   309 E ThermalEngine: adc_sensors_setup: Error opening /sys/bus/spmi/devices/qpnp-vadc-f004fe00/pa_therm0
01-01 00:00:16.034   309   309 I ThermalEngine: QMI TS sensor found for pa_therm0
01-01 00:00:16.034   309   309 E ThermalEngine: adc_sensors_setup: Error opening /sys/bus/spmi/devices/qpnp-vadc-f004fe00/pa_therm1
01-01 00:00:16.034   309   309 I ThermalEngine: QMI TS sensor found for pa_therm1
01-01 00:00:16.036   309   309 E ThermalEngine: bcl_setup: Error opening /sys/devices/qcom,bcl.38/iavail
01-01 00:00:16.036   309   309 E ThermalEngine: add_tgt_sensors_set: Error adding bcl
01-01 00:00:16.036   309   309 E ThermalEngine: sensors_init: Error adding BCL TS
01-01 00:00:16.036   309   309 I ThermalEngine: No target config file, falling back to '/system/etc/thermal-engine.conf'
01-01 00:00:16.036   309   309 I ThermalEngine: Loading config file for virtual sensor
01-01 00:00:16.036   309   309 I ThermalEngine: Loading configuration file /system/etc/thermal-engine.conf
01-01 00:00:16.036   309   309 E ThermalEngine: Unable to open config file '/system/etc/thermal-engine.conf'
01-01 00:00:16.036   309   309 E ThermalEngine: virtual_sensors_init: Error getting virtual sensors set
01-01 00:00:16.036   309   309 I ThermalEngine: Loading configuration file /system/etc/thermal-engine.conf
01-01 00:00:16.036   309   309 E ThermalEngine: Unable to open config file '/system/etc/thermal-engine.conf'
01-01 00:00:16.037   309   309 I ThermalEngine: [PMIC-ALARM-MONITOR]
01-01 00:00:16.037   309   309 I ThermalEngine: #algo_type monitor
01-01 00:00:16.037   309   309 I ThermalEngine: sampling 1000
01-01 00:00:16.037   309   309 I ThermalEngine: sensor pma8084_tz
01-01 00:00:16.037   309   309 I ThermalEngine: thresholds 107000 127000
01-01 00:00:16.037   309   309 I ThermalEngine: thresholds_clr 103000 123000
01-01 00:00:16.037   309   309 I ThermalEngine: actions hotplug_1+hotplug_2+hotplug_3+cpu0+cpu1+cpu2+cpu3 hotplug_1+hotplug_2+hotplug_3
01-01 00:00:16.037   309   309 I ThermalEngine: action_info 0+0+0+960000+960000+960000+960000 1+1+1
01-01 00:00:16.037   309   309 I ThermalEngine: [VDD_RSTR_MONITOR-TSENS10]
01-01 00:00:16.037   309   309 I ThermalEngine: #algo_type monitor
01-01 00:00:16.037   309   309 I ThermalEngine: sampling 1000
01-01 00:00:16.037   309   309 I ThermalEngine: sensor tsens_tz_sensor10
01-01 00:00:16.037   309   309 I ThermalEngine: thresholds 5000
01-01 00:00:16.037   309   309 I ThermalEngine: thresholds_clr 10000
01-01 00:00:16.037   309   309 I ThermalEngine: actions vdd_restriction
01-01 00:00:16.037   309   309 I ThermalEngine: action_info 1
01-01 00:00:16.037   309   309 I ThermalEngine: descending
01-01 00:00:16.037   309   309 I ThermalEngine: [VDD_RSTR_MONITOR-TSENS9]
01-01 00:00:16.037   309   309 I ThermalEngine: #algo_type monitor
01-01 00:00:16.037   309   309 I ThermalEngine: sampling 1000
01-01 00:00:16.037   309   309 I ThermalEngine: sensor tsens_tz_sensor9
01-01 00:00:16.037   309   309 I ThermalEngine: thresholds 5000
01-01 00:00:16.037   309   309 I ThermalEngine: thresholds_clr 10000
01-01 00:00:16.037   309   309 I ThermalEngine: actions vdd_restriction
01-01 00:00:16.037   309   309 I ThermalEngine: action_info 1
01-01 00:00:16.038   309   309 I ThermalEngine: descending
01-01 00:00:16.038   309   309 I ThermalEngine: [VDD_RSTR_MONITOR-TSENS8]
01-01 00:00:16.038   309   309 I ThermalEngine: #algo_type monitor
01-01 00:00:16.038   309   309 I ThermalEngine: sampling 1000
01-01 00:00:16.038   309   309 I ThermalEngine: sensor tsens_tz_sensor8
01-01 00:00:16.038   309   309 I ThermalEngine: thresholds 5000
01-01 00:00:16.038   309   309 I ThermalEngine: thresholds_clr 10000
01-01 00:00:16.038   309   309 I ThermalEngine: actions vdd_restriction
01-01 00:00:16.038   309   309 I ThermalEngine: action_info 1
01-01 00:00:16.038   309   309 I ThermalEngine: descending
01-01 00:00:16.038   309   309 I ThermalEngine: [VDD_RSTR_MONITOR-TSENS7]
01-01 00:00:16.038   309   309 I ThermalEngine: #algo_type monitor
01-01 00:00:16.038   309   309 I ThermalEngine: sampling 1000
01-01 00:00:16.038   309   309 I ThermalEngine: sensor tsens_tz_sensor7
01-01 00:00:16.038   309   309 I ThermalEngine: thresholds 5000
01-01 00:00:16.038   309   309 I ThermalEngine: thresholds_clr 10000
01-01 00:00:16.038   309   309 I ThermalEngine: actions vdd_restriction
01-01 00:00:16.038   309   309 I ThermalEngine: action_info 1
01-01 00:00:16.038   309   309 I ThermalEngine: descending
01-01 00:00:16.038   309   309 I ThermalEngine: [VDD_RSTR_MONITOR-TSENS6]
01-01 00:00:16.038   309   309 I ThermalEngine: #algo_type monitor
01-01 00:00:16.038   309   309 I ThermalEngine: sampling 1000
01-01 00:00:16.038   309   309 I ThermalEngine: sensor tsens_tz_sensor6
01-01 00:00:16.038   309   309 I ThermalEngine: thresholds 5000
01-01 00:00:16.038   309   309 I ThermalEngine: thresholds_clr 10000
01-01 00:00:16.038   309   309 I ThermalEngine: actions vdd_restriction
01-01 00:00:16.038   309   309 I ThermalEngine: action_info 1
01-01 00:00:16.038   309   309 I ThermalEngine: descending
01-01 00:00:16.038   309   309 I ThermalEngine: [VDD_RSTR_MONITOR-TSENS5]
01-01 00:00:16.038   309   309 I ThermalEngine: #algo_type monitor
01-01 00:00:16.038   309   309 I ThermalEngine: sampling 1000
01-01 00:00:16.038   309   309 I ThermalEngine: sensor tsens_tz_sensor5
01-01 00:00:16.038   309   309 I ThermalEngine: thresholds 5000
01-01 00:00:16.038   309   309 I ThermalEngine: thresholds_clr 10000
01-01 00:00:16.038   309   309 I ThermalEngine: actions vdd_restriction
01-01 00:00:16.038   309   309 I ThermalEngine: action_info 1
01-01 00:00:16.038   309   309 I ThermalEngine: descending
01-01 00:00:16.038   309   309 I ThermalEngine: [VDD_RSTR_MONITOR-TSENS4]
01-01 00:00:16.038   309   309 I ThermalEngine: #algo_type monitor
01-01 00:00:16.038   309   309 I ThermalEngine: sampling 1000
01-01 00:00:16.038   309   309 I ThermalEngine: sensor tsens_tz_sensor4
01-01 00:00:16.038   309   309 I ThermalEngine: thresholds 5000
01-01 00:00:16.038   309   309 I ThermalEngine: thresholds_clr 10000
01-01 00:00:16.038   309   309 I ThermalEngine: actions vdd_restriction
01-01 00:00:16.038   309   309 I ThermalEngine: action_info 1
01-01 00:00:16.038   309   309 I ThermalEngine: descending
01-01 00:00:16.038   309   309 I ThermalEngine: [VDD_RSTR_MONITOR-TSENS3]
01-01 00:00:16.038   309   309 I ThermalEngine: #algo_type monitor
01-01 00:00:16.038   309   309 I ThermalEngine: sampling 1000
01-01 00:00:16.038   309   309 I ThermalEngine: sensor tsens_tz_sensor3
01-01 00:00:16.038   309   309 I ThermalEngine: thresholds 5000
01-01 00:00:16.038   309   309 I ThermalEngine: thresholds_clr 10000
01-01 00:00:16.038   309   309 I ThermalEngine: actions vdd_restriction
01-01 00:00:16.038   309   309 I ThermalEngine: action_info 1
01-01 00:00:16.038   309   309 I ThermalEngine: descending
01-01 00:00:16.038   309   309 I ThermalEngine: [VDD_RSTR_MONITOR-TSENS2]
01-01 00:00:16.038   309   309 I ThermalEngine: #algo_type monitor
01-01 00:00:16.038   309   309 I ThermalEngine: sampling 1000
01-01 00:00:16.038   309   309 I ThermalEngine: sensor tsens_tz_sensor2
01-01 00:00:16.038   309   309 I ThermalEngine: thresholds 5000
01-01 00:00:16.038   309   309 I ThermalEngine: thresholds_clr 10000
01-01 00:00:16.038   309   309 I ThermalEngine: actions vdd_restriction
01-01 00:00:16.038   309   309 I ThermalEngine: action_info 1
01-01 00:00:16.038   309   309 I ThermalEngine: descending
01-01 00:00:16.038   309   309 I ThermalEngine: [VDD_RSTR_MONITOR-TSENS1]
01-01 00:00:16.038   309   309 I ThermalEngine: #algo_type monitor
01-01 00:00:16.038   309   309 I ThermalEngine: sampling 1000
01-01 00:00:16.038   309   309 I ThermalEngine: sensor tsens_tz_sensor1
01-01 00:00:16.038   309   309 I ThermalEngine: thresholds 5000
01-01 00:00:16.038   309   309 I ThermalEngine: thresholds_clr 10000
01-01 00:00:16.038   309   309 I ThermalEngine: actions vdd_restriction
01-01 00:00:16.038   309   309 I ThermalEngine: action_info 1
01-01 00:00:16.038   309   309 I ThermalEngine: descending
01-01 00:00:16.038   309   309 I ThermalEngine: [VDD_RSTR_MONITOR-TSENS0]
01-01 00:00:16.038   309   309 I ThermalEngine: #algo_type monitor
01-01 00:00:16.038   309   309 I ThermalEngine: sampling 1000
01-01 00:00:16.038   309   309 I ThermalEngine: sensor tsens_tz_sensor0
01-01 00:00:16.038   309   309 I ThermalEngine: thresholds 5000
01-01 00:00:16.038   309   309 I ThermalEngine: thresholds_clr 10000
01-01 00:00:16.038   309   309 I ThermalEngine: actions vdd_restriction
01-01 00:00:16.038   309   309 I ThermalEngine: action_info 1
01-01 00:00:16.038   309   309 I ThermalEngine: descending
01-01 00:00:16.038   309   309 I ThermalEngine: [SS-GPU]
01-01 00:00:16.038   309   309 I ThermalEngine: #algo_type ss
01-01 00:00:16.038   309   309 I ThermalEngine: sampling 250
01-01 00:00:16.038   309   309 I ThermalEngine: sensor tsens_tz_sensor10
01-01 00:00:16.038   309   309 I ThermalEngine: device gpu
01-01 00:00:16.038   309   309 I ThermalEngine: set_point 100000
01-01 00:00:16.038   309   309 I ThermalEngine: set_point_clr 65000
01-01 00:00:16.038   309   309 I ThermalEngine: time_constant 0
01-01 00:00:16.038   309   309 I ThermalEngine: [SS-POPMEM]
01-01 00:00:16.038   309   309 I ThermalEngine: #algo_type ss
01-01 00:00:16.038   309   309 I ThermalEngine: sampling 65
01-01 00:00:16.038   309   309 I ThermalEngine: sensor pop_mem
01-01 00:00:16.038   309   309 I ThermalEngine: device cpu
01-01 00:00:16.038   309   309 I ThermalEngine: set_point 80000
01-01 00:00:16.038   309   309 I ThermalEngine: set_point_clr 55000
01-01 00:00:16.038   309   309 I ThermalEngine: time_constant 16
01-01 00:00:16.038   309   309 I ThermalEngine: [SS-CPU3]
01-01 00:00:16.038   309   309 I ThermalEngine: #algo_type ss
01-01 00:00:16.038   309   309 I ThermalEngine: sampling 65
01-01 00:00:16.038   309   309 I ThermalEngine: sensor cpu3
01-01 00:00:16.038   309   309 I ThermalEngine: device cpu
01-01 00:00:16.038   309   309 I ThermalEngine: set_point 90000
01-01 00:00:16.038   309   309 I ThermalEngine: set_point_clr 55000
01-01 00:00:16.038   309   309 I ThermalEngine: time_constant 0
01-01 00:00:16.038   309   309 I ThermalEngine: [SS-CPU2]
01-01 00:00:16.038   309   309 I ThermalEngine: #algo_type ss
01-01 00:00:16.038   309   309 I ThermalEngine: sampling 65
01-01 00:00:16.038   309   309 I ThermalEngine: sensor cpu2
01-01 00:00:16.038   309   309 I ThermalEngine: device cpu
01-01 00:00:16.039   373   373 I sshd    : type=1400 audit(0.0:13): avc: denied { create } for scontext=u:r:init:s0 tcontext=u:r:init:s0 tclass=tcp_socket permissive=1
01-01 00:00:16.039   373   373 I sshd    : type=1400 audit(0.0:14): avc: denied { setopt } for scontext=u:r:init:s0 tcontext=u:r:init:s0 tclass=tcp_socket permissive=1
01-01 00:00:16.039   373   373 I sshd    : type=1400 audit(0.0:15): avc: denied { bind } for scontext=u:r:init:s0 tcontext=u:r:init:s0 tclass=tcp_socket permissive=1
01-01 00:00:16.039   373   373 I sshd    : type=1400 audit(0.0:16): avc: denied { node_bind } for src=22 scontext=u:r:init:s0 tcontext=u:object_r:node:s0 tclass=tcp_socket permissive=1
01-01 00:00:16.039   373   373 I sshd    : type=1400 audit(0.0:17): avc: denied { listen } for lport=22 scontext=u:r:init:s0 tcontext=u:r:init:s0 tclass=tcp_socket permissive=1
01-01 00:00:16.039   309   309 I ThermalEngine: set_point 90000
01-01 00:00:16.039   309   309 I ThermalEngine: set_point_clr 55000
01-01 00:00:16.039   309   309 I ThermalEngine: time_constant 0
01-01 00:00:16.039   309   309 I ThermalEngine: [SS-CPU1]
01-01 00:00:16.039   309   309 I ThermalEngine: #algo_type ss
01-01 00:00:16.039   309   309 I ThermalEngine: sampling 65
01-01 00:00:16.039   309   309 I ThermalEngine: sensor cpu1
01-01 00:00:16.039   309   309 I ThermalEngine: device cpu
01-01 00:00:16.039   309   309 I ThermalEngine: set_point 90000
01-01 00:00:16.039   309   309 I ThermalEngine: set_point_clr 55000
01-01 00:00:16.039   309   309 I ThermalEngine: time_constant 0
01-01 00:00:16.039   309   309 I ThermalEngine: [SS-CPU0]
01-01 00:00:16.039   309   309 I ThermalEngine: #algo_type ss
01-01 00:00:16.039   309   309 I ThermalEngine: sampling 65
01-01 00:00:16.039   309   309 I ThermalEngine: sensor cpu0
01-01 00:00:16.039   309   309 I ThermalEngine: device cpu
01-01 00:00:16.039   309   309 I ThermalEngine: set_point 90000
01-01 00:00:16.039   309   309 I ThermalEngine: set_point_clr 55000
01-01 00:00:16.039   309   309 I ThermalEngine: time_constant 0
01-01 00:00:16.039   309   309 I ThermalEngine: [SPEAKER-CAL]
01-01 00:00:16.039   309   309 I ThermalEngine: sampling 30000 30000 10 1800000
01-01 00:00:16.039   309   309 I ThermalEngine: sensor pma8084_tz
01-01 00:00:16.039   309   309 I ThermalEngine: sensors tsens_tz_sensor1 tsens_tz_sensor2 tsens_tz_sensor3 tsens_tz_sensor4 tsens_tz_sensor7 tsens_tz_sensor8 tsens_tz_sensor9 tsens_tz_sensor10
01-01 00:00:16.039   309   309 I ThermalEngine: temp_range 6000 10000 2000
01-01 00:00:16.039   309   309 I ThermalEngine: max_temp 45000
01-01 00:00:16.039   309   309 I ThermalEngine: offset -4000
01-01 00:00:16.039   309   505 I ThermalEngine: Sensor:tsens_tz_sensor10:33000 mC
01-01 00:00:16.039   309   505 I ThermalEngine: Sensor:tsens_tz_sensor1:31000 mC
01-01 00:00:16.040   309   505 I ThermalEngine: Sensor:tsens_tz_sensor8:47000 mC
01-01 00:00:16.041   309   505 I ThermalEngine: Sensor:tsens_tz_sensor7:45000 mC
01-01 00:00:16.043   309   504 I ThermalEngine: Sensor:pma8084_tz:27855 mC
01-01 00:00:16.044   309   504 I ThermalEngine: Sensor:tsens_tz_sensor10:33000 mC
01-01 00:00:16.045   309   504 I ThermalEngine: Sensor:tsens_tz_sensor9:35000 mC
01-01 00:00:16.045   309   504 I ThermalEngine: Sensor:tsens_tz_sensor8:47000 mC
01-01 00:00:16.046   309   505 I ThermalEngine: Sensor:tsens_tz_sensor6:46000 mC
01-01 00:00:16.046   309   504 I ThermalEngine: Sensor:tsens_tz_sensor7:45000 mC
01-01 00:00:16.047   309   505 I ThermalEngine: Sensor:tsens_tz_sensor5:45000 mC
01-01 00:00:16.047   373   373 I /system/bin/sshd: Server listening on :: port 22.
01-01 00:00:16.048   373   373 I /system/bin/sshd: Server listening on 0.0.0.0 port 22.
01-01 00:00:16.048   373   373 E /system/bin/sshd: error: Couldn't create pid file "/var/run/sshd.pid": No such file or directory
01-01 00:00:16.048   309   504 I ThermalEngine: Sensor:tsens_tz_sensor6:46000 mC
01-01 00:00:16.049   309   504 I ThermalEngine: Sensor:tsens_tz_sensor5:45000 mC
01-01 00:00:16.049   309   504 I ThermalEngine: Sensor:tsens_tz_sensor4:37000 mC
01-01 00:00:16.050   309   504 I ThermalEngine: Sensor:tsens_tz_sensor3:36000 mC
01-01 00:00:16.050   309   504 I ThermalEngine: Sensor:tsens_tz_sensor2:33000 mC
01-01 00:00:16.051   309   504 I ThermalEngine: Sensor:tsens_tz_sensor1:31000 mC
01-01 00:00:16.052   309   504 I ThermalEngine: Sensor:tsens_tz_sensor0:39000 mC
01-01 00:00:16.052   309   504 I ThermalEngine: vdd_restrict_qmi_request: MODEM req level(0) is recorded and waiting for completing QMI registration
01-01 00:00:16.053   309   504 I ThermalEngine: ACTION: ADSP - Vdd_restriction mitigation succeeded for level 0.
01-01 00:00:16.053   309   504 I ThermalEngine: Mitigation:VDD[ADSP]:0
01-01 00:00:16.053   326   417 D AudioDaemon: Opening sound card state : /proc/asound/card0/state
01-01 00:00:16.053   309   504 I ThermalEngine: hotplug_ktm_disable_cb: write out 0
01-01 00:00:16.053   326   417 V AudioDaemon: bool android::AudioDaemon::getStateFDs(std::vector<std::pair<int, int> >&): 1 sound cards detected
01-01 00:00:16.053   326   417 D AudioDaemon: Opening cpe0_state : /proc/asound/card0/cpe0_state
01-01 00:00:16.053   326   417 E AudioDaemon: CPE state open /proc/asound/card0/cpe0_state failed No such file or directory, Retrying 1
01-01 00:00:16.060   330   330 E qca1530 : init 
01-01 00:00:16.071   332   332 D qca1530 : init 
01-01 00:00:16.085   336   336 V qca1530 : init 
01-01 00:00:16.157   326   417 E AudioDaemon: CPE state open /proc/asound/card0/cpe0_state failed No such file or directory, Retrying 2
01-01 00:00:16.223   295   295 I         : debuggerd: Nov  9 2015 10:06:26
01-01 00:00:16.226   446   446 E Diag_Lib: qpLogDiagInit ==>
01-01 00:00:16.227   446   446 E Diag_Lib: qpLogDiagInit <== result : 1
01-01 00:00:16.227   446   446 E Diag_Lib: [IMS_DataD] imsdatad.c | 4660 | | 446 |DATAD#$$#0#DATAD STARTED
01-01 00:00:16.227   446   446 E Diag_Lib: [IMS_DataD] imsdatad.c | 4683 | | 446 |ims-dcm-daemon dcm Daemon main entry, uid 1000, gid 1000, egid 1000 
01-01 00:00:16.227   446   446 E Diag_Lib: [IMS_DataD] imsdatad.c | 4685 | | 446 |DATAD#$$#0#DCM QMI SERVICES STARTED
01-01 00:00:16.227   446   446 E Diag_Lib: [IMS_DataD] imsdatad.c | 2870 | | 446 |ims-dcm-daemon ims_dcm_qmi_handler_init_func >
01-01 00:00:16.227   446   446 E Diag_Lib: [IMS_DataD] imsdatad.c | 2851 | | 446 |ims-dcm-daemon qmi_dcm_register_service
01-01 00:00:16.230   304   304 I irsc_util: irsc tool created:0xb6c4f060
01-01 00:00:16.230   304   304 I irsc_util: Starting irsc tool
01-01 00:00:16.230   304   304 I irsc_util: Trying to open sec config file
01-01 00:00:16.231   446   446 E Diag_Lib: [IMS_DataD] imsdatad.c | 2856 | | 446 |ims-dcm-daemon qmi_dcm_register_service rc : 0
01-01 00:00:16.231   446   446 E Diag_Lib: [IMS_DataD] imsdatad.c | 2861 | | 446 |ims-dcm-daemon qmi_dcm_register_service service_cookie.service_handle : 0x1
01-01 00:00:16.231   446   446 E Diag_Lib: [IMS_DataD] imsdatad.c | 2879 | | 446 |ims_dcm_qmi_handler_init_func exit MAX FD 6
01-01 00:00:16.231   446   446 E Diag_Lib: [IMS_DataD] imsdatad.c | 4695 | | 446 |ims-dcm-daemon: Server Sock FD 10 received from init
01-01 00:00:16.231   446   446 E Diag_Lib: [IMS_DataD] imsdatad.c | 4715 | | 446 |DATAD#$$#0#DATAD SERVER STARTED
01-01 00:00:16.231   446   446 E Diag_Lib: [IMS_DataD] imsdatad.c | 235 | | 446 |DatadAddFDToFDSet:Added FD: [10] to FDSet
01-01 00:00:16.231   446   446 E Diag_Lib: [IMS_DataD] imsdatad.c | 4725 | | 446 |ims-dcm-daemon listen done
01-01 00:00:16.231   446   446 E Diag_Lib: [IMS_DataD] imsdatad.c | 4742 | | 446 |ims-dcm-daemon : socket pair created. readfd = 7, write fd = 8
01-01 00:00:16.231   446   446 E Diag_Lib: [IMS_DataD] imsdatad.c | 235 | | 446 |DatadAddFDToFDSet:Added FD: [7] to FDSet
01-01 00:00:16.231   446   446 E Diag_Lib: [IMS_DataD] imsdatad.c | 4759 | | 446 |DATAD#$$#0#DATAD  LOOPBACK SERVER STARTED for INTERNAL EVENTS
01-01 00:00:16.231   446   446 E Diag_Lib: [IMS_DataD] imsdatad.c | 4768 | | 446 |DATAD#$$#0#DATAD STARTED HEAR BEAT
01-01 00:00:16.233   306   306 D WLAN_PSA: PTT_SOCKET_APP Start
01-01 00:00:16.233   306   306 V WLAN_PSA: UID 0
01-01 00:00:16.233   306   306 E WLAN_PSA: Set as Blocked Operation
01-01 00:00:16.236   299   299 I installd: installd firing up
01-01 00:00:16.236   306   306 D WLAN_PSA: FTM Test App: Diag_LSM_Init succeeded. 
01-01 00:00:16.236   306   306 D WLAN_PSA: PTT_SOCKET_APP Init done, wait clients
01-01 00:00:16.249   324   324 I iperf3  : type=1400 audit(0.0:4): avc: denied { create } for scontext=u:r:init:s0 tcontext=u:r:init:s0 tclass=tcp_socket permissive=1
01-01 00:00:16.249   324   324 I iperf3  : type=1400 audit(0.0:5): avc: denied { setopt } for scontext=u:r:init:s0 tcontext=u:r:init:s0 tclass=tcp_socket permissive=1
01-01 00:00:16.249   324   324 I iperf3  : type=1400 audit(0.0:6): avc: denied { bind } for scontext=u:r:init:s0 tcontext=u:r:init:s0 tclass=tcp_socket permissive=1
01-01 00:00:16.249   324   324 I iperf3  : type=1400 audit(0.0:7): avc: denied { name_bind } for src=5201 scontext=u:r:init:s0 tcontext=u:object_r:port:s0 tclass=tcp_socket permissive=1
01-01 00:00:16.249   324   324 I iperf3  : type=1400 audit(0.0:8): avc: denied { node_bind } for src=5201 scontext=u:r:init:s0 tcontext=u:object_r:node:s0 tclass=tcp_socket permissive=1
01-01 00:00:16.249   324   324 I iperf3  : type=1400 audit(0.0:9): avc: denied { listen } for lport=5201 scontext=u:r:init:s0 tcontext=u:r:init:s0 tclass=tcp_socket permissive=1
01-01 00:00:16.257   326   417 D AudioDaemon: number of sndcards 1 CPEs 0
01-01 00:00:16.257   326   417 D AudioDaemon: read for sound card state change before while
01-01 00:00:16.257   326   417 D AudioDaemon: sound card state file content: ONLINE
01-01 00:00:16.257   326   417 D AudioDaemon:  before while
01-01 00:00:16.257   326   417 E AudioDaemon: put cur_state to online
01-01 00:00:16.257   326   417 D AudioDaemon: cur_state=0, bootup_complete=0
01-01 00:00:16.257   326   417 E AudioDaemon: sound card up is deteced before while
01-01 00:00:16.257   326   417 E AudioDaemon: bootup_complete set to 1
01-01 00:00:16.257   326   417 D AudioDaemon: poll() for sound card state change 
01-01 00:00:16.259   327   327 I mm-camera-sensor: module_sensor_init:5275 Enter
01-01 00:00:16.260   327   327 E mm-camera-sensor: sensor_init_probe:191 failed: to oribe eeprom bin sensors
01-01 00:00:16.283   307   307 D adsprpc : vendor/qcom/proprietary/adsprpc/src/adsprpcd.c:21::info: calling: 0 == adsp_default_listener_register()
01-01 00:00:16.289   304   304 I irsc_util: file_parser Number of element :0
01-01 00:00:16.289   304   304 I irsc_util: file_parser Invalid Format or Comment - '/* IPC Security Config */
01-01 00:00:16.289   304   304 I irsc_util: '
01-01 00:00:16.289   304   304 I irsc_util: file_parser Number of element :0
01-01 00:00:16.289   304   304 I irsc_util: file_parser Invalid Format or Comment - '/* <GPS QMI Service ID - 16>:<GPS QMI Instance ID - all instances>:<Client Group ID> */
01-01 00:00:16.289   304   304 I irsc_util: '
01-01 00:00:16.289   304   304 I irsc_util: file_parser Number of element :4
01-01 00:00:16.289   304   304 I irsc_util: file_parser Number of element :0
01-01 00:00:16.289   304   304 I irsc_util: file_parser Invalid Format or Comment - '/* Allow SS CTL service to be used by system and net_raw processes */
01-01 00:00:16.289   304   304 I irsc_util: '
01-01 00:00:16.289   304   304 I irsc_util: file_parser Number of element :4
01-01 00:00:16.289   304   304 I irsc_util: file_parser Number of element :0
01-01 00:00:16.289   304   304 I irsc_util: file_parser Invalid Format or Comment - '/* Allow Sensor services to be used by sensor process */
01-01 00:00:16.289   304   304 I irsc_util: '
01-01 00:00:16.289   304   304 I irsc_util: file_parser Number of element :3
01-01 00:00:16.289   304   304 I irsc_util: file_parser Number of element :3
01-01 00:00:16.289   304   304 I irsc_util: file_parser Number of element :3
01-01 00:00:16.289   304   304 I irsc_util: file_parser Number of element :3
01-01 00:00:16.289   304   304 I irsc_util: file_parser Number of element :3
01-01 00:00:16.289   304   304 I irsc_util: file_parser Number of element :3
01-01 00:00:16.289   304   304 I irsc_util: file_parser Number of element :3
01-01 00:00:16.289   304   304 I irsc_util: file_parser Number of element :3
01-01 00:00:16.289   304   304 I irsc_util: file_parser Number of element :3
01-01 00:00:16.289   304   304 I irsc_util: file_parser Number of element :3
01-01 00:00:16.289   304   304 I irsc_util: file_parser Number of element :3
01-01 00:00:16.289   304   304 I irsc_util: file_parser Number of element :3
01-01 00:00:16.289   304   304 I irsc_util: file_parser Number of element :3
01-01 00:00:16.289   304   304 I irsc_util: file_parser Number of element :3
01-01 00:00:16.289   304   304 I irsc_util: file_parser Number of element :3
01-01 00:00:16.289   304   304 I irsc_util: file_parser Number of element :3
01-01 00:00:16.289   304   304 I irsc_util: file_parser Number of element :3
01-01 00:00:16.289   304   304 I irsc_util: file_parser Number of element :3
01-01 00:00:16.289   304   304 I irsc_util: file_parser Number of element :3
01-01 00:00:16.289   304   304 I irsc_util: file_parser Number of element :3
01-01 00:00:16.289   304   304 I irsc_util: file_parser Number of element :3
01-01 00:00:16.289   304   304 I irsc_util: file_parser Number of element :3
01-01 00:00:16.289   304   304 I irsc_util: file_parser Number of element :3
01-01 00:00:16.289   304   304 I irsc_util: file_parser Number of element :3
01-01 00:00:16.289   304   304 I irsc_util: file_parser Number of element :3
01-01 00:00:16.289   304   304 I irsc_util: file_parser Number of element :3
01-01 00:00:16.289   304   304 I irsc_util: file_parser Number of element :3
01-01 00:00:16.289   304   304 I irsc_util: file_parser Number of element :3
01-01 00:00:16.289   304   304 I irsc_util: file_parser Number of element :3
01-01 00:00:16.289   304   304 I irsc_util: file_parser Number of element :3
01-01 00:00:16.289   304   304 I irsc_util: file_parser Number of element :3
01-01 00:00:16.289   304   304 I irsc_util: file_parser Number of element :3
01-01 00:00:16.289   304   304 I irsc_util: file_parser Number of element :3
01-01 00:00:16.290   304   304 I irsc_util: file_parser Number of element :3
01-01 00:00:16.290   304   304 I irsc_util: file_parser Number of element :3
01-01 00:00:16.290   304   304 I irsc_util: file_parser Number of element :3
01-01 00:00:16.290   304   304 I irsc_util: file_parser Number of element :3
01-01 00:00:16.290   304   304 I irsc_util: file_parser Number of element :3
01-01 00:00:16.290   304   304 I irsc_util: file_parser Number of element :3
01-01 00:00:16.290   304   304 I irsc_util: file_parser Number of element :3
01-01 00:00:16.290   304   304 I irsc_util: file_parser Number of element :3
01-01 00:00:16.290   304   304 I irsc_util: file_parser Number of element :3
01-01 00:00:16.290   304   304 I irsc_util: file_parser Number of element :3
01-01 00:00:16.290   304   304 I irsc_util: file_parser Number of element :3
01-01 00:00:16.290   304   304 I irsc_util: file_parser Number of element :3
01-01 00:00:16.290   304   304 I irsc_util: file_parser Number of element :3
01-01 00:00:16.290   304   304 I irsc_util: file_parser Number of element :3
01-01 00:00:16.290   304   304 I irsc_util: file_parser Number of element :3
01-01 00:00:16.290   304   304 I irsc_util: file_parser Number of element :3
01-01 00:00:16.290   304   304 I irsc_util: file_parser Number of element :3
01-01 00:00:16.290   304   304 I irsc_util: file_parser Number of element :3
01-01 00:00:16.290   304   304 I irsc_util: file_parser Number of element :3
01-01 00:00:16.290   304   304 I irsc_util: file_parser Number of element :3
01-01 00:00:16.290   304   304 I irsc_util: file_parser Number of element :3
01-01 00:00:16.290   304   304 I irsc_util: file_parser Number of element :3
01-01 00:00:16.290   304   304 I irsc_util: file_parser Number of element :3
01-01 00:00:16.290   304   304 I irsc_util: file_parser Number of element :3
01-01 00:00:16.290   304   304 I irsc_util: file_parser Number of element :3
01-01 00:00:16.290   304   304 I irsc_util: file_parser Number of element :3
01-01 00:00:16.290   304   304 I irsc_util: file_parser Number of element :3
01-01 00:00:16.290   304   304 I irsc_util: file_parser Number of element :3
01-01 00:00:16.290   304   304 I irsc_util: file_parser Number of element :3
01-01 00:00:16.290   304   304 I irsc_util: file_parser Number of element :3
01-01 00:00:16.290   304   304 I irsc_util: file_parser Number of element :3
01-01 00:00:16.290   304   304 I irsc_util: file_parser Number of element :3
01-01 00:00:16.290   304   304 I irsc_util: file_parser Number of element :3
01-01 00:00:16.290   304   304 I irsc_util: file_parser Number of element :3
01-01 00:00:16.290   304   304 I irsc_util: file_parser Number of element :3
01-01 00:00:16.290   304   304 I irsc_util: file_parser Number of element :3
01-01 00:00:16.290   304   304 I irsc_util: file_parser Number of element :3
01-01 00:00:16.290   304   304 I irsc_util: file_parser Number of element :3
01-01 00:00:16.290   304   304 I irsc_util: file_parser Number of element :3
01-01 00:00:16.290   304   304 I irsc_util: file_parser Number of element :3
01-01 00:00:16.290   304   304 I irsc_util: file_parser Number of element :3
01-01 00:00:16.290   304   304 I irsc_util: file_parser Number of element :3
01-01 00:00:16.290   304   304 I irsc_util: file_parser Number of element :3
01-01 00:00:16.290   304   304 I irsc_util: file_parser Number of element :3
01-01 00:00:16.290   304   304 I irsc_util: file_parser Number of element :3
01-01 00:00:16.290   304   304 I irsc_util: file_parser Number of element :3
01-01 00:00:16.290   304   304 I irsc_util: file_parser Number of element :3
01-01 00:00:16.290   304   304 I irsc_util: file_parser Number of element :3
01-01 00:00:16.290   304   304 I irsc_util: file_parser Number of element :3
01-01 00:00:16.290   304   304 I irsc_util: file_parser Number of element :3
01-01 00:00:16.290   304   304 I irsc_util: file_parser Number of element :3
01-01 00:00:16.290   304   304 I irsc_util: file_parser Number of element :3
01-01 00:00:16.290   304   304 I irsc_util: file_parser Number of element :3
01-01 00:00:16.290   304   304 I irsc_util: file_parser Number of element :3
01-01 00:00:16.290   304   304 I irsc_util: file_parser Number of element :3
01-01 00:00:16.290   304   304 I irsc_util: file_parser Number of element :3
01-01 00:00:16.290   304   304 I irsc_util: file_parser Number of element :3
01-01 00:00:16.290   304   304 I irsc_util: file_parser Number of element :3
01-01 00:00:16.290   304   304 I irsc_util: file_parser Number of element :3
01-01 00:00:16.290   304   304 I irsc_util: file_parser Number of element :3
01-01 00:00:16.290   304   304 I irsc_util: file_parser Number of element :3
01-01 00:00:16.290   304   304 I irsc_util: file_parser Number of element :3
01-01 00:00:16.290   304   304 I irsc_util: file_parser Number of element :3
01-01 00:00:16.290   304   304 I irsc_util: file_parser Number of element :3
01-01 00:00:16.290   304   304 I irsc_util: file_parser Number of element :3
01-01 00:00:16.290   304   304 I irsc_util: file_parser Number of element :3
01-01 00:00:16.290   304   304 I irsc_util: file_parser Number of element :3
01-01 00:00:16.290   304   304 I irsc_util: file_parser Number of element :3
01-01 00:00:16.290   304   304 I irsc_util: file_parser Number of element :3
01-01 00:00:16.290   304   304 I irsc_util: file_parser Number of element :3
01-01 00:00:16.290   304   304 I irsc_util: file_parser Number of element :3
01-01 00:00:16.290   304   304 I irsc_util: file_parser Number of element :3
01-01 00:00:16.290   304   304 I irsc_util: file_parser Number of element :3
01-01 00:00:16.290   304   304 I irsc_util: file_parser Number of element :3
01-01 00:00:16.290   304   304 I irsc_util: file_parser Number of element :3
01-01 00:00:16.290   304   304 I irsc_util: file_parser Number of element :3
01-01 00:00:16.290   304   304 I irsc_util: file_parser Number of element :3
01-01 00:00:16.290   304   304 I irsc_util: file_parser Number of element :3
01-01 00:00:16.290   304   304 I irsc_util: file_parser Number of element :3
01-01 00:00:16.290   304   304 I irsc_util: file_parser Number of element :3
01-01 00:00:16.290   304   304 I irsc_util: file_parser Number of element :3
01-01 00:00:16.290   304   304 I irsc_util: file_parser Number of element :3
01-01 00:00:16.290   304   304 I irsc_util: file_parser Number of element :3
01-01 00:00:16.290   304   304 I irsc_util: file_parser Number of element :3
01-01 00:00:16.290   304   304 I irsc_util: file_parser Number of element :3
01-01 00:00:16.290   304   304 I irsc_util: file_parser Number of element :3
01-01 00:00:16.290   304   304 I irsc_util: file_parser Number of element :3
01-01 00:00:16.290   304   304 I irsc_util: file_parser Number of element :3
01-01 00:00:16.290   304   304 I irsc_util: file_parser Number of element :3
01-01 00:00:16.290   304   304 I irsc_util: file_parser Number of element :3
01-01 00:00:16.290   304   304 I irsc_util: file_parser Number of element :3
01-01 00:00:16.290   304   304 I irsc_util: file_parser Number of element :3
01-01 00:00:16.290   304   304 I irsc_util: file_parser Number of element :3
01-01 00:00:16.290   304   304 I irsc_util: file_parser Number of element :3
01-01 00:00:16.290   304   304 I irsc_util: file_parser Number of element :3
01-01 00:00:16.290   304   304 I irsc_util: file_parser Number of element :3
01-01 00:00:16.290   304   304 I irsc_util: file_parser Number of element :3
01-01 00:00:16.290   304   304 I irsc_util: file_parser Number of element :3
01-01 00:00:16.290   304   304 I irsc_util: file_parser Number of element :3
01-01 00:00:16.290   304   304 I irsc_util: file_parser Number of element :3
01-01 00:00:16.290   304   304 I irsc_util: file_parser Number of element :3
01-01 00:00:16.290   304   304 I irsc_util: file_parser Number of element :3
01-01 00:00:16.290   304   304 I irsc_util: file_parser Number of element :3
01-01 00:00:16.290   304   304 I irsc_util: file_parser Number of element :3
01-01 00:00:16.290   304   304 I irsc_util: file_parser Number of element :3
01-01 00:00:16.290   304   304 I irsc_util: file_parser Number of element :3
01-01 00:00:16.290   304   304 I irsc_util: file_parser Number of element :3
01-01 00:00:16.290   304   304 I irsc_util: file_parser Number of element :3
01-01 00:00:16.290   304   304 I irsc_util: file_parser Number of element :3
01-01 00:00:16.290   304   304 I irsc_util: file_parser Number of element :3
01-01 00:00:16.290   304   304 I irsc_util: file_parser Number of element :3
01-01 00:00:16.290   304   304 I irsc_util: file_parser Number of element :3
01-01 00:00:16.290   304   304 I irsc_util: file_parser Number of element :3
01-01 00:00:16.290   304   304 I irsc_util: file_parser Number of element :3
01-01 00:00:16.290   304   304 I irsc_util: file_parser Number of element :3
01-01 00:00:16.290   304   304 I irsc_util: file_parser Number of element :3
01-01 00:00:16.290   304   304 I irsc_util: file_parser Number of element :3
01-01 00:00:16.290   304   304 I irsc_util: file_parser Number of element :3
01-01 00:00:16.290   304   304 I irsc_util: file_parser Number of element :3
01-01 00:00:16.290   304   304 I irsc_util: file_parser Number of element :3
01-01 00:00:16.291   304   304 I irsc_util: file_parser Number of element :3
01-01 00:00:16.291   304   304 I irsc_util: file_parser Number of element :3
01-01 00:00:16.291   304   304 I irsc_util: file_parser Number of element :3
01-01 00:00:16.291   304   304 I irsc_util: file_parser Number of element :3
01-01 00:00:16.291   304   304 I irsc_util: file_parser Number of element :3
01-01 00:00:16.291   304   304 I irsc_util: file_parser Number of element :3
01-01 00:00:16.291   304   304 I irsc_util: file_parser Number of element :3
01-01 00:00:16.291   304   304 I irsc_util: file_parser Number of element :3
01-01 00:00:16.291   304   304 I irsc_util: file_parser Number of element :3
01-01 00:00:16.291   304   304 I irsc_util: file_parser Number of element :3
01-01 00:00:16.291   304   304 I irsc_util: file_parser Number of element :3
01-01 00:00:16.291   304   304 I irsc_util: file_parser Number of element :3
01-01 00:00:16.291   304   304 I irsc_util: file_parser Number of element :3
01-01 00:00:16.291   304   304 I irsc_util: file_parser Number of element :3
01-01 00:00:16.291   304   304 I irsc_util: file_parser Number of element :3
01-01 00:00:16.291   304   304 I irsc_util: file_parser Number of element :3
01-01 00:00:16.291   304   304 I irsc_util: file_parser Number of element :3
01-01 00:00:16.291   304   304 I irsc_util: file_parser Number of element :3
01-01 00:00:16.291   304   304 I irsc_util: file_parser Number of element :3
01-01 00:00:16.291   304   304 I irsc_util: file_parser Number of element :3
01-01 00:00:16.291   304   304 I irsc_util: file_parser Number of element :3
01-01 00:00:16.291   304   304 I irsc_util: file_parser Number of element :3
01-01 00:00:16.291   304   304 I irsc_util: file_parser Number of element :3
01-01 00:00:16.291   304   304 I irsc_util: file_parser Number of element :3
01-01 00:00:16.291   304   304 I irsc_util: file_parser Number of element :3
01-01 00:00:16.291   304   304 I irsc_util: file_parser Number of element :3
01-01 00:00:16.291   304   304 I irsc_util: file_parser Number of element :3
01-01 00:00:16.291   304   304 I irsc_util: file_parser Number of element :3
01-01 00:00:16.291   304   304 I irsc_util: file_parser Number of element :3
01-01 00:00:16.291   304   304 I irsc_util: file_parser Number of element :3
01-01 00:00:16.291   304   304 I irsc_util: file_parser Number of element :3
01-01 00:00:16.291   304   304 I irsc_util: file_parser Number of element :3
01-01 00:00:16.291   304   304 I irsc_util: file_parser Number of element :3
01-01 00:00:16.291   304   304 I irsc_util: file_parser Number of element :3
01-01 00:00:16.291   304   304 I irsc_util: file_parser Number of element :3
01-01 00:00:16.291   304   304 I irsc_util: file_parser Number of element :3
01-01 00:00:16.291   304   304 I irsc_util: file_parser Number of element :3
01-01 00:00:16.291   304   304 I irsc_util: file_parser Number of element :3
01-01 00:00:16.291   304   304 I irsc_util: file_parser Number of element :3
01-01 00:00:16.291   304   304 I irsc_util: file_parser Number of element :3
01-01 00:00:16.291   304   304 I irsc_util: file_parser Number of element :3
01-01 00:00:16.291   304   304 I irsc_util: file_parser Number of element :3
01-01 00:00:16.291   304   304 I irsc_util: file_parser Number of element :3
01-01 00:00:16.291   304   304 I irsc_util: file_parser Number of element :3
01-01 00:00:16.291   304   304 I irsc_util: file_parser Number of element :3
01-01 00:00:16.291   304   304 I irsc_util: file_parser Number of element :3
01-01 00:00:16.291   304   304 I irsc_util: file_parser Number of element :3
01-01 00:00:16.291   304   304 I irsc_util: file_parser Number of element :3
01-01 00:00:16.291   304   304 I irsc_util: file_parser Number of element :3
01-01 00:00:16.291   304   304 I irsc_util: file_parser Number of element :3
01-01 00:00:16.291   304   304 I irsc_util: file_parser Number of element :3
01-01 00:00:16.291   304   304 I irsc_util: file_parser Number of element :3
01-01 00:00:16.291   304   304 I irsc_util: file_parser Number of element :3
01-01 00:00:16.291   304   304 I irsc_util: file_parser Number of element :3
01-01 00:00:16.291   304   304 I irsc_util: file_parser Number of element :3
01-01 00:00:16.291   304   304 I irsc_util: file_parser Number of element :3
01-01 00:00:16.291   304   304 I irsc_util: file_parser Number of element :3
01-01 00:00:16.291   304   304 I irsc_util: file_parser Number of element :3
01-01 00:00:16.291   304   304 I irsc_util: file_parser Number of element :3
01-01 00:00:16.291   304   304 I irsc_util: file_parser Number of element :3
01-01 00:00:16.291   304   304 I irsc_util: file_parser Number of element :3
01-01 00:00:16.291   304   304 I irsc_util: file_parser Number of element :3
01-01 00:00:16.291   304   304 I irsc_util: file_parser Number of element :3
01-01 00:00:16.291   304   304 I irsc_util: file_parser Number of element :3
01-01 00:00:16.291   304   304 I irsc_util: file_parser Number of element :3
01-01 00:00:16.291   304   304 I irsc_util: file_parser Number of element :3
01-01 00:00:16.291   304   304 I irsc_util: file_parser Number of element :3
01-01 00:00:16.291   304   304 I irsc_util: file_parser Number of element :3
01-01 00:00:16.291   304   304 I irsc_util: file_parser Number of element :3
01-01 00:00:16.291   304   304 I irsc_util: file_parser Number of element :3
01-01 00:00:16.291   304   304 I irsc_util: file_parser Number of element :3
01-01 00:00:16.291   304   304 I irsc_util: file_parser Number of element :3
01-01 00:00:16.291   304   304 I irsc_util: file_parser Number of element :3
01-01 00:00:16.291   304   304 I irsc_util: file_parser Number of element :3
01-01 00:00:16.291   304   304 I irsc_util: file_parser Number of element :3
01-01 00:00:16.291   304   304 I irsc_util: file_parser Number of element :3
01-01 00:00:16.291   304   304 I irsc_util: file_parser Number of element :3
01-01 00:00:16.291   304   304 I irsc_util: file_parser Number of element :3
01-01 00:00:16.291   304   304 I irsc_util: file_parser Number of element :3
01-01 00:00:16.291   304   304 I irsc_util: file_parser Number of element :3
01-01 00:00:16.291   304   304 I irsc_util: file_parser Number of element :3
01-01 00:00:16.292   304   304 I irsc_util: file_parser Number of element :3
01-01 00:00:16.292   304   304 I irsc_util: file_parser Number of element :3
01-01 00:00:16.292   304   304 I irsc_util: file_parser Number of element :3
01-01 00:00:16.292   304   304 I irsc_util: file_parser Number of element :3
01-01 00:00:16.292   307   307 D adsprpc : vendor/qcom/proprietary/adsprpc/src/adsprpcd.c:21::info: passed: 0 == adsp_default_listener_register()
01-01 00:00:16.292   304   304 I irsc_util: file_parser Number of element :3
01-01 00:00:16.292   304   304 I irsc_util: file_parser Number of element :3
01-01 00:00:16.292   304   304 I irsc_util: file_parser Number of element :3
01-01 00:00:16.292   304   304 I irsc_util: file_parser Number of element :3
01-01 00:00:16.292   304   304 I irsc_util: file_parser Number of element :3
01-01 00:00:16.292   304   304 I irsc_util: file_parser Number of element :3
01-01 00:00:16.292   304   304 I irsc_util: file_parser Number of element :3
01-01 00:00:16.293   304   304 I irsc_util: file_parser Number of element :3
01-01 00:00:16.293   304   304 I irsc_util: file_parser Number of element :3
01-01 00:00:16.293   304   304 I irsc_util: file_parser Number of element :3
01-01 00:00:16.293   304   304 I irsc_util: file_parser Number of element :3
01-01 00:00:16.293   304   304 I irsc_util: file_parser Number of element :3
01-01 00:00:16.293   304   304 I irsc_util: file_parser Number of element :3
01-01 00:00:16.293   304   304 I irsc_util: file_parser Number of element :3
01-01 00:00:16.293   304   304 I irsc_util: file_parser Number of element :3
01-01 00:00:16.293   304   304 I irsc_util: file_parser Number of element :3
01-01 00:00:16.293   304   304 I irsc_util: file_parser Number of element :3
01-01 00:00:16.293   304   304 I irsc_util: file_parser Number of element :3
01-01 00:00:16.293   304   304 I irsc_util: file_parser Number of element :0
01-01 00:00:16.293   304   304 I irsc_util: file_parser Invalid Format or Comment - '/* Allow RCS service to aquire net_raw permission */
01-01 00:00:16.295   304   304 I irsc_util: '
01-01 00:00:16.295   304   304 I irsc_util: file_parser Number of element :4
01-01 00:00:16.295   304   304 I irsc_util: file_parser Number of element :0
01-01 00:00:16.295   304   304 I irsc_util: file_parser Invalid Format or Comment - '/* Allow QMID service to aquire net_raw permission */
01-01 00:00:16.295   304   304 I irsc_util: '
01-01 00:00:16.295   304   304 I irsc_util: file_parser Number of element :4
01-01 00:00:16.295   304   304 I irsc_util: file_parser Number of element :4
01-01 00:00:16.295   304   304 I irsc_util: file_parser Number of element :4
01-01 00:00:16.295   304   304 I irsc_util: file_parser Number of element :4
01-01 00:00:16.295   304   304 I irsc_util: file_parser Number of element :4
01-01 00:00:16.295   304   304 I irsc_util: file_parser Number of element :4
01-01 00:00:16.295   304   304 I irsc_util: file_parser Number of element :0
01-01 00:00:16.296   304   304 I irsc_util: file_parser Invalid Format or Comment - '/* IPC Security Config */
01-01 00:00:16.296   304   304 I irsc_util: '
01-01 00:00:16.296   304   304 I irsc_util: file_parser Number of element :0
01-01 00:00:16.296   304   304 I irsc_util: file_parser Invalid Format or Comment - '/* <GPS QMI Service ID - 16>:<GPS QMI Instance ID - all instances>:<Client Group ID> */
01-01 00:00:16.296   304   304 I irsc_util: '
01-01 00:00:16.296   304   304 I irsc_util: file_parser Number of element :4
01-01 00:00:16.296   304   304 I irsc_util: file_parser Number of element :0
01-01 00:00:16.296   304   304 I irsc_util: file_parser Invalid Format or Comment - '/* Allow SS CTL service to be used by system and net_raw processes */
01-01 00:00:16.296   304   304 I irsc_util: '
01-01 00:00:16.296   304   304 I irsc_util: file_parser Number of element :4
01-01 00:00:16.298   304   304 I irsc_util: file_parser Number of element :0
01-01 00:00:16.298   304   304 I irsc_util: file_parser Invalid Format or Comment - '/* Allow Sensor services to be used by sensor process */
01-01 00:00:16.298   304   304 I irsc_util: '
01-01 00:00:16.299   304   304 I irsc_util: file_parser Number of element :3
01-01 00:00:16.299   304   304 I irsc_util: file_parser Number of element :3
01-01 00:00:16.299   304   304 I irsc_util: file_parser Number of element :3
01-01 00:00:16.299   304   304 I irsc_util: file_parser Number of element :3
01-01 00:00:16.299   304   304 I irsc_util: file_parser Number of element :3
01-01 00:00:16.299   304   304 I irsc_util: file_parser Number of element :3
01-01 00:00:16.299   307   360 E adsprpc : vendor/qcom/proprietary/adsprpc/src/apps_std_imp.c:33:apps_std fopen failed: /oemconfig.so No such file or directory
01-01 00:00:16.299   307   360 E adsprpc : vendor/qcom/proprietary/adsprpc/src/apps_std_imp.c:33:apps_std fopen failed: /system/lib/rfsa/adsp//oemconfig.so No such file or directory
01-01 00:00:16.300   304   304 I irsc_util: file_parser Number of element :3
01-01 00:00:16.300   304   304 I irsc_util: file_parser Number of element :3
01-01 00:00:16.300   304   304 I irsc_util: file_parser Number of element :3
01-01 00:00:16.300   304   304 I irsc_util: file_parser Number of element :3
01-01 00:00:16.301   304   304 I irsc_util: file_parser Number of element :3
01-01 00:00:16.302   304   304 I irsc_util: file_parser Number of element :3
01-01 00:00:16.302   304   304 I irsc_util: file_parser Number of element :3
01-01 00:00:16.302   304   304 I irsc_util: file_parser Number of element :3
01-01 00:00:16.302   304   304 I irsc_util: file_parser Number of element :3
01-01 00:00:16.302   304   304 I irsc_util: file_parser Number of element :3
01-01 00:00:16.303   304   304 I irsc_util: file_parser Number of element :3
01-01 00:00:16.303   304   304 I irsc_util: file_parser Number of element :3
01-01 00:00:16.303   304   304 I irsc_util: file_parser Number of element :3
