01-01 00:00:23.945   306  1541 E OMXNodeInstance: getParameter(100663311) ERROR: 0x8000101a
01-01 00:00:23.945   306  1541 E OMXNodeInstance: getParameter(100663297) ERROR: 0x8000101a
01-01 00:00:23.948   306  1541 E OMXNodeInstance: getParameter(100663311) ERROR: 0x8000101a
01-01 00:00:23.948   306  1541 E OMXNodeInstance: getParameter(100663297) ERROR: 0x8000101a
01-01 00:00:23.952   306  1541 E OMXNodeInstance: getParameter(100663311) ERROR: 0x8000101a
01-01 00:00:23.952   306  1541 E OMXNodeInstance: getParameter(100663297) ERROR: 0x8000101a
01-01 00:00:23.954   306  1541 E OMXNodeInstance: getParameter(100663311) ERROR: 0x8000101a
01-01 00:00:23.954   306  1541 E OMXNodeInstance: getParameter(100663297) ERROR: 0x8000101a
01-01 00:00:23.960   306  1541 E OMXNodeInstance: getParameter(100663311) ERROR: 0x8000101a
01-01 00:00:23.960   306  1541 E OMXNodeInstance: getParameter(100663297) ERROR: 0x8000101a
01-01 00:00:23.969   306  1541 E OMXNodeInstance: getParameter(100663311) ERROR: 0x8000101a
01-01 00:00:23.969   306  1541 E OMXNodeInstance: getParameter(100663297) ERROR: 0x8000101a
01-01 00:00:23.974   306  1541 E OMXNodeInstance: getParameter(100663311) ERROR: 0x8000101a
01-01 00:00:23.974   306  1541 E OMXNodeInstance: getParameter(100663297) ERROR: 0x8000101a
01-01 00:00:23.979   306  1541 E OMXNodeInstance: getParameter(100663311) ERROR: 0x8000101a
01-01 00:00:23.979   306  1541 E OMXNodeInstance: getParameter(100663297) ERROR: 0x8000101a
01-01 00:00:23.983   306  1541 E OMXNodeInstance: getParameter(100663311) ERROR: 0x8000101a
01-01 00:00:23.983   306  1541 E OMXNodeInstance: getParameter(100663297) ERROR: 0x8000101a
01-01 00:00:23.986   306  1541 E QC_EVRCENC:  component init: role = OMX.qcom.audio.encoder.evrc
01-01 00:00:23.986   306  1541 I QC_EVRCENC:  component init: role = OMX.qcom.audio.encoder.evrc
01-01 00:00:23.986   306  1541 I QC_EVRCENC: 
01-01 00:00:23.986   306  1541 I QC_EVRCENC: component_init: Component OMX.qcom.audio.encoder.evrc LOADED 
01-01 00:00:23.990  1503  1503 D fsck_msdos: sectors Per cluster :64 
01-01 00:00:23.990  1503  1503 D fsck_msdos: boot->ClusterOffset :30342 
01-01 00:00:23.990  1503  1503 I fsck_msdos: FAT32 Filesystem
01-01 00:00:23.990  1503  1503 D fsck_msdos: Using cluster_chain_descriptor
01-01 00:00:23.990  1503  1503 I fsck_msdos: Total clusters 1948005 
01-01 00:00:23.991   248   310 I fsck_msdos: ** Phase 1 - Read FAT (compare skipped)
01-01 00:00:23.991   248   310 I fsck_msdos: Attempting to allocate 7609 KB for FAT
01-01 00:00:23.994   306  1541 I QC_EVRCENC: Driver in Non Tunnel mode open
01-01 00:00:23.995   306  1541 E QC_EVRCENC: unknown param 0600000f
01-01 00:00:23.995   306  1541 E OMXNodeInstance: getParameter(100663311) ERROR: 0x8000101a
01-01 00:00:23.995   306  1541 E QC_EVRCENC: unknown param 06000001
01-01 00:00:23.995   306  1541 E OMXNodeInstance: getParameter(100663297) ERROR: 0x8000101a
01-01 00:00:23.995   306  1541 I QC_EVRCENC: Returning the state 1
01-01 00:00:23.995   306  1541 I QC_EVRCENC: Returning the state 1
01-01 00:00:23.995   306  1541 I QC_EVRCENC: Component-deinit being processed
01-01 00:00:23.995   306  1541 I QC_EVRCENC: ********************************
01-01 00:00:23.995   306  1541 I QC_EVRCENC: STATS: in-buf-len[0]out-buf-len[0] tot-pb-time[0]
01-01 00:00:23.995   306  1541 I QC_EVRCENC: STATS: fbd-cnt[0]ftb-cnt[0]etb-cnt[0]ebd-cnt[0]
01-01 00:00:23.999   306  1541 I QC_EVRCENC: ************************************
01-01 00:00:23.999   306  1541 I QC_EVRCENC:  DEINIT COMPLETED
01-01 00:00:23.999   306  1541 I QC_EVRCENC: ************************************
01-01 00:00:23.999   306  1541 E QC_EVRCENC: component_deinit:COMPONENT DEINIT...
01-01 00:00:23.999   306  1541 E QC_EVRCENC: EVRC Object getting destroyed comp-deinit=1
01-01 00:00:23.999   306  1541 E QC_EVRCENC: OMX EVRC component destroyed
01-01 00:00:24.002   306  1541 E QC_QCELP13ENC:  component init: role = OMX.qcom.audio.encoder.qcelp13
01-01 00:00:24.002   306  1541 I QC_QCELP13ENC:  component init: role = OMX.qcom.audio.encoder.qcelp13
01-01 00:00:24.002   306  1541 I QC_QCELP13ENC: 
01-01 00:00:24.002   306  1541 I QC_QCELP13ENC: component_init: Component OMX.qcom.audio.encoder.qcelp13 LOADED 
01-01 00:00:24.009   306  1541 I QC_QCELP13ENC: Driver in Non Tunnel mode open
01-01 00:00:24.010   306  1541 E QC_QCELP13ENC: unknown param 0600000f
01-01 00:00:24.010   306  1541 E OMXNodeInstance: getParameter(100663311) ERROR: 0x8000101a
01-01 00:00:24.010   306  1541 E QC_QCELP13ENC: unknown param 06000001
01-01 00:00:24.010   306  1541 E OMXNodeInstance: getParameter(100663297) ERROR: 0x8000101a
01-01 00:00:24.010   306  1541 I QC_QCELP13ENC: Returning the state 1
01-01 00:00:24.010   306  1541 I QC_QCELP13ENC: Returning the state 1
01-01 00:00:24.010   306  1541 I QC_QCELP13ENC: Component-deinit being processed
01-01 00:00:24.010   306  1541 I QC_QCELP13ENC: ********************************
01-01 00:00:24.010   306  1541 I QC_QCELP13ENC: STATS: in-buf-len[0]out-buf-len[0] tot-pb-time[0]
01-01 00:00:24.010   306  1541 I QC_QCELP13ENC: STATS: fbd-cnt[0]ftb-cnt[0]etb-cnt[0]ebd-cnt[0]
01-01 00:00:24.012   306  1541 I QC_QCELP13ENC: ************************************
01-01 00:00:24.012   306  1541 I QC_QCELP13ENC:  DEINIT COMPLETED
01-01 00:00:24.012   306  1541 I QC_QCELP13ENC: ************************************
01-01 00:00:24.012   306  1541 E QC_QCELP13ENC: component_deinit:COMPONENT DEINIT...
01-01 00:00:24.012   306  1541 E QC_QCELP13ENC: QCELP13 Object getting destroyed comp-deinit=1
01-01 00:00:24.012   306  1541 E QC_QCELP13ENC: OMX QCELP13 component destroyed
01-01 00:00:24.086  1503  1503 I fsck_msdos: ** Phase 2 - Check Cluster Chains 
01-01 00:00:24.086  1503  1503 I fsck_msdos: Begin to handle the cluster chain
01-01 00:00:24.113  1490  1490 D VolumeUI: Registering volume controller
01-01 00:00:24.127   306  1541 E OMX-VENC: Invalid entry returned from get_supported_profile_level 2130706433, 65536
01-01 00:00:24.127   306  1541 E OMXNodeInstance: getParameter(100663311) ERROR: 0x8000100e
01-01 00:00:24.127   306  1541 W ACodec  : do not know color format 0x7fa30c04 = 2141391876
01-01 00:00:24.127   306  1541 W ACodec  : do not know color format 0x7f000789 = 2130708361
01-01 00:00:24.127   306  1541 E OMXNodeInstance: getParameter(100663297) ERROR: 0x8000100e
01-01 00:00:24.134   306  1541 E OMX-VENC: get_parameter: OMX_IndexParamVideoProfileLevelQuerySupported nProfileIndex ret NoMore 2
01-01 00:00:24.134   306  1541 E OMX-VENC: Invalid entry returned from get_supported_profile_level 32768, 128
01-01 00:00:24.134   306  1541 E OMXNodeInstance: getParameter(100663311) ERROR: 0x8000100e
01-01 00:00:24.134   306  1541 W ACodec  : do not know color format 0x7fa30c04 = 2141391876
01-01 00:00:24.134   306  1541 W ACodec  : do not know color format 0x7f000789 = 2130708361
01-01 00:00:24.134   306  1541 E OMXNodeInstance: getParameter(100663297) ERROR: 0x8000100e
01-01 00:00:24.134   248   310 I fsck_msdos: ** Phase 3 - Checking Directories
01-01 00:00:24.134  1503  1503 D fsck_msdos: rootDir->head :2
01-01 00:00:24.138   306  1541 E OMX-VENC: get_parameter: OMX_IndexParamVideoProfileLevelQuerySupported nProfileIndex ret NoMore 1
01-01 00:00:24.138   306  1541 E OMX-VENC: Invalid entry returned from get_supported_profile_level 1, 128
01-01 00:00:24.138   306  1541 E OMXNodeInstance: getParameter(100663311) ERROR: 0x8000100e
01-01 00:00:24.138   306  1541 W ACodec  : do not know color format 0x7fa30c04 = 2141391876
01-01 00:00:24.138   306  1541 W ACodec  : do not know color format 0x7f000789 = 2130708361
01-01 00:00:24.138   306  1541 E OMXNodeInstance: getParameter(100663297) ERROR: 0x8000100e
01-01 00:00:24.142   306  1541 E OMX-VENC: Invalid entry returned from get_supported_profile_level 1, 2
01-01 00:00:24.142   306  1541 E OMXNodeInstance: getParameter(100663311) ERROR: 0x8000100e
01-01 00:00:24.142   306  1541 W ACodec  : do not know color format 0x7fa30c04 = 2141391876
01-01 00:00:24.142   306  1541 W ACodec  : do not know color format 0x7f000789 = 2130708361
01-01 00:00:24.142   306  1541 E OMXNodeInstance: getParameter(100663297) ERROR: 0x8000100e
01-01 00:00:24.145   306  1541 E QC_WMADEC:  component init: role = OMX.qcom.audio.decoder.wma
01-01 00:00:24.151  1503  1503 D fsck_msdos: Verify Filesystem information
01-01 00:00:24.151  1503  1503 W fsck_msdos: 33 files, 3608224 free (1947765 clusters)
01-01 00:00:24.151  1503  1503 I fsck_msdos: free_rb_tree 
01-01 00:00:24.151  1503  1503 I fsck_msdos: free_fragment_tree
01-01 00:00:24.151  1503  1503 I fsck_msdos: free_fragment_tree
01-01 00:00:24.151  1503  1503 I fsck_msdos: free_fragment_tree: rb_tree is empty 
01-01 00:00:24.152   306  1541 E QC_WMADEC: unknown param 0600000f
01-01 00:00:24.152   306  1541 E OMXNodeInstance: getParameter(100663311) ERROR: 0x8000101a
01-01 00:00:24.152   306  1541 E QC_WMADEC: unknown param 06000001
01-01 00:00:24.152   306  1541 E OMXNodeInstance: getParameter(100663297) ERROR: 0x8000101a
01-01 00:00:24.152   306  1619 E QC_WMADEC: INPUT_THREAD:message pipe read n=0xffffffff err=0x       9
01-01 00:00:24.154   306  1541 E QC_WMADEC: COMPONENT DEINIT...
01-01 00:00:24.154   306  1541 E QC_WMADEC: OMX WMA component destroyed
01-01 00:00:24.155   306  1541 E QC_WMADEC:  component init: role = OMX.qcom.audio.decoder.wmaLossLess
01-01 00:00:24.159  1330  1422 I StatusBarManagerService: registerStatusBar bar=com.android.internal.statusbar.IStatusBar$Stub$Proxy@130fa8f
01-01 00:00:24.159   248   310 I fsck_msdos: ** Phase 4 - Checking for Lost Files
01-01 00:00:24.164   248   310 I Vold    : Filesystem check completed OK
01-01 00:00:24.165   306  1541 E QC_WMADEC: unknown param 0600000f
01-01 00:00:24.165   306  1541 E OMXNodeInstance: getParameter(100663311) ERROR: 0x8000101a
01-01 00:00:24.165   306  1541 E QC_WMADEC: unknown param 06000001
01-01 00:00:24.165   306  1541 E OMXNodeInstance: getParameter(100663297) ERROR: 0x8000101a
01-01 00:00:24.167   306  1541 E QC_WMADEC: COMPONENT DEINIT...
01-01 00:00:24.167   306  1541 E QC_WMADEC: OMX WMA component destroyed
01-01 00:00:24.167   306  1541 E QC_WMADEC:  component init: role = OMX.qcom.audio.decoder.wma10Pro
01-01 00:00:24.185   306  1541 E QC_WMADEC: unknown param 0600000f
01-01 00:00:24.185   306  1541 E OMXNodeInstance: getParameter(100663311) ERROR: 0x8000101a
01-01 00:00:24.185   306  1541 E QC_WMADEC: unknown param 06000001
01-01 00:00:24.185   306  1541 E OMXNodeInstance: getParameter(100663297) ERROR: 0x8000101a
01-01 00:00:24.187   306  1541 E QC_WMADEC: COMPONENT DEINIT...
01-01 00:00:24.187   306  1541 E QC_WMADEC: OMX WMA component destroyed
01-01 00:00:24.187   248   310 D Vold    : blkid identified as /dev/block/vold/179:65: LABEL="DOUBLE 4K" UUID="13EE-1E60"
01-01 00:00:24.188   248   310 D Vold    : Volume sdcard1 state changing 3 (Checking) -> 4 (Mounted)
01-01 00:00:24.188  1330  1411 W MountService: Duplicate state transition (mounted -> mounted) for /storage/emulated/0
01-01 00:00:24.189  1330  1352 D MountService: volume state changed for /storage/sdcard1 (checking -> mounted)
01-01 00:00:24.189  1330  1352 I PackageManager: Updating external media status from unmounted to mounted
01-01 00:00:24.190  1330  1352 D MountService: sendStorageIntent Intent { act=android.intent.action.MEDIA_MOUNTED dat=file:///storage/sdcard1 flg=0x4000000 (has extras) } to UserHandle{-1}
01-01 00:00:24.195  1330  1364 I PackageManager: No secure containers found
01-01 00:00:24.195  1330  1364 W PackageManager: Unknown permission com.google.android.googleapps.permission.GOOGLE_AUTH.mail in package com.android.calendar
01-01 00:00:24.196  1330  1364 W PackageManager: Unknown permission android.permission.MMS_PUSH in package org.codeaurora.bluetooth
01-01 00:00:24.196  1330  1364 W PackageManager: Unknown permission com.google.android.gallery3d.permission.PICASA_STORE in package com.android.dreams.phototable
01-01 00:00:24.196  1330  1364 W PackageManager: Unknown permission com.google.android.googleapps.permission.GOOGLE_AUTH in package com.android.settings
01-01 00:00:24.196  1330  1364 W PackageManager: Unknown permission com.qualcomm.permission.ACCESS_LOCATION_API in package com.qualcomm.location
01-01 00:00:24.196  1330  1364 W PackageManager: Not granting permission android.permission.DELETE_PACKAGES to package com.svox.pico (protectionLevel=18 flags=0x88be45)
01-01 00:00:24.196  1330  1364 W PackageManager: Unknown permission com.google.android.gallery3d.permission.GALLERY_PROVIDER in package com.android.bluetooth
01-01 00:00:24.196  1330  1364 W PackageManager: Not granting permission android.permission.DEVICE_POWER to package com.android.deskclock (protectionLevel=2 flags=0xc8be45)
01-01 00:00:24.196  1330  1364 W PackageManager: Not granting permission android.permission.GLOBAL_SEARCH to package com.android.quicksearchbox (protectionLevel=18 flags=0xc8be45)
01-01 00:00:24.196  1330  1364 W PackageManager: Unknown permission com.google.android.googleapps.permission.GOOGLE_AUTH in package com.android.providers.calendar
01-01 00:00:24.196  1330  1364 W PackageManager: Unknown permission com.google.android.googleapps.permission.GOOGLE_AUTH.cl in package com.android.providers.calendar
01-01 00:00:24.197  1330  1364 W PackageManager: Unknown permission android.permission.INSTALL_DRM in package com.android.mms
01-01 00:00:24.197  1330  1364 W PackageManager: Not granting permission android.permission.ACCESS_DOWNLOAD_MANAGER to package com.android.browser (protectionLevel=18 flags=0x89be45)
01-01 00:00:24.197  1330  1364 W PackageManager: Not granting permission android.permission.SEND_DOWNLOAD_COMPLETED_INTENTS to package com.android.browser (protectionLevel=2 flags=0x89be45)
01-01 00:00:24.198   306  1541 E QC_AMRWBPLUSDEC: unknown param 0600000f
01-01 00:00:24.198   306  1541 E OMXNodeInstance: getParameter(100663311) ERROR: 0x8000101a
01-01 00:00:24.198   306  1541 E QC_AMRWBPLUSDEC: unknown param 06000001
01-01 00:00:24.198   306  1541 E OMXNodeInstance: getParameter(100663297) ERROR: 0x8000101a
01-01 00:00:24.203   306  1541 I OMX_QCELP13_DEC:  Enabling Non-Tunnel mode 
01-01 00:00:24.203   306  1541 I OMX_QCELP13_DEC: MIME type: aud
01-01 00:00:24.203   306  1541 I OMX_QCELP13_DEC:  component init: role = OMX.qcom.audio.decoder.Qcelp13
01-01 00:00:24.203   306  1541 I OMX_QCELP13_DEC: 
01-01 00:00:24.203   306  1541 I OMX_QCELP13_DEC: component_init: Component OMX.qcom.audio.decoder.Qcelp13 LOADED 
01-01 00:00:24.203   306  1541 I OMX_QCELP13_DEC: Created thread for INP 
01-01 00:00:24.203   306  1541 I OMX_QCELP13_DEC: Created thread for CMD 
01-01 00:00:24.203   306  1541 E OMX_QCELP13_DEC: unknown param 0600000f
01-01 00:00:24.203   306  1541 E OMXNodeInstance: getParameter(100663311) ERROR: 0x8000101a
01-01 00:00:24.203   306  1541 E OMX_QCELP13_DEC: unknown param 06000001
01-01 00:00:24.203   306  1541 E OMXNodeInstance: getParameter(100663297) ERROR: 0x8000101a
01-01 00:00:24.203   306  1541 I OMX_QCELP13_DEC: omx_Qcelp13_thread_stop stop server
01-01 00:00:24.204   306  1541 I OMX_QCELP13_DEC: omx_Qcelp13_thread_stop stop server
01-01 00:00:24.206   306  1541 E OMX_EVRC_DEC: COMPONENT INIT OMX.qcom.audio.decoder.evrc
01-01 00:00:24.206   306  1541 E OMX_EVRC_DEC: unknown param 0600000f
01-01 00:00:24.206   306  1541 E OMXNodeInstance: getParameter(100663311) ERROR: 0x8000101a
01-01 00:00:24.207   306  1541 E OMX_EVRC_DEC: unknown param 06000001
01-01 00:00:24.207   306  1541 E OMXNodeInstance: getParameter(100663297) ERROR: 0x8000101a
01-01 00:00:24.207   306  1541 E OMX_EVRC_DEC: COMPONENT DEINIT
01-01 00:00:24.210  1330  1330 D PermissionMonitor: Monitoring
01-01 00:00:24.223   306  1541 E OMXNodeInstance: getParameter(100663311) ERROR: 0x8000100e
01-01 00:00:24.223   306  1541 E OMX-VDEC-1080P: Extension: OMX.google.android.index.describeColorFormat not implemented
01-01 00:00:24.223   306  1541 W ACodec  : do not know color format 0x7fa30c04 = 2141391876
01-01 00:00:24.223   306  1541 E OMX-VDEC-1080P: Extension: OMX.google.android.index.describeColorFormat not implemented
01-01 00:00:24.223   306  1541 E OMXNodeInstance: getParameter(100663297) ERROR: 0x8000100e
01-01 00:00:24.224   306  1541 E OMX_C2D : Destroy C2D instance
01-01 00:00:24.224   306  1541 E OMX_C2D : Destroy C2D instance
01-01 00:00:24.232   306  1541 E OMXNodeInstance: getParameter(100663311) ERROR: 0x8000100e
01-01 00:00:24.232   306  1541 E OMX-VDEC-1080P: Extension: OMX.google.android.index.describeColorFormat not implemented
01-01 00:00:24.232   306  1541 W ACodec  : do not know color format 0x7fa30c04 = 2141391876
01-01 00:00:24.232   306  1541 E OMX-VDEC-1080P: Extension: OMX.google.android.index.describeColorFormat not implemented
01-01 00:00:24.232   306  1541 E OMXNodeInstance: getParameter(100663297) ERROR: 0x8000100e
01-01 00:00:24.234   306  1541 E OMX_C2D : Destroy C2D instance
01-01 00:00:24.234   306  1541 E OMX_C2D : Destroy C2D instance
01-01 00:00:24.238   306  1541 E OMXNodeInstance: getParameter(100663311) ERROR: 0x8000100e
01-01 00:00:24.238   306  1541 E OMX-VDEC-1080P: Extension: OMX.google.android.index.describeColorFormat not implemented
01-01 00:00:24.238   306  1541 W ACodec  : do not know color format 0x7fa30c04 = 2141391876
01-01 00:00:24.238   306  1541 E OMX-VDEC-1080P: Extension: OMX.google.android.index.describeColorFormat not implemented
01-01 00:00:24.238   306  1541 E OMXNodeInstance: getParameter(100663297) ERROR: 0x8000100e
01-01 00:00:24.238   306  1541 E OMX_C2D : Destroy C2D instance
01-01 00:00:24.238   306  1541 E OMX_C2D : Destroy C2D instance
01-01 00:00:24.243   306  1541 E OMXNodeInstance: getParameter(100663311) ERROR: 0x8000100e
01-01 00:00:24.243   306  1541 E OMX-VDEC-1080P: Extension: OMX.google.android.index.describeColorFormat not implemented
01-01 00:00:24.243   306  1541 W ACodec  : do not know color format 0x7fa30c04 = 2141391876
01-01 00:00:24.244   306  1541 E OMX-VDEC-1080P: Extension: OMX.google.android.index.describeColorFormat not implemented
01-01 00:00:24.244   306  1541 E OMXNodeInstance: getParameter(100663297) ERROR: 0x8000100e
01-01 00:00:24.244   306  1541 E OMX_C2D : Destroy C2D instance
01-01 00:00:24.244   306  1541 E OMX_C2D : Destroy C2D instance
01-01 00:00:24.245   306  1541 E OMX     : FAILED to allocate omx component 'OMX.qcom.video.decoder.mpeg2.secure'
01-01 00:00:24.248   306  1541 E OMXNodeInstance: getParameter(100663311) ERROR: 0x8000100e
01-01 00:00:24.248   306  1541 E OMX-VDEC-1080P: Extension: OMX.google.android.index.describeColorFormat not implemented
01-01 00:00:24.248   306  1541 W ACodec  : do not know color format 0x7fa30c04 = 2141391876
01-01 00:00:24.248   306  1541 E OMX-VDEC-1080P: Extension: OMX.google.android.index.describeColorFormat not implemented
01-01 00:00:24.248   306  1541 E OMXNodeInstance: getParameter(100663297) ERROR: 0x8000100e
01-01 00:00:24.249   306  1541 E OMX_C2D : Destroy C2D instance
01-01 00:00:24.249   306  1541 E OMX_C2D : Destroy C2D instance
01-01 00:00:24.253   306  1541 E OMX-VDEC-1080P: get_parameter: OMX_IndexParamVideoProfileLevelQuerySupported ret NoMore for codec: OMX.qcom.video.decoder.vc1
01-01 00:00:24.253   306  1541 E OMXNodeInstance: getParameter(100663311) ERROR: 0x8000100e
01-01 00:00:24.253   306  1541 E OMX-VDEC-1080P: Extension: OMX.google.android.index.describeColorFormat not implemented
01-01 00:00:24.253   306  1541 W ACodec  : do not know color format 0x7fa30c04 = 2141391876
01-01 00:00:24.253   306  1541 E OMX-VDEC-1080P: Extension: OMX.google.android.index.describeColorFormat not implemented
01-01 00:00:24.253   306  1541 E OMXNodeInstance: getParameter(100663297) ERROR: 0x8000100e
01-01 00:00:24.254   306  1541 E OMX_C2D : Destroy C2D instance
01-01 00:00:24.254   306  1541 E OMX_C2D : Destroy C2D instance
01-01 00:00:24.254   306  1541 E OMX     : FAILED to allocate omx component 'OMX.qcom.video.decoder.vc1.secure'
01-01 00:00:24.255   306  1541 E OMX-VDEC-1080P: DIVX 5/6 Decoder selected
01-01 00:00:24.264   306  1541 E OMX-VDEC-1080P: get_parameter: OMX_IndexParamVideoProfileLevelQuerySupported ret NoMore for codec: OMX.qcom.video.decoder.divx
01-01 00:00:24.264   306  1541 E OMXNodeInstance: getParameter(100663311) ERROR: 0x8000100e
01-01 00:00:24.264   306  1541 E OMX-VDEC-1080P: Extension: OMX.google.android.index.describeColorFormat not implemented
01-01 00:00:24.264   306  1541 W ACodec  : do not know color format 0x7fa30c04 = 2141391876
01-01 00:00:24.264   306  1541 E OMX-VDEC-1080P: Extension: OMX.google.android.index.describeColorFormat not implemented
01-01 00:00:24.264   306  1541 E OMXNodeInstance: getParameter(100663297) ERROR: 0x8000100e
01-01 00:00:24.265   306  1541 E OMX_C2D : Destroy C2D instance
01-01 00:00:24.265   306  1541 E OMX_C2D : Destroy C2D instance
01-01 00:00:24.269   306  1541 E OMX-VDEC-1080P: get_parameter: OMX_IndexParamVideoProfileLevelQuerySupported ret NoMore for codec: OMX.qcom.video.decoder.divx311
01-01 00:00:24.269   306  1541 E OMXNodeInstance: getParameter(100663311) ERROR: 0x8000100e
01-01 00:00:24.269   306  1541 E OMX-VDEC-1080P: Extension: OMX.google.android.index.describeColorFormat not implemented
01-01 00:00:24.269   306  1541 W ACodec  : do not know color format 0x7fa30c04 = 2141391876
01-01 00:00:24.269   306  1541 E OMX-VDEC-1080P: Extension: OMX.google.android.index.describeColorFormat not implemented
01-01 00:00:24.269   306  1541 E OMXNodeInstance: getParameter(100663297) ERROR: 0x8000100e
01-01 00:00:24.273   306  1541 E OMX_C2D : Destroy C2D instance
01-01 00:00:24.273   306  1541 E OMX_C2D : Destroy C2D instance
01-01 00:00:24.274   306  1541 E OMX-VDEC-1080P: DIVX 4 Decoder selected
01-01 00:00:24.277   306  1541 E OMX-VDEC-1080P: get_parameter: OMX_IndexParamVideoProfileLevelQuerySupported ret NoMore for codec: OMX.qcom.video.decoder.divx4
01-01 00:00:24.277   306  1541 E OMXNodeInstance: getParameter(100663311) ERROR: 0x8000100e
01-01 00:00:24.277   306  1541 E OMX-VDEC-1080P: Extension: OMX.google.android.index.describeColorFormat not implemented
01-01 00:00:24.277   306  1541 W ACodec  : do not know color format 0x7fa30c04 = 2141391876
01-01 00:00:24.277   306  1541 E OMX-VDEC-1080P: Extension: OMX.google.android.index.describeColorFormat not implemented
01-01 00:00:24.277   306  1541 E OMXNodeInstance: getParameter(100663297) ERROR: 0x8000100e
01-01 00:00:24.277   306  1541 E OMX_C2D : Destroy C2D instance
01-01 00:00:24.278   306  1541 E OMX_C2D : Destroy C2D instance
01-01 00:00:24.281   306  1541 E OMXNodeInstance: getParameter(100663311) ERROR: 0x8000100e
01-01 00:00:24.281   306  1541 E OMX-VDEC-1080P: Extension: OMX.google.android.index.describeColorFormat not implemented
01-01 00:00:24.281   306  1541 W ACodec  : do not know color format 0x7fa30c04 = 2141391876
01-01 00:00:24.281   306  1541 E OMX-VDEC-1080P: Extension: OMX.google.android.index.describeColorFormat not implemented
01-01 00:00:24.281   306  1541 E OMXNodeInstance: getParameter(100663297) ERROR: 0x8000100e
01-01 00:00:24.282   306  1541 E OMX_C2D : Destroy C2D instance
01-01 00:00:24.282   306  1541 E OMX_C2D : Destroy C2D instance
01-01 00:00:24.286   306  1541 E OMXNodeInstance: getParameter(100663311) ERROR: 0x8000100e
01-01 00:00:24.286   306  1541 E OMX-VDEC-1080P: Extension: OMX.google.android.index.describeColorFormat not implemented
01-01 00:00:24.286   306  1541 W ACodec  : do not know color format 0x7fa30c04 = 2141391876
01-01 00:00:24.286   306  1541 E OMX-VDEC-1080P: Extension: OMX.google.android.index.describeColorFormat not implemented
01-01 00:00:24.286   306  1541 E OMXNodeInstance: getParameter(100663297) ERROR: 0x8000100e
01-01 00:00:24.287   306  1541 E OMX_C2D : Destroy C2D instance
01-01 00:00:24.287   306  1541 E OMX_C2D : Destroy C2D instance
01-01 00:00:24.292   306  1541 E OMXNodeInstance: getParameter(100663311) ERROR: 0x8000100e
01-01 00:00:24.292   306  1541 E OMX-VDEC-1080P: Extension: OMX.google.android.index.describeColorFormat not implemented
01-01 00:00:24.292   306  1541 W ACodec  : do not know color format 0x7fa30c04 = 2141391876
01-01 00:00:24.292   306  1541 E OMX-VDEC-1080P: Extension: OMX.google.android.index.describeColorFormat not implemented
01-01 00:00:24.292   306  1541 E OMXNodeInstance: getParameter(100663297) ERROR: 0x8000100e
01-01 00:00:24.293   306  1541 E OMX_C2D : Destroy C2D instance
01-01 00:00:24.293   306  1541 E OMX_C2D : Destroy C2D instance
01-01 00:00:24.298   306  1541 E OMXNodeInstance: getParameter(100663311) ERROR: 0x8000100e
01-01 00:00:24.298   306  1541 E OMXNodeInstance: getParameter(100663297) ERROR: 0x8000100e
01-01 00:00:24.298   306  1541 E OMXNodeInstance: OMX_GetExtensionIndex OMX.google.android.index.storeMetaDataInBuffers failed
01-01 00:00:24.299  1330  1330 D PermissionMonitor: Users: 1, Apps: 60
01-01 00:00:24.299   306  1541 E OMXNodeInstance: getParameter(100663311) ERROR: 0x8000100e
01-01 00:00:24.299   306  1541 E OMXNodeInstance: getParameter(100663297) ERROR: 0x8000100e
01-01 00:00:24.299   306  1541 E OMXNodeInstance: OMX_GetExtensionIndex OMX.google.android.index.storeMetaDataInBuffers failed
01-01 00:00:24.300   306  1541 W MediaCodecList: ignoring Limit specified outside of a Type
01-01 00:00:24.300   306  1541 W MediaCodecList: ignoring Limit specified outside of a Type
01-01 00:00:24.300   306  1541 W MediaCodecList: ignoring Limit specified outside of a Type
01-01 00:00:24.300   306  1541 W MediaCodecList: ignoring Limit specified outside of a Type
01-01 00:00:24.300   306  1541 W MediaCodecList: ignoring Limit specified outside of a Type
01-01 00:00:24.300   306  1541 W MediaCodecList: ignoring Feature specified outside of a Type
01-01 00:00:24.302   306  1541 E OMXNodeInstance: getParameter(100663311) ERROR: 0x8000100e
01-01 00:00:24.302   306  1541 E OMXNodeInstance: getParameter(100663297) ERROR: 0x8000100e
01-01 00:00:24.302   306  1541 E OMXNodeInstance: OMX_GetExtensionIndex OMX.google.android.index.storeMetaDataInBuffers failed
01-01 00:00:24.303  1330  1330 I SystemServiceManager: Starting phase 600
01-01 00:00:24.305   306  1541 E OMXNodeInstance: getParameter(100663311) ERROR: 0x8000100e
01-01 00:00:24.305   306  1541 E OMXNodeInstance: getParameter(100663297) ERROR: 0x8000100e
01-01 00:00:24.305   306  1541 E OMXNodeInstance: OMX_GetExtensionIndex OMX.google.android.index.storeMetaDataInBuffers failed
01-01 00:00:24.307  1330  1354 D BluetoothManagerService: Message: 20
01-01 00:00:24.307  1330  1354 D BluetoothManagerService: Added callback: android.bluetooth.BluetoothAdapter$1@d23ac87:true
01-01 00:00:24.308  1330  1330 D ConditionProviders: onServiceAdded ManagedServiceInfo[component=ComponentInfo{android/com.android.server.notification.CountdownConditionProvider},userid=0,isSystem=true,targetSdkVersion=21,connection=null,service=android.service.notification.ConditionProviderService$Provider@2e2bc7b4]
01-01 00:00:24.308  1330  1330 D ConditionProviders: onServiceAdded ManagedServiceInfo[component=ComponentInfo{android/com.android.server.notification.DowntimeConditionProvider},userid=0,isSystem=true,targetSdkVersion=21,connection=null,service=android.service.notification.ConditionProviderService$Provider@28b50fdd]
01-01 00:00:24.308  1330  1354 D BluetoothManagerService: Message: 30
01-01 00:00:24.313   306  1541 D SoftHEVC: Number of CPU cores: 4
01-01 00:00:24.314   306  1541 D SoftHEVC: Initializing decoder
01-01 00:00:24.314   306  1541 D SoftHEVC: Set number of cores to 4
01-01 00:00:24.314   306  1541 D SoftHEVC: Ittiam decoder version number: @(#)Id:HEVCDEC_production Ver:04.01 Released by ITTIAM Build: Nov  9 2015 @ 10:35:06
01-01 00:00:24.314   306  1541 E OMXNodeInstance: getParameter(100663311) ERROR: 0x8000100e
01-01 00:00:24.314   306  1541 E OMXNodeInstance: getParameter(100663297) ERROR: 0x8000100e
01-01 00:00:24.314   306  1541 E OMXNodeInstance: OMX_GetExtensionIndex OMX.google.android.index.storeMetaDataInBuffers failed
01-01 00:00:24.314   306  1541 D SoftHEVC: Freeing codec memory
01-01 00:00:24.314   306  1541 D SoftHEVC: Number of CPU cores: 4
01-01 00:00:24.315   306  1541 D SoftHEVC: Initializing decoder
01-01 00:00:24.315   306  1541 D SoftHEVC: Set number of cores to 4
01-01 00:00:24.315   306  1541 D SoftHEVC: Ittiam decoder version number: @(#)Id:HEVCDEC_production Ver:04.01 Released by ITTIAM Build: Nov  9 2015 @ 10:35:06
01-01 00:00:24.315   306  1541 D SoftHEVC: In SoftHEVC::~SoftHEVC
01-01 00:00:24.315   306  1541 D SoftHEVC: Freeing codec memory
01-01 00:00:24.323   306  1541 E OMXNodeInstance: getParameter(100663311) ERROR: 0x8000100e
01-01 00:00:24.323   306  1541 E OMXNodeInstance: getParameter(100663297) ERROR: 0x8000100e
01-01 00:00:24.323   306  1541 E OMXNodeInstance: OMX_GetExtensionIndex OMX.google.android.index.storeMetaDataInBuffers failed
01-01 00:00:24.325   306  1541 E OMXNodeInstance: getParameter(100663311) ERROR: 0x8000100e
01-01 00:00:24.325   306  1541 E OMXNodeInstance: getParameter(100663297) ERROR: 0x8000100e
01-01 00:00:24.325   306  1541 E OMXNodeInstance: OMX_GetExtensionIndex OMX.google.android.index.storeMetaDataInBuffers failed
01-01 00:00:24.327  1330  1347 I ActivityManager: Start proc com.android.externalstorage for broadcast com.android.externalstorage/.MountReceiver: pid=1696 uid=10007 gids={50007, 9997, 1028, 1015, 1023} abi=armeabi-v7a
01-01 00:00:24.328  1330  1330 I BackupManagerService: Backup enabled => false
01-01 00:00:24.328  1330  1330 I BackupManagerService: Opting out of backup
01-01 00:00:24.330  1330  1354 D BluetoothManagerService: Message: 30
01-01 00:00:24.330   306  1541 I SoftMPEG4Encoder: Construct SoftMPEG4Encoder
01-01 00:00:24.330   306  1541 E OMXNodeInstance: getParameter(100663311) ERROR: 0x8000100e
01-01 00:00:24.330   306  1541 W ACodec  : do not know color format 0x7f000789 = 2130708361
01-01 00:00:24.330   306  1541 E OMXNodeInstance: getParameter(100663297) ERROR: 0x8000100e
01-01 00:00:24.338  1330  1330 E InputMethodManagerService: Ignoring setImeWindowStatus due to an invalid token. uid:1000 token:null
01-01 00:00:24.339   306  1541 I SoftAVCEncoder: Construct SoftAVCEncoder
01-01 00:00:24.339   306  1541 E OMXNodeInstance: getParameter(100663311) ERROR: 0x8000100e
01-01 00:00:24.339   306  1541 W ACodec  : do not know color format 0x7f000789 = 2130708361
01-01 00:00:24.339   306  1541 E OMXNodeInstance: getParameter(100663297) ERROR: 0x8000100e
01-01 00:00:24.344   306  1541 I SoftMPEG4Encoder: Construct SoftMPEG4Encoder
01-01 00:00:24.344   306  1541 E OMXNodeInstance: getParameter(100663311) ERROR: 0x8000100e
01-01 00:00:24.344   306  1541 W ACodec  : do not know color format 0x7f000789 = 2130708361
01-01 00:00:24.344   306  1541 E OMXNodeInstance: getParameter(100663297) ERROR: 0x8000100e
01-01 00:00:24.353   306  1541 E OMXNodeInstance: getParameter(100663311) ERROR: 0x8000100e
01-01 00:00:24.353   306  1541 W ACodec  : do not know color format 0x7f000789 = 2130708361
01-01 00:00:24.353   306  1541 E OMXNodeInstance: getParameter(100663297) ERROR: 0x8000100e
01-01 00:00:24.362   306  1432 D Utils   : printFileName fd(23) -> /system/media/audio/ui/Effect_Tick.ogg
01-01 00:00:24.363   306  1541 D OMXCodec: Successfully allocated OMX node 'OMX.google.vorbis.decoder'
01-01 00:00:24.363   306  1541 I ExtendedUtils: decision 0 mime 
01-01 00:00:24.363   306  1541 I AwesomePlayer: Could not offload audio decode, try pcm offload
01-01 00:00:24.363   306  1541 D AudioPolicyManager: isOffloadSupported: stream_type != MUSIC, returning false
01-01 00:00:24.373   306  1433 I AudioPlayer: start of Playback, useOffload 0
01-01 00:00:24.381  1330  1330 I ActivityManager: Start proc com.android.inputmethod.latin for service com.android.inputmethod.latin/.LatinIME: pid=1731 uid=10036 gids={50036, 9997, 1028, 1015} abi=armeabi-v7a
01-01 00:00:24.382  1330  1330 V InputMethodManagerService: Adding window token: android.os.Binder@eb73980
01-01 00:00:24.397   306  1432 D ExtendedUtils: extended extractor not needed, return default
01-01 00:00:24.401   306  1748 D AudioPolicyManager: isOffloadSupported: stream_type != MUSIC, returning false
01-01 00:00:24.402   306  1748 D OMXCodec: Successfully allocated OMX node 'OMX.google.vorbis.decoder'
01-01 00:00:24.402   306  1748 I ExtendedUtils: decision 0 mime 
01-01 00:00:24.402   306  1748 I AwesomePlayer: Could not offload audio decode, try pcm offload
01-01 00:00:24.402   306  1748 D AudioPolicyManager: isOffloadSupported: stream_type != MUSIC, returning false
01-01 00:00:24.403   306  1432 I AudioPlayer: start of Playback, useOffload 0
01-01 00:00:24.423  1696  1696 D ExternalStorage: After updating volumes, found 2 active roots
01-01 00:00:24.429  1696  1696 D ExternalStorage: After updating volumes, found 2 active roots
01-01 00:00:24.432  1490  1490 W TelecomManager: Telecom Service not found.
01-01 00:00:24.432  1490  1490 W TelecomManager: Telecom Service not found.
01-01 00:00:24.433  1490  1490 W Settings: Setting airplane_mode_on has moved from android.provider.Settings.System to android.provider.Settings.Global, returning read-only value.
01-01 00:00:24.436  1490  1490 W Settings: Setting airplane_mode_on has moved from android.provider.Settings.System to android.provider.Settings.Global, returning read-only value.
01-01 00:00:24.436  1490  1490 W TelecomManager: Telecom Service not found.
01-01 00:00:24.437  1454  1454 D MediaScannerReceiver: action: android.intent.action.MEDIA_MOUNTED path: /storage/sdcard1
01-01 00:00:24.467  1330  1524 I ActivityManager: Start proc com.sentera.updater for broadcast com.sentera.updater/.SDCardMountedReceiver: pid=1755 uid=1000 gids={41000, 9997, 3002, 3001, 1028, 1015, 3003, 3005, 1021, 3004, 1000, 3009, 1023, 1010, 2001, 1007} abi=armeabi-v7a
01-01 00:00:24.503   306  1748 I AudioPlayer: Pause Playback at 94000
01-01 00:00:24.506   306  1432 I AudioPlayer: reset: mPlaying=0 mReachedEOS=1 useOffload=0
01-01 00:00:24.512   306   306 D Utils   : printFileName fd(23) -> /system/media/audio/ui/KeypressStandard.ogg
01-01 00:00:24.526  1731  1731 I LatinIME: Hardware accelerated drawing: true
01-01 00:00:24.533   383  1324 E modemanager: readXMLOp:Couldn't open OEM XML file!
01-01 00:00:24.533   383  1324 E modemanager: retrieveMode: Failed to enumerate modes
01-01 00:00:24.533   383  1324 E modemanager: in applyDefaultMode fail to retrieve default mode!
01-01 00:00:24.533   383  1324 I modemanager: in applyDefaultMode ret = 0 mCurMode = -1
01-01 00:00:24.533   383  1324 E PPDaemon: void* applyDefaultModeThreadFunc(void*) failed applying default mode!
01-01 00:00:24.540   306   306 D ExtendedUtils: extended extractor not needed, return default
01-01 00:00:24.540   306  1774 D AudioPolicyManager: isOffloadSupported: stream_type != MUSIC, returning false
01-01 00:00:24.541   306  1774 D OMXCodec: Successfully allocated OMX node 'OMX.google.vorbis.decoder'
01-01 00:00:24.541   306  1774 I ExtendedUtils: decision 0 mime 
01-01 00:00:24.541   306  1774 I AwesomePlayer: Could not offload audio decode, try pcm offload
01-01 00:00:24.541   306  1774 D AudioPolicyManager: isOffloadSupported: stream_type != MUSIC, returning false
01-01 00:00:24.542   306   306 I AudioPlayer: start of Playback, useOffload 0
01-01 00:00:24.559  1755  1755 I SDCardMountedReceiver: ACTION_MEDIA_MOUNTED: Mounted To: file:///storage/sdcard1 in state "mounted"
01-01 00:00:24.560  1755  1755 D SDCardMountedReceiver: SDCard Mounted and Ready.  Starting firmware update service.
01-01 00:00:24.561  1755  1755 W ContextImpl: Calling a method in the system process without a qualified user: android.app.ContextImpl.startService:1686 android.content.ContextWrapper.startService:515 android.content.ContextWrapper.startService:515 com.sentera.updater.SDCardMountedReceiver.onReceive:47 android.app.ActivityThread.handleReceiver:2579 
01-01 00:00:24.563  1755  1755 D FirmwareUpdateService: Saving files versions to: /storage/sdcard1/info/
01-01 00:00:24.566  1755  1755 I FirmwareVersion: Firmware Version File: 
01-01 00:00:24.566  1755  1755 I FirmwareVersion: SENTERA SNAPCAM | [aa15283d] | SCR-H01 | 0.19.0 | 2018-04-16-171653 |  | 
01-01 00:00:24.613   306  1541 I AudioPlayer: Pause Playback at 226507
01-01 00:00:24.615   306  1433 I AudioPlayer: reset: mPlaying=0 mReachedEOS=1 useOffload=0
01-01 00:00:24.622   306  1779 D Utils   : printFileName fd(17) -> /system/media/audio/ui/Unlock.ogg
01-01 00:00:24.635   306  1779 D ExtendedUtils: extended extractor not needed, return default
01-01 00:00:24.636   306  1783 D AudioPolicyManager: isOffloadSupported: stream_type != MUSIC, returning false
01-01 00:00:24.636   306  1783 D OMXCodec: Successfully allocated OMX node 'OMX.google.vorbis.decoder'
01-01 00:00:24.637   306  1783 I ExtendedUtils: decision 0 mime 
01-01 00:00:24.637   306  1783 I AwesomePlayer: Could not offload audio decode, try pcm offload
01-01 00:00:24.637   306  1783 D AudioPolicyManager: isOffloadSupported: stream_type != MUSIC, returning false
01-01 00:00:24.638   306  1779 I AudioPlayer: start of Playback, useOffload 0
01-01 00:00:24.657   306  1774 I AudioPlayer: Pause Playback at 108145
01-01 00:00:24.657   306   306 I AudioPlayer: reset: mPlaying=0 mReachedEOS=1 useOffload=0
01-01 00:00:24.662   306  1432 D Utils   : printFileName fd(23) -> /system/media/audio/ui/KeypressSpacebar.ogg
01-01 00:00:24.672  1490  1490 W Settings: Setting airplane_mode_on has moved from android.provider.Settings.System to android.provider.Settings.Global, returning read-only value.
01-01 00:00:24.674  1755  1755 W ActivityThread: ClassLoader.getResourceAsStream: The class loader returned by Thread.getContextClassLoader() may fail for processes that host multiple applications. You should explicitly specify a context class loader. For example: Thread.setContextClassLoader(getClass().getClassLoader());
01-01 00:00:24.682  1330  1427 D WifiService: New client listening to asynchronous messages
01-01 00:00:24.685  1330  1354 D BluetoothManagerService: Message: 20
01-01 00:00:24.685  1330  1354 D BluetoothManagerService: Added callback: android.bluetooth.IBluetoothManagerCallback$Stub$Proxy@21cb847:true
01-01 00:00:24.688  1490  1490 D BluetoothAdapter: 606829582: getState() :  mService = null. Returning STATE_OFF
01-01 00:00:24.688  1490  1490 D BluetoothAdapter: 606829582: getState() :  mService = null. Returning STATE_OFF
01-01 00:00:24.692  1330  1778 D ConnectivityService: listenForNetwork for NetworkRequest [ id=2, legacyType=-1, [] ]
01-01 00:00:24.697   306  1432 D ExtendedUtils: extended extractor not needed, return default
01-01 00:00:24.697   306  1789 D AudioPolicyManager: isOffloadSupported: stream_type != MUSIC, returning false
01-01 00:00:24.698   306  1789 D OMXCodec: Successfully allocated OMX node 'OMX.google.vorbis.decoder'
01-01 00:00:24.698   306  1789 I ExtendedUtils: decision 0 mime 
01-01 00:00:24.698   306  1789 I AwesomePlayer: Could not offload audio decode, try pcm offload
01-01 00:00:24.698   306  1789 D AudioPolicyManager: isOffloadSupported: stream_type != MUSIC, returning false
01-01 00:00:24.699   306  1432 I AudioPlayer: start of Playback, useOffload 0
01-01 00:00:24.705  1755  1755 D FirmwareUpdateService: Checking for firmware in path: firmware
01-01 00:00:24.711  1490  1490 D StatusBar.NetworkController: refreshSignalCluster - setMobileDataIndicators:  mHasMobileDataFeature = false mPhoneSignalIconId = (null) mDataSignalIconId = (null) mMobileActivityIconId = (null) mDataTypeIconId = (null) mNoSimIconId = (null)
01-01 00:00:24.711  1490  1490 D StatusBar.NetworkController: refreshSignalCluster - setMobileDataIndicators:  mHasMobileDataFeature = false mPhoneSignalIconId = (null) mDataSignalIconId = (null) mMobileActivityIconId = (null) mDataTypeIconId = (null) mNoSimIconId = (null)
01-01 00:00:24.711  1490  1490 D StatusBar.NetworkController: refreshSignalCluster - setMobileDataIndicators:  mHasMobileDataFeature = false mPhoneSignalIconId = (null) mDataSignalIconId = (null) mMobileActivityIconId = (null) mDataTypeIconId = (null) mNoSimIconId = (null)
01-01 00:00:24.713   306   306 I CameraService: getCameraCharacteristics: Switching to HAL1 shim implementation...
01-01 00:00:24.714   306   306 I AwesomePlayer: setDataSource_l(<no-scheme URI suppressed>)
01-01 00:00:24.714   306   306 D AwesomePlayer: printFileName /system/media/audio/ui/camera_click.ogg
01-01 00:00:24.722  1755  1793 D FirmwareUpdateService: Checking for Firmware Updates...
01-01 00:00:24.722  1755  1793 D FirmwareChecker: Checking for previous updates file: /storage/sdcard1/firmware/applying_update
01-01 00:00:24.723  1755  1793 I FirmwareChecker: Scanning for firmware updates in: /storage/sdcard1/firmware
01-01 00:00:24.724  1755  1793 V FirmwareChecker: Rejecting Possible Update File: add_stored_configs - zip: false dotFile: false tempFile: false
01-01 00:00:24.724  1755  1793 D FirmwareChecker: No update files found. ( /storage/sdcard1/firmware )  Skipped update step.
01-01 00:00:24.724  1755  1793 D FirmwareChecker: Update Check Complete.
01-01 00:00:24.724  1755  1793 D FirmwareUpdateService: Stopping Service...
01-01 00:00:24.736   306  1794 D ExtendedUtils: extended extractor not needed, return default
01-01 00:00:24.736   306  1794 D AudioPolicyManager: isOffloadSupported: stream_type != MUSIC, returning false
01-01 00:00:24.737   306  1794 D OMXCodec: Successfully allocated OMX node 'OMX.google.vorbis.decoder'
01-01 00:00:24.737   306  1794 I ExtendedUtils: decision 0 mime 
01-01 00:00:24.737   306  1794 I AwesomePlayer: Could not offload audio decode, try pcm offload
01-01 00:00:24.737   306  1794 D AudioPolicyManager: isOffloadSupported: stream_type != MUSIC, returning false
01-01 00:00:24.737   306   306 I AwesomePlayer: setDataSource_l(<no-scheme URI suppressed>)
01-01 00:00:24.737   306   306 D AwesomePlayer: printFileName /system/media/audio/ui/VideoRecord.ogg
01-01 00:00:24.755   306  1797 D ExtendedUtils: extended extractor not needed, return default
01-01 00:00:24.755   306  1797 D AudioPolicyManager: isOffloadSupported: stream_type != MUSIC, returning false
01-01 00:00:24.756   306  1797 D OMXCodec: Successfully allocated OMX node 'OMX.google.vorbis.decoder'
01-01 00:00:24.756   306  1797 I ExtendedUtils: decision 0 mime 
01-01 00:00:24.756   306  1797 I AwesomePlayer: Could not offload audio decode, try pcm offload
01-01 00:00:24.756   306  1797 D AudioPolicyManager: isOffloadSupported: stream_type != MUSIC, returning false
01-01 00:00:24.759   306   306 I CameraClient: Opening camera 0
01-01 00:00:24.765  1731  1731 W InputAttributes: No editor info for this field. Bug?
01-01 00:00:24.773   341  1802 I mm-camera-sensor: module_sensor_start_session:1402 session 2
01-01 00:00:24.776   341  1804 E mm-camera-isp2: isp_module_start_session:166 session id 2
01-01 00:00:24.779   341  1808 D hdr     : Session id 0x2 started
01-01 00:00:24.785   341  1806 E mm-camera-CORE: af_single_if_link: Link success! 
01-01 00:00:24.786   341  1806 E mm-camera: is_module_start_session: Enter
01-01 00:00:24.786   341  1806 E mm-camera: is_module_start_session: Exit successful
01-01 00:00:24.786   341  1806 E mm-camera: gyro_module_start_session: Enter
01-01 00:00:24.786   341  1806 E mm-camera: gyro_port_init: Init DSPS
01-01 00:00:24.853   306  1783 I AudioPlayer: Pause Playback at 188866
01-01 00:00:24.854   306  1779 I AudioPlayer: reset: mPlaying=0 mReachedEOS=1 useOffload=0
01-01 00:00:24.860  1731  1817 I LatinIME:LogUtils: Dictionary info: dictionary = PersonalizationDictionary.en_US ; version = 24 ; date = ?
01-01 00:00:24.860   306  1433 D Utils   : printFileName fd(17) -> /system/media/audio/ui/Trusted.ogg
01-01 00:00:24.861  1731  1819 I LatinIME:LogUtils: Dictionary info: dictionary = contacts.en_US ; version = 24 ; date = ?
01-01 00:00:24.863  1731  1818 I LatinIME:LogUtils: Dictionary info: dictionary = userunigram.en_US ; version = 24 ; date = ?
01-01 00:00:24.870  1731  1820 I LatinIME:LogUtils: Dictionary info: dictionary = ContextualDictionary.en_US ; version = 24 ; date = ?
01-01 00:00:24.871   306  1789 I AudioPlayer: Pause Playback at 108145
01-01 00:00:24.871   306  1432 I AudioPlayer: reset: mPlaying=0 mReachedEOS=1 useOffload=0
01-01 00:00:24.874  1731  1816 I LatinIME:LogUtils: Dictionary info: dictionary = UserHistoryDictionary.en_US ; version = 23 ; date = 1530638219
01-01 00:00:24.877   306  1779 D Utils   : printFileName fd(21) -> /system/media/audio/ui/KeypressDelete.ogg
01-01 00:00:24.895  1827  1827 I logcat_to_sd: SD card mounted, creating log folder. 
01-01 00:00:24.896  1330  1346 I ActivityManager: Start proc android.process.acore for content provider com.android.providers.userdictionary/.UserDictionaryProvider: pid=1828 uid=10003 gids={50003, 9997, 3003, 1028, 1015} abi=armeabi-v7a
01-01 00:00:24.907   306  1779 D ExtendedUtils: extended extractor not needed, return default
01-01 00:00:24.907   306  1841 D AudioPolicyManager: isOffloadSupported: stream_type != MUSIC, returning false
01-01 00:00:24.908   306  1841 D OMXCodec: Successfully allocated OMX node 'OMX.google.vorbis.decoder'
01-01 00:00:24.908   306  1841 I ExtendedUtils: decision 0 mime 
01-01 00:00:24.908   306  1841 I AwesomePlayer: Could not offload audio decode, try pcm offload
01-01 00:00:24.908   306  1841 D AudioPolicyManager: isOffloadSupported: stream_type != MUSIC, returning false
01-01 00:00:24.912   306  1779 I AudioPlayer: start of Playback, useOffload 0
01-01 00:00:24.915   306  1433 D ExtendedUtils: extended extractor not needed, return default
01-01 00:00:24.918   306  1855 D AudioPolicyManager: isOffloadSupported: stream_type != MUSIC, returning false
01-01 00:00:24.918   306  1855 D OMXCodec: Successfully allocated OMX node 'OMX.google.vorbis.decoder'
01-01 00:00:24.919   306  1855 I ExtendedUtils: decision 0 mime 
01-01 00:00:24.919   306  1855 I AwesomePlayer: Could not offload audio decode, try pcm offload
01-01 00:00:24.919   306  1855 D AudioPolicyManager: isOffloadSupported: stream_type != MUSIC, returning false
01-01 00:00:24.920   306  1433 I AudioPlayer: start of Playback, useOffload 0
01-01 00:00:24.926   341  1802 E mm-camera-sensor: module_sensor_init_session:1140 Sensor path (null) name imx377_0
01-01 00:00:24.926   341  1802 I mm-camera-sensor: sensor_set_position:1416 Position ID: 0
01-01 00:00:24.926   341  1802 I mm-camera-sensor: sensor_set_mode:1447 Sensor Mode ID: 1
01-01 00:00:24.939   381   381 I sh      : type=1400 audit(0.0:32): avc: denied { getattr } for path="/storage/sdcard1/info/logs/system_log.07.log" dev="fuse" ino=3061867792 scontext=u:r:init:s0 tcontext=u:object_r:fuse:s0 tclass=file permissive=1
01-01 00:00:24.949  1881  1881 I mv      : type=1400 audit(0.0:33): avc: denied { write } for name="logs" dev="fuse" ino=3061866672 scontext=u:r:init:s0 tcontext=u:object_r:fuse:s0 tclass=dir permissive=1
01-01 00:00:24.949  1881  1881 I mv      : type=1400 audit(0.0:34): avc: denied { remove_name } for name="system_log.07.log" dev="fuse" ino=3061867792 scontext=u:r:init:s0 tcontext=u:object_r:fuse:s0 tclass=dir permissive=1
01-01 00:00:24.949  1881  1881 I mv      : type=1400 audit(0.0:35): avc: denied { rename } for name="system_log.07.log" dev="fuse" ino=3061867792 scontext=u:r:init:s0 tcontext=u:object_r:fuse:s0 tclass=file permissive=1
01-01 00:00:24.949  1881  1881 I mv      : type=1400 audit(0.0:36): avc: denied { add_name } for name="system_log.08.log" scontext=u:r:init:s0 tcontext=u:object_r:fuse:s0 tclass=dir permissive=1
01-01 00:00:24.962  1883  1883 I log_temperatures: SD card mounted, creating log folder. 
01-01 00:00:24.989  1189  1189 I nmbd    : type=1400 audit(0.0:37): avc: denied { write } for laddr=192.168.143.141 lport=137 scontext=u:r:init:s0 tcontext=u:r:init:s0 tclass=udp_socket permissive=1
01-01 00:00:24.989  1189  1189 I nmbd    : type=1400 audit(0.0:38): avc: denied { read } for lport=137 scontext=u:r:init:s0 tcontext=u:r:init:s0 tclass=udp_socket permissive=1
01-01 00:00:25.005   339   339 E QC-time-services: Daemon:genoff_modem_qmi_init: qmi_client_get_service_list returned -2num_services 0
01-01 00:00:25.017   306  1855 I AudioPlayer: Pause Playback at 80000
01-01 00:00:25.017   306  1433 I AudioPlayer: reset: mPlaying=0 mReachedEOS=1 useOffload=0
01-01 00:00:25.033   306  1841 I AudioPlayer: Pause Playback at 108145
01-01 00:00:25.033   306  1779 I AudioPlayer: reset: mPlaying=0 mReachedEOS=1 useOffload=0
01-01 00:00:25.039   306  1824 D Utils   : printFileName fd(17) -> /system/media/audio/ui/KeypressReturn.ogg
01-01 00:00:25.054  1731  1817 I LatinIME:LogUtils: Dictionary info: dictionary = PersonalizationDictionary.en_US ; version = 25 ; date = ?
01-01 00:00:25.055  1731  1817 I LatinIME:LogUtils: Dictionary info: dictionary = PersonalizationDictionary.en_US ; version = 25 ; date = ?
01-01 00:00:25.066   306  1824 D ExtendedUtils: extended extractor not needed, return default
01-01 00:00:25.068   306  1930 D AudioPolicyManager: isOffloadSupported: stream_type != MUSIC, returning false
01-01 00:00:25.069   306  1930 D OMXCodec: Successfully allocated OMX node 'OMX.google.vorbis.decoder'
01-01 00:00:25.069   306  1930 I ExtendedUtils: decision 0 mime 
01-01 00:00:25.069   306  1930 I AwesomePlayer: Could not offload audio decode, try pcm offload
01-01 00:00:25.069   306  1930 D AudioPolicyManager: isOffloadSupported: stream_type != MUSIC, returning false
01-01 00:00:25.071   306  1824 I AudioPlayer: start of Playback, useOffload 0
01-01 00:00:25.081  1454  1754 W MediaScanner: Error opening directory '/storage/usbotg/', skipping: No such file or directory.
01-01 00:00:25.087   341  1802 I mm-camera-sensor: module_sensor_init_session:1301 Success
01-01 00:00:25.087   341  1802 E mm-camera-sensor: module_sensor_start_session:1435 SUCCESS
01-01 00:00:25.091  1454  1754 V MediaScanner: pruneDeadThumbnailFiles... android.database.sqlite.SQLiteCursor@3014ef47
01-01 00:00:25.097  1942  1942 I logcat_to_sd: Starting SDCard logging... 
