--------- beginning of main
01-01 00:00:16.597   244   244 I lowmemorykiller: Using in-kernel low memory killer interface
01-01 00:00:00.919   242   242 W auditd  : type=2000 audit(0.0:1): initialized
01-01 00:00:12.859   242   242 I auditd  : type=1403 audit(0.0:2): policy loaded auid=4294967295 ses=4294967295
--------- beginning of system
01-01 00:00:16.725   246   246 I Vold    : Vold 2.1 (the revenge) firing up
01-01 00:00:16.725   246   246 E DirectVolume: Vold managed volumes must have auto mount point; ignoring /storage/sdcard1
01-01 00:00:16.725   246   246 D Vold    : Volume sdcard1 state changing -1 (Initializing) -> 0 (No-Media)
01-01 00:00:16.725   246   246 I Cryptfs : Check if PFE is activated on Boot
01-01 00:00:16.733   246   246 E Cryptfs : Bad magic for real block device /dev/block/bootdevice/by-name/userdata
01-01 00:00:16.733   246   246 E Cryptfs : Error getting crypt footer and key
01-01 00:00:16.739   259   259 I qcom-bluetooth: /system/etc/init.qcom.bt.sh: init.qcom.bt.sh config = onboot 
01-01 00:00:16.788   267   267 I qcom-bluetooth: /system/etc/init.qcom.bt.sh: Bluetooth Address programmed successfully 
01-01 00:00:16.813   263   263 D QSEECOMD: : qseecom listener services process entry PPID = 1
01-01 00:00:16.813   263   263 E QSEECOMD: : Listener: index = 0, hierarchy = 0
01-01 00:00:16.821   263   263 D QSEECOMD: : Init dlopen(librpmb.so, RTLD_NOW) succeeds
01-01 00:00:16.821   263   263 D QSEECOMD: : Init::Init dlsym(g_FSHandle rpmb_init_service) succeeds
01-01 00:00:16.821   263   263 I rpmb    : RPMB Mult = 16384, Rel_sec_cnt = 1
01-01 00:00:16.821   263   263 E DrmLibRpmb: rpmb_init succeeded! with ret = 0
01-01 00:00:16.821   263   263 D QSEECOMD: : Init rpmb_init_service ret = 0
01-01 00:00:16.821   263   263 D QSEECOMD: : RPMB system services: init (Listener ID = 8192)
01-01 00:00:16.821   263   263 E QSEECOMD: : Listener: index = 1, hierarchy = 0
01-01 00:00:16.827   247   247 I SurfaceFlinger: SurfaceFlinger is starting
01-01 00:00:16.827   263   263 D QSEECOMD: : Init dlopen(libssd.so, RTLD_NOW) succeeds
01-01 00:00:16.827   263   263 D QSEECOMD: : Init::Init dlsym(g_FSHandle ssd_init_service) succeeds
01-01 00:00:16.828   263   263 E SSD     : ssd_init_service succeeded!
01-01 00:00:16.828   263   263 D QSEECOMD: : Init ssd_init_service ret = 0
01-01 00:00:16.828   263   263 D QSEECOMD: : SSD system services: init (Listener ID = 12288)
01-01 00:00:16.828   263   263 E QSEECOMD: : Listener: index = 2, hierarchy = 0
01-01 00:00:16.829   247   247 I SurfaceFlinger: SurfaceFlinger's main thread ready to run. Initializing graphics H/W...
01-01 00:00:16.846   247   247 D libEGL  : loaded /vendor/lib/egl/libEGL_adreno.so
01-01 00:00:16.933   263   263 D QSEECOMD: : Init dlopen(libsecureui.so, RTLD_NOW) succeeds
01-01 00:00:16.933   263   263 D QSEECOMD: : Init::Init dlsym(g_FSHandle secure_ui_init) succeeds
01-01 00:00:16.933   263   263 D QSEECOMD: : Init secure_ui_init ret = 0
01-01 00:00:16.933   263   263 D QSEECOMD: : secure UI services: init (Listener ID = 16384)
01-01 00:00:16.933   263   263 D QSEECOMAPI: : QSEECom_get_handle sb_length = 0x400
01-01 00:00:16.933   263   263 D QSEECOMAPI: : App is not loaded in QSEE
01-01 00:00:17.039   289   289 I init    : type=1400 audit(0.0:3): avc: denied { entrypoint } for path="/system/bin/busybox" dev="mmcblk0p15" ino=223 scontext=u:r:shell:s0 tcontext=u:object_r:system_file:s0 tclass=file permissive=1
01-01 00:00:17.085   246   286 W DirectVolume: Deprecated implied prefix pattern detected, please use '/devices/msm_sdcc.2/mmc_host*' instead
01-01 00:00:17.085   246   286 D Vold    : Volume sdcard1 state changing 0 (No-Media) -> 2 (Pending)
01-01 00:00:17.086   246   286 D Vold    : Volume sdcard1 state changing 2 (Pending) -> 1 (Idle-Unmounted)
01-01 00:00:17.127   290   290 E qca1530 : detect 
01-01 00:00:17.139   294   294 D qca1530 : detect 
01-01 00:00:17.174   296   296 V qca1530 : detect 
01-01 00:00:17.178   247   247 D libEGL  : loaded /vendor/lib/egl/libGLESv1_CM_adreno.so
01-01 00:00:17.204   247   247 D libEGL  : loaded /vendor/lib/egl/libGLESv2_adreno.so
01-01 00:00:17.272   247   247 I Adreno  : EGLInit: QTI Build: 01/16/15, 25d4fe7, 
01-01 00:00:17.277   304   304 I         : debuggerd: Nov  9 2015 10:06:26
01-01 00:00:17.337   303   303 I Netd    : Netd 1.0 starting
01-01 00:00:17.367   308   308 I installd: installd firing up
01-01 00:00:17.495   312   312 D QSEECOMAPI: : QSEECom_get_handle sb_length = 0x2000
01-01 00:00:17.666   321   321 D WLAN_PSA: PTT_SOCKET_APP Start
01-01 00:00:17.666   321   321 V WLAN_PSA: UID 0
01-01 00:00:17.666   321   321 E WLAN_PSA: Set as Blocked Operation
01-01 00:00:17.679   322   322 D adsprpc : vendor/qcom/proprietary/adsprpc/src/adsprpcd.c:21::info: calling: 0 == adsp_default_listener_register()
01-01 00:00:17.747   319   319 I irsc_util: irsc tool created:0xb6c4f060
01-01 00:00:17.747   319   319 I irsc_util: Starting irsc tool
01-01 00:00:17.747   319   319 I irsc_util: Trying to open sec config file
01-01 00:00:17.747   322   322 D adsprpc : vendor/qcom/proprietary/adsprpc/src/adsprpcd.c:21::info: passed: 0 == adsp_default_listener_register()
01-01 00:00:17.759   321   321 D WLAN_PSA: FTM Test App: Diag_LSM_Init succeeded. 
01-01 00:00:17.759   321   321 D WLAN_PSA: PTT_SOCKET_APP Init done, wait clients
01-01 00:00:17.763   319   319 I irsc_util: file_parser Number of element :0
01-01 00:00:17.763   319   319 I irsc_util: file_parser Invalid Format or Comment - '/* IPC Security Config */
01-01 00:00:17.763   319   319 I irsc_util: '
01-01 00:00:17.764   319   319 I irsc_util: file_parser Number of element :0
01-01 00:00:17.764   319   319 I irsc_util: file_parser Invalid Format or Comment - '/* <GPS QMI Service ID - 16>:<GPS QMI Instance ID - all instances>:<Client Group ID> */
01-01 00:00:17.764   319   319 I irsc_util: '
01-01 00:00:17.764   319   319 I irsc_util: file_parser Number of element :4
01-01 00:00:17.764   319   319 I irsc_util: file_parser Number of element :0
01-01 00:00:17.764   319   319 I irsc_util: file_parser Invalid Format or Comment - '/* Allow SS CTL service to be used by system and net_raw processes */
01-01 00:00:17.764   319   319 I irsc_util: '
01-01 00:00:17.765   319   319 I irsc_util: file_parser Number of element :4
01-01 00:00:17.765   319   319 I irsc_util: file_parser Number of element :0
01-01 00:00:17.765   319   319 I irsc_util: file_parser Invalid Format or Comment - '/* Allow Sensor services to be used by sensor process */
01-01 00:00:17.765   319   319 I irsc_util: '
01-01 00:00:17.765   319   319 I irsc_util: file_parser Number of element :3
01-01 00:00:17.765   319   319 I irsc_util: file_parser Number of element :3
01-01 00:00:17.765   319   319 I irsc_util: file_parser Number of element :3
01-01 00:00:17.766   319   319 I irsc_util: file_parser Number of element :3
01-01 00:00:17.766   319   319 I irsc_util: file_parser Number of element :3
01-01 00:00:17.766   319   319 I irsc_util: file_parser Number of element :3
01-01 00:00:17.766   319   319 I irsc_util: file_parser Number of element :3
01-01 00:00:17.766   319   319 I irsc_util: file_parser Number of element :3
01-01 00:00:17.766   319   319 I irsc_util: file_parser Number of element :3
01-01 00:00:17.766   319   319 I irsc_util: file_parser Number of element :3
01-01 00:00:17.766   319   319 I irsc_util: file_parser Number of element :3
01-01 00:00:17.767   319   319 I irsc_util: file_parser Number of element :3
01-01 00:00:17.767   319   319 I irsc_util: file_parser Number of element :3
01-01 00:00:17.767   319   319 I irsc_util: file_parser Number of element :3
01-01 00:00:17.767   319   319 I irsc_util: file_parser Number of element :3
01-01 00:00:17.767   319   319 I irsc_util: file_parser Number of element :3
01-01 00:00:17.767   319   319 I irsc_util: file_parser Number of element :3
01-01 00:00:17.767   319   319 I irsc_util: file_parser Number of element :3
01-01 00:00:17.767   319   319 I irsc_util: file_parser Number of element :3
01-01 00:00:17.768   319   319 I irsc_util: file_parser Number of element :3
01-01 00:00:17.768   319   319 I irsc_util: file_parser Number of element :3
01-01 00:00:17.768   319   319 I irsc_util: file_parser Number of element :3
01-01 00:00:17.768   319   319 I irsc_util: file_parser Number of element :3
01-01 00:00:17.768   319   319 I irsc_util: file_parser Number of element :3
01-01 00:00:17.768   319   319 I irsc_util: file_parser Number of element :3
01-01 00:00:17.769   319   319 I irsc_util: file_parser Number of element :3
01-01 00:00:17.769   319   319 I irsc_util: file_parser Number of element :3
01-01 00:00:17.769   319   319 I irsc_util: file_parser Number of element :3
01-01 00:00:17.769   319   319 I irsc_util: file_parser Number of element :3
01-01 00:00:17.769   319   319 I irsc_util: file_parser Number of element :3
01-01 00:00:17.769   319   319 I irsc_util: file_parser Number of element :3
01-01 00:00:17.769   319   319 I irsc_util: file_parser Number of element :3
01-01 00:00:17.769   319   319 I irsc_util: file_parser Number of element :3
01-01 00:00:17.770   319   319 I irsc_util: file_parser Number of element :3
01-01 00:00:17.770   319   319 I irsc_util: file_parser Number of element :3
01-01 00:00:17.770   319   319 I irsc_util: file_parser Number of element :3
01-01 00:00:17.770   319   319 I irsc_util: file_parser Number of element :3
01-01 00:00:17.770   319   319 I irsc_util: file_parser Number of element :3
01-01 00:00:17.770   319   319 I irsc_util: file_parser Number of element :3
01-01 00:00:17.771   319   319 I irsc_util: file_parser Number of element :3
01-01 00:00:17.771   319   319 I irsc_util: file_parser Number of element :3
01-01 00:00:17.771   319   319 I irsc_util: file_parser Number of element :3
01-01 00:00:17.771   319   319 I irsc_util: file_parser Number of element :3
01-01 00:00:17.771   319   319 I irsc_util: file_parser Number of element :3
01-01 00:00:17.771   319   319 I irsc_util: file_parser Number of element :3
01-01 00:00:17.771   319   319 I irsc_util: file_parser Number of element :3
01-01 00:00:17.771   319   319 I irsc_util: file_parser Number of element :3
01-01 00:00:17.772   319   319 I irsc_util: file_parser Number of element :3
01-01 00:00:17.772   319   319 I irsc_util: file_parser Number of element :3
01-01 00:00:17.772   319   319 I irsc_util: file_parser Number of element :3
01-01 00:00:17.772   319   319 I irsc_util: file_parser Number of element :3
01-01 00:00:17.772   319   319 I irsc_util: file_parser Number of element :3
01-01 00:00:17.772   319   319 I irsc_util: file_parser Number of element :3
01-01 00:00:17.772   319   319 I irsc_util: file_parser Number of element :3
01-01 00:00:17.772   319   319 I irsc_util: file_parser Number of element :3
01-01 00:00:17.773   319   319 I irsc_util: file_parser Number of element :3
01-01 00:00:17.773   319   319 I irsc_util: file_parser Number of element :3
01-01 00:00:17.773   319   319 I irsc_util: file_parser Number of element :3
01-01 00:00:17.773   319   319 I irsc_util: file_parser Number of element :3
01-01 00:00:17.773   319   319 I irsc_util: file_parser Number of element :3
01-01 00:00:17.773   319   319 I irsc_util: file_parser Number of element :3
01-01 00:00:17.773   319   319 I irsc_util: file_parser Number of element :3
01-01 00:00:17.774   319   319 I irsc_util: file_parser Number of element :3
01-01 00:00:17.774   319   319 I irsc_util: file_parser Number of element :3
01-01 00:00:17.774   319   319 I irsc_util: file_parser Number of element :3
01-01 00:00:17.774   319   319 I irsc_util: file_parser Number of element :3
01-01 00:00:17.774   319   319 I irsc_util: file_parser Number of element :3
01-01 00:00:17.774   319   319 I irsc_util: file_parser Number of element :3
01-01 00:00:17.798   322   335 E adsprpc : vendor/qcom/proprietary/adsprpc/src/apps_std_imp.c:33:apps_std fopen failed: /oemconfig.so No such file or directory
01-01 00:00:17.798   322   335 E adsprpc : vendor/qcom/proprietary/adsprpc/src/apps_std_imp.c:33:apps_std fopen failed: /system/lib/rfsa/adsp//oemconfig.so No such file or directory
01-01 00:00:17.805   322   335 E adsprpc : vendor/qcom/proprietary/adsprpc/src/apps_std_imp.c:33:apps_std fopen failed: /system/vendor/lib/rfsa/adsp//oemconfig.so No such file or directory
01-01 00:00:17.809   322   335 E adsprpc : vendor/qcom/proprietary/adsprpc/src/apps_std_imp.c:33:apps_std fopen failed: /voiceproc_tx.so No such file or directory
01-01 00:00:17.810   322   335 E adsprpc : vendor/qcom/proprietary/adsprpc/src/apps_std_imp.c:33:apps_std fopen failed: /system/lib/rfsa/adsp//voiceproc_tx.so No such file or directory
01-01 00:00:17.810   322   335 E adsprpc : vendor/qcom/proprietary/adsprpc/src/apps_std_imp.c:33:apps_std fopen failed: /system/vendor/lib/rfsa/adsp//voiceproc_tx.so No such file or directory
01-01 00:00:17.811   322   335 E adsprpc : vendor/qcom/proprietary/adsprpc/src/apps_std_imp.c:33:apps_std fopen failed: /voiceproc_rx.so No such file or directory
01-01 00:00:17.811   322   335 E adsprpc : vendor/qcom/proprietary/adsprpc/src/apps_std_imp.c:33:apps_std fopen failed: /system/lib/rfsa/adsp//voiceproc_rx.so No such file or directory
01-01 00:00:17.811   322   335 E adsprpc : vendor/qcom/proprietary/adsprpc/src/apps_std_imp.c:33:apps_std fopen failed: /system/vendor/lib/rfsa/adsp//voiceproc_rx.so No such file or directory
01-01 00:00:17.814   319   319 I irsc_util: file_parser Number of element :3
01-01 00:00:17.814   319   319 I irsc_util: file_parser Number of element :3
01-01 00:00:17.814   319   319 I irsc_util: file_parser Number of element :3
01-01 00:00:17.815   319   319 I irsc_util: file_parser Number of element :3
01-01 00:00:17.815   319   319 I irsc_util: file_parser Number of element :3
01-01 00:00:17.815   319   319 I irsc_util: file_parser Number of element :3
01-01 00:00:17.815   319   319 I irsc_util: file_parser Number of element :3
01-01 00:00:17.815   319   319 I irsc_util: file_parser Number of element :3
01-01 00:00:17.815   319   319 I irsc_util: file_parser Number of element :3
01-01 00:00:17.815   319   319 I irsc_util: file_parser Number of element :3
01-01 00:00:17.815   319   319 I irsc_util: file_parser Number of element :3
01-01 00:00:17.816   319   319 I irsc_util: file_parser Number of element :3
01-01 00:00:17.816   319   319 I irsc_util: file_parser Number of element :3
01-01 00:00:17.816   319   319 I irsc_util: file_parser Number of element :3
01-01 00:00:17.816   319   319 I irsc_util: file_parser Number of element :3
01-01 00:00:17.816   319   319 I irsc_util: file_parser Number of element :3
01-01 00:00:17.816   319   319 I irsc_util: file_parser Number of element :3
01-01 00:00:17.816   319   319 I irsc_util: file_parser Number of element :3
01-01 00:00:17.817   319   319 I irsc_util: file_parser Number of element :3
01-01 00:00:17.817   319   319 I irsc_util: file_parser Number of element :3
01-01 00:00:17.817   319   319 I irsc_util: file_parser Number of element :3
01-01 00:00:17.817   319   319 I irsc_util: file_parser Number of element :3
01-01 00:00:17.817   319   319 I irsc_util: file_parser Number of element :3
01-01 00:00:17.817   319   319 I irsc_util: file_parser Number of element :3
01-01 00:00:17.817   319   319 I irsc_util: file_parser Number of element :3
01-01 00:00:17.817   319   319 I irsc_util: file_parser Number of element :3
01-01 00:00:17.818   319   319 I irsc_util: file_parser Number of element :3
01-01 00:00:17.818   319   319 I irsc_util: file_parser Number of element :3
01-01 00:00:17.818   319   319 I irsc_util: file_parser Number of element :3
01-01 00:00:17.818   319   319 I irsc_util: file_parser Number of element :3
01-01 00:00:17.818   319   319 I irsc_util: file_parser Number of element :3
01-01 00:00:17.818   319   319 I irsc_util: file_parser Number of element :3
01-01 00:00:17.818   319   319 I irsc_util: file_parser Number of element :3
01-01 00:00:17.818   319   319 I irsc_util: file_parser Number of element :3
01-01 00:00:17.819   319   319 I irsc_util: file_parser Number of element :3
01-01 00:00:17.819   319   319 I irsc_util: file_parser Number of element :3
01-01 00:00:17.819   319   319 I irsc_util: file_parser Number of element :3
01-01 00:00:17.819   319   319 I irsc_util: file_parser Number of element :3
01-01 00:00:17.819   319   319 I irsc_util: file_parser Number of element :3
01-01 00:00:17.819   319   319 I irsc_util: file_parser Number of element :3
01-01 00:00:17.819   319   319 I irsc_util: file_parser Number of element :3
01-01 00:00:17.820   319   319 I irsc_util: file_parser Number of element :3
01-01 00:00:17.820   319   319 I irsc_util: file_parser Number of element :3
01-01 00:00:17.820   319   319 I irsc_util: file_parser Number of element :3
01-01 00:00:17.820   319   319 I irsc_util: file_parser Number of element :3
01-01 00:00:17.820   319   319 I irsc_util: file_parser Number of element :3
01-01 00:00:17.820   319   319 I irsc_util: file_parser Number of element :3
01-01 00:00:17.820   319   319 I irsc_util: file_parser Number of element :3
01-01 00:00:17.821   319   319 I irsc_util: file_parser Number of element :3
01-01 00:00:17.821   319   319 I irsc_util: file_parser Number of element :3
01-01 00:00:17.821   319   319 I irsc_util: file_parser Number of element :3
01-01 00:00:17.821   319   319 I irsc_util: file_parser Number of element :3
01-01 00:00:17.821   319   319 I irsc_util: file_parser Number of element :3
01-01 00:00:17.821   319   319 I irsc_util: file_parser Number of element :3
01-01 00:00:17.821   319   319 I irsc_util: file_parser Number of element :3
01-01 00:00:17.822   319   319 I irsc_util: file_parser Number of element :3
01-01 00:00:17.822   319   319 I irsc_util: file_parser Number of element :3
01-01 00:00:17.822   319   319 I irsc_util: file_parser Number of element :3
01-01 00:00:17.822   319   319 I irsc_util: file_parser Number of element :3
01-01 00:00:17.822   319   319 I irsc_util: file_parser Number of element :3
01-01 00:00:17.822   319   319 I irsc_util: file_parser Number of element :3
01-01 00:00:17.822   319   319 I irsc_util: file_parser Number of element :3
01-01 00:00:17.822   319   319 I irsc_util: file_parser Number of element :3
01-01 00:00:17.823   319   319 I irsc_util: file_parser Number of element :3
01-01 00:00:17.823   319   319 I irsc_util: file_parser Number of element :3
01-01 00:00:17.823   319   319 I irsc_util: file_parser Number of element :3
01-01 00:00:17.823   319   319 I irsc_util: file_parser Number of element :3
01-01 00:00:17.823   319   319 I irsc_util: file_parser Number of element :3
01-01 00:00:17.823   319   319 I irsc_util: file_parser Number of element :3
01-01 00:00:17.823   319   319 I irsc_util: file_parser Number of element :3
01-01 00:00:17.823   319   319 I irsc_util: file_parser Number of element :3
01-01 00:00:17.823   319   319 I irsc_util: file_parser Number of element :3
01-01 00:00:17.823   319   319 I irsc_util: file_parser Number of element :3
01-01 00:00:17.823   319   319 I irsc_util: file_parser Number of element :3
01-01 00:00:17.824   319   319 I irsc_util: file_parser Number of element :3
01-01 00:00:17.824   319   319 I irsc_util: file_parser Number of element :3
01-01 00:00:17.824   319   319 I irsc_util: file_parser Number of element :3
01-01 00:00:17.825   319   319 I irsc_util: file_parser Number of element :3
01-01 00:00:17.859   319   319 I irsc_util: file_parser Number of element :3
01-01 00:00:17.859   319   319 I irsc_util: file_parser Number of element :3
01-01 00:00:17.859   319   319 I irsc_util: file_parser Number of element :3
01-01 00:00:17.859   319   319 I irsc_util: file_parser Number of element :3
01-01 00:00:17.859   319   319 I irsc_util: file_parser Number of element :3
01-01 00:00:17.859   319   319 I irsc_util: file_parser Number of element :3
01-01 00:00:17.859   319   319 I irsc_util: file_parser Number of element :3
01-01 00:00:17.860   319   319 I irsc_util: file_parser Number of element :3
01-01 00:00:17.860   319   319 I irsc_util: file_parser Number of element :3
01-01 00:00:17.860   319   319 I irsc_util: file_parser Number of element :3
01-01 00:00:17.860   319   319 I irsc_util: file_parser Number of element :3
01-01 00:00:17.860   319   319 I irsc_util: file_parser Number of element :3
01-01 00:00:17.860   319   319 I irsc_util: file_parser Number of element :3
01-01 00:00:17.860   319   319 I irsc_util: file_parser Number of element :3
01-01 00:00:17.860   319   319 I irsc_util: file_parser Number of element :3
01-01 00:00:17.860   319   319 I irsc_util: file_parser Number of element :3
01-01 00:00:17.860   319   319 I irsc_util: file_parser Number of element :3
01-01 00:00:17.861   319   319 I irsc_util: file_parser Number of element :3
01-01 00:00:17.861   319   319 I irsc_util: file_parser Number of element :3
01-01 00:00:17.861   319   319 I irsc_util: file_parser Number of element :3
01-01 00:00:17.861   319   319 I irsc_util: file_parser Number of element :3
01-01 00:00:17.861   319   319 I irsc_util: file_parser Number of element :3
01-01 00:00:17.861   319   319 I irsc_util: file_parser Number of element :3
01-01 00:00:17.861   319   319 I irsc_util: file_parser Number of element :3
01-01 00:00:17.861   319   319 I irsc_util: file_parser Number of element :3
01-01 00:00:17.861   319   319 I irsc_util: file_parser Number of element :3
01-01 00:00:17.862   319   319 I irsc_util: file_parser Number of element :3
01-01 00:00:17.862   319   319 I irsc_util: file_parser Number of element :3
01-01 00:00:17.862   319   319 I irsc_util: file_parser Number of element :3
01-01 00:00:17.862   319   319 I irsc_util: file_parser Number of element :3
01-01 00:00:17.862   319   319 I irsc_util: file_parser Number of element :3
01-01 00:00:17.862   319   319 I irsc_util: file_parser Number of element :3
01-01 00:00:17.862   319   319 I irsc_util: file_parser Number of element :3
01-01 00:00:17.862   319   319 I irsc_util: file_parser Number of element :3
01-01 00:00:17.862   319   319 I irsc_util: file_parser Number of element :3
01-01 00:00:17.862   319   319 I irsc_util: file_parser Number of element :3
01-01 00:00:17.862   319   319 I irsc_util: file_parser Number of element :3
01-01 00:00:17.863   319   319 I irsc_util: file_parser Number of element :3
01-01 00:00:17.863   319   319 I irsc_util: file_parser Number of element :3
01-01 00:00:17.863   319   319 I irsc_util: file_parser Number of element :3
01-01 00:00:17.863   319   319 I irsc_util: file_parser Number of element :3
01-01 00:00:17.863   319   319 I irsc_util: file_parser Number of element :3
01-01 00:00:17.863   319   319 I irsc_util: file_parser Number of element :3
01-01 00:00:17.863   319   319 I irsc_util: file_parser Number of element :3
01-01 00:00:17.863   319   319 I irsc_util: file_parser Number of element :3
01-01 00:00:17.863   319   319 I irsc_util: file_parser Number of element :3
01-01 00:00:17.863   319   319 I irsc_util: file_parser Number of element :3
01-01 00:00:17.864   319   319 I irsc_util: file_parser Number of element :3
01-01 00:00:17.864   319   319 I irsc_util: file_parser Number of element :3
01-01 00:00:17.864   319   319 I irsc_util: file_parser Number of element :3
01-01 00:00:17.864   319   319 I irsc_util: file_parser Number of element :3
01-01 00:00:17.864   319   319 I irsc_util: file_parser Number of element :3
01-01 00:00:17.864   319   319 I irsc_util: file_parser Number of element :3
01-01 00:00:17.864   319   319 I irsc_util: file_parser Number of element :3
01-01 00:00:17.864   319   319 I irsc_util: file_parser Number of element :3
01-01 00:00:17.864   319   319 I irsc_util: file_parser Number of element :3
01-01 00:00:17.864   319   319 I irsc_util: file_parser Number of element :3
01-01 00:00:17.865   319   319 I irsc_util: file_parser Number of element :3
01-01 00:00:17.865   319   319 I irsc_util: file_parser Number of element :3
01-01 00:00:17.865   319   319 I irsc_util: file_parser Number of element :3
01-01 00:00:17.865   319   319 I irsc_util: file_parser Number of element :3
01-01 00:00:17.865   319   319 I irsc_util: file_parser Number of element :3
01-01 00:00:17.865   319   319 I irsc_util: file_parser Number of element :3
01-01 00:00:17.865   319   319 I irsc_util: file_parser Number of element :3
01-01 00:00:17.865   319   319 I irsc_util: file_parser Number of element :3
01-01 00:00:17.865   319   319 I irsc_util: file_parser Number of element :3
01-01 00:00:17.865   319   319 I irsc_util: file_parser Number of element :3
01-01 00:00:17.866   319   319 I irsc_util: file_parser Number of element :3
01-01 00:00:17.866   319   319 I irsc_util: file_parser Number of element :3
01-01 00:00:17.866   319   319 I irsc_util: file_parser Number of element :3
01-01 00:00:17.866   319   319 I irsc_util: file_parser Number of element :3
01-01 00:00:17.866   319   319 I irsc_util: file_parser Number of element :3
01-01 00:00:17.866   319   319 I irsc_util: file_parser Number of element :3
01-01 00:00:17.866   319   319 I irsc_util: file_parser Number of element :3
01-01 00:00:17.866   319   319 I irsc_util: file_parser Number of element :3
01-01 00:00:17.866   319   319 I irsc_util: file_parser Number of element :3
01-01 00:00:17.866   319   319 I irsc_util: file_parser Number of element :3
01-01 00:00:17.866   319   319 I irsc_util: file_parser Number of element :3
01-01 00:00:17.867   319   319 I irsc_util: file_parser Number of element :3
01-01 00:00:17.867   319   319 I irsc_util: file_parser Number of element :3
01-01 00:00:17.867   319   319 I irsc_util: file_parser Number of element :3
01-01 00:00:17.867   319   319 I irsc_util: file_parser Number of element :3
01-01 00:00:17.867   319   319 I irsc_util: file_parser Number of element :3
01-01 00:00:17.867   319   319 I irsc_util: file_parser Number of element :3
01-01 00:00:17.867   319   319 I irsc_util: file_parser Number of element :3
01-01 00:00:17.867   319   319 I irsc_util: file_parser Number of element :3
01-01 00:00:17.867   319   319 I irsc_util: file_parser Number of element :3
01-01 00:00:17.867   319   319 I irsc_util: file_parser Number of element :3
01-01 00:00:17.868   319   319 I irsc_util: file_parser Number of element :3
01-01 00:00:17.868   319   319 I irsc_util: file_parser Number of element :3
01-01 00:00:17.868   319   319 I irsc_util: file_parser Number of element :3
01-01 00:00:17.871   319   319 I irsc_util: file_parser Number of element :3
01-01 00:00:17.871   319   319 I irsc_util: file_parser Number of element :3
01-01 00:00:17.871   319   319 I irsc_util: file_parser Number of element :3
01-01 00:00:17.871   319   319 I irsc_util: file_parser Number of element :3
01-01 00:00:17.871   319   319 I irsc_util: file_parser Number of element :3
01-01 00:00:17.871   319   319 I irsc_util: file_parser Number of element :3
01-01 00:00:17.871   319   319 I irsc_util: file_parser Number of element :3
01-01 00:00:17.871   319   319 I irsc_util: file_parser Number of element :3
01-01 00:00:17.871   319   319 I irsc_util: file_parser Number of element :3
01-01 00:00:17.871   319   319 I irsc_util: file_parser Number of element :3
01-01 00:00:17.872   319   319 I irsc_util: file_parser Number of element :3
01-01 00:00:17.872   319   319 I irsc_util: file_parser Number of element :3
01-01 00:00:17.872   319   319 I irsc_util: file_parser Number of element :3
01-01 00:00:17.872   319   319 I irsc_util: file_parser Number of element :3
01-01 00:00:17.872   319   319 I irsc_util: file_parser Number of element :3
01-01 00:00:17.872   319   319 I irsc_util: file_parser Number of element :3
01-01 00:00:17.876   327   327 I ThermalEngine: Thermal daemon started
01-01 00:00:17.901   328   328 E Diag_Lib: qpLogDiagInit ==>
01-01 00:00:17.914   328   328 E Diag_Lib: qpLogDiagInit <== result : 1
01-01 00:00:17.914   328   328 E Diag_Lib: [IMS_QMID] |imsqmiserver.c | 505 | QMID#$$#0#QMI DAEMON STARTED
01-01 00:00:17.914   328   328 E Diag_Lib: [IMS_QMID] |imsqmiserver.c | 515 | ims-qmi-daemon main entry getgid: 3e9
01-01 00:00:17.914   328   328 E Diag_Lib: [IMS_QMID] |imsqmiserver.c | 524 | ims-qmi-daemon: Server Sock FD 10 received from init
01-01 00:00:17.914   328   328 E Diag_Lib: [IMS_QMID] |imsqmiserver.c | 86 | QMIDAddFDToFDSet:Added FD: [10] to FDSet
01-01 00:00:17.914   328   328 E Diag_Lib: [IMS_QMID] |imsqmiserver.c | 543 | QMID#$$#0#QMID SERVER STARTED
01-01 00:00:17.914   328   328 E Diag_Lib: [IMS_QMID] |imsqmiserver.c | 554 | ims-qmi-daemon listen done
01-01 00:00:17.926   319   319 I irsc_util: file_parser Number of element :3
01-01 00:00:17.927   319   319 I irsc_util: file_parser Number of element :3
01-01 00:00:17.927   319   319 I irsc_util: file_parser Number of element :3
01-01 00:00:17.927   319   319 I irsc_util: file_parser Number of element :0
01-01 00:00:17.927   319   319 I irsc_util: file_parser Invalid Format or Comment - '/* Allow RCS service to aquire net_raw permission */
01-01 00:00:17.927   319   319 I irsc_util: '
01-01 00:00:17.927   319   319 I irsc_util: file_parser Number of element :4
01-01 00:00:17.927   319   319 I irsc_util: file_parser Number of element :0
01-01 00:00:17.927   319   319 I irsc_util: file_parser Invalid Format or Comment - '/* Allow QMID service to aquire net_raw permission */
01-01 00:00:17.927   319   319 I irsc_util: '
01-01 00:00:17.927   319   319 I irsc_util: file_parser Number of element :4
01-01 00:00:17.927   319   319 I irsc_util: file_parser Number of element :4
01-01 00:00:17.928   319   319 I irsc_util: file_parser Number of element :4
01-01 00:00:17.928   319   319 I irsc_util: file_parser Number of element :4
01-01 00:00:17.928   319   319 I irsc_util: file_parser Number of element :4
01-01 00:00:17.928   319   319 I irsc_util: file_parser Number of element :4
01-01 00:00:17.928   319   319 I irsc_util: file_parser Number of element :0
01-01 00:00:17.928   319   319 I irsc_util: file_parser Invalid Format or Comment - '/* IPC Security Config */
01-01 00:00:17.928   319   319 I irsc_util: '
01-01 00:00:17.928   319   319 I irsc_util: file_parser Number of element :0
01-01 00:00:17.928   319   319 I irsc_util: file_parser Invalid Format or Comment - '/* <GPS QMI Service ID - 16>:<GPS QMI Instance ID - all instances>:<Client Group ID> */
01-01 00:00:17.928   319   319 I irsc_util: '
01-01 00:00:17.929   319   319 I irsc_util: file_parser Number of element :4
01-01 00:00:17.929   319   319 I irsc_util: file_parser Number of element :0
01-01 00:00:17.929   319   319 I irsc_util: file_parser Invalid Format or Comment - '/* Allow SS CTL service to be used by system and net_raw processes */
01-01 00:00:17.929   319   319 I irsc_util: '
01-01 00:00:17.929   319   319 I irsc_util: file_parser Number of element :4
01-01 00:00:17.929   319   319 I irsc_util: file_parser Number of element :0
01-01 00:00:17.929   319   319 I irsc_util: file_parser Invalid Format or Comment - '/* Allow Sensor services to be used by sensor process */
01-01 00:00:17.929   319   319 I irsc_util: '
01-01 00:00:17.929   319   319 I irsc_util: file_parser Number of element :3
01-01 00:00:17.929   319   319 I irsc_util: file_parser Number of element :3
01-01 00:00:17.930   319   319 I irsc_util: file_parser Number of element :3
01-01 00:00:17.930   319   319 I irsc_util: file_parser Number of element :3
01-01 00:00:17.930   319   319 I irsc_util: file_parser Number of element :3
01-01 00:00:17.930   319   319 I irsc_util: file_parser Number of element :3
01-01 00:00:17.930   319   319 I irsc_util: file_parser Number of element :3
01-01 00:00:17.930   319   319 I irsc_util: file_parser Number of element :3
01-01 00:00:17.930   319   319 I irsc_util: file_parser Number of element :3
01-01 00:00:17.930   319   319 I irsc_util: file_parser Number of element :3
01-01 00:00:17.930   319   319 I irsc_util: file_parser Number of element :3
01-01 00:00:17.943   327   327 I ThermalEngine: devices_manager_init: Init
01-01 00:00:17.943   327   327 I ThermalEngine: Number of gpus :1
01-01 00:00:17.943   327   327 I Thermal-IOCTL: KTM IOCTL interface "/dev/msm_thermal_query" opened
01-01 00:00:17.944   327   327 I ThermalEngine: vdd_rstr_init: Init KTM VDD RSTR enabled: 0
01-01 00:00:17.944   327   327 I ThermalEngine: sensors_manager_init: Init
01-01 00:00:17.956   330   330 E QCNEA   : Cne Version 4.8
01-01 00:00:17.959   327   344 I ThermalEngine: qmi: Instance id 45 for fusion TS
01-01 00:00:17.964   327   327 E ThermalEngine: adc_sensors_setup: Error opening /sys/bus/spmi/devices/qpnp-vadc-f004fe00/pa_therm0
01-01 00:00:17.965   327   327 I ThermalEngine: QMI TS sensor found for pa_therm0
01-01 00:00:17.965   327   327 E ThermalEngine: adc_sensors_setup: Error opening /sys/bus/spmi/devices/qpnp-vadc-f004fe00/pa_therm1
01-01 00:00:17.965   327   327 I ThermalEngine: QMI TS sensor found for pa_therm1
01-01 00:00:17.966   327   327 E ThermalEngine: bcl_setup: Error opening /sys/devices/qcom,bcl.38/iavail
01-01 00:00:17.966   327   327 E ThermalEngine: add_tgt_sensors_set: Error adding bcl
01-01 00:00:17.966   327   327 E ThermalEngine: sensors_init: Error adding BCL TS
01-01 00:00:17.967   327   327 I ThermalEngine: No target config file, falling back to '/system/etc/thermal-engine.conf'
01-01 00:00:17.967   327   327 I ThermalEngine: Loading config file for virtual sensor
01-01 00:00:17.967   327   327 I ThermalEngine: Loading configuration file /system/etc/thermal-engine.conf
01-01 00:00:17.967   327   327 E ThermalEngine: Unable to open config file '/system/etc/thermal-engine.conf'
01-01 00:00:17.967   327   327 E ThermalEngine: virtual_sensors_init: Error getting virtual sensors set
01-01 00:00:17.967   327   327 I ThermalEngine: Loading configuration file /system/etc/thermal-engine.conf
01-01 00:00:17.967   327   327 E ThermalEngine: Unable to open config file '/system/etc/thermal-engine.conf'
01-01 00:00:17.967   327   327 I ThermalEngine: [PMIC-ALARM-MONITOR]
01-01 00:00:17.967   327   327 I ThermalEngine: #algo_type monitor
01-01 00:00:17.967   327   327 I ThermalEngine: sampling 1000
01-01 00:00:17.967   327   327 I ThermalEngine: sensor pma8084_tz
01-01 00:00:17.967   327   327 I ThermalEngine: thresholds 107000 127000
01-01 00:00:17.967   327   327 I ThermalEngine: thresholds_clr 103000 123000
01-01 00:00:17.967   327   327 I ThermalEngine: actions hotplug_1+hotplug_2+hotplug_3+cpu0+cpu1+cpu2+cpu3 hotplug_1+hotplug_2+hotplug_3
01-01 00:00:17.967   327   327 I ThermalEngine: action_info 0+0+0+960000+960000+960000+960000 1+1+1
01-01 00:00:17.967   327   327 I ThermalEngine: [VDD_RSTR_MONITOR-TSENS10]
01-01 00:00:17.967   327   327 I ThermalEngine: #algo_type monitor
01-01 00:00:17.967   327   327 I ThermalEngine: sampling 1000
01-01 00:00:17.967   327   327 I ThermalEngine: sensor tsens_tz_sensor10
01-01 00:00:17.967   327   327 I ThermalEngine: thresholds 5000
01-01 00:00:17.967   327   327 I ThermalEngine: thresholds_clr 10000
01-01 00:00:17.967   327   327 I ThermalEngine: actions vdd_restriction
01-01 00:00:17.967   327   327 I ThermalEngine: action_info 1
01-01 00:00:17.967   327   327 I ThermalEngine: descending
01-01 00:00:17.967   327   327 I ThermalEngine: [VDD_RSTR_MONITOR-TSENS9]
01-01 00:00:17.967   327   327 I ThermalEngine: #algo_type monitor
01-01 00:00:17.967   327   327 I ThermalEngine: sampling 1000
01-01 00:00:17.967   327   327 I ThermalEngine: sensor tsens_tz_sensor9
01-01 00:00:17.967   327   327 I ThermalEngine: thresholds 5000
01-01 00:00:17.967   327   327 I ThermalEngine: thresholds_clr 10000
01-01 00:00:17.967   327   327 I ThermalEngine: actions vdd_restriction
01-01 00:00:17.967   327   327 I ThermalEngine: action_info 1
01-01 00:00:17.967   327   327 I ThermalEngine: descending
01-01 00:00:17.967   327   327 I ThermalEngine: [VDD_RSTR_MONITOR-TSENS8]
01-01 00:00:17.967   327   327 I ThermalEngine: #algo_type monitor
01-01 00:00:17.967   327   327 I ThermalEngine: sampling 1000
01-01 00:00:17.967   327   327 I ThermalEngine: sensor tsens_tz_sensor8
01-01 00:00:17.967   327   327 I ThermalEngine: thresholds 5000
01-01 00:00:17.967   327   327 I ThermalEngine: thresholds_clr 10000
01-01 00:00:17.967   327   327 I ThermalEngine: actions vdd_restriction
01-01 00:00:17.967   327   327 I ThermalEngine: action_info 1
01-01 00:00:17.967   327   327 I ThermalEngine: descending
01-01 00:00:17.967   327   327 I ThermalEngine: [VDD_RSTR_MONITOR-TSENS7]
01-01 00:00:17.967   327   327 I ThermalEngine: #algo_type monitor
01-01 00:00:17.967   327   327 I ThermalEngine: sampling 1000
01-01 00:00:17.967   327   327 I ThermalEngine: sensor tsens_tz_sensor7
01-01 00:00:17.967   327   327 I ThermalEngine: thresholds 5000
01-01 00:00:17.967   327   327 I ThermalEngine: thresholds_clr 10000
01-01 00:00:17.967   327   327 I ThermalEngine: actions vdd_restriction
01-01 00:00:17.967   327   327 I ThermalEngine: action_info 1
01-01 00:00:17.967   327   327 I ThermalEngine: descending
01-01 00:00:17.967   327   327 I ThermalEngine: [VDD_RSTR_MONITOR-TSENS6]
01-01 00:00:17.967   327   327 I ThermalEngine: #algo_type monitor
01-01 00:00:17.967   327   327 I ThermalEngine: sampling 1000
01-01 00:00:17.967   327   327 I ThermalEngine: sensor tsens_tz_sensor6
01-01 00:00:17.967   327   327 I ThermalEngine: thresholds 5000
01-01 00:00:17.967   327   327 I ThermalEngine: thresholds_clr 10000
01-01 00:00:17.967   327   327 I ThermalEngine: actions vdd_restriction
01-01 00:00:17.967   327   327 I ThermalEngine: action_info 1
01-01 00:00:17.967   327   327 I ThermalEngine: descending
01-01 00:00:17.967   327   327 I ThermalEngine: [VDD_RSTR_MONITOR-TSENS5]
01-01 00:00:17.967   327   327 I ThermalEngine: #algo_type monitor
01-01 00:00:17.967   327   327 I ThermalEngine: sampling 1000
01-01 00:00:17.967   327   327 I ThermalEngine: sensor tsens_tz_sensor5
01-01 00:00:17.968   327   327 I ThermalEngine: thresholds 5000
01-01 00:00:17.968   327   327 I ThermalEngine: thresholds_clr 10000
01-01 00:00:17.968   327   327 I ThermalEngine: actions vdd_restriction
01-01 00:00:17.968   327   327 I ThermalEngine: action_info 1
01-01 00:00:17.968   327   327 I ThermalEngine: descending
01-01 00:00:17.968   327   327 I ThermalEngine: [VDD_RSTR_MONITOR-TSENS4]
01-01 00:00:17.968   327   327 I ThermalEngine: #algo_type monitor
01-01 00:00:17.968   327   327 I ThermalEngine: sampling 1000
01-01 00:00:17.968   327   327 I ThermalEngine: sensor tsens_tz_sensor4
01-01 00:00:17.968   327   327 I ThermalEngine: thresholds 5000
01-01 00:00:17.968   327   327 I ThermalEngine: thresholds_clr 10000
01-01 00:00:17.968   327   327 I ThermalEngine: actions vdd_restriction
01-01 00:00:17.968   327   327 I ThermalEngine: action_info 1
01-01 00:00:17.968   327   327 I ThermalEngine: descending
01-01 00:00:17.968   327   327 I ThermalEngine: [VDD_RSTR_MONITOR-TSENS3]
01-01 00:00:17.968   327   327 I ThermalEngine: #algo_type monitor
01-01 00:00:17.968   327   327 I ThermalEngine: sampling 1000
01-01 00:00:17.968   327   327 I ThermalEngine: sensor tsens_tz_sensor3
01-01 00:00:17.968   327   327 I ThermalEngine: thresholds 5000
01-01 00:00:17.968   327   327 I ThermalEngine: thresholds_clr 10000
01-01 00:00:17.968   327   327 I ThermalEngine: actions vdd_restriction
01-01 00:00:17.968   327   327 I ThermalEngine: action_info 1
01-01 00:00:17.968   327   327 I ThermalEngine: descending
01-01 00:00:17.968   327   327 I ThermalEngine: [VDD_RSTR_MONITOR-TSENS2]
01-01 00:00:17.968   327   327 I ThermalEngine: #algo_type monitor
01-01 00:00:17.968   327   327 I ThermalEngine: sampling 1000
01-01 00:00:17.968   327   327 I ThermalEngine: sensor tsens_tz_sensor2
01-01 00:00:17.968   327   327 I ThermalEngine: thresholds 5000
01-01 00:00:17.968   327   327 I ThermalEngine: thresholds_clr 10000
01-01 00:00:17.968   327   327 I ThermalEngine: actions vdd_restriction
01-01 00:00:17.968   327   327 I ThermalEngine: action_info 1
01-01 00:00:17.968   327   327 I ThermalEngine: descending
01-01 00:00:17.968   327   327 I ThermalEngine: [VDD_RSTR_MONITOR-TSENS1]
01-01 00:00:17.968   327   327 I ThermalEngine: #algo_type monitor
01-01 00:00:17.968   327   327 I ThermalEngine: sampling 1000
01-01 00:00:17.968   327   327 I ThermalEngine: sensor tsens_tz_sensor1
01-01 00:00:17.968   327   327 I ThermalEngine: thresholds 5000
01-01 00:00:17.968   327   327 I ThermalEngine: thresholds_clr 10000
01-01 00:00:17.968   327   327 I ThermalEngine: actions vdd_restriction
01-01 00:00:17.968   327   327 I ThermalEngine: action_info 1
01-01 00:00:17.968   327   327 I ThermalEngine: descending
01-01 00:00:17.968   327   327 I ThermalEngine: [VDD_RSTR_MONITOR-TSENS0]
01-01 00:00:17.968   327   327 I ThermalEngine: #algo_type monitor
01-01 00:00:17.968   327   327 I ThermalEngine: sampling 1000
01-01 00:00:17.968   327   327 I ThermalEngine: sensor tsens_tz_sensor0
01-01 00:00:17.968   327   327 I ThermalEngine: thresholds 5000
01-01 00:00:17.968   327   327 I ThermalEngine: thresholds_clr 10000
01-01 00:00:17.968   327   327 I ThermalEngine: actions vdd_restriction
01-01 00:00:17.968   327   327 I ThermalEngine: action_info 1
01-01 00:00:17.968   327   327 I ThermalEngine: descending
01-01 00:00:17.968   327   327 I ThermalEngine: [SS-GPU]
01-01 00:00:17.968   327   327 I ThermalEngine: #algo_type ss
01-01 00:00:17.968   327   327 I ThermalEngine: sampling 250
01-01 00:00:17.968   327   327 I ThermalEngine: sensor tsens_tz_sensor10
01-01 00:00:17.968   327   327 I ThermalEngine: device gpu
01-01 00:00:17.968   327   327 I ThermalEngine: set_point 100000
01-01 00:00:17.968   327   327 I ThermalEngine: set_point_clr 65000
01-01 00:00:17.968   327   327 I ThermalEngine: time_constant 0
01-01 00:00:17.968   327   327 I ThermalEngine: [SS-POPMEM]
01-01 00:00:17.968   327   327 I ThermalEngine: #algo_type ss
01-01 00:00:17.968   327   327 I ThermalEngine: sampling 65
01-01 00:00:17.968   327   327 I ThermalEngine: sensor pop_mem
01-01 00:00:17.968   327   327 I ThermalEngine: device cpu
01-01 00:00:17.968   327   327 I ThermalEngine: set_point 80000
01-01 00:00:17.968   327   327 I ThermalEngine: set_point_clr 55000
01-01 00:00:17.968   327   327 I ThermalEngine: time_constant 16
01-01 00:00:17.968   327   327 I ThermalEngine: [SS-CPU3]
01-01 00:00:17.968   327   327 I ThermalEngine: #algo_type ss
01-01 00:00:17.968   327   327 I ThermalEngine: sampling 65
01-01 00:00:17.968   327   327 I ThermalEngine: sensor cpu3
01-01 00:00:17.968   327   327 I ThermalEngine: device cpu
01-01 00:00:17.968   327   327 I ThermalEngine: set_point 90000
01-01 00:00:17.968   327   327 I ThermalEngine: set_point_clr 55000
01-01 00:00:17.968   327   327 I ThermalEngine: time_constant 0
01-01 00:00:17.968   327   327 I ThermalEngine: [SS-CPU2]
01-01 00:00:17.968   327   327 I ThermalEngine: #algo_type ss
01-01 00:00:17.968   327   327 I ThermalEngine: sampling 65
01-01 00:00:17.968   327   327 I ThermalEngine: sensor cpu2
01-01 00:00:17.968   327   327 I ThermalEngine: device cpu
01-01 00:00:17.968   327   327 I ThermalEngine: set_point 90000
01-01 00:00:17.968   327   327 I ThermalEngine: set_point_clr 55000
01-01 00:00:17.968   327   327 I ThermalEngine: time_constant 0
01-01 00:00:17.968   327   327 I ThermalEngine: [SS-CPU1]
01-01 00:00:17.968   327   327 I ThermalEngine: #algo_type ss
01-01 00:00:17.968   327   327 I ThermalEngine: sampling 65
01-01 00:00:17.968   327   327 I ThermalEngine: sensor cpu1
01-01 00:00:17.968   327   327 I ThermalEngine: device cpu
01-01 00:00:17.968   327   327 I ThermalEngine: set_point 90000
01-01 00:00:17.968   327   327 I ThermalEngine: set_point_clr 55000
01-01 00:00:17.968   327   327 I ThermalEngine: time_constant 0
01-01 00:00:17.968   327   327 I ThermalEngine: [SS-CPU0]
01-01 00:00:17.968   327   327 I ThermalEngine: #algo_type ss
01-01 00:00:17.968   327   327 I ThermalEngine: sampling 65
01-01 00:00:17.968   327   327 I ThermalEngine: sensor cpu0
01-01 00:00:17.968   327   327 I ThermalEngine: device cpu
01-01 00:00:17.968   327   327 I ThermalEngine: set_point 90000
01-01 00:00:17.968   327   327 I ThermalEngine: set_point_clr 55000
01-01 00:00:17.968   327   327 I ThermalEngine: time_constant 0
01-01 00:00:17.968   327   327 I ThermalEngine: [SPEAKER-CAL]
01-01 00:00:17.968   327   327 I ThermalEngine: sampling 30000 30000 10 1800000
01-01 00:00:17.968   327   327 I ThermalEngine: sensor pma8084_tz
01-01 00:00:17.968   327   327 I ThermalEngine: sensors tsens_tz_sensor1 tsens_tz_sensor2 tsens_tz_sensor3 tsens_tz_sensor4 tsens_tz_sensor7 tsens_tz_sensor8 tsens_tz_sensor9 tsens_tz_sensor10
01-01 00:00:17.968   327   327 I ThermalEngine: temp_range 6000 10000 2000
01-01 00:00:17.968   327   327 I ThermalEngine: max_temp 45000
01-01 00:00:17.968   327   327 I ThermalEngine: offset -4000
01-01 00:00:17.977   327   378 I ThermalEngine: Sensor:tsens_tz_sensor10:69000 mC
01-01 00:00:17.978   327   378 I ThermalEngine: Sensor:tsens_tz_sensor1:68000 mC
01-01 00:00:17.979   327   378 I ThermalEngine: Sensor:tsens_tz_sensor8:70000 mC
01-01 00:00:17.980   327   378 I ThermalEngine: Sensor:tsens_tz_sensor7:70000 mC
01-01 00:00:17.980   327   378 I ThermalEngine: Sensor:tsens_tz_sensor6:71000 mC
01-01 00:00:17.981   327   378 I ThermalEngine: Sensor:tsens_tz_sensor5:82000 mC
01-01 00:00:17.983   319   319 I irsc_util: file_parser Number of element :3
01-01 00:00:17.983   319   319 I irsc_util: file_parser Number of element :3
01-01 00:00:17.983   319   319 I irsc_util: file_parser Number of element :3
01-01 00:00:17.983   319   319 I irsc_util: file_parser Number of element :3
01-01 00:00:17.983   319   319 I irsc_util: file_parser Number of element :3
01-01 00:00:17.983   319   319 I irsc_util: file_parser Number of element :3
01-01 00:00:17.983   319   319 I irsc_util: file_parser Number of element :3
01-01 00:00:17.984   319   319 I irsc_util: file_parser Number of element :3
01-01 00:00:17.984   319   319 I irsc_util: file_parser Number of element :3
01-01 00:00:17.984   319   319 I irsc_util: file_parser Number of element :3
01-01 00:00:17.984   319   319 I irsc_util: file_parser Number of element :3
01-01 00:00:17.984   319   319 I irsc_util: file_parser Number of element :3
01-01 00:00:17.984   319   319 I irsc_util: file_parser Number of element :3
01-01 00:00:17.984   319   319 I irsc_util: file_parser Number of element :3
01-01 00:00:17.984   319   319 I irsc_util: file_parser Number of element :3
01-01 00:00:17.984   319   319 I irsc_util: file_parser Number of element :3
01-01 00:00:17.985   327   377 I ThermalEngine: Sensor:pma8084_tz:64157 mC
01-01 00:00:17.985   327   377 I ThermalEngine: Sensor:tsens_tz_sensor10:69000 mC
01-01 00:00:17.985   327   377 I ThermalEngine: Sensor:tsens_tz_sensor9:71000 mC
01-01 00:00:17.986   327   377 I ThermalEngine: Sensor:tsens_tz_sensor8:70000 mC
01-01 00:00:17.986   327   377 I ThermalEngine: Sensor:tsens_tz_sensor7:70000 mC
01-01 00:00:17.986   327   377 I ThermalEngine: Sensor:tsens_tz_sensor6:71000 mC
01-01 00:00:17.987   327   377 I ThermalEngine: Sensor:tsens_tz_sensor5:82000 mC
01-01 00:00:17.987   327   377 I ThermalEngine: Sensor:tsens_tz_sensor4:71000 mC
01-01 00:00:17.988   327   377 I ThermalEngine: Sensor:tsens_tz_sensor3:70000 mC
01-01 00:00:17.988   327   377 I ThermalEngine: Sensor:tsens_tz_sensor2:68000 mC
01-01 00:00:17.989   327   377 I ThermalEngine: Sensor:tsens_tz_sensor1:68000 mC
01-01 00:00:17.989   327   377 I ThermalEngine: Sensor:tsens_tz_sensor0:68000 mC
01-01 00:00:17.990   327   377 I ThermalEngine: vdd_restrict_qmi_request: MODEM req level(0) is recorded and waiting for completing QMI registration
01-01 00:00:17.990   327   377 I ThermalEngine: vdd_restrict_qmi_request: ADSP req level(0) is recorded and waiting for completing QMI registration
01-01 00:00:17.990   327   377 I ThermalEngine: hotplug_ktm_disable_cb: write out 0
01-01 00:00:17.994   319   319 I irsc_util: file_parser Number of element :3
01-01 00:00:17.994   319   319 I irsc_util: file_parser Number of element :3
01-01 00:00:17.994   319   319 I irsc_util: file_parser Number of element :3
01-01 00:00:17.994   319   319 I irsc_util: file_parser Number of element :3
01-01 00:00:17.994   319   319 I irsc_util: file_parser Number of element :3
01-01 00:00:17.994   319   319 I irsc_util: file_parser Number of element :3
01-01 00:00:17.994   319   319 I irsc_util: file_parser Number of element :3
01-01 00:00:17.995   319   319 I irsc_util: file_parser Number of element :3
01-01 00:00:17.995   319   319 I irsc_util: file_parser Number of element :3
01-01 00:00:17.995   319   319 I irsc_util: file_parser Number of element :3
01-01 00:00:17.995   319   319 I irsc_util: file_parser Number of element :3
01-01 00:00:17.995   319   319 I irsc_util: file_parser Number of element :3
01-01 00:00:17.995   319   319 I irsc_util: file_parser Number of element :3
01-01 00:00:17.995   319   319 I irsc_util: file_parser Number of element :3
01-01 00:00:17.995   319   319 I irsc_util: file_parser Number of element :3
01-01 00:00:17.995   319   319 I irsc_util: file_parser Number of element :3
01-01 00:00:17.995   319   319 I irsc_util: file_parser Number of element :3
01-01 00:00:17.996   319   319 I irsc_util: file_parser Number of element :3
01-01 00:00:17.996   319   319 I irsc_util: file_parser Number of element :3
01-01 00:00:17.996   319   319 I irsc_util: file_parser Number of element :3
01-01 00:00:17.996   319   319 I irsc_util: file_parser Number of element :3
01-01 00:00:17.996   319   319 I irsc_util: file_parser Number of element :3
01-01 00:00:17.996   319   319 I irsc_util: file_parser Number of element :3
01-01 00:00:17.996   319   319 I irsc_util: file_parser Number of element :3
01-01 00:00:17.996   319   319 I irsc_util: file_parser Number of element :3
01-01 00:00:17.996   319   319 I irsc_util: file_parser Number of element :3
01-01 00:00:17.997   319   319 I irsc_util: file_parser Number of element :3
01-01 00:00:17.997   319   319 I irsc_util: file_parser Number of element :3
