01-01 00:00:22.941  1337  1376 V FingerprintService: startListening(android.service.fingerprint.IFingerprintServiceReceiver$Stub$Proxy@a2362e7)
01-01 00:00:22.964   298  1430 E OMXMaster: A component of name 'OMX.qcom.audio.decoder.aac' already exists, ignoring this one.
01-01 00:00:22.965   298  1430 D Utils   : printFileName fd(17) -> /system/media/audio/ui/Lock.ogg
01-01 00:00:22.970   298  1430 E WVMExtractor: Failed to open libwvm.so: dlopen failed: library "libwvm.so" not found
01-01 00:00:22.998   298  1430 D ExtendedUtils: extended extractor not needed, return default
01-01 00:00:22.999   298  1539 D AudioPolicyManager: isOffloadSupported: stream_type != MUSIC, returning false
01-01 00:00:23.004   298  1539 E OMXNodeInstance: getParameter(100663311) ERROR: 0x8000101a
01-01 00:00:23.004   298  1539 E OMXNodeInstance: getParameter(100663297) ERROR: 0x8000101a
01-01 00:00:23.008   298  1539 E OMXNodeInstance: getParameter(100663311) ERROR: 0x8000101a
01-01 00:00:23.008   298  1539 E OMXNodeInstance: getParameter(100663297) ERROR: 0x8000101a
01-01 00:00:23.010   298  1539 E OMXNodeInstance: getParameter(100663311) ERROR: 0x8000101a
01-01 00:00:23.010   298  1539 E OMXNodeInstance: getParameter(100663297) ERROR: 0x8000101a
01-01 00:00:23.015   298  1539 E OMXNodeInstance: getParameter(100663311) ERROR: 0x8000101a
01-01 00:00:23.015   298  1539 E OMXNodeInstance: getParameter(100663297) ERROR: 0x8000101a
01-01 00:00:23.017   298  1539 E OMXNodeInstance: getParameter(100663311) ERROR: 0x8000101a
01-01 00:00:23.017   298  1539 E OMXNodeInstance: getParameter(100663297) ERROR: 0x8000101a
01-01 00:00:23.018   298  1539 E OMXNodeInstance: getParameter(100663311) ERROR: 0x8000101a
01-01 00:00:23.018   298  1539 E OMXNodeInstance: getParameter(100663297) ERROR: 0x8000101a
01-01 00:00:23.021   298  1539 E OMXNodeInstance: getParameter(100663311) ERROR: 0x8000101a
01-01 00:00:23.021   298  1539 E OMXNodeInstance: getParameter(100663297) ERROR: 0x8000101a
01-01 00:00:23.023   298  1539 E OMXNodeInstance: getParameter(100663311) ERROR: 0x8000101a
01-01 00:00:23.023   298  1539 E OMXNodeInstance: getParameter(100663297) ERROR: 0x8000101a
01-01 00:00:23.025   298  1539 E OMXNodeInstance: getParameter(100663311) ERROR: 0x8000101a
01-01 00:00:23.025   298  1539 E OMXNodeInstance: getParameter(100663297) ERROR: 0x8000101a
01-01 00:00:23.031   298  1539 E OMXNodeInstance: getParameter(100663311) ERROR: 0x8000101a
01-01 00:00:23.031   298  1539 E OMXNodeInstance: getParameter(100663297) ERROR: 0x8000101a
01-01 00:00:23.041   298  1539 E OMXNodeInstance: getParameter(100663311) ERROR: 0x8000101a
01-01 00:00:23.041   298  1539 E OMXNodeInstance: getParameter(100663297) ERROR: 0x8000101a
01-01 00:00:23.045   298  1539 E OMXNodeInstance: getParameter(100663311) ERROR: 0x8000101a
01-01 00:00:23.045   298  1539 E OMXNodeInstance: getParameter(100663297) ERROR: 0x8000101a
01-01 00:00:23.049   298  1539 E OMXNodeInstance: getParameter(100663311) ERROR: 0x8000101a
01-01 00:00:23.049   298  1539 E OMXNodeInstance: getParameter(100663297) ERROR: 0x8000101a
01-01 00:00:23.054   298  1539 E OMXNodeInstance: getParameter(100663311) ERROR: 0x8000101a
01-01 00:00:23.054   298  1539 E OMXNodeInstance: getParameter(100663297) ERROR: 0x8000101a
01-01 00:00:23.057   298  1539 E QC_EVRCENC:  component init: role = OMX.qcom.audio.encoder.evrc
01-01 00:00:23.057   298  1539 I QC_EVRCENC:  component init: role = OMX.qcom.audio.encoder.evrc
01-01 00:00:23.057   298  1539 I QC_EVRCENC: 
01-01 00:00:23.057   298  1539 I QC_EVRCENC: component_init: Component OMX.qcom.audio.encoder.evrc LOADED 
01-01 00:00:23.064   298  1539 I QC_EVRCENC: Driver in Non Tunnel mode open
01-01 00:00:23.064   298  1539 E QC_EVRCENC: unknown param 0600000f
01-01 00:00:23.064   298  1539 E OMXNodeInstance: getParameter(100663311) ERROR: 0x8000101a
01-01 00:00:23.064   298  1539 E QC_EVRCENC: unknown param 06000001
01-01 00:00:23.064   298  1539 E OMXNodeInstance: getParameter(100663297) ERROR: 0x8000101a
01-01 00:00:23.064   298  1539 I QC_EVRCENC: Returning the state 1
01-01 00:00:23.064   298  1539 I QC_EVRCENC: Returning the state 1
01-01 00:00:23.064   298  1539 I QC_EVRCENC: Component-deinit being processed
01-01 00:00:23.064   298  1539 I QC_EVRCENC: ********************************
01-01 00:00:23.064   298  1539 I QC_EVRCENC: STATS: in-buf-len[0]out-buf-len[0] tot-pb-time[0]
01-01 00:00:23.064   298  1539 I QC_EVRCENC: STATS: fbd-cnt[0]ftb-cnt[0]etb-cnt[0]ebd-cnt[0]
01-01 00:00:23.066   298  1539 I QC_EVRCENC: ************************************
01-01 00:00:23.066   298  1539 I QC_EVRCENC:  DEINIT COMPLETED
01-01 00:00:23.067   298  1539 I QC_EVRCENC: ************************************
01-01 00:00:23.067   298  1539 E QC_EVRCENC: component_deinit:COMPONENT DEINIT...
01-01 00:00:23.067   298  1539 E QC_EVRCENC: EVRC Object getting destroyed comp-deinit=1
01-01 00:00:23.067   298  1539 E QC_EVRCENC: OMX EVRC component destroyed
01-01 00:00:23.071   298  1539 E QC_QCELP13ENC:  component init: role = OMX.qcom.audio.encoder.qcelp13
01-01 00:00:23.071   298  1539 I QC_QCELP13ENC:  component init: role = OMX.qcom.audio.encoder.qcelp13
01-01 00:00:23.071   298  1539 I QC_QCELP13ENC: 
01-01 00:00:23.071   298  1539 I QC_QCELP13ENC: component_init: Component OMX.qcom.audio.encoder.qcelp13 LOADED 
01-01 00:00:23.091   298  1539 I QC_QCELP13ENC: Driver in Non Tunnel mode open
01-01 00:00:23.092   298  1539 E QC_QCELP13ENC: unknown param 0600000f
01-01 00:00:23.092   298  1539 E OMXNodeInstance: getParameter(100663311) ERROR: 0x8000101a
01-01 00:00:23.092   298  1539 E QC_QCELP13ENC: unknown param 06000001
01-01 00:00:23.092   298  1539 E OMXNodeInstance: getParameter(100663297) ERROR: 0x8000101a
01-01 00:00:23.092   298  1539 I QC_QCELP13ENC: Returning the state 1
01-01 00:00:23.092   298  1539 I QC_QCELP13ENC: Returning the state 1
01-01 00:00:23.092   298  1539 I QC_QCELP13ENC: Component-deinit being processed
01-01 00:00:23.092   298  1539 I QC_QCELP13ENC: ********************************
01-01 00:00:23.092   298  1539 I QC_QCELP13ENC: STATS: in-buf-len[0]out-buf-len[0] tot-pb-time[0]
01-01 00:00:23.092   298  1539 I QC_QCELP13ENC: STATS: fbd-cnt[0]ftb-cnt[0]etb-cnt[0]ebd-cnt[0]
01-01 00:00:23.095   298  1539 I QC_QCELP13ENC: ************************************
01-01 00:00:23.095   298  1539 I QC_QCELP13ENC:  DEINIT COMPLETED
01-01 00:00:23.095   298  1539 I QC_QCELP13ENC: ************************************
01-01 00:00:23.095   298  1539 E QC_QCELP13ENC: component_deinit:COMPONENT DEINIT...
01-01 00:00:23.095   298  1539 E QC_QCELP13ENC: QCELP13 Object getting destroyed comp-deinit=1
01-01 00:00:23.095   298  1539 E QC_QCELP13ENC: OMX QCELP13 component destroyed
01-01 00:00:23.101  1501  1501 D fsck_msdos: sectors Per cluster :64 
01-01 00:00:23.101  1501  1501 D fsck_msdos: boot->ClusterOffset :30342 
01-01 00:00:23.101  1501  1501 I fsck_msdos: FAT32 Filesystem
01-01 00:00:23.101  1501  1501 D fsck_msdos: Using cluster_chain_descriptor
01-01 00:00:23.101  1501  1501 I fsck_msdos: Total clusters 1948005 
01-01 00:00:23.102   248   398 I fsck_msdos: ** Phase 1 - Read FAT (compare skipped)
01-01 00:00:23.102   248   398 I fsck_msdos: Attempting to allocate 7609 KB for FAT
01-01 00:00:23.190  1488  1488 D VolumeUI: Registering volume controller
01-01 00:00:23.201  1501  1501 I fsck_msdos: ** Phase 2 - Check Cluster Chains 
01-01 00:00:23.201  1501  1501 I fsck_msdos: Begin to handle the cluster chain
01-01 00:00:23.225   298  1539 E OMX-VENC: Invalid entry returned from get_supported_profile_level 2130706433, 65536
01-01 00:00:23.225   298  1539 E OMXNodeInstance: getParameter(100663311) ERROR: 0x8000100e
01-01 00:00:23.225   298  1539 W ACodec  : do not know color format 0x7fa30c04 = 2141391876
01-01 00:00:23.225   298  1539 W ACodec  : do not know color format 0x7f000789 = 2130708361
01-01 00:00:23.225   298  1539 E OMXNodeInstance: getParameter(100663297) ERROR: 0x8000100e
01-01 00:00:23.234   298  1539 E OMX-VENC: get_parameter: OMX_IndexParamVideoProfileLevelQuerySupported nProfileIndex ret NoMore 2
01-01 00:00:23.234   298  1539 E OMX-VENC: Invalid entry returned from get_supported_profile_level 32768, 128
01-01 00:00:23.234   298  1539 E OMXNodeInstance: getParameter(100663311) ERROR: 0x8000100e
01-01 00:00:23.235   298  1539 W ACodec  : do not know color format 0x7fa30c04 = 2141391876
01-01 00:00:23.235   298  1539 W ACodec  : do not know color format 0x7f000789 = 2130708361
01-01 00:00:23.235   298  1539 E OMXNodeInstance: getParameter(100663297) ERROR: 0x8000100e
01-01 00:00:23.235  1337  1353 I StatusBarManagerService: registerStatusBar bar=com.android.internal.statusbar.IStatusBar$Stub$Proxy@130fa8f
01-01 00:00:23.239   298  1539 E OMX-VENC: get_parameter: OMX_IndexParamVideoProfileLevelQuerySupported nProfileIndex ret NoMore 1
01-01 00:00:23.239   298  1539 E OMX-VENC: Invalid entry returned from get_supported_profile_level 1, 128
01-01 00:00:23.239   298  1539 E OMXNodeInstance: getParameter(100663311) ERROR: 0x8000100e
01-01 00:00:23.239   298  1539 W ACodec  : do not know color format 0x7fa30c04 = 2141391876
01-01 00:00:23.239   298  1539 W ACodec  : do not know color format 0x7f000789 = 2130708361
01-01 00:00:23.239   298  1539 E OMXNodeInstance: getParameter(100663297) ERROR: 0x8000100e
01-01 00:00:23.243   298  1539 E OMX-VENC: Invalid entry returned from get_supported_profile_level 1, 2
01-01 00:00:23.243   298  1539 E OMXNodeInstance: getParameter(100663311) ERROR: 0x8000100e
01-01 00:00:23.243   298  1539 W ACodec  : do not know color format 0x7fa30c04 = 2141391876
01-01 00:00:23.243   298  1539 W ACodec  : do not know color format 0x7f000789 = 2130708361
01-01 00:00:23.243   298  1539 E OMXNodeInstance: getParameter(100663297) ERROR: 0x8000100e
01-01 00:00:23.246   298  1539 E QC_WMADEC:  component init: role = OMX.qcom.audio.decoder.wma
01-01 00:00:23.246   248   398 I fsck_msdos: ** Phase 3 - Checking Directories
01-01 00:00:23.246  1501  1501 D fsck_msdos: rootDir->head :2
01-01 00:00:23.253   298  1539 E QC_WMADEC: unknown param 0600000f
01-01 00:00:23.253   298  1539 E OMXNodeInstance: getParameter(100663311) ERROR: 0x8000101a
01-01 00:00:23.253   298  1539 E QC_WMADEC: unknown param 06000001
01-01 00:00:23.253   298  1539 E OMXNodeInstance: getParameter(100663297) ERROR: 0x8000101a
01-01 00:00:23.256   298  1539 E QC_WMADEC: COMPONENT DEINIT...
01-01 00:00:23.256   298  1539 E QC_WMADEC: OMX WMA component destroyed
01-01 00:00:23.256   298  1539 E QC_WMADEC:  component init: role = OMX.qcom.audio.decoder.wmaLossLess
01-01 00:00:23.264   298  1539 E QC_WMADEC: unknown param 0600000f
01-01 00:00:23.264   298  1539 E OMXNodeInstance: getParameter(100663311) ERROR: 0x8000101a
01-01 00:00:23.264   298  1539 E QC_WMADEC: unknown param 06000001
01-01 00:00:23.264   298  1539 E OMXNodeInstance: getParameter(100663297) ERROR: 0x8000101a
01-01 00:00:23.265  1501  1501 D fsck_msdos: Verify Filesystem information
01-01 00:00:23.265  1501  1501 W fsck_msdos: 35 files, 3607648 free (1947747 clusters)
01-01 00:00:23.265  1501  1501 I fsck_msdos: free_rb_tree 
01-01 00:00:23.265  1501  1501 I fsck_msdos: free_fragment_tree
01-01 00:00:23.265  1501  1501 I fsck_msdos: free_fragment_tree
01-01 00:00:23.265  1501  1501 I fsck_msdos: free_fragment_tree: rb_tree is empty 
01-01 00:00:23.266   298  1539 E QC_WMADEC: COMPONENT DEINIT...
01-01 00:00:23.266   298  1539 E QC_WMADEC: OMX WMA component destroyed
01-01 00:00:23.266   298  1539 E QC_WMADEC:  component init: role = OMX.qcom.audio.decoder.wma10Pro
01-01 00:00:23.270   248   398 I fsck_msdos: ** Phase 4 - Checking for Lost Files
01-01 00:00:23.274   298  1539 E QC_WMADEC: unknown param 0600000f
01-01 00:00:23.274   298  1539 E OMXNodeInstance: getParameter(100663311) ERROR: 0x8000101a
01-01 00:00:23.274   298  1539 E QC_WMADEC: unknown param 06000001
01-01 00:00:23.274   298  1539 E OMXNodeInstance: getParameter(100663297) ERROR: 0x8000101a
01-01 00:00:23.274   298  1627 E QC_WMADEC: INPUT_THREAD:message pipe read n=0xffffffff err=0x       9
01-01 00:00:23.276   298  1539 E QC_WMADEC: COMPONENT DEINIT...
01-01 00:00:23.276   298  1539 E QC_WMADEC: OMX WMA component destroyed
01-01 00:00:23.279   248   398 I Vold    : Filesystem check completed OK
01-01 00:00:23.288  1337  1337 D PermissionMonitor: Monitoring
01-01 00:00:23.290  1337  1337 D PermissionMonitor: Users: 1, Apps: 60
01-01 00:00:23.292  1337  1337 I SystemServiceManager: Starting phase 600
01-01 00:00:23.293   298  1539 E QC_AMRWBPLUSDEC: unknown param 0600000f
01-01 00:00:23.293   298  1539 E OMXNodeInstance: getParameter(100663311) ERROR: 0x8000101a
01-01 00:00:23.293   298  1539 E QC_AMRWBPLUSDEC: unknown param 06000001
01-01 00:00:23.293   298  1539 E OMXNodeInstance: getParameter(100663297) ERROR: 0x8000101a
01-01 00:00:23.293  1337  1362 D BluetoothManagerService: Message: 20
01-01 00:00:23.294  1337  1337 D ConditionProviders: onServiceAdded ManagedServiceInfo[component=ComponentInfo{android/com.android.server.notification.CountdownConditionProvider},userid=0,isSystem=true,targetSdkVersion=21,connection=null,service=android.service.notification.ConditionProviderService$Provider@1a79a4c6]
01-01 00:00:23.294  1337  1362 D BluetoothManagerService: Added callback: android.bluetooth.BluetoothAdapter$1@3fcd6aa1:true
01-01 00:00:23.294  1337  1337 D ConditionProviders: onServiceAdded ManagedServiceInfo[component=ComponentInfo{android/com.android.server.notification.DowntimeConditionProvider},userid=0,isSystem=true,targetSdkVersion=21,connection=null,service=android.service.notification.ConditionProviderService$Provider@d23ac87]
01-01 00:00:23.295  1337  1362 D BluetoothManagerService: Message: 30
01-01 00:00:23.296  1337  1362 D BluetoothManagerService: Message: 30
01-01 00:00:23.297  1337  1337 I BackupManagerService: Backup enabled => false
01-01 00:00:23.297  1337  1337 I BackupManagerService: Opting out of backup
01-01 00:00:23.300   298  1633 E QC_AMRWBPLUSDEC: INPUT_THREAD:message pipe read n=0xffffffff err=0x       9
01-01 00:00:23.302   248   398 D Vold    : blkid identified as /dev/block/vold/179:65: LABEL="DOUBLE 4K" UUID="13EE-1E60"
01-01 00:00:23.302   248   398 D Vold    : Volume sdcard1 state changing 3 (Checking) -> 4 (Mounted)
01-01 00:00:23.303  1337  1360 D MountService: volume state changed for /storage/sdcard1 (checking -> mounted)
01-01 00:00:23.303  1337  1410 W MountService: Duplicate state transition (mounted -> mounted) for /storage/emulated/0
01-01 00:00:23.303  1337  1360 I PackageManager: Updating external media status from unmounted to mounted
01-01 00:00:23.305  1337  1337 E InputMethodManagerService: Ignoring setImeWindowStatus due to an invalid token. uid:1000 token:null
01-01 00:00:23.305  1337  1360 D MountService: sendStorageIntent Intent { act=android.intent.action.MEDIA_MOUNTED dat=file:///storage/sdcard1 flg=0x4000000 (has extras) } to UserHandle{-1}
01-01 00:00:23.305   298  1539 I OMX_QCELP13_DEC:  Enabling Non-Tunnel mode 
01-01 00:00:23.305   298  1539 I OMX_QCELP13_DEC: MIME type: aud
01-01 00:00:23.305   298  1539 I OMX_QCELP13_DEC:  component init: role = OMX.qcom.audio.decoder.Qcelp13
01-01 00:00:23.305   298  1539 I OMX_QCELP13_DEC: 
01-01 00:00:23.305   298  1539 I OMX_QCELP13_DEC: component_init: Component OMX.qcom.audio.decoder.Qcelp13 LOADED 
01-01 00:00:23.305  1337  1371 I PackageManager: No secure containers found
01-01 00:00:23.305   298  1539 I OMX_QCELP13_DEC: Created thread for INP 
01-01 00:00:23.305   298  1539 I OMX_QCELP13_DEC: Created thread for CMD 
01-01 00:00:23.305  1337  1371 W PackageManager: Unknown permission com.google.android.googleapps.permission.GOOGLE_AUTH.mail in package com.android.calendar
01-01 00:00:23.305   298  1539 E OMX_QCELP13_DEC: unknown param 0600000f
01-01 00:00:23.305   298  1539 E OMXNodeInstance: getParameter(100663311) ERROR: 0x8000101a
01-01 00:00:23.305   298  1539 E OMX_QCELP13_DEC: unknown param 06000001
01-01 00:00:23.305   298  1539 E OMXNodeInstance: getParameter(100663297) ERROR: 0x8000101a
01-01 00:00:23.306   298  1539 I OMX_QCELP13_DEC: omx_Qcelp13_thread_stop stop server
01-01 00:00:23.306   298  1539 I OMX_QCELP13_DEC: omx_Qcelp13_thread_stop stop server
01-01 00:00:23.306  1337  1371 W PackageManager: Unknown permission android.permission.MMS_PUSH in package org.codeaurora.bluetooth
01-01 00:00:23.306  1337  1371 W PackageManager: Unknown permission com.google.android.gallery3d.permission.PICASA_STORE in package com.android.dreams.phototable
01-01 00:00:23.307  1337  1371 W PackageManager: Unknown permission com.google.android.googleapps.permission.GOOGLE_AUTH in package com.android.settings
01-01 00:00:23.307  1337  1371 W PackageManager: Unknown permission com.qualcomm.permission.ACCESS_LOCATION_API in package com.qualcomm.location
01-01 00:00:23.307  1337  1371 W PackageManager: Not granting permission android.permission.DELETE_PACKAGES to package com.svox.pico (protectionLevel=18 flags=0x88be45)
01-01 00:00:23.307  1337  1371 W PackageManager: Unknown permission com.google.android.gallery3d.permission.GALLERY_PROVIDER in package com.android.bluetooth
01-01 00:00:23.307  1337  1371 W PackageManager: Not granting permission android.permission.DEVICE_POWER to package com.android.deskclock (protectionLevel=2 flags=0xc8be45)
01-01 00:00:23.308  1337  1371 W PackageManager: Not granting permission android.permission.GLOBAL_SEARCH to package com.android.quicksearchbox (protectionLevel=18 flags=0xc8be45)
01-01 00:00:23.308  1337  1371 W PackageManager: Unknown permission com.google.android.googleapps.permission.GOOGLE_AUTH in package com.android.providers.calendar
01-01 00:00:23.308  1337  1371 W PackageManager: Unknown permission com.google.android.googleapps.permission.GOOGLE_AUTH.cl in package com.android.providers.calendar
01-01 00:00:23.308  1337  1371 W PackageManager: Unknown permission android.permission.INSTALL_DRM in package com.android.mms
01-01 00:00:23.308  1337  1371 W PackageManager: Not granting permission android.permission.ACCESS_DOWNLOAD_MANAGER to package com.android.browser (protectionLevel=18 flags=0x89be45)
01-01 00:00:23.308  1337  1371 W PackageManager: Not granting permission android.permission.SEND_DOWNLOAD_COMPLETED_INTENTS to package com.android.browser (protectionLevel=2 flags=0x89be45)
01-01 00:00:23.309   298  1539 E OMX_EVRC_DEC: COMPONENT INIT OMX.qcom.audio.decoder.evrc
01-01 00:00:23.309   298  1539 E OMX_EVRC_DEC: unknown param 0600000f
01-01 00:00:23.309   298  1539 E OMXNodeInstance: getParameter(100663311) ERROR: 0x8000101a
01-01 00:00:23.309   298  1539 E OMX_EVRC_DEC: unknown param 06000001
01-01 00:00:23.309   298  1539 E OMXNodeInstance: getParameter(100663297) ERROR: 0x8000101a
01-01 00:00:23.309   298  1539 E OMX_EVRC_DEC: COMPONENT DEINIT
01-01 00:00:23.319   298   298 D Utils   : printFileName fd(23) -> /system/media/audio/ui/Effect_Tick.ogg
01-01 00:00:23.322   298  1539 E OMXNodeInstance: getParameter(100663311) ERROR: 0x8000100e
01-01 00:00:23.322   298  1539 E OMX-VDEC-1080P: Extension: OMX.google.android.index.describeColorFormat not implemented
01-01 00:00:23.322   298  1539 W ACodec  : do not know color format 0x7fa30c04 = 2141391876
01-01 00:00:23.322   298  1539 E OMX-VDEC-1080P: Extension: OMX.google.android.index.describeColorFormat not implemented
01-01 00:00:23.322   298  1539 E OMXNodeInstance: getParameter(100663297) ERROR: 0x8000100e
01-01 00:00:23.324   298  1539 E OMX_C2D : Destroy C2D instance
01-01 00:00:23.324   298  1539 E OMX_C2D : Destroy C2D instance
01-01 00:00:23.332   298  1539 E OMXNodeInstance: getParameter(100663311) ERROR: 0x8000100e
01-01 00:00:23.332   298  1539 E OMX-VDEC-1080P: Extension: OMX.google.android.index.describeColorFormat not implemented
01-01 00:00:23.332   298  1539 W ACodec  : do not know color format 0x7fa30c04 = 2141391876
01-01 00:00:23.332   298  1539 E OMX-VDEC-1080P: Extension: OMX.google.android.index.describeColorFormat not implemented
01-01 00:00:23.332   298  1539 E OMXNodeInstance: getParameter(100663297) ERROR: 0x8000100e
01-01 00:00:23.333   298  1539 E OMX_C2D : Destroy C2D instance
01-01 00:00:23.333   298  1539 E OMX_C2D : Destroy C2D instance
01-01 00:00:23.339   298  1539 E OMXNodeInstance: getParameter(100663311) ERROR: 0x8000100e
01-01 00:00:23.339   298  1539 E OMX-VDEC-1080P: Extension: OMX.google.android.index.describeColorFormat not implemented
01-01 00:00:23.339   298  1539 W ACodec  : do not know color format 0x7fa30c04 = 2141391876
01-01 00:00:23.339   298  1539 E OMX-VDEC-1080P: Extension: OMX.google.android.index.describeColorFormat not implemented
01-01 00:00:23.339   298  1539 E OMXNodeInstance: getParameter(100663297) ERROR: 0x8000100e
01-01 00:00:23.341   298  1539 E OMX_C2D : Destroy C2D instance
01-01 00:00:23.341   298  1539 E OMX_C2D : Destroy C2D instance
01-01 00:00:23.345   298   298 D ExtendedUtils: extended extractor not needed, return default
01-01 00:00:23.345   298  1539 E OMXNodeInstance: getParameter(100663311) ERROR: 0x8000100e
01-01 00:00:23.345   298  1539 E OMX-VDEC-1080P: Extension: OMX.google.android.index.describeColorFormat not implemented
01-01 00:00:23.345   298  1539 W ACodec  : do not know color format 0x7fa30c04 = 2141391876
01-01 00:00:23.345   298  1539 E OMX-VDEC-1080P: Extension: OMX.google.android.index.describeColorFormat not implemented
01-01 00:00:23.345   298  1658 D AudioPolicyManager: isOffloadSupported: stream_type != MUSIC, returning false
01-01 00:00:23.345   298  1539 E OMXNodeInstance: getParameter(100663297) ERROR: 0x8000100e
01-01 00:00:23.346   298  1539 E OMX_C2D : Destroy C2D instance
01-01 00:00:23.346   298  1539 E OMX_C2D : Destroy C2D instance
01-01 00:00:23.346   298  1539 E OMX     : FAILED to allocate omx component 'OMX.qcom.video.decoder.mpeg2.secure'
01-01 00:00:23.350   298  1539 E OMXNodeInstance: getParameter(100663311) ERROR: 0x8000100e
01-01 00:00:23.350   298  1539 E OMX-VDEC-1080P: Extension: OMX.google.android.index.describeColorFormat not implemented
01-01 00:00:23.350   298  1539 W ACodec  : do not know color format 0x7fa30c04 = 2141391876
01-01 00:00:23.350   298  1539 E OMX-VDEC-1080P: Extension: OMX.google.android.index.describeColorFormat not implemented
01-01 00:00:23.350   298  1539 E OMXNodeInstance: getParameter(100663297) ERROR: 0x8000100e
01-01 00:00:23.350   298  1539 E OMX_C2D : Destroy C2D instance
01-01 00:00:23.350   298  1539 E OMX_C2D : Destroy C2D instance
01-01 00:00:23.354   298  1539 E OMX-VDEC-1080P: get_parameter: OMX_IndexParamVideoProfileLevelQuerySupported ret NoMore for codec: OMX.qcom.video.decoder.vc1
01-01 00:00:23.354   298  1539 E OMXNodeInstance: getParameter(100663311) ERROR: 0x8000100e
01-01 00:00:23.354   298  1539 E OMX-VDEC-1080P: Extension: OMX.google.android.index.describeColorFormat not implemented
01-01 00:00:23.354   298  1539 W ACodec  : do not know color format 0x7fa30c04 = 2141391876
01-01 00:00:23.354   298  1539 E OMX-VDEC-1080P: Extension: OMX.google.android.index.describeColorFormat not implemented
01-01 00:00:23.354   298  1539 E OMXNodeInstance: getParameter(100663297) ERROR: 0x8000100e
01-01 00:00:23.355   298  1539 E OMX_C2D : Destroy C2D instance
01-01 00:00:23.355   298  1539 E OMX_C2D : Destroy C2D instance
01-01 00:00:23.355   298  1539 E OMX     : FAILED to allocate omx component 'OMX.qcom.video.decoder.vc1.secure'
01-01 00:00:23.356   298  1539 E OMX-VDEC-1080P: DIVX 5/6 Decoder selected
01-01 00:00:23.360   298  1539 E OMX-VDEC-1080P: get_parameter: OMX_IndexParamVideoProfileLevelQuerySupported ret NoMore for codec: OMX.qcom.video.decoder.divx
01-01 00:00:23.360   298  1539 E OMXNodeInstance: getParameter(100663311) ERROR: 0x8000100e
01-01 00:00:23.360   298  1539 E OMX-VDEC-1080P: Extension: OMX.google.android.index.describeColorFormat not implemented
01-01 00:00:23.360   298  1539 W ACodec  : do not know color format 0x7fa30c04 = 2141391876
01-01 00:00:23.360   298  1539 E OMX-VDEC-1080P: Extension: OMX.google.android.index.describeColorFormat not implemented
01-01 00:00:23.360   298  1539 E OMXNodeInstance: getParameter(100663297) ERROR: 0x8000100e
01-01 00:00:23.361   298  1539 E OMX_C2D : Destroy C2D instance
01-01 00:00:23.361   298  1539 E OMX_C2D : Destroy C2D instance
01-01 00:00:23.365   298  1539 E OMX-VDEC-1080P: get_parameter: OMX_IndexParamVideoProfileLevelQuerySupported ret NoMore for codec: OMX.qcom.video.decoder.divx311
01-01 00:00:23.365   298  1539 E OMXNodeInstance: getParameter(100663311) ERROR: 0x8000100e
01-01 00:00:23.365   298  1539 E OMX-VDEC-1080P: Extension: OMX.google.android.index.describeColorFormat not implemented
01-01 00:00:23.365   298  1539 W ACodec  : do not know color format 0x7fa30c04 = 2141391876
01-01 00:00:23.365   298  1539 E OMX-VDEC-1080P: Extension: OMX.google.android.index.describeColorFormat not implemented
01-01 00:00:23.365   298  1539 E OMXNodeInstance: getParameter(100663297) ERROR: 0x8000100e
01-01 00:00:23.366   298  1539 E OMX_C2D : Destroy C2D instance
01-01 00:00:23.366   298  1539 E OMX_C2D : Destroy C2D instance
01-01 00:00:23.367   298  1539 E OMX-VDEC-1080P: DIVX 4 Decoder selected
01-01 00:00:23.370   298  1539 E OMX-VDEC-1080P: get_parameter: OMX_IndexParamVideoProfileLevelQuerySupported ret NoMore for codec: OMX.qcom.video.decoder.divx4
01-01 00:00:23.370   298  1539 E OMXNodeInstance: getParameter(100663311) ERROR: 0x8000100e
01-01 00:00:23.370   298  1539 E OMX-VDEC-1080P: Extension: OMX.google.android.index.describeColorFormat not implemented
01-01 00:00:23.370   298  1539 W ACodec  : do not know color format 0x7fa30c04 = 2141391876
01-01 00:00:23.370   298  1539 E OMX-VDEC-1080P: Extension: OMX.google.android.index.describeColorFormat not implemented
01-01 00:00:23.370   298  1539 E OMXNodeInstance: getParameter(100663297) ERROR: 0x8000100e
01-01 00:00:23.371   298  1539 E OMX_C2D : Destroy C2D instance
01-01 00:00:23.371   298  1539 E OMX_C2D : Destroy C2D instance
01-01 00:00:23.374   298  1539 E OMXNodeInstance: getParameter(100663311) ERROR: 0x8000100e
01-01 00:00:23.374   298  1539 E OMX-VDEC-1080P: Extension: OMX.google.android.index.describeColorFormat not implemented
01-01 00:00:23.374   298  1539 W ACodec  : do not know color format 0x7fa30c04 = 2141391876
01-01 00:00:23.374   298  1539 E OMX-VDEC-1080P: Extension: OMX.google.android.index.describeColorFormat not implemented
01-01 00:00:23.374   298  1539 E OMXNodeInstance: getParameter(100663297) ERROR: 0x8000100e
01-01 00:00:23.375   298  1539 E OMX_C2D : Destroy C2D instance
01-01 00:00:23.375   298  1539 E OMX_C2D : Destroy C2D instance
01-01 00:00:23.380   298  1539 E OMXNodeInstance: getParameter(100663311) ERROR: 0x8000100e
01-01 00:00:23.380   298  1539 E OMX-VDEC-1080P: Extension: OMX.google.android.index.describeColorFormat not implemented
01-01 00:00:23.380   298  1539 W ACodec  : do not know color format 0x7fa30c04 = 2141391876
01-01 00:00:23.380   298  1539 E OMX-VDEC-1080P: Extension: OMX.google.android.index.describeColorFormat not implemented
01-01 00:00:23.380   298  1539 E OMXNodeInstance: getParameter(100663297) ERROR: 0x8000100e
01-01 00:00:23.381   298  1539 E OMX_C2D : Destroy C2D instance
01-01 00:00:23.381   298  1539 E OMX_C2D : Destroy C2D instance
01-01 00:00:23.391   298  1539 E OMXNodeInstance: getParameter(100663311) ERROR: 0x8000100e
01-01 00:00:23.391   298  1539 E OMX-VDEC-1080P: Extension: OMX.google.android.index.describeColorFormat not implemented
01-01 00:00:23.391   298  1539 W ACodec  : do not know color format 0x7fa30c04 = 2141391876
01-01 00:00:23.391   298  1539 E OMX-VDEC-1080P: Extension: OMX.google.android.index.describeColorFormat not implemented
01-01 00:00:23.391   298  1539 E OMXNodeInstance: getParameter(100663297) ERROR: 0x8000100e
01-01 00:00:23.392   298  1539 E OMX_C2D : Destroy C2D instance
01-01 00:00:23.392   298  1539 E OMX_C2D : Destroy C2D instance
01-01 00:00:23.401   298  1539 E OMXNodeInstance: getParameter(100663311) ERROR: 0x8000100e
01-01 00:00:23.401   298  1539 E OMXNodeInstance: getParameter(100663297) ERROR: 0x8000100e
01-01 00:00:23.401   298  1539 E OMXNodeInstance: OMX_GetExtensionIndex OMX.google.android.index.storeMetaDataInBuffers failed
01-01 00:00:23.412  1337  1337 I ActivityManager: Start proc com.android.inputmethod.latin for service com.android.inputmethod.latin/.LatinIME: pid=1687 uid=10036 gids={50036, 9997, 1028, 1015} abi=armeabi-v7a
01-01 00:00:23.412  1337  1337 V InputMethodManagerService: Adding window token: android.os.Binder@a09d603
01-01 00:00:23.412   298  1539 E OMXNodeInstance: getParameter(100663311) ERROR: 0x8000100e
01-01 00:00:23.412   298  1539 E OMXNodeInstance: getParameter(100663297) ERROR: 0x8000100e
01-01 00:00:23.412   298  1539 E OMXNodeInstance: OMX_GetExtensionIndex OMX.google.android.index.storeMetaDataInBuffers failed
01-01 00:00:23.412   298  1539 W MediaCodecList: ignoring Limit specified outside of a Type
01-01 00:00:23.412   298  1539 W MediaCodecList: ignoring Limit specified outside of a Type
01-01 00:00:23.412   298  1539 W MediaCodecList: ignoring Limit specified outside of a Type
01-01 00:00:23.412   298  1539 W MediaCodecList: ignoring Limit specified outside of a Type
01-01 00:00:23.412   298  1539 W MediaCodecList: ignoring Limit specified outside of a Type
01-01 00:00:23.412   298  1539 W MediaCodecList: ignoring Feature specified outside of a Type
01-01 00:00:23.413   298  1539 E OMXNodeInstance: getParameter(100663311) ERROR: 0x8000100e
01-01 00:00:23.413   298  1539 E OMXNodeInstance: getParameter(100663297) ERROR: 0x8000100e
01-01 00:00:23.413   298  1539 E OMXNodeInstance: OMX_GetExtensionIndex OMX.google.android.index.storeMetaDataInBuffers failed
01-01 00:00:23.418   298  1539 E OMXNodeInstance: getParameter(100663311) ERROR: 0x8000100e
01-01 00:00:23.418   298  1539 E OMXNodeInstance: getParameter(100663297) ERROR: 0x8000100e
01-01 00:00:23.418   298  1539 E OMXNodeInstance: OMX_GetExtensionIndex OMX.google.android.index.storeMetaDataInBuffers failed
01-01 00:00:23.430   298  1539 D SoftHEVC: Number of CPU cores: 4
01-01 00:00:23.431   298  1539 D SoftHEVC: Initializing decoder
01-01 00:00:23.431   298  1539 D SoftHEVC: Set number of cores to 4
01-01 00:00:23.431   298  1539 D SoftHEVC: Ittiam decoder version number: @(#)Id:HEVCDEC_production Ver:04.01 Released by ITTIAM Build: Nov  9 2015 @ 10:35:06
01-01 00:00:23.431   298  1539 E OMXNodeInstance: getParameter(100663311) ERROR: 0x8000100e
01-01 00:00:23.431   298  1539 E OMXNodeInstance: getParameter(100663297) ERROR: 0x8000100e
01-01 00:00:23.431   298  1539 E OMXNodeInstance: OMX_GetExtensionIndex OMX.google.android.index.storeMetaDataInBuffers failed
01-01 00:00:23.431   298  1539 D SoftHEVC: Freeing codec memory
01-01 00:00:23.431   298  1539 D SoftHEVC: Number of CPU cores: 4
01-01 00:00:23.432   298  1539 D SoftHEVC: Initializing decoder
01-01 00:00:23.432   298  1539 D SoftHEVC: Set number of cores to 4
01-01 00:00:23.432   298  1539 D SoftHEVC: Ittiam decoder version number: @(#)Id:HEVCDEC_production Ver:04.01 Released by ITTIAM Build: Nov  9 2015 @ 10:35:06
01-01 00:00:23.432   298  1539 D SoftHEVC: In SoftHEVC::~SoftHEVC
01-01 00:00:23.432   298  1539 D SoftHEVC: Freeing codec memory
01-01 00:00:23.441   298  1539 E OMXNodeInstance: getParameter(100663311) ERROR: 0x8000100e
01-01 00:00:23.441   298  1539 E OMXNodeInstance: getParameter(100663297) ERROR: 0x8000100e
01-01 00:00:23.441   298  1539 E OMXNodeInstance: OMX_GetExtensionIndex OMX.google.android.index.storeMetaDataInBuffers failed
01-01 00:00:23.446   298  1539 E OMXNodeInstance: getParameter(100663311) ERROR: 0x8000100e
01-01 00:00:23.446   298  1539 E OMXNodeInstance: getParameter(100663297) ERROR: 0x8000100e
01-01 00:00:23.446   298  1539 E OMXNodeInstance: OMX_GetExtensionIndex OMX.google.android.index.storeMetaDataInBuffers failed
01-01 00:00:23.452   298  1539 I SoftMPEG4Encoder: Construct SoftMPEG4Encoder
01-01 00:00:23.452   298  1539 E OMXNodeInstance: getParameter(100663311) ERROR: 0x8000100e
01-01 00:00:23.452   298  1539 W ACodec  : do not know color format 0x7f000789 = 2130708361
01-01 00:00:23.452   298  1539 E OMXNodeInstance: getParameter(100663297) ERROR: 0x8000100e
01-01 00:00:23.456   298  1539 I SoftAVCEncoder: Construct SoftAVCEncoder
01-01 00:00:23.456   298  1539 E OMXNodeInstance: getParameter(100663311) ERROR: 0x8000100e
01-01 00:00:23.456   298  1539 W ACodec  : do not know color format 0x7f000789 = 2130708361
01-01 00:00:23.456   298  1539 E OMXNodeInstance: getParameter(100663297) ERROR: 0x8000100e
01-01 00:00:23.457   298  1539 I SoftMPEG4Encoder: Construct SoftMPEG4Encoder
01-01 00:00:23.457   298  1539 E OMXNodeInstance: getParameter(100663311) ERROR: 0x8000100e
01-01 00:00:23.458   298  1539 W ACodec  : do not know color format 0x7f000789 = 2130708361
01-01 00:00:23.458   298  1539 E OMXNodeInstance: getParameter(100663297) ERROR: 0x8000100e
01-01 00:00:23.465   298  1539 E OMXNodeInstance: getParameter(100663311) ERROR: 0x8000100e
01-01 00:00:23.465   298  1539 W ACodec  : do not know color format 0x7f000789 = 2130708361
01-01 00:00:23.465   298  1539 E OMXNodeInstance: getParameter(100663297) ERROR: 0x8000100e
01-01 00:00:23.467   298  1539 D OMXCodec: Successfully allocated OMX node 'OMX.google.vorbis.decoder'
01-01 00:00:23.467   298  1658 D OMXCodec: Successfully allocated OMX node 'OMX.google.vorbis.decoder'
01-01 00:00:23.467   298  1539 I ExtendedUtils: decision 0 mime 
01-01 00:00:23.467   298  1539 I AwesomePlayer: Could not offload audio decode, try pcm offload
01-01 00:00:23.467   298  1658 I ExtendedUtils: decision 0 mime 
01-01 00:00:23.467   298  1539 D AudioPolicyManager: isOffloadSupported: stream_type != MUSIC, returning false
01-01 00:00:23.467   298  1658 I AwesomePlayer: Could not offload audio decode, try pcm offload
01-01 00:00:23.467   298  1658 D AudioPolicyManager: isOffloadSupported: stream_type != MUSIC, returning false
01-01 00:00:23.468   298  1430 I AudioPlayer: start of Playback, useOffload 0
01-01 00:00:23.470   298   298 I AudioPlayer: start of Playback, useOffload 0
01-01 00:00:23.482  1488  1488 W TelecomManager: Telecom Service not found.
01-01 00:00:23.483  1488  1488 W TelecomManager: Telecom Service not found.
01-01 00:00:23.484  1488  1488 W Settings: Setting airplane_mode_on has moved from android.provider.Settings.System to android.provider.Settings.Global, returning read-only value.
01-01 00:00:23.486  1488  1488 W Settings: Setting airplane_mode_on has moved from android.provider.Settings.System to android.provider.Settings.Global, returning read-only value.
01-01 00:00:23.486  1488  1488 W TelecomManager: Telecom Service not found.
01-01 00:00:23.537  1687  1687 I LatinIME: Hardware accelerated drawing: true
01-01 00:00:23.562   376  1358 E modemanager: readXMLOp:Couldn't open OEM XML file!
01-01 00:00:23.562   376  1358 E modemanager: retrieveMode: Failed to enumerate modes
01-01 00:00:23.562   376  1358 E modemanager: in applyDefaultMode fail to retrieve default mode!
01-01 00:00:23.562   376  1358 I modemanager: in applyDefaultMode ret = 0 mCurMode = -1
01-01 00:00:23.562   376  1358 E PPDaemon: void* applyDefaultModeThreadFunc(void*) failed applying default mode!
01-01 00:00:23.571   298  1658 I AudioPlayer: Pause Playback at 94000
01-01 00:00:23.571   298   298 I AudioPlayer: reset: mPlaying=0 mReachedEOS=1 useOffload=0
01-01 00:00:23.575   298  1431 D Utils   : printFileName fd(22) -> /system/media/audio/ui/KeypressStandard.ogg
01-01 00:00:23.597   298  1431 D ExtendedUtils: extended extractor not needed, return default
01-01 00:00:23.597   298  1732 D AudioPolicyManager: isOffloadSupported: stream_type != MUSIC, returning false
01-01 00:00:23.598   298  1732 D OMXCodec: Successfully allocated OMX node 'OMX.google.vorbis.decoder'
01-01 00:00:23.598   298  1732 I ExtendedUtils: decision 0 mime 
01-01 00:00:23.598   298  1732 I AwesomePlayer: Could not offload audio decode, try pcm offload
01-01 00:00:23.598   298  1732 D AudioPolicyManager: isOffloadSupported: stream_type != MUSIC, returning false
01-01 00:00:23.599   298  1431 I AudioPlayer: start of Playback, useOffload 0
01-01 00:00:23.611  1687  1687 W InputAttributes: No editor info for this field. Bug?
01-01 00:00:23.655  1687  1741 I LatinIME:LogUtils: Dictionary info: dictionary = contacts.en_US ; version = 23 ; date = ?
01-01 00:00:23.655  1687  1739 I LatinIME:LogUtils: Dictionary info: dictionary = PersonalizationDictionary.en_US ; version = 23 ; date = ?
01-01 00:00:23.661  1687  1740 I LatinIME:LogUtils: Dictionary info: dictionary = userunigram.en_US ; version = 23 ; date = ?
01-01 00:00:23.672  1687  1742 I LatinIME:LogUtils: Dictionary info: dictionary = ContextualDictionary.en_US ; version = 23 ; date = ?
01-01 00:00:23.674  1687  1738 I LatinIME:LogUtils: Dictionary info: dictionary = UserHistoryDictionary.en_US ; version = 23 ; date = 1530638219
01-01 00:00:23.681  1337  1376 I ActivityManager: Start proc android.process.acore for content provider com.android.providers.userdictionary/.UserDictionaryProvider: pid=1745 uid=10003 gids={50003, 9997, 3003, 1028, 1015} abi=armeabi-v7a
01-01 00:00:23.696  1488  1488 W Settings: Setting airplane_mode_on has moved from android.provider.Settings.System to android.provider.Settings.Global, returning read-only value.
01-01 00:00:23.704   298  1539 I AudioPlayer: Pause Playback at 226507
01-01 00:00:23.705   298  1430 I AudioPlayer: reset: mPlaying=0 mReachedEOS=1 useOffload=0
01-01 00:00:23.709  1337  1425 D WifiService: New client listening to asynchronous messages
01-01 00:00:23.709   298   298 D Utils   : printFileName fd(15) -> /system/media/audio/ui/Unlock.ogg
01-01 00:00:23.716  1337  1362 D BluetoothManagerService: Message: 20
01-01 00:00:23.716  1337  1362 D BluetoothManagerService: Added callback: android.bluetooth.IBluetoothManagerCallback$Stub$Proxy@37519612:true
01-01 00:00:23.718  1488  1488 D BluetoothAdapter: 939180557: getState() :  mService = null. Returning STATE_OFF
01-01 00:00:23.718  1488  1488 D BluetoothAdapter: 939180557: getState() :  mService = null. Returning STATE_OFF
01-01 00:00:23.722  1337  1744 D ConnectivityService: listenForNetwork for NetworkRequest [ id=2, legacyType=-1, [] ]
01-01 00:00:23.722   298   298 D ExtendedUtils: extended extractor not needed, return default
01-01 00:00:23.722   298  1732 I AudioPlayer: Pause Playback at 108145
01-01 00:00:23.722   298  1766 D AudioPolicyManager: isOffloadSupported: stream_type != MUSIC, returning false
01-01 00:00:23.723   298  1431 I AudioPlayer: reset: mPlaying=0 mReachedEOS=1 useOffload=0
01-01 00:00:23.723   298  1766 D OMXCodec: Successfully allocated OMX node 'OMX.google.vorbis.decoder'
01-01 00:00:23.723   298  1766 I ExtendedUtils: decision 0 mime 
01-01 00:00:23.723   298  1766 I AwesomePlayer: Could not offload audio decode, try pcm offload
01-01 00:00:23.723   298  1766 D AudioPolicyManager: isOffloadSupported: stream_type != MUSIC, returning false
01-01 00:00:23.726   298   298 I AudioPlayer: start of Playback, useOffload 0
01-01 00:00:23.727   298  1735 D Utils   : printFileName fd(23) -> /system/media/audio/ui/KeypressSpacebar.ogg
01-01 00:00:23.747  1488  1488 D StatusBar.NetworkController: refreshSignalCluster - setMobileDataIndicators:  mHasMobileDataFeature = false mPhoneSignalIconId = (null) mDataSignalIconId = (null) mMobileActivityIconId = (null) mDataTypeIconId = (null) mNoSimIconId = (null)
01-01 00:00:23.747  1488  1488 D StatusBar.NetworkController: refreshSignalCluster - setMobileDataIndicators:  mHasMobileDataFeature = false mPhoneSignalIconId = (null) mDataSignalIconId = (null) mMobileActivityIconId = (null) mDataTypeIconId = (null) mNoSimIconId = (null)
01-01 00:00:23.747  1488  1488 D StatusBar.NetworkController: refreshSignalCluster - setMobileDataIndicators:  mHasMobileDataFeature = false mPhoneSignalIconId = (null) mDataSignalIconId = (null) mMobileActivityIconId = (null) mDataTypeIconId = (null) mNoSimIconId = (null)
01-01 00:00:23.750   298  1735 D ExtendedUtils: extended extractor not needed, return default
01-01 00:00:23.750   298  1770 D AudioPolicyManager: isOffloadSupported: stream_type != MUSIC, returning false
01-01 00:00:23.751   298  1431 I CameraService: getCameraCharacteristics: Switching to HAL1 shim implementation...
01-01 00:00:23.751   298  1770 D OMXCodec: Successfully allocated OMX node 'OMX.google.vorbis.decoder'
01-01 00:00:23.751   298  1770 I ExtendedUtils: decision 0 mime 
01-01 00:00:23.751   298  1770 I AwesomePlayer: Could not offload audio decode, try pcm offload
01-01 00:00:23.751   298  1770 D AudioPolicyManager: isOffloadSupported: stream_type != MUSIC, returning false
01-01 00:00:23.751   298  1431 I AwesomePlayer: setDataSource_l(<no-scheme URI suppressed>)
01-01 00:00:23.751   298  1431 D AwesomePlayer: printFileName /system/media/audio/ui/camera_click.ogg
01-01 00:00:23.754   298  1735 I AudioPlayer: start of Playback, useOffload 0
01-01 00:00:23.772   298  1773 D ExtendedUtils: extended extractor not needed, return default
01-01 00:00:23.772   298  1773 D AudioPolicyManager: isOffloadSupported: stream_type != MUSIC, returning false
01-01 00:00:23.772   298  1773 D OMXCodec: Successfully allocated OMX node 'OMX.google.vorbis.decoder'
01-01 00:00:23.772   298  1773 I ExtendedUtils: decision 0 mime 
01-01 00:00:23.772   298  1773 I AwesomePlayer: Could not offload audio decode, try pcm offload
01-01 00:00:23.772   298  1773 D AudioPolicyManager: isOffloadSupported: stream_type != MUSIC, returning false
01-01 00:00:23.776   298  1431 I AwesomePlayer: setDataSource_l(<no-scheme URI suppressed>)
01-01 00:00:23.776   298  1431 D AwesomePlayer: printFileName /system/media/audio/ui/VideoRecord.ogg
01-01 00:00:23.795   298  1779 D ExtendedUtils: extended extractor not needed, return default
01-01 00:00:23.795   298  1779 D AudioPolicyManager: isOffloadSupported: stream_type != MUSIC, returning false
01-01 00:00:23.795   298  1779 D OMXCodec: Successfully allocated OMX node 'OMX.google.vorbis.decoder'
01-01 00:00:23.795   298  1779 I ExtendedUtils: decision 0 mime 
01-01 00:00:23.795   298  1779 I AwesomePlayer: Could not offload audio decode, try pcm offload
01-01 00:00:23.795   298  1779 D AudioPolicyManager: isOffloadSupported: stream_type != MUSIC, returning false
01-01 00:00:23.797  1687  1739 I LatinIME:LogUtils: Dictionary info: dictionary = PersonalizationDictionary.en_US ; version = 23 ; date = ?
01-01 00:00:23.798  1687  1739 I LatinIME:LogUtils: Dictionary info: dictionary = PersonalizationDictionary.en_US ; version = 23 ; date = ?
01-01 00:00:23.798   298  1431 I CameraClient: Opening camera 0
01-01 00:00:23.812   327  1787 I mm-camera-sensor: module_sensor_start_session:1402 session 2
01-01 00:00:23.813   327  1789 E mm-camera-isp2: isp_module_start_session:166 session id 2
01-01 00:00:23.821   327  1793 D hdr     : Session id 0x2 started
01-01 00:00:23.823   327  1790 E mm-camera-CORE: af_single_if_link: Link success! 
01-01 00:00:23.830   327  1790 E mm-camera: is_module_start_session: Enter
01-01 00:00:23.830   327  1790 E mm-camera: is_module_start_session: Exit successful
01-01 00:00:23.830   327  1790 E mm-camera: gyro_module_start_session: Enter
01-01 00:00:23.830   327  1790 E mm-camera: gyro_port_init: Init DSPS
01-01 00:00:23.894   298  1770 I AudioPlayer: Pause Playback at 108145
01-01 00:00:23.895   298  1735 I AudioPlayer: reset: mPlaying=0 mReachedEOS=1 useOffload=0
01-01 00:00:23.898   298  1430 D Utils   : printFileName fd(23) -> /system/media/audio/ui/KeypressDelete.ogg
01-01 00:00:23.910  1804  1804 I logcat_to_sd: SD card mounted, creating log folder. 
01-01 00:00:23.930   298  1430 D ExtendedUtils: extended extractor not needed, return default
01-01 00:00:23.930   298  1813 D AudioPolicyManager: isOffloadSupported: stream_type != MUSIC, returning false
01-01 00:00:23.931   298  1813 D OMXCodec: Successfully allocated OMX node 'OMX.google.vorbis.decoder'
01-01 00:00:23.931   298  1813 I ExtendedUtils: decision 0 mime 
01-01 00:00:23.931   298  1813 I AwesomePlayer: Could not offload audio decode, try pcm offload
01-01 00:00:23.931   298  1813 D AudioPolicyManager: isOffloadSupported: stream_type != MUSIC, returning false
01-01 00:00:23.932   298  1430 I AudioPlayer: start of Playback, useOffload 0
01-01 00:00:23.932   298  1766 I AudioPlayer: Pause Playback at 188866
01-01 00:00:23.932   298   298 I AudioPlayer: reset: mPlaying=0 mReachedEOS=1 useOffload=0
01-01 00:00:23.936  1687  1780 I LatinIME:LogUtils: Dictionary info: dictionary = main:en ; version = 47 ; date = 1402373178
01-01 00:00:23.940  1816  1816 I log_temperatures: SD card mounted, creating log folder. 
01-01 00:00:23.941   298  1799 D Utils   : printFileName fd(17) -> /system/media/audio/ui/Trusted.ogg
01-01 00:00:23.966   327  1787 E mm-camera-sensor: module_sensor_init_session:1140 Sensor path (null) name imx377_0
01-01 00:00:23.967   327  1787 I mm-camera-sensor: sensor_set_position:1416 Position ID: 0
01-01 00:00:23.967   327  1787 I mm-camera-sensor: sensor_set_mode:1447 Sensor Mode ID: 1
01-01 00:00:23.967   298  1799 D ExtendedUtils: extended extractor not needed, return default
01-01 00:00:23.967   298  1850 D AudioPolicyManager: isOffloadSupported: stream_type != MUSIC, returning false
01-01 00:00:23.968   298  1850 D OMXCodec: Successfully allocated OMX node 'OMX.google.vorbis.decoder'
01-01 00:00:23.968   298  1850 I ExtendedUtils: decision 0 mime 
01-01 00:00:23.968   298  1850 I AwesomePlayer: Could not offload audio decode, try pcm offload
01-01 00:00:23.968   298  1850 D AudioPolicyManager: isOffloadSupported: stream_type != MUSIC, returning false
01-01 00:00:23.969   370   370 I sh      : type=1400 audit(0.0:33): avc: denied { getattr } for path="/storage/sdcard1/info/logs/system_log.08.log" dev="fuse" ino=3061866672 scontext=u:r:init:s0 tcontext=u:object_r:fuse:s0 tclass=file permissive=1
01-01 00:00:23.969  1859  1859 I mv      : type=1400 audit(0.0:34): avc: denied { write } for name="logs" dev="fuse" ino=3060818016 scontext=u:r:init:s0 tcontext=u:object_r:fuse:s0 tclass=dir permissive=1
01-01 00:00:23.969  1859  1859 I mv      : type=1400 audit(0.0:35): avc: denied { remove_name } for name="system_log.08.log" dev="fuse" ino=3061866672 scontext=u:r:init:s0 tcontext=u:object_r:fuse:s0 tclass=dir permissive=1
01-01 00:00:23.969  1859  1859 I mv      : type=1400 audit(0.0:36): avc: denied { rename } for name="system_log.08.log" dev="fuse" ino=3061866672 scontext=u:r:init:s0 tcontext=u:object_r:fuse:s0 tclass=file permissive=1
01-01 00:00:23.969  1859  1859 I mv      : type=1400 audit(0.0:37): avc: denied { add_name } for name="system_log.09.log" scontext=u:r:init:s0 tcontext=u:object_r:fuse:s0 tclass=dir permissive=1
01-01 00:00:23.970   298  1799 I AudioPlayer: start of Playback, useOffload 0
01-01 00:00:24.001   325   325 E QC-time-services: Daemon:genoff_modem_qmi_init: qmi_client_get_service_list returned -2num_services 0
01-01 00:00:24.025  1745  1778 I ContactLocale: AddressBook Labels [en-US]: [, A, B, C, D, E, F, G, H, I, J, K, L, M, N, O, P, Q, R, S, T, U, V, W, X, Y, Z, , , , , , , , , , , , , , , , , , , , , , , , , , , , , , , , , , , , , , , , , , , , , , , , , , , , , , , , , , , , , , , , , , , , , , , , , , , , , , , , , , , , , , , , , , , , , , , , , , , , , , , , , , , , , , , , , , , , , , , , , , , , , , , , , , , , , , , , , , , , , , , , , , , , , , , , , , , , , , , , , , , , , , , , , , , , , , , , , , , , , , , , , , , , #, ]
01-01 00:00:24.056   298  1850 I AudioPlayer: Pause Playback at 80000
01-01 00:00:24.056   298  1799 I AudioPlayer: reset: mPlaying=0 mReachedEOS=1 useOffload=0
01-01 00:00:24.062   298  1813 I AudioPlayer: Pause Playback at 108145
01-01 00:00:24.062   298  1430 I AudioPlayer: reset: mPlaying=0 mReachedEOS=1 useOffload=0
01-01 00:00:24.067   298  1735 D Utils   : printFileName fd(17) -> /system/media/audio/ui/KeypressReturn.ogg
01-01 00:00:24.090   298  1735 D ExtendedUtils: extended extractor not needed, return default
01-01 00:00:24.090   298  1897 D AudioPolicyManager: isOffloadSupported: stream_type != MUSIC, returning false
01-01 00:00:24.091   298  1897 D OMXCodec: Successfully allocated OMX node 'OMX.google.vorbis.decoder'
01-01 00:00:24.091   298  1897 I ExtendedUtils: decision 0 mime 
01-01 00:00:24.091   298  1897 I AwesomePlayer: Could not offload audio decode, try pcm offload
01-01 00:00:24.091   298  1897 D AudioPolicyManager: isOffloadSupported: stream_type != MUSIC, returning false
01-01 00:00:24.092   298  1735 I AudioPlayer: start of Playback, useOffload 0
01-01 00:00:24.126   327  1787 I mm-camera-sensor: module_sensor_init_session:1301 Success
01-01 00:00:24.126   327  1787 E mm-camera-sensor: module_sensor_start_session:1435 SUCCESS
01-01 00:00:24.152  1918  1918 I logcat_to_sd: Starting SDCard logging... 
01-01 00:00:24.159  1921  1921 I script  : type=1400 audit(0.0:38): avc: denied { create } for name="system_log.log" scontext=u:r:init:s0 tcontext=u:object_r:fuse:s0 tclass=file permissive=1
01-01 00:00:24.159  1921  1921 I script  : type=1400 audit(0.0:39): avc: denied { write open } for path="/storage/sdcard1/info/logs/system_log.log" dev="fuse" ino=3061867472 scontext=u:r:init:s0 tcontext=u:object_r:fuse:s0 tclass=file permissive=1
01-01 00:00:24.207   298  1897 I AudioPlayer: Pause Playback at 108145
01-01 00:00:24.207   298  1735 I AudioPlayer: reset: mPlaying=0 mReachedEOS=1 useOffload=0
01-01 00:00:24.211   298   298 D Utils   : printFileName fd(15) -> /system/media/audio/ui/KeypressInvalid.ogg
01-01 00:00:24.234   298   298 D ExtendedUtils: extended extractor not needed, return default
01-01 00:00:24.234   298  1929 D AudioPolicyManager: isOffloadSupported: stream_type != MUSIC, returning false
01-01 00:00:24.235   298  1929 D OMXCodec: Successfully allocated OMX node 'OMX.google.vorbis.decoder'
01-01 00:00:24.235   298  1929 I ExtendedUtils: decision 0 mime 
