01-01 00:00:45.445  4554  4570 D MmsSmsDatabaseHelper: [MmsSmsDb] tableName: threads hasAutoIncrement: CREATE TABLE threads (_id INTEGER PRIMARY KEY AUTOINCREMENT,date INTEGER DEFAULT 0,message_count INTEGER DEFAULT 0,recipient_ids TEXT,snippet TEXT,snippet_cs INTEGER DEFAULT 0,read INTEGER DEFAULT 1,archived INTEGER DEFAULT 0,type INTEGER DEFAULT 0,error INTEGER DEFAULT 0,has_attachment INTEGER DEFAULT 0) result: true
01-01 00:00:45.446  4554  4570 D MmsSmsDatabaseHelper: [MmsSmsDb] tableName: canonical_addresses hasAutoIncrement: CREATE TABLE canonical_addresses (_id INTEGER PRIMARY KEY AUTOINCREMENT,address TEXT) result: true
01-01 00:00:45.446  4554  4570 D MmsSmsDatabaseHelper: [MmsSmsDb] tableName: part hasAutoIncrement: CREATE TABLE part (_id INTEGER PRIMARY KEY AUTOINCREMENT,mid INTEGER,seq INTEGER DEFAULT 0,ct TEXT,name TEXT,chset INTEGER,cd TEXT,fn TEXT,cid TEXT,cl TEXT,ctt_s INTEGER,ctt_t TEXT,_data TEXT,text TEXT) result: true
01-01 00:00:45.447  4554  4570 D MmsSmsDatabaseHelper: [MmsSmsDb] tableName: pdu hasAutoIncrement: CREATE TABLE pdu (_id INTEGER PRIMARY KEY AUTOINCREMENT,thread_id INTEGER,date INTEGER,date_sent INTEGER DEFAULT 0,msg_box INTEGER,read INTEGER DEFAULT 0,m_id TEXT,sub TEXT,sub_cs INTEGER,ct_t TEXT,ct_l TEXT,exp INTEGER,m_cls TEXT,m_type INTEGER,v INTEGER,m_size INTEGER,pri INTEGER,rr INTEGER,rpt_a INTEGER,resp_st INTEGER,st INTEGER,tr_id TEXT,retr_st INTEGER,retr_txt TEXT,retr_txt_cs INTEGER,read_status INTEGER,ct_cls INTEGER,resp_txt TEXT,d_tm INTEGER,d_rpt INTEGER,locked INTEGER DEFAULT 0,phone_id INTEGER DEFAULT -1, seen INTEGER DEFAULT 0,creator TEXT,text_only INTEGER DEFAULT 0) result: true
01-01 00:00:45.447  4554  4570 D MmsSmsDatabaseHelper: [getWritableDatabase] hasAutoIncrementThreads: true hasAutoIncrementAddresses: true hasAutoIncrementPart: true hasAutoIncrementPdu: true
01-01 00:00:45.457  5482  5583 D Mms     : Cursor= >>>>> Dumping cursor android.content.ContentResolver$CursorWrapperInner@3014ef47
01-01 00:00:45.457  5482  5583 D Mms     : <<<<<
01-01 00:00:45.461  5258  5258 I sh      : 600 Iface linkstate wlan0 up
01-01 00:00:45.462  5258  5258 I sh      : 616 Route updated fe80::/64 dev wlan0
01-01 00:00:45.463  1339  1366 D Tethering: sendTetherStateChangedBroadcast 1, 0, 0
01-01 00:00:45.464  5572  5572 E hostapd : Using interface wlan0 with hwaddr 9c:30:5b:46:e1:a5 and ssid "Sentera_21020-02_0066"
01-01 00:00:45.476  5584  5584 V OneTimeInitializerRece: OneTimeInitializerReceiver.onReceive
01-01 00:00:45.477  5572  5572 I hostapd : random: Only 18/20 bytes of strong random data available from /dev/random
01-01 00:00:45.477  5572  5572 I hostapd : random: Allow operation to proceed based on internal entropy
01-01 00:00:45.498  5258  5258 I sh      : 214 0 Ok
01-01 00:00:45.502   317   317 V WLAN_PSA: NL MSG, len[048], NL type[0x11] WNI type[0x5050] len[028]
01-01 00:00:45.502   317   317 V WLAN_PSA: NL MSG, PID: 317
01-01 00:00:45.507   303  1335 D CommandListener: Setting iface cfg
01-01 00:00:45.513  1339  1358 I ActivityManager: Start proc com.android.voicedialer for broadcast com.android.voicedialer/.VoiceDialerReceiver: pid=5608 uid=10016 gids={50016, 9997, 3002} abi=armeabi-v7a
01-01 00:00:45.517  5482  5583 D Mms     : Cursor= >>>>> Dumping cursor android.content.ContentResolver$CursorWrapperInner@31bbb374
01-01 00:00:45.517  5482  5583 D Mms     : <<<<<
01-01 00:00:45.568  1339  4572 I art     : Explicit concurrent mark sweep GC freed 13277(1011KB) AllocSpace objects, 11(854KB) LOS objects, 33% free, 7MB/10MB, paused 824us total 31.489ms
01-01 00:00:45.583  5482  5597 D Mms     : cancelNotification
01-01 00:00:45.595  1339  1339 E LAlarm  : Service started flags 0 startId 3
01-01 00:00:45.599  1339  1339 W ContextImpl: Calling a method in the system process without a qualified user: android.app.ContextImpl.startService:1686 android.content.ContextWrapper.startService:515 android.content.ContextWrapper.startService:515 com.dsi.ant.server.AntService.startService:129 com.dsi.ant.server.startup.BootCompletedReceiver.onReceive:41 
01-01 00:00:45.599  1339  1339 W ContextImpl: Implicit intents with startService are not safe: Intent { act=com.dsi.ant.server.IAntHal } android.content.ContextWrapper.startService:515 android.content.ContextWrapper.startService:515 com.dsi.ant.server.AntService.startService:129 
01-01 00:00:45.627  1719  5446 W MediaScanner: Error opening directory '/storage/usbotg/', skipping: No such file or directory.
01-01 00:00:45.630  1719  5446 V MediaScanner: pruneDeadThumbnailFiles... android.database.sqlite.SQLiteCursor@2ec5fd0c
01-01 00:00:45.630  1719  5446 V MediaScanner: /pruneDeadThumbnailFiles... android.database.sqlite.SQLiteCursor@2ec5fd0c
01-01 00:00:45.631  1339  1339 I ActivityManager: Start proc com.android.calendar for broadcast com.android.calendar/.alerts.AlertReceiver: pid=5628 uid=10024 gids={50024, 9997, 3003} abi=armeabi-v7a
01-01 00:00:45.638   303  1335 D CommandListener: Trying to bring up wlan0
01-01 00:00:45.639  5258  5258 I sh      : 200 0 Interface configuration set
01-01 00:00:45.640   317   317 V WLAN_PSA: NL MSG, len[048], NL type[0x11] WNI type[0x5050] len[028]
01-01 00:00:45.640   317   317 V WLAN_PSA: NL MSG, PID: 317
01-01 00:00:45.640   317   317 V WLAN_PSA: NL MSG, len[089], NL type[0x11] WNI type[0x5050] len[069]
01-01 00:00:45.640   317   317 V WLAN_PSA: NL MSG, PID: 317
01-01 00:00:45.640   317   317 V WLAN_PSA: NL MSG, len[021], NL type[0x18] WNI type[0x 96E] len[25970]
01-01 00:00:45.640   317   317 V WLAN_PSA: NL MSG, PID: 0
01-01 00:00:45.645   317   317 V WLAN_PSA: NL MSG, len[045], NL type[0x11] WNI type[0x5050] len[025]
01-01 00:00:45.645   317   317 V WLAN_PSA: NL MSG, PID: 317
01-01 00:00:45.646  5572  5572 I hostapd : wlan0: interface state UNINITIALIZED->ENABLED
01-01 00:00:45.646  5572  5572 I hostapd : wlan0: AP-ENABLED 
01-01 00:00:45.646   317   317 V WLAN_PSA: NL MSG, len[048], NL type[0x11] WNI type[0x5050] len[028]
01-01 00:00:45.646   317   317 V WLAN_PSA: NL MSG, PID: 317
01-01 00:00:45.646   317   317 V WLAN_PSA: NL MSG, len[048], NL type[0x11] WNI type[0x5050] len[028]
01-01 00:00:45.646   317   317 V WLAN_PSA: NL MSG, PID: 317
01-01 00:00:45.646   317   317 V WLAN_PSA: NL MSG, len[045], NL type[0x11] WNI type[0x5050] len[025]
01-01 00:00:45.646   317   317 V WLAN_PSA: NL MSG, PID: 317
01-01 00:00:45.639  5644  5644 I ndc     : type=1400 audit(0.0:43): avc: denied { write } for name="netd" dev="tmpfs" ino=9932 scontext=u:r:wcnss_service:s0 tcontext=u:object_r:netd_socket:s0 tclass=sock_file permissive=1
01-01 00:00:45.651   303  1335 D CommandListener: TetherCmd::runCommand. argc: 4. argv[0]: tether
01-01 00:00:45.651   303  1335 D TetherController: tetherInterface(wlan0)
01-01 00:00:45.651   303  1335 D TetherController: Router advertisement daemon already stopped
01-01 00:00:45.651   303  1335 D TetherController: Need atleast two interfaces to start Router advertisement daemon
01-01 00:00:45.651  5258  5258 I sh      : 200 0 Tether operation succeeded
01-01 00:00:45.674  5258  5258 I sh      : 200 0 success
01-01 00:00:45.679  5258  5258 I sh      : 200 0 success
01-01 00:00:45.685   303  1335 D TetherController: Setting IP forward enable = 1
01-01 00:00:45.685   303  1335 D TetherController: config_write_setting(/proc/sys/net/ipv6/conf/all/proxy_ndp, 2)
01-01 00:00:45.685   303  1335 D TetherController: config_write_setting(/proc/sys/net/ipv6/conf/all/forwarding, 2)
01-01 00:00:45.686  5258  5258 I sh      : 200 0 ipfwd operation succeeded
01-01 00:00:45.690   303  1335 D CommandListener: TetherCmd::runCommand. argc: 4. argv[0]: tether
01-01 00:00:45.690   303  1335 D TetherController: Starting tethering services
01-01 00:00:45.692   303  1335 D TetherController: Sending update msg to dnsmasq [update_ifaces:wlan0]
01-01 00:00:45.692   303  1335 D TetherController: Tethering services running
01-01 00:00:45.692  5258  5258 I sh      : 200 0 Tether operation succeeded
01-01 00:00:45.689  5653  5653 I dnsmasq : type=1400 audit(0.0:44): avc: denied { getattr } for path="pipe:[20200]" dev="pipefs" ino=20200 scontext=u:r:dnsmasq:s0 tcontext=u:r:netd:s0 tclass=fifo_file permissive=1
01-01 00:00:45.711  5653  5653 I dnsmasq : started, version 2.51 cachesize 150
01-01 00:00:45.711  5653  5653 I dnsmasq : compile time options: no-IPv6 GNU-getopt no-DBus no-I18N DHCP no-scripts no-TFTP
01-01 00:00:45.711  5653  5653 W dnsmasq : warning: no upstream servers configured
01-01 00:00:45.711  5653  5653 I dnsmasq : DHCP, IP range 192.168.43.10 -- 192.168.43.99, lease time 1h
01-01 00:00:45.711  5653  5653 I dnsmasq : read /etc/hosts - 1 addresses
01-01 00:00:45.737  5628  5628 D ExtensionsFactory: No custom extensions.
01-01 00:00:45.739  5628  5628 D AlertReceiver: onReceive: a=android.intent.action.BOOT_COMPLETED Intent { act=android.intent.action.BOOT_COMPLETED flg=0x8000010 cmp=com.android.calendar/.alerts.AlertReceiver (has extras) }
01-01 00:00:45.765  1339  1357 I ActivityManager: Start proc com.android.email for broadcast com.android.email/.service.EmailBroadcastReceiver: pid=5660 uid=10029 gids={50029, 9997, 3003, 1028, 1015} abi=armeabi-v7a
01-01 00:00:45.767  5628  5658 D AlertService: 0 Action = android.intent.action.BOOT_COMPLETED
01-01 00:00:45.770  5628  5658 D AlertService: Scheduling next alarm with AlarmScheduler. sEventReminderReceived: null
01-01 00:00:45.782  5628  5658 D AlarmScheduler: No events found starting within 1 week.
01-01 00:00:45.974  5397  5397 I CalendarProvider2: Sending notification intent: Intent { act=android.intent.action.PROVIDER_CHANGED dat=content://com.android.calendar }
01-01 00:00:45.974  5397  5397 W ContentResolver: Failed to get type for: content://com.android.calendar (Unknown URL content://com.android.calendar)
01-01 00:00:45.978  5660  5679 D ActivityThread: Loading provider com.android.email.provider;com.android.email.notifier: com.android.email.provider.EmailProvider
01-01 00:00:45.982  5660  5681 D ActivityThread: Loading provider com.android.email.provider;com.android.email.notifier: com.android.email.provider.EmailProvider
01-01 00:00:45.990  5660  5684 D ActivityThread: Loading provider com.android.email.provider;com.android.email.notifier: com.android.email.provider.EmailProvider
01-01 00:00:45.995  5660  5680 D ActivityThread: Loading provider com.android.email.provider;com.android.email.notifier: com.android.email.provider.EmailProvider
01-01 00:00:46.020  5660  5660 D EmailBroadcastReceiver: Received android.intent.action.BOOT_COMPLETED
01-01 00:00:46.024  1919  1919 I SystemBroadcastReceiver: Boot has been completed
01-01 00:00:46.025  1919  1919 I LauncherIconVisibilityManager: Activity has already been disabled: ComponentInfo{com.android.inputmethod.latin/com.android.inputmethod.latin.setup.SetupActivity}
01-01 00:00:46.046  1339  4631 W ActivityManager: Unable to start service Intent { cmp=com.android.email/.service.AttachmentService } U=0: not found
01-01 00:00:46.048  1339  4602 W ActivityManager: Unable to start service Intent { cmp=com.android.email/.service.AttachmentService } U=0: not found
01-01 00:00:46.049  1339  4610 W ActivityManager: Unable to start service Intent { cmp=com.android.email/.service.AttachmentService } U=0: not found
01-01 00:00:46.057  5660  5689 I Email   : Observing account changes for notifications
01-01 00:00:46.081  1339  2014 I ActivityManager: Start proc com.android.exchange for service com.android.exchange/.service.EasService: pid=5690 uid=10030 gids={50030, 9997, 3003, 1028, 1015} abi=armeabi-v7a
01-01 00:00:46.082  1339  1358 W ActivityManager: Unable to start service Intent { cmp=com.android.email/.service.AttachmentService } U=0: not found
01-01 00:00:46.084  4500  4500 I BootMessageReceiver: Boot completed, starting Snapcam Service.
01-01 00:00:46.087  1339  4602 W ActivityManager: Unable to start service Intent { cmp=com.android.email/.service.AttachmentService } U=0: not found
01-01 00:00:46.087  5660  5682 W art     : Long monitor contention event with owner method=boolean android.os.BinderProxy.transactNative(int, android.os.Parcel, android.os.Parcel, int) from Binder.java:4294967294 waiters=0 for 105ms
01-01 00:00:46.101  4500  4500 W ContextImpl: Calling a method in the system process without a qualified user: android.app.ContextImpl.startService:1686 android.content.ContextWrapper.startService:515 android.content.ContextWrapper.startService:515 com.sentera.snapcam.BootMessageReceiver.onReceive:38 android.app.ActivityThread.handleReceiver:2579 
01-01 00:00:46.106  4554  4554 D PhoneApp: getPhone phoneId:0
01-01 00:00:46.134  1339  4610 I ActivityManager: Start proc com.qualcomm.telephony for broadcast org.codeaurora.ims/.ImsServiceAutoboot: pid=5709 uid=1001 gids={41001, 9997, 3002, 3001, 3003, 1028, 1015} abi=armeabi-v7a
01-01 00:00:46.144  5660  5660 E ActivityThread: Service com.android.email.service.EmailBroadcastProcessorService has leaked ServiceConnection com.android.emailcommon.service.ServiceProxy$ProxyConnection@5bddf8 that was originally bound here
01-01 00:00:46.144  5660  5660 E ActivityThread: android.app.ServiceConnectionLeaked: Service com.android.email.service.EmailBroadcastProcessorService has leaked ServiceConnection com.android.emailcommon.service.ServiceProxy$ProxyConnection@5bddf8 that was originally bound here
01-01 00:00:46.144  5660  5660 E ActivityThread: 	at android.app.LoadedApk$ServiceDispatcher.<init>(LoadedApk.java:1072)
01-01 00:00:46.144  5660  5660 E ActivityThread: 	at android.app.LoadedApk.getServiceDispatcher(LoadedApk.java:966)
01-01 00:00:46.144  5660  5660 E ActivityThread: 	at android.app.ContextImpl.bindServiceCommon(ContextImpl.java:1768)
01-01 00:00:46.144  5660  5660 E ActivityThread: 	at android.app.ContextImpl.bindService(ContextImpl.java:1751)
01-01 00:00:46.144  5660  5660 E ActivityThread: 	at android.content.ContextWrapper.bindService(ContextWrapper.java:538)
01-01 00:00:46.144  5660  5660 E ActivityThread: 	at com.android.emailcommon.service.ServiceProxy.setTask(ServiceProxy.java:176)
01-01 00:00:46.144  5660  5660 E ActivityThread: 	at com.android.emailcommon.service.ServiceProxy.test(ServiceProxy.java:219)
01-01 00:00:46.144  5660  5660 E ActivityThread: 	at com.android.email.service.EmailServiceUtils.isServiceAvailable(EmailServiceUtils.java:160)
01-01 00:00:46.144  5660  5660 E ActivityThread: 	at com.android.email.provider.AccountReconciler.reconcileAccountsInternal(AccountReconciler.java:164)
01-01 00:00:46.144  5660  5660 E ActivityThread: 	at com.android.email.provider.AccountReconciler.reconcileAccounts(AccountReconciler.java:113)
01-01 00:00:46.144  5660  5660 E ActivityThread: 	at com.android.email.service.EmailBroadcastProcessorService.reconcileAndStartServices(EmailBroadcastProcessorService.java:305)
01-01 00:00:46.144  5660  5660 E ActivityThread: 	at com.android.email.service.EmailBroadcastProcessorService.onBootCompleted(EmailBroadcastProcessorService.java:295)
01-01 00:00:46.144  5660  5660 E ActivityThread: 	at com.android.email.service.EmailBroadcastProcessorService.onHandleIntent(EmailBroadcastProcessorService.java:130)
01-01 00:00:46.144  5660  5660 E ActivityThread: 	at android.app.IntentService$ServiceHandler.handleMessage(IntentService.java:65)
01-01 00:00:46.144  5660  5660 E ActivityThread: 	at android.os.Handler.dispatchMessage(Handler.java:102)
01-01 00:00:46.144  5660  5660 E ActivityThread: 	at android.os.Looper.loop(Looper.java:135)
01-01 00:00:46.144  5660  5660 E ActivityThread: 	at android.os.HandlerThread.run(HandlerThread.java:61)
01-01 00:00:46.184  5709  5709 E ImsService AutoBoot: ImsService Auto Boot Started Successfully
01-01 00:00:46.186  5709  5709 I CsvtService AutoBoot: Received boot complete.CsvtEnabled = false
01-01 00:00:46.206  1339  4610 I ActivityManager: Start proc com.android.cellbroadcastreceiver for broadcast com.android.cellbroadcastreceiver/.CellBroadcastReceiver: pid=5728 uid=10002 gids={50002, 9997} abi=armeabi-v7a
01-01 00:00:46.214   324   324 I art     : Explicit concurrent mark sweep GC freed 706(30KB) AllocSpace objects, 0(0B) LOS objects, 89% free, 114KB/1138KB, paused 118us total 6.415ms
01-01 00:00:46.216  4500  4500 D MainListener: Creating MainListener
01-01 00:00:46.217  4500  4500 D MainListener: Creating: 107508752
01-01 00:00:46.217  4500  4500 V MainListener: Start command issued to snapcam service with intent: Intent { act=android.intent.action.BOOT_COMPLETED cmp=com.sentera.snapcam/.main.MainListener }
01-01 00:00:46.217  4500  4500 V MainListener: Setting up Foreground Service...
01-01 00:00:46.221   324   324 I art     : Explicit concurrent mark sweep GC freed 5(160B) AllocSpace objects, 0(0B) LOS objects, 89% free, 114KB/1138KB, paused 99us total 5.887ms
01-01 00:00:46.222  4500  4500 I MainListener: Handling new intent: Intent { act=android.intent.action.BOOT_COMPLETED cmp=com.sentera.snapcam/.main.MainListener }
01-01 00:00:46.222  4500  4500 I MainListener: ----------------------- Application Start [ 55c17999-98c9-4234-a58d-95f3933186a0 ] -----------------------
01-01 00:00:46.222  4500  4500 I MainListener: Running at group-priority: main - 5 Max Priority: 10
01-01 00:00:46.222  4500  4500 I MainListener: Android process priority: -4
01-01 00:00:46.222  4500  4500 I MainListener: Starting Snapcam Application...
01-01 00:00:46.230   324   324 I art     : Explicit concurrent mark sweep GC freed 5(160B) AllocSpace objects, 0(0B) LOS objects, 89% free, 114KB/1138KB, paused 130us total 5.481ms
01-01 00:00:46.234  4500  4500 I ConfigUtils: Checking for updates to stored configs...
01-01 00:00:46.238  4500  4500 I ConfigUtils: Found add folder at: /storage/sdcard1/firmware/add_stored_configs
01-01 00:00:46.280  5690  5690 I Exchange: PSS has no active accounts; stopping service.
01-01 00:00:46.286  5728  5728 D CellBroadcastReceiver: onReceive Intent { act=android.intent.action.SERVICE_STATE flg=0x10 cmp=com.android.cellbroadcastreceiver/.CellBroadcastReceiver (has extras) }
01-01 00:00:46.286  5728  5728 D CellBroadcastReceiver: Intent ACTION_SERVICE_STATE_CHANGED
01-01 00:00:46.289  5728  5728 D CellBroadcastReceiver: Service state changed! 1 Full: 1 1 home null null null  Unknown Unknown CSS not supported -1 -1 RoamInd=-1 DefRoamInd=-1 EmergOnly=false Current state=-1
01-01 00:00:46.293  4500  4500 I ConfigUtils: Checking for new factory default config in: /storage/sdcard1/firmware/config-factory-defaults.yml
01-01 00:00:46.294  4500  4500 I ConfigUtils: Attempting to load config file from SDCard...
01-01 00:00:46.295  5728  5728 D CellBroadcastReceiver: onReceive Intent { act=android.intent.action.ACTION_SUBINFO_RECORD_UPDATED flg=0x10 cmp=com.android.cellbroadcastreceiver/.CellBroadcastReceiver (has extras) }
01-01 00:00:46.296  4554  5755 D SIP     : [SipSharedPreferences] isReceivingCallsEnabled, option not set; use default value, exception: android.provider.Settings$SettingNotFoundException: sip_receive_calls
01-01 00:00:46.304  5628  5628 D AlertReceiver: onReceive: a=android.intent.action.PROVIDER_CHANGED Intent { act=android.intent.action.PROVIDER_CHANGED dat=content://com.android.calendar flg=0x10 cmp=com.android.calendar/.alerts.AlertReceiver }
01-01 00:00:46.305  5482  5482 V Mms     : onStart: #1 resultCode: -1 = Activity.RESULT_OK
01-01 00:00:46.306  4500  4500 I UserConfig: Attempting to load /storage/sdcard1/config.yml [ Version: 1.3 ]
01-01 00:00:46.309  5628  5767 D AlertService: 0 Action = android.intent.action.PROVIDER_CHANGED
01-01 00:00:46.405  4500  4500 I UserConfig: Loaded /storage/sdcard1/config.yml [ Version: 1.3 ]
01-01 00:00:46.405  4500  4500 I ConfigUtils: Config file loaded successfully from: /storage/sdcard1/config.yml
01-01 00:00:46.406  4500  4500 I ConfigUtils: Checking for new hardware config in: /storage/sdcard1/firmware/hardware-config.yml
01-01 00:00:46.406  4500  4500 I ConfigUtils: Loading hardware config from: /persist/sentera/hardware-config.yml
01-01 00:00:46.389  4500  4500 I sentera.snapcam: type=1400 audit(0.0:45): avc: denied { read } for name="hardware-config.yml" dev="mmcblk0p16" ino=22 scontext=u:r:system_app:s0 tcontext=u:object_r:persist_file:s0 tclass=file permissive=1
01-01 00:00:46.389  4500  4500 I sentera.snapcam: type=1400 audit(0.0:46): avc: denied { open } for path="/persist/sentera/hardware-config.yml" dev="mmcblk0p16" ino=22 scontext=u:r:system_app:s0 tcontext=u:object_r:persist_file:s0 tclass=file permissive=1
01-01 00:00:46.389  4500  4500 I sentera.snapcam: type=1400 audit(0.0:47): avc: denied { getattr } for path="/persist/sentera/hardware-config.yml" dev="mmcblk0p16" ino=22 scontext=u:r:system_app:s0 tcontext=u:object_r:persist_file:s0 tclass=file permissive=1
01-01 00:00:46.427  4500  4500 I ConfigUtils: Setting camera chromatix driver on camera 0 to: 5.4mm-0001_0014
01-01 00:00:46.435  4500  4500 I ConfigUtils: Setting camera chromatix driver on camera 1 to: 5.4mm-0001_0016
01-01 00:00:46.443  4500  4500 I ConfigUtils: Waiting for chromatix drivers to load...
01-01 00:00:46.454  4500  4500 I ConfigUtils: Chromatix drivers loaded!
01-01 00:00:46.464  4500  4500 I ConfigUtils: Changing IP to: 192.168.143.141
01-01 00:00:46.499  5900  5900 I iptables: type=1400 audit(0.0:48): avc: denied { create } for scontext=u:r:init:s0 tcontext=u:r:init:s0 tclass=rawip_socket permissive=1
01-01 00:00:46.499  5900  5900 I iptables: type=1400 audit(0.0:49): avc: denied { getopt } for lport=255 scontext=u:r:init:s0 tcontext=u:r:init:s0 tclass=rawip_socket permissive=1
01-01 00:00:46.499  5900  5900 I iptables: type=1400 audit(0.0:50): avc: denied { setopt } for lport=255 scontext=u:r:init:s0 tcontext=u:r:init:s0 tclass=rawip_socket permissive=1
01-01 00:00:46.568  4500  4500 I ConfigUtils: Successfully changed to: 192.168.143.141
01-01 00:00:46.609  4500  4500 I ConfigUtils: Wifi access point enabled!
01-01 00:00:46.609  4500  4500 I MainListener: Starting Sentera Protocol Listener...
01-01 00:00:46.626  4500  4500 I MainListener: Starting LED Notification Manager...
01-01 00:00:46.626  4500  4500 I MainListener: Starting Payload Status Updates...
01-01 00:00:46.627  4500  5910 I ProtocolServer: Starting class com.sentera.snapcam.senteraprotocol.ProcerusInterpreter server. RX: UDP [ 239.192.143.140:60530 ] TX: UDP [ 192.168.143.130:60531 ]
01-01 00:00:46.630  5909  5909 E wifi_ap.sh: WIFI_AP: Toggling! 
01-01 00:00:46.634  4500  5912 I StatusUpdater-1: Starting status server on 192.168.143.141:60531 - Updates: 192.168.143.130
01-01 00:00:46.635  4500  5911 I StatusUpdater-0: Starting status server on 192.168.143.141:60531 - Updates: 192.168.143.130
01-01 00:00:46.642  4500  4500 I MainListener: Starting IMU Sensor Polling Source...
01-01 00:00:46.644  4500  4500 D IMUPolling: IMUPolling Created.
01-01 00:00:46.646  4500  4500 I MainListener: Performing Data Source Initialization
01-01 00:00:46.646  4500  4500 I MainListener: Starting u-blox Interpreter Thread...
01-01 00:00:46.650  4500  4500 I MainListener: Starting u-blox Server Thread...
01-01 00:00:46.657  1339  1387 V Sensors : HAL:input data has partial packet
01-01 00:00:46.657  1339  1387 V Sensors : HAL:input data mLeftOverBufferSize=8
01-01 00:00:46.657  1339  1387 V Sensors : HAL:input catch up retrieve rdata=:16, 0, 0, 0, 2, 0, 44, 197
01-01 00:00:46.662  4500  4500 E jni-serial: On Load
01-01 00:00:46.649  4500  4500 I sentera.snapcam: type=1400 audit(0.0:51): avc: denied { read } for name="ttyUSB0" dev="tmpfs" ino=9810 scontext=u:r:system_app:s0 tcontext=u:object_r:device:s0 tclass=chr_file permissive=1
01-01 00:00:46.662  4500  4500 I SerialIn: Library loaded successfully: snapcam-serial
01-01 00:00:46.662  4500  4500 I jni-serial: Configuring Input Serial Port for: /dev/ttyUSB0 @ 115200
01-01 00:00:46.662  4500  4500 D jni-default: Opening port /dev/ttyUSB0 as Read Only at 115200 baud.
01-01 00:00:46.649  4500  4500 I sentera.snapcam: type=1400 audit(0.0:52): avc: denied { open } for path="/dev/ttyUSB0" dev="tmpfs" ino=9810 scontext=u:r:system_app:s0 tcontext=u:object_r:device:s0 tclass=chr_file permissive=1
01-01 00:00:46.664  4500  4500 I MainListener: Setup u-blox Event Manager...
01-01 00:00:46.649  4500  4500 I sentera.snapcam: type=1400 audit(0.0:53): avc: denied { ioctl } for path="/dev/ttyUSB0" dev="tmpfs" ino=9810 scontext=u:r:system_app:s0 tcontext=u:object_r:device:s0 tclass=chr_file permissive=1
01-01 00:00:46.665  4500  5923 I ProtocolServer: Starting class com.sentera.snapcam.ubx.UbxInterpreter server. RX: SERIAL [ /dev/ttyUSB0 @ 115200 bps ] TX: NONE
01-01 00:00:46.666  4500  4500 I MainListener: Setup Attitude Repository...
01-01 00:00:46.669  4500  4500 I MainListener: Setup Absolute-Time Repository...
01-01 00:00:46.669  4500  4500 I MainListener: Setup Heading Repository...
01-01 00:00:46.670  4500  4500 I MainListener: Setup Position LLH Repository...
01-01 00:00:46.670  4500  4500 I MainListener: Performing Session Type Initialization
01-01 00:00:46.670  4500  4500 W MainListener: Commanded session used with Ublox.  Only the Sentera Protocol will start a session.
01-01 00:00:46.670  4500  4500 I MainListener: Starting web server...
01-01 00:00:46.679  5924  5924 E wifi_ap.sh: WIFI_AP: Enabling! 
01-01 00:00:46.692  4500  4500 W ActivityThread: ClassLoader.getResources: The class loader returned by Thread.getContextClassLoader() may fail for processes that host multiple applications. You should explicitly specify a context class loader. For example: Thread.setContextClassLoader(getClass().getClassLoader());
01-01 00:00:46.694  5927  5927 E wifi_ap.sh: WIFI_AP: Starting AP with ssid: Sentera_21020-02_0066 password: 00660066 and channel: 9 on ip: 192.168.43.1 (root: 192.168.43) 
01-01 00:00:46.710  1339  1387 E Sensors : HAL:input invalid data_format 0x00
01-01 00:00:46.712  1339  1387 V Sensors : HAL:input data has partial packet
01-01 00:00:46.712  1339  1387 V Sensors : HAL:input data mLeftOverBufferSize=8
01-01 00:00:46.712  1339  1387 V Sensors : HAL:input catch up retrieve rdata=:16, 0, 0, 0, 2, 0, 30, 197
01-01 00:00:46.719  4500  4500 I ConfigUtils: Loaded to Idle: Saving config to internal storage
01-01 00:00:46.748  5907  5907 I sh      : insmod: can't insert '/system/lib/modules/wlan.ko': File exists
01-01 00:00:46.863   303  1335 D QsoftapCmd: Got softap fwreload command we are passing on
01-01 00:00:46.863   303  1335 D SoftapController: Softap fwReload - Ok
01-01 00:00:46.864  5907  5907 I sh      : 214 0 Ok
01-01 00:00:46.870   303  1335 D QsoftapCmd: Got softap set command we are overriding
01-01 00:00:46.870   303  1335 D         : qsapsetSoftap, softap, set, 8
01-01 00:00:46.870   303  1335 D         : ARG: 1 - softap
01-01 00:00:46.870   303  1335 D         : ARG: 2 - set
01-01 00:00:46.870   303  1335 D         : ARG: 3 - wlan0
01-01 00:00:46.870   303  1335 D         : ARG: 4 - Sentera_21020-02_0066
01-01 00:00:46.870   303  1335 D         : ARG: 5 - broadcast
01-01 00:00:46.870   303  1335 D         : ARG: 6 - 9
01-01 00:00:46.870   303  1335 D         : ARG: 7 - wpa2-psk
01-01 00:00:46.870   303  1335 D         : ARG: 8 - 00660066
01-01 00:00:46.870   303  1335 D         : CMD INPUT  [set ssid=Sentera_21020-02_0066][255]
01-01 00:00:46.870   303  1335 E         : Cmd: ssid Argument :Sentera_21020-02_0066 
01-01 00:00:46.870   303  1335 D         : cmd=ssid, Val:Sentera_21020-02_0066, INI:0 
01-01 00:00:46.870   303  1335 D         : Updated:ssid=Sentera_21020-02_0066
01-01 00:00:46.870   303  1335 D         : 
01-01 00:00:46.871   303  1335 D         : CMD OUTPUT [success]
01-01 00:00:46.871   303  1335 D         : len :7
01-01 00:00:46.871   303  1335 D         : 
01-01 00:00:46.871   303  1335 D         : CMD INPUT  [set ignore_broadcast_ssid=0][255]
01-01 00:00:46.871   303  1335 E         : Cmd: ignore_broadcast_ssid Argument :0 
01-01 00:00:46.871   303  1335 D         : cmd=ignore_broadcast_ssid, Val:0, INI:0 
01-01 00:00:46.872   303  1335 D         : Updated:ignore_broadcast_ssid=0
01-01 00:00:46.872   303  1335 D         : 
01-01 00:00:46.873   303  1335 D         : CMD OUTPUT [success]
01-01 00:00:46.873   303  1335 D         : len :7
01-01 00:00:46.873   303  1335 D         : 
01-01 00:00:46.873   303  1335 D         : CMD INPUT  [set channel=9][255]
01-01 00:00:46.873   303  1335 E         : Cmd: channel Argument :9 
01-01 00:00:46.873   303  1335 D         : cmd=channel, Val:9, INI:0 
01-01 00:00:46.873   303  1335 D         : Updated:channel=9
01-01 00:00:46.873   303  1335 D         : 
01-01 00:00:46.874   303  1335 D         : CMD OUTPUT [success]
01-01 00:00:46.874   303  1335 D         : len :7
01-01 00:00:46.874   303  1335 D         : 
01-01 00:00:46.874   303  1335 D         : CMD INPUT  [set security_mode=3][255]
01-01 00:00:46.874   303  1335 E         : Cmd: security_mode Argument :3 
01-01 00:00:46.874   303  1335 D         : cmd=wpa, Val:2, INI:0 
01-01 00:00:46.875   303  1335 D         : Updated:wpa=2
01-01 00:00:46.875   303  1335 D         : 
01-01 00:00:46.885  1339  1387 E Sensors : HAL:input invalid data_format 0x00
01-01 00:00:46.887   303  1335 D         : CMD OUTPUT [success]
01-01 00:00:46.887   303  1335 D         : len :7
01-01 00:00:46.887   303  1335 D         : 
01-01 00:00:46.887   303  1335 D         : CMD INPUT  [set wpa_passphrase=00660066][255]
01-01 00:00:46.887   303  1335 E         : Cmd: wpa_passphrase Argument :00660066 
01-01 00:00:46.887   303  1335 D         : cmd=wpa_passphrase, Val:00660066, INI:0 
01-01 00:00:46.888   303  1335 D         : Updated:wpa_passphrase=00660066
01-01 00:00:46.888   303  1335 D         : 
01-01 00:00:46.888   303  1335 D         : CMD OUTPUT [success]
01-01 00:00:46.888   303  1335 D         : len :7
01-01 00:00:46.888   303  1335 D         : 
01-01 00:00:46.888   303  1335 D         : CMD INPUT  [set commit][255]
01-01 00:00:46.889   303  1335 D         : CMD OUTPUT [success]
01-01 00:00:46.889   303  1335 D         : len :7
01-01 00:00:46.889   303  1335 D         : 
01-01 00:00:46.889  5907  5907 I sh      : 200 0 Softap operation succeeded
01-01 00:00:46.895   303  1335 D QsoftapCmd: Got softap startap command we are passing on
01-01 00:00:46.895   303  1335 E SoftapController: SoftAP is already running
01-01 00:00:46.896  5907  5907 I sh      : 214 0 Ok
01-01 00:00:46.904   303  1335 D CommandListener: Setting iface cfg
01-01 00:00:46.904   303  1335 D CommandListener: Trying to bring up wlan0
01-01 00:00:46.904  5907  5907 I sh      : 200 0 Interface configuration set
01-01 00:00:46.905  4500  5915 E StatusUpdater-0: Unable to send status packet over socket!
01-01 00:00:46.905  4500  5915 W System.err: java.net.SocketException: sendto failed: EPERM (Operation not permitted)
01-01 00:00:46.906  4500  5915 W System.err: 	at libcore.io.IoBridge.maybeThrowAfterSendto(IoBridge.java:546)
01-01 00:00:46.906  4500  5915 W System.err: 	at libcore.io.IoBridge.sendto(IoBridge.java:515)
01-01 00:00:46.906  4500  5915 W System.err: 	at java.net.PlainDatagramSocketImpl.send(PlainDatagramSocketImpl.java:184)
01-01 00:00:46.906  4500  5915 W System.err: 	at java.net.DatagramSocket.send(DatagramSocket.java:305)
01-01 00:00:46.906  4500  5915 W System.err: 	at com.sentera.snapcam.senteraprotocol.StatusUpdater.SendByteData(StatusUpdater.java:367)
01-01 00:00:46.906  4500  5915 W System.err: 	at com.sentera.snapcam.senteraprotocol.StatusUpdater.sendUpdatedStatusPacket(StatusUpdater.java:253)
01-01 00:00:46.906  4500  5915 W System.err: 	at com.sentera.snapcam.senteraprotocol.StatusUpdater$1.run(StatusUpdater.java:126)
01-01 00:00:46.906  4500  5915 W System.err: 	at java.util.Timer$TimerImpl.run(Timer.java:284)
01-01 00:00:46.906  4500  5915 W System.err: Caused by: android.system.ErrnoException: sendto failed: EPERM (Operation not permitted)
01-01 00:00:46.906  4500  5915 W System.err: 	at libcore.io.Posix.sendtoBytes(Native Method)
01-01 00:00:46.906  4500  5915 W System.err: 	at libcore.io.Posix.sendto(Posix.java:176)
01-01 00:00:46.906  4500  5915 W System.err: 	at libcore.io.BlockGuardOs.sendto(BlockGuardOs.java:278)
01-01 00:00:46.906  4500  5915 W System.err: 	at libcore.io.IoBridge.sendto(IoBridge.java:513)
01-01 00:00:46.906  4500  5915 W System.err: 	... 6 more
01-01 00:00:46.910   303  1335 D CommandListener: TetherCmd::runCommand. argc: 4. argv[0]: tether
01-01 00:00:46.911   303  1335 D TetherController: tetherInterface(wlan0)
01-01 00:00:46.911   303  1335 D TetherController: Router advertisement daemon already stopped
01-01 00:00:46.912   303  1335 D TetherController: Router advertisement daemon running
01-01 00:00:46.912   303  1335 D TetherController: Sending update msg to dnsmasq [update_ifaces:wlan0:wlan0]
01-01 00:00:46.912  5907  5907 I sh      : 200 0 Tether operation succeeded
01-01 00:00:46.919  5907  5907 I sh      : 200 0 success
01-01 00:00:46.921  5939  5939 D radish  : radish_bridge_debug_cmds: ebtables -t broute -L
01-01 00:00:46.925   303  1335 E Netd    : netlink response contains error (File exists)
01-01 00:00:46.925  5907  5907 I sh      : 400 0 addRoute() failed (File exists)
01-01 00:00:46.931   303  1335 D TetherController: Setting IP forward enable = 1
01-01 00:00:46.931   303  1335 D TetherController: config_write_setting(/proc/sys/net/ipv6/conf/all/proxy_ndp, 2)
01-01 00:00:46.933   303  1335 D TetherController: config_write_setting(/proc/sys/net/ipv6/conf/all/forwarding, 2)
01-01 00:00:46.934  5907  5907 I sh      : 200 0 ipfwd operation succeeded
01-01 00:00:46.948   303  1335 D CommandListener: TetherCmd::runCommand. argc: 4. argv[0]: tether
01-01 00:00:46.948   303  1335 E TetherController: Tethering already started
01-01 00:00:46.949  5907  5907 I sh      : 400 0 Tether operation failed (Device or resource busy)
01-01 00:00:46.949  5939  5939 D radish  : Bridge table: broute
01-01 00:00:46.949  5939  5939 D radish  : 
01-01 00:00:46.950  5939  5939 D radish  : Bridge chain: BROUTING, entries: 0, policy: ACCEPT
01-01 00:00:46.951  5939  5939 D radish  : radish_bridge_debug_cmds: brctl show
01-01 00:00:46.954  5939  5939 D radish  : bridge name	bridge id		STP enabled	interfaces
01-01 00:00:46.954  5939  5939 D radish  : radish_bridge_debug_cmds: netstat -ap
01-01 00:00:46.939  5949  5949 I netstat : type=1400 audit(0.0:54): avc: denied { getattr } for path="/proc/sysrq-trigger" dev="proc" ino=4026543158 scontext=u:r:netd:s0 tcontext=u:object_r:proc_sysrq:s0 tclass=file permissive=1
01-01 00:00:46.949  5949  5949 I netstat : type=1400 audit(0.0:55): avc: denied { getattr } for path="/proc/1" dev="proc" ino=11279 scontext=u:r:netd:s0 tcontext=u:r:init:s0 tclass=dir permissive=1
01-01 00:00:46.949  5949  5949 I netstat : type=1400 audit(0.0:56): avc: denied { search } for name="1" dev="proc" ino=11279 scontext=u:r:netd:s0 tcontext=u:r:init:s0 tclass=dir permissive=1
01-01 00:00:46.949  5949  5949 I netstat : type=1400 audit(0.0:57): avc: denied { read } for name="cmdline" dev="proc" ino=12941 scontext=u:r:netd:s0 tcontext=u:r:init:s0 tclass=file permissive=1
01-01 00:00:46.949  5949  5949 I netstat : type=1400 audit(0.0:58): avc: denied { open } for path="/proc/1/cmdline" dev="proc" ino=12941 scontext=u:r:netd:s0 tcontext=u:r:init:s0 tclass=file permissive=1
01-01 00:00:46.949  5949  5949 I netstat : type=1400 audit(0.0:59): avc: denied { getattr } for path="/proc/2" dev="proc" ino=12722 scontext=u:r:netd:s0 tcontext=u:r:kernel:s0 tclass=dir permissive=1
01-01 00:00:46.949  5949  5949 I netstat : type=1400 audit(0.0:60): avc: denied { search } for name="2" dev="proc" ino=12722 scontext=u:r:netd:s0 tcontext=u:r:kernel:s0 tclass=dir permissive=1
01-01 00:00:46.949  5949  5949 I netstat : type=1400 audit(0.0:61): avc: denied { read } for name="cmdline" dev="proc" ino=13023 scontext=u:r:netd:s0 tcontext=u:r:kernel:s0 tclass=file permissive=1
01-01 00:00:46.949  5949  5949 I netstat : type=1400 audit(0.0:62): avc: denied { open } for path="/proc/2/cmdline" dev="proc" ino=13023 scontext=u:r:netd:s0 tcontext=u:r:kernel:s0 tclass=file permissive=1
01-01 00:00:46.959  5949  5949 I netstat : type=1400 audit(0.0:63): avc: denied { getattr } for path="/proc/215" dev="proc" ino=8904 scontext=u:r:netd:s0 tcontext=u:r:ueventd:s0 tclass=dir permissive=1
01-01 00:00:46.959  5949  5949 I netstat : type=1400 audit(0.0:64): avc: denied { search } for name="215" dev="proc" ino=8904 scontext=u:r:netd:s0 tcontext=u:r:ueventd:s0 tclass=dir permissive=1
01-01 00:00:46.959  5949  5949 I netstat : type=1400 audit(0.0:65): avc: denied { read } for name="cmdline" dev="proc" ino=11795 scontext=u:r:netd:s0 tcontext=u:r:ueventd:s0 tclass=file permissive=1
01-01 00:00:46.959  5949  5949 I netstat : type=1400 audit(0.0:66): avc: denied { open } for path="/proc/215/cmdline" dev="proc" ino=11795 scontext=u:r:netd:s0 tcontext=u:r:ueventd:s0 tclass=file permissive=1
01-01 00:00:46.959  5949  5949 I netstat : type=1400 audit(0.0:67): avc: denied { getattr } for path="/proc/244" dev="proc" ino=11408 scontext=u:r:netd:s0 tcontext=u:r:logd:s0 tclass=dir permissive=1
01-01 00:00:46.959  5949  5949 I netstat : type=1400 audit(0.0:68): avc: denied { search } for name="244" dev="proc" ino=11408 scontext=u:r:netd:s0 tcontext=u:r:logd:s0 tclass=dir permissive=1
01-01 00:00:46.959  5949  5949 I netstat : type=1400 audit(0.0:69): avc: denied { read } for name="cmdline" dev="proc" ino=11441 scontext=u:r:netd:s0 tcontext=u:r:logd:s0 tclass=file permissive=1
01-01 00:00:46.959  5949  5949 I netstat : type=1400 audit(0.0:70): avc: denied { open } for path="/proc/244/cmdline" dev="proc" ino=11441 scontext=u:r:netd:s0 tcontext=u:r:logd:s0 tclass=file permissive=1
01-01 00:00:46.959  5949  5949 I netstat : type=1400 audit(0.0:71): avc: denied { getattr } for path="/proc/245" dev="proc" ino=9878 scontext=u:r:netd:s0 tcontext=u:r:healthd:s0 tclass=dir permissive=1
01-01 00:00:46.959  5949  5949 I netstat : type=1400 audit(0.0:72): avc: denied { search } for name="245" dev="proc" ino=9878 scontext=u:r:netd:s0 tcontext=u:r:healthd:s0 tclass=dir permissive=1
01-01 00:00:46.959  5949  5949 I netstat : type=1400 audit(0.0:73): avc: denied { read } for name="cmdline" dev="proc" ino=13090 scontext=u:r:netd:s0 tcontext=u:r:healthd:s0 tclass=file permissive=1
01-01 00:00:46.959  5949  5949 I netstat : type=1400 audit(0.0:74): avc: denied { open } for path="/proc/245/cmdline" dev="proc" ino=13090 scontext=u:r:netd:s0 tcontext=u:r:healthd:s0 tclass=file permissive=1
01-01 00:00:46.959  5949  5949 I netstat : type=1400 audit(0.0:75): avc: denied { getattr } for path="/proc/246" dev="proc" ino=11422 scontext=u:r:netd:s0 tcontext=u:r:lmkd:s0 tclass=dir permissive=1
01-01 00:00:46.959  5949  5949 I netstat : type=1400 audit(0.0:76): avc: denied { search } for name="246" dev="proc" ino=11422 scontext=u:r:netd:s0 tcontext=u:r:lmkd:s0 tclass=dir permissive=1
01-01 00:00:46.959  5949  5949 I netstat : type=1400 audit(0.0:77): avc: denied { read } for name="cmdline" dev="proc" ino=11439 scontext=u:r:netd:s0 tcontext=u:r:lmkd:s0 tclass=file permissive=1
01-01 00:00:46.959  5949  5949 I netstat : type=1400 audit(0.0:78): avc: denied { open } for path="/proc/246/cmdline" dev="proc" ino=11439 scontext=u:r:netd:s0 tcontext=u:r:lmkd:s0 tclass=file permissive=1
01-01 00:00:46.959  5949  5949 I netstat : type=1400 audit(0.0:79): avc: denied { getattr } for path="/proc/247" dev="proc" ino=9885 scontext=u:r:netd:s0 tcontext=u:r:servicemanager:s0 tclass=dir permissive=1
01-01 00:00:46.959  5949  5949 I netstat : type=1400 audit(0.0:80): avc: denied { search } for name="247" dev="proc" ino=9885 scontext=u:r:netd:s0 tcontext=u:r:servicemanager:s0 tclass=dir permissive=1
01-01 00:00:46.959  5949  5949 I netstat : type=1400 audit(0.0:81): avc: denied { read } for name="cmdline" dev="proc" ino=10230 scontext=u:r:netd:s0 tcontext=u:r:servicemanager:s0 tclass=file permissive=1
01-01 00:00:46.998  4500  4500 I ConfigUtils: Saved current config to: /storage/sdcard1/config.yml
01-01 00:00:47.004  5939  5939 D radish  : Active Internet connections (servers and established)
01-01 00:00:47.004  5939  5939 D radish  : Proto Recv-Q Send-Q Local Address           Foreign Address         State       PID/Program name    
01-01 00:00:47.004  5939  5939 D radish  : tcp        0      0 (null):5555             (null):*                LISTEN      -
01-01 00:00:47.004  5939  5939 D radish  : tcp        0      0 (null):53               (null):*                LISTEN      -
01-01 00:00:47.004  5939  5939 D radish  : tcp        0      0 (null):53               (null):*                LISTEN      -
01-01 00:00:47.004  5939  5939 D radish  : tcp        0      0 (null):22               (null):*                LISTEN      -
01-01 00:00:47.004  5939  5939 D radish  : tcp        0      0 :::8080                 :::*                    LISTEN      -
01-01 00:00:47.004  5939  5939 D radish  : tcp        0      0 :::5201                 :::*                    LISTEN      -
01-01 00:00:47.004  5939  5939 D radish  : tcp        0      0 :::22                   :::*                    LISTEN      -
01-01 00:00:47.004  5939  5939 D radish  : udp        0      0 (null):53               (null):*                            -
01-01 00:00:47.004  5939  5939 D radish  : udp        0      0 (null):53               (null):*                            -
01-01 00:00:47.004  5939  5939 D radish  : udp        0      0 (null):67               (null):*                            -
01-01 00:00:47.004  5939  5939 D radish  : udp        0      0 (null):137              (null):*                            -
01-01 00:00:47.004  5939  5939 D radish  : udp        0      0 (null):138              (null):*                            -
01-01 00:00:47.004  5939  5939 D radish  : udp        0      0 :::35152                :::*                                -
01-01 00:00:47.004  5939  5939 D radish  : udp        0      0 :::60530                :::*                                -
01-01 00:00:47.004  5939  5939 D radish  : udp        0      0 (null):60531            (null):60531            ESTABLISHED -
01-01 00:00:47.004  5939  5939 D radish  : udp        0    704 (null):60531            (null):60531            ESTABLISHED -
01-01 00:00:47.004  5939  5939 D radish  : Active UNIX domain sockets (servers and established)
01-01 00:00:47.004  5939  5939 D radish  : Proto RefCnt Flags       Type       State         I-Node PID/Program name    Path
01-01 00:00:47.004  5939  5939 D radish  : unix  2      [ ACC ]     STREAM     LISTENING      11520 -                   /dev/socket/pps
01-01 00:00:47.004  5939  5939 D radish  : unix  2      [ ACC ]     STREAM     LISTENING      13868 -                   /data/system/ndebugsocket
01-01 00:00:47.004  5939  5939 D radish  : unix  2      [ ]         DGRAM                     10050 -                   @suilst
01-01 00:00:47.004  5939  5939 D radish  : unix  2      [ ACC ]     STREAM     LISTENING      11528 -                   /dev/socket/adbd
01-01 00:00:47.004  5939  5939 D radish  : unix  2      [ ACC ]     STREAM     LISTENING      12583 -                   /dev/socket/cnd
01-01 00:00:47.004  5939  5939 D radish  : unix  2      [ ACC ]     STREAM     LISTENING      10310 -                   /dev/socket/thermal-recv-passive-client
01-01 00:00:47.004  5939  5939 D radish  : unix  2      [ ACC ]     STREAM     LISTENING      10313 -                   /dev/socket/thermal-recv-client
01-01 00:00:47.004  5939  5939 D radish  : unix  2      [ ACC ]     STREAM     LISTENING      10315 -                   /dev/socket/thermal-send-client
01-01 00:00:47.004  5939  5939 D radish  : unix  2      [ ACC ]     STREAM     LISTENING      11103 -                   @time_genoff
01-01 00:00:47.004  5939  5939 D radish  : unix  2      [ ACC ]     STREAM     LISTENING      11398 -                   /dev/socket/property_service
01-01 00:00:47.004  5939  5939 D radish  : unix  36     [ ]         DGRAM                     11413 -                   /dev/socket/logdw
01-01 00:00:47.004  5939  5939 D radish  : unix  2      [ ACC ]     STREAM     LISTENING      10390 -                   /dev/socket/ims_datad
01-01 00:00:47.004  5939  5939 D radish  : unix  2      [ ACC ]     SEQPACKET  LISTENING      11416 -                   /dev/socket/logdr
01-01 00:00:47.004  5939  5939 D radish  : unix  2      [ ACC ]     STREAM     LISTENING      11418 -                   /dev/socket/logd
01-01 00:00:47.004  5939  5939 D radish  : unix  2      [ ACC ]     SEQPACKET  LISTENING      11427 -                   /dev/socket/lmkd
01-01 00:00:47.004  5939  5939 D radish  : unix  2      [ ACC ]     STREAM     LISTENING      19733 -                   /data/misc/location/mq/alarm_svc
01-01 00:00:47.004  5939  5939 D radish  : unix  2      [ ACC ]     STREAM     LISTENING      10340 -                   @android:debuggerd
01-01 00:00:47.004  5939  5939 D radish  : unix  2      [ ACC ]     STREAM     LISTENING      10401 -                   @THERMALE_UI
01-01 00:00:47.004  5939  5939 D radish  : unix  2      [ ACC ]     STREAM     LISTENING      11435 -                   /dev/socket/vold
01-01 00:00:47.004  5939  5939 D radish  : unix  2      [ ]         DGRAM                     20574 -                   /data/misc/wifi/hostapd/wlan0
01-01 00:00:47.004  5939  5939 D radish  : unix  2      [ ACC ]     STREAM     LISTENING      11541 -                   /data/misc/location/mq/location-mq-s
01-01 00:00:47.004  5939  5939 D radish  : unix  2      [ ACC ]     STREAM     LISTENING       9924 5939/radish         /dev/socket/fwmarkd
01-01 00:00:47.004  5939  5939 D radish  : unix  2      [ ACC ]     STREAM     LISTENING       9927 5939/radish         /dev/socket/mdns
01-01 00:00:47.004  5939  5939 D radish  : unix  2      [ ACC ]     STREAM     LISTENING       9929 5939/radish         /dev/socket/dnsproxyd
01-01 00:00:47.004  5939  5939 D radish  : unix  2      [ ACC ]     STREAM     LISTENING       9931 5939/radish         /dev/socket/netd
01-01 00:00:47.005  5939  5939 D radish  : unix  2      [ ACC ]     STREAM     LISTENING      11485 -                   /dev/socket/installd
01-01 00:00:47.005  5939  5939 D radish  : unix  2      [ ACC ]     STREAM     LISTENING      11535 -                   @jdwp-control
01-01 00:00:47.005  5939  5939 D radish  : unix  2      [ ACC ]     STREAM     LISTENING      11494 -                   /dev/socket/ims_qmid
01-01 00:00:47.005  5939  5939 D radish  : unix  2      [ ACC ]     STREAM     LISTENING       9976 -                   /dev/socket/zygote
01-01 00:00:47.005  5939  5939 D radish  : unix  3      [ ]     