01-01 00:00:17.439   342   342 I iperf3  : type=1400 audit(0.0:8): avc: denied { node_bind } for src=5201 scontext=u:r:init:s0 tcontext=u:object_r:node:s0 tclass=tcp_socket permissive=1
01-01 00:00:17.439   342   342 I iperf3  : type=1400 audit(0.0:9): avc: denied { listen } for lport=5201 scontext=u:r:init:s0 tcontext=u:r:init:s0 tclass=tcp_socket permissive=1
01-01 00:00:17.439   319   319 I irsc_util: file_parser Number of element :3
01-01 00:00:17.439   319   319 I irsc_util: file_parser Number of element :3
01-01 00:00:17.439   319   319 I irsc_util: file_parser Number of element :3
01-01 00:00:17.439   319   319 I irsc_util: file_parser Number of element :3
01-01 00:00:17.439   319   319 I irsc_util: file_parser Number of element :3
01-01 00:00:17.439   319   319 I irsc_util: file_parser Number of element :3
01-01 00:00:17.439   319   319 I irsc_util: file_parser Number of element :3
01-01 00:00:17.439   319   319 I irsc_util: file_parser Number of element :3
01-01 00:00:17.439   319   319 I irsc_util: file_parser Number of element :3
01-01 00:00:17.440   319   319 I irsc_util: file_parser Number of element :3
01-01 00:00:17.440   319   319 I irsc_util: file_parser Number of element :3
01-01 00:00:17.440   319   319 I irsc_util: file_parser Number of element :3
01-01 00:00:17.440   319   319 I irsc_util: file_parser Number of element :3
01-01 00:00:17.440   319   319 I irsc_util: file_parser Number of element :3
01-01 00:00:17.440   319   319 I irsc_util: file_parser Number of element :3
01-01 00:00:17.440   319   319 I irsc_util: file_parser Number of element :3
01-01 00:00:17.440   319   319 I irsc_util: file_parser Number of element :3
01-01 00:00:17.440   319   319 I irsc_util: file_parser Number of element :3
01-01 00:00:17.441   319   319 I irsc_util: file_parser Number of element :3
01-01 00:00:17.441   319   319 I irsc_util: file_parser Number of element :3
01-01 00:00:17.441   319   319 I irsc_util: file_parser Number of element :3
01-01 00:00:17.441   319   319 I irsc_util: file_parser Number of element :3
01-01 00:00:17.441   319   319 I irsc_util: file_parser Number of element :3
01-01 00:00:17.441   319   319 I irsc_util: file_parser Number of element :3
01-01 00:00:17.441   319   319 I irsc_util: file_parser Number of element :3
01-01 00:00:17.441   319   319 I irsc_util: file_parser Number of element :3
01-01 00:00:17.442   319   319 I irsc_util: file_parser Number of element :3
01-01 00:00:17.442   319   319 I irsc_util: file_parser Number of element :3
01-01 00:00:17.442   319   319 I irsc_util: file_parser Number of element :3
01-01 00:00:17.442   319   319 I irsc_util: file_parser Number of element :3
01-01 00:00:17.442   319   319 I irsc_util: file_parser Number of element :3
01-01 00:00:17.455   319   319 I irsc_util: file_parser Number of element :3
01-01 00:00:17.455   319   319 I irsc_util: file_parser Number of element :3
01-01 00:00:17.455   319   319 I irsc_util: file_parser Number of element :3
01-01 00:00:17.455   319   319 I irsc_util: file_parser Number of element :3
01-01 00:00:17.455   319   319 I irsc_util: file_parser Number of element :3
01-01 00:00:17.455   319   319 I irsc_util: file_parser Number of element :3
01-01 00:00:17.455   319   319 I irsc_util: file_parser Number of element :3
01-01 00:00:17.455   319   319 I irsc_util: file_parser Number of element :3
01-01 00:00:17.455   319   319 I irsc_util: file_parser Number of element :3
01-01 00:00:17.455   319   319 I irsc_util: file_parser Number of element :3
01-01 00:00:17.455   319   319 I irsc_util: file_parser Number of element :3
01-01 00:00:17.455   319   319 I irsc_util: file_parser Number of element :3
01-01 00:00:17.455   319   319 I irsc_util: file_parser Number of element :3
01-01 00:00:17.455   319   319 I irsc_util: file_parser Number of element :3
01-01 00:00:17.455   319   319 I irsc_util: file_parser Number of element :3
01-01 00:00:17.455   319   319 I irsc_util: file_parser Number of element :3
01-01 00:00:17.455   319   319 I irsc_util: file_parser Number of element :3
01-01 00:00:17.455   319   319 I irsc_util: file_parser Number of element :3
01-01 00:00:17.455   319   319 I irsc_util: file_parser Number of element :3
01-01 00:00:17.455   319   319 I irsc_util: file_parser Number of element :3
01-01 00:00:17.456   319   319 I irsc_util: file_parser Number of element :3
01-01 00:00:17.456   319   319 I irsc_util: file_parser Number of element :3
01-01 00:00:17.456   319   319 I irsc_util: file_parser Number of element :3
01-01 00:00:17.456   319   319 I irsc_util: file_parser Number of element :3
01-01 00:00:17.456   319   319 I irsc_util: file_parser Number of element :3
01-01 00:00:17.456   319   319 I irsc_util: file_parser Number of element :0
01-01 00:00:17.456   319   319 I irsc_util: file_parser Invalid Format or Comment - '/* Allow RCS service to aquire net_raw permission */
01-01 00:00:17.456   319   319 I irsc_util: '
01-01 00:00:17.456   319   319 I irsc_util: file_parser Number of element :4
01-01 00:00:17.456   319   319 I irsc_util: file_parser Number of element :0
01-01 00:00:17.456   319   319 I irsc_util: file_parser Invalid Format or Comment - '/* Allow QMID service to aquire net_raw permission */
01-01 00:00:17.456   319   319 I irsc_util: '
01-01 00:00:17.456   319   319 I irsc_util: file_parser Number of element :4
01-01 00:00:17.456   319   319 I irsc_util: file_parser Number of element :4
01-01 00:00:17.456   319   319 I irsc_util: file_parser Number of element :4
01-01 00:00:17.456   319   319 I irsc_util: file_parser Number of element :4
01-01 00:00:17.456   319   319 I irsc_util: file_parser Number of element :4
01-01 00:00:17.456   319   319 I irsc_util: file_parser Number of element :4
01-01 00:00:17.456   319   319 I irsc_util: file_parser Number of element :0
01-01 00:00:17.456   319   319 I irsc_util: file_parser Invalid Format or Comment - '/* IPC Security Config */
01-01 00:00:17.457   319   319 I irsc_util: '
01-01 00:00:17.457   319   319 I irsc_util: file_parser Number of element :0
01-01 00:00:17.457   319   319 I irsc_util: file_parser Invalid Format or Comment - '/* <GPS QMI Service ID - 16>:<GPS QMI Instance ID - all instances>:<Client Group ID> */
01-01 00:00:17.457   319   319 I irsc_util: '
01-01 00:00:17.457   319   319 I irsc_util: file_parser Number of element :4
01-01 00:00:17.457   319   319 I irsc_util: file_parser Number of element :0
01-01 00:00:17.457   319   319 I irsc_util: file_parser Invalid Format or Comment - '/* Allow SS CTL service to be used by system and net_raw processes */
01-01 00:00:17.457   319   319 I irsc_util: '
01-01 00:00:17.457   319   319 I irsc_util: file_parser Number of element :4
01-01 00:00:17.457   319   319 I irsc_util: file_parser Number of element :0
01-01 00:00:17.457   319   319 I irsc_util: file_parser Invalid Format or Comment - '/* Allow Sensor services to be used by sensor process */
01-01 00:00:17.457   319   319 I irsc_util: '
01-01 00:00:17.457   319   319 I irsc_util: file_parser Number of element :3
01-01 00:00:17.457   319   319 I irsc_util: file_parser Number of element :3
01-01 00:00:17.457   319   319 I irsc_util: file_parser Number of element :3
01-01 00:00:17.458   319   319 I irsc_util: file_parser Number of element :3
01-01 00:00:17.458   319   319 I irsc_util: file_parser Number of element :3
01-01 00:00:17.458   319   319 I irsc_util: file_parser Number of element :3
01-01 00:00:17.458   319   319 I irsc_util: file_parser Number of element :3
01-01 00:00:17.458   319   319 I irsc_util: file_parser Number of element :3
01-01 00:00:17.458   319   319 I irsc_util: file_parser Number of element :3
01-01 00:00:17.458   319   319 I irsc_util: file_parser Number of element :3
01-01 00:00:17.458   319   319 I irsc_util: file_parser Number of element :3
01-01 00:00:17.458   319   319 I irsc_util: file_parser Number of element :3
01-01 00:00:17.458   319   319 I irsc_util: file_parser Number of element :3
01-01 00:00:17.458   319   319 I irsc_util: file_parser Number of element :3
01-01 00:00:17.458   319   319 I irsc_util: file_parser Number of element :3
01-01 00:00:17.458   319   319 I irsc_util: file_parser Number of element :3
01-01 00:00:17.458   319   319 I irsc_util: file_parser Number of element :3
01-01 00:00:17.458   319   319 I irsc_util: file_parser Number of element :3
01-01 00:00:17.459   319   319 I irsc_util: file_parser Number of element :3
01-01 00:00:17.459   319   319 I irsc_util: file_parser Number of element :3
01-01 00:00:17.459   319   319 I irsc_util: file_parser Number of element :3
01-01 00:00:17.459   319   319 I irsc_util: file_parser Number of element :3
01-01 00:00:17.459   319   319 I irsc_util: file_parser Number of element :3
01-01 00:00:17.459   319   319 I irsc_util: file_parser Number of element :3
01-01 00:00:17.459   319   319 I irsc_util: file_parser Number of element :3
01-01 00:00:17.459   319   319 I irsc_util: file_parser Number of element :3
01-01 00:00:17.459   319   319 I irsc_util: file_parser Number of element :3
01-01 00:00:17.460   319   319 I irsc_util: file_parser Number of element :3
01-01 00:00:17.460   319   319 I irsc_util: file_parser Number of element :3
01-01 00:00:17.460   319   319 I irsc_util: file_parser Number of element :3
01-01 00:00:17.460   319   319 I irsc_util: file_parser Number of element :3
01-01 00:00:17.460   319   319 I irsc_util: file_parser Number of element :3
01-01 00:00:17.460   319   319 I irsc_util: file_parser Number of element :3
01-01 00:00:17.460   319   319 I irsc_util: file_parser Number of element :3
01-01 00:00:17.460   319   319 I irsc_util: file_parser Number of element :3
01-01 00:00:17.461   319   319 I irsc_util: file_parser Number of element :3
01-01 00:00:17.461   319   319 I irsc_util: file_parser Number of element :3
01-01 00:00:17.461   319   319 I irsc_util: file_parser Number of element :3
01-01 00:00:17.461   319   319 I irsc_util: file_parser Number of element :3
01-01 00:00:17.461   319   319 I irsc_util: file_parser Number of element :3
01-01 00:00:17.461   319   319 I irsc_util: file_parser Number of element :3
01-01 00:00:17.461   319   319 I irsc_util: file_parser Number of element :3
01-01 00:00:17.461   319   319 I irsc_util: file_parser Number of element :3
01-01 00:00:17.462   319   319 I irsc_util: file_parser Number of element :3
01-01 00:00:17.462   319   319 I irsc_util: file_parser Number of element :3
01-01 00:00:17.462   319   319 I irsc_util: file_parser Number of element :3
01-01 00:00:17.462   319   319 I irsc_util: file_parser Number of element :3
01-01 00:00:17.462   319   319 I irsc_util: file_parser Number of element :3
01-01 00:00:17.462   319   319 I irsc_util: file_parser Number of element :3
01-01 00:00:17.462   319   319 I irsc_util: file_parser Number of element :3
01-01 00:00:17.463   319   319 I irsc_util: file_parser Number of element :3
01-01 00:00:17.463   319   319 I irsc_util: file_parser Number of element :3
01-01 00:00:17.463   319   319 I irsc_util: file_parser Number of element :3
01-01 00:00:17.463   319   319 I irsc_util: file_parser Number of element :3
01-01 00:00:17.463   319   319 I irsc_util: file_parser Number of element :3
01-01 00:00:17.463   319   319 I irsc_util: file_parser Number of element :3
01-01 00:00:17.463   319   319 I irsc_util: file_parser Number of element :3
01-01 00:00:17.463   319   319 I irsc_util: file_parser Number of element :3
01-01 00:00:17.463   319   319 I irsc_util: file_parser Number of element :3
01-01 00:00:17.464   319   319 I irsc_util: file_parser Number of element :3
01-01 00:00:17.464   319   319 I irsc_util: file_parser Number of element :3
01-01 00:00:17.464   319   319 I irsc_util: file_parser Number of element :3
01-01 00:00:17.464   319   319 I irsc_util: file_parser Number of element :3
01-01 00:00:17.464   319   319 I irsc_util: file_parser Number of element :3
01-01 00:00:17.465   319   319 I irsc_util: file_parser Number of element :3
01-01 00:00:17.465   319   319 I irsc_util: file_parser Number of element :3
01-01 00:00:17.465   319   319 I irsc_util: file_parser Number of element :3
01-01 00:00:17.465   319   319 I irsc_util: file_parser Number of element :3
01-01 00:00:17.465   319   319 I irsc_util: file_parser Number of element :3
01-01 00:00:17.465   319   319 I irsc_util: file_parser Number of element :3
01-01 00:00:17.466   319   319 I irsc_util: file_parser Number of element :3
01-01 00:00:17.466   319   319 I irsc_util: file_parser Number of element :3
01-01 00:00:17.466   319   319 I irsc_util: file_parser Number of element :3
01-01 00:00:17.466   319   319 I irsc_util: file_parser Number of element :3
01-01 00:00:17.466   319   319 I irsc_util: file_parser Number of element :3
01-01 00:00:17.466   319   319 I irsc_util: file_parser Number of element :3
01-01 00:00:17.467   319   319 I irsc_util: file_parser Number of element :3
01-01 00:00:17.467   319   319 I irsc_util: file_parser Number of element :3
01-01 00:00:17.467   319   319 I irsc_util: file_parser Number of element :3
01-01 00:00:17.467   319   319 I irsc_util: file_parser Number of element :3
01-01 00:00:17.467   319   319 I irsc_util: file_parser Number of element :3
01-01 00:00:17.467   319   319 I irsc_util: file_parser Number of element :3
01-01 00:00:17.467   319   319 I irsc_util: file_parser Number of element :3
01-01 00:00:17.467   319   319 I irsc_util: file_parser Number of element :3
01-01 00:00:17.467   319   319 I irsc_util: file_parser Number of element :3
01-01 00:00:17.468   319   319 I irsc_util: file_parser Number of element :3
01-01 00:00:17.468   319   319 I irsc_util: file_parser Number of element :3
01-01 00:00:17.468   319   319 I irsc_util: file_parser Number of element :3
01-01 00:00:17.468   319   319 I irsc_util: file_parser Number of element :3
01-01 00:00:17.468   319   319 I irsc_util: file_parser Number of element :3
01-01 00:00:17.468   319   319 I irsc_util: file_parser Number of element :3
01-01 00:00:17.468   319   319 I irsc_util: file_parser Number of element :3
01-01 00:00:17.468   319   319 I irsc_util: file_parser Number of element :3
01-01 00:00:17.469   319   319 I irsc_util: file_parser Number of element :3
01-01 00:00:17.469   319   319 I irsc_util: file_parser Number of element :3
01-01 00:00:17.469   319   319 I irsc_util: file_parser Number of element :3
01-01 00:00:17.469   319   319 I irsc_util: file_parser Number of element :3
01-01 00:00:17.469   319   319 I irsc_util: file_parser Number of element :3
01-01 00:00:17.470   319   319 I irsc_util: file_parser Number of element :3
01-01 00:00:17.470   319   319 I irsc_util: file_parser Number of element :3
01-01 00:00:17.470   319   319 I irsc_util: file_parser Number of element :3
01-01 00:00:17.470   319   319 I irsc_util: file_parser Number of element :3
01-01 00:00:17.471   319   319 I irsc_util: file_parser Number of element :3
01-01 00:00:17.471   319   319 I irsc_util: file_parser Number of element :3
01-01 00:00:17.471   319   319 I irsc_util: file_parser Number of element :3
01-01 00:00:17.471   319   319 I irsc_util: file_parser Number of element :3
01-01 00:00:17.472   319   319 I irsc_util: file_parser Number of element :3
01-01 00:00:17.472   319   319 I irsc_util: file_parser Number of element :3
01-01 00:00:17.472   319   319 I irsc_util: file_parser Number of element :3
01-01 00:00:17.472   319   319 I irsc_util: file_parser Number of element :3
01-01 00:00:17.472   319   319 I irsc_util: file_parser Number of element :3
01-01 00:00:17.472   319   319 I irsc_util: file_parser Number of element :3
01-01 00:00:17.472   319   319 I irsc_util: file_parser Number of element :3
01-01 00:00:17.472   319   319 I irsc_util: file_parser Number of element :3
01-01 00:00:17.473   319   319 I irsc_util: file_parser Number of element :3
01-01 00:00:17.473   319   319 I irsc_util: file_parser Number of element :3
01-01 00:00:17.473   319   319 I irsc_util: file_parser Number of element :3
01-01 00:00:17.473   319   319 I irsc_util: file_parser Number of element :3
01-01 00:00:17.473   319   319 I irsc_util: file_parser Number of element :3
01-01 00:00:17.473   319   319 I irsc_util: file_parser Number of element :3
01-01 00:00:17.473   319   319 I irsc_util: file_parser Number of element :3
01-01 00:00:17.474   319   319 I irsc_util: file_parser Number of element :3
01-01 00:00:17.474   319   319 I irsc_util: file_parser Number of element :3
01-01 00:00:17.474   319   319 I irsc_util: file_parser Number of element :3
01-01 00:00:17.474   319   319 I irsc_util: file_parser Number of element :3
01-01 00:00:17.474   319   319 I irsc_util: file_parser Number of element :3
01-01 00:00:17.474   319   319 I irsc_util: file_parser Number of element :3
01-01 00:00:17.474   319   319 I irsc_util: file_parser Number of element :3
01-01 00:00:17.475   319   319 I irsc_util: file_parser Number of element :3
01-01 00:00:17.475   319   319 I irsc_util: file_parser Number of element :3
01-01 00:00:17.475   319   319 I irsc_util: file_parser Number of element :3
01-01 00:00:17.475   319   319 I irsc_util: file_parser Number of element :3
01-01 00:00:17.475   319   319 I irsc_util: file_parser Number of element :3
01-01 00:00:17.475   319   319 I irsc_util: file_parser Number of element :3
01-01 00:00:17.475   319   319 I irsc_util: file_parser Number of element :3
01-01 00:00:17.475   319   319 I irsc_util: file_parser Number of element :3
01-01 00:00:17.476   319   319 I irsc_util: file_parser Number of element :3
01-01 00:00:17.476   319   319 I irsc_util: file_parser Number of element :3
01-01 00:00:17.476   319   319 I irsc_util: file_parser Number of element :3
01-01 00:00:17.476   319   319 I irsc_util: file_parser Number of element :3
01-01 00:00:17.476   319   319 I irsc_util: file_parser Number of element :3
01-01 00:00:17.476   319   319 I irsc_util: file_parser Number of element :3
01-01 00:00:17.477   319   319 I irsc_util: file_parser Number of element :3
01-01 00:00:17.477   319   319 I irsc_util: file_parser Number of element :3
01-01 00:00:17.477   319   319 I irsc_util: file_parser Number of element :3
01-01 00:00:17.477   319   319 I irsc_util: file_parser Number of element :3
01-01 00:00:17.477   322   357 E adsprpc : vendor/qcom/proprietary/adsprpc/src/apps_std_imp.c:33:apps_std fopen failed: /system/vendor/lib/rfsa/adsp//oemconfig.so No such file or directory
01-01 00:00:17.477   319   319 I irsc_util: file_parser Number of element :3
01-01 00:00:17.477   319   319 I irsc_util: file_parser Number of element :3
01-01 00:00:17.478   319   319 I irsc_util: file_parser Number of element :3
01-01 00:00:17.478   322   357 E adsprpc : vendor/qcom/proprietary/adsprpc/src/apps_std_imp.c:33:apps_std fopen failed: /voiceproc_tx.so No such file or directory
01-01 00:00:17.478   322   357 E adsprpc : vendor/qcom/proprietary/adsprpc/src/apps_std_imp.c:33:apps_std fopen failed: /system/lib/rfsa/adsp//voiceproc_tx.so No such file or directory
01-01 00:00:17.478   322   357 E adsprpc : vendor/qcom/proprietary/adsprpc/src/apps_std_imp.c:33:apps_std fopen failed: /system/vendor/lib/rfsa/adsp//voiceproc_tx.so No such file or directory
01-01 00:00:17.478   319   319 I irsc_util: file_parser Number of element :3
01-01 00:00:17.478   319   319 I irsc_util: file_parser Number of element :3
01-01 00:00:17.478   319   319 I irsc_util: file_parser Number of element :3
01-01 00:00:17.478   322   357 E adsprpc : vendor/qcom/proprietary/adsprpc/src/apps_std_imp.c:33:apps_std fopen failed: /voiceproc_rx.so No such file or directory
01-01 00:00:17.478   322   357 E adsprpc : vendor/qcom/proprietary/adsprpc/src/apps_std_imp.c:33:apps_std fopen failed: /system/lib/rfsa/adsp//voiceproc_rx.so No such file or directory
01-01 00:00:17.478   322   357 E adsprpc : vendor/qcom/proprietary/adsprpc/src/apps_std_imp.c:33:apps_std fopen failed: /system/vendor/lib/rfsa/adsp//voiceproc_rx.so No such file or directory
01-01 00:00:17.479   319   319 I irsc_util: file_parser Number of element :3
01-01 00:00:17.479   319   319 I irsc_util: file_parser Number of element :3
01-01 00:00:17.479   319   319 I irsc_util: file_parser Number of element :3
01-01 00:00:17.479   319   319 I irsc_util: file_parser Number of element :3
01-01 00:00:17.479   319   319 I irsc_util: file_parser Number of element :3
01-01 00:00:17.479   319   319 I irsc_util: file_parser Number of element :3
01-01 00:00:17.479   319   319 I irsc_util: file_parser Number of element :3
01-01 00:00:17.479   319   319 I irsc_util: file_parser Number of element :3
01-01 00:00:17.480   319   319 I irsc_util: file_parser Number of element :3
01-01 00:00:17.480   319   319 I irsc_util: file_parser Number of element :3
01-01 00:00:17.480   319   319 I irsc_util: file_parser Number of element :3
01-01 00:00:17.480   319   319 I irsc_util: file_parser Number of element :3
01-01 00:00:17.480   319   319 I irsc_util: file_parser Number of element :3
01-01 00:00:17.480   319   319 I irsc_util: file_parser Number of element :3
01-01 00:00:17.480   319   319 I irsc_util: file_parser Number of element :3
01-01 00:00:17.480   319   319 I irsc_util: file_parser Number of element :3
01-01 00:00:17.481   319   319 I irsc_util: file_parser Number of element :3
01-01 00:00:17.481   319   319 I irsc_util: file_parser Number of element :3
01-01 00:00:17.481   319   319 I irsc_util: file_parser Number of element :3
01-01 00:00:17.481   319   319 I irsc_util: file_parser Number of element :3
01-01 00:00:17.481   319   319 I irsc_util: file_parser Number of element :3
01-01 00:00:17.481   319   319 I irsc_util: file_parser Number of element :3
01-01 00:00:17.481   319   319 I irsc_util: file_parser Number of element :3
01-01 00:00:17.481   319   319 I irsc_util: file_parser Number of element :3
01-01 00:00:17.482   319   319 I irsc_util: file_parser Number of element :3
01-01 00:00:17.482   319   319 I irsc_util: file_parser Number of element :3
01-01 00:00:17.482   319   319 I irsc_util: file_parser Number of element :3
01-01 00:00:17.482   319   319 I irsc_util: file_parser Number of element :3
01-01 00:00:17.482   319   319 I irsc_util: file_parser Number of element :3
01-01 00:00:17.482   319   319 I irsc_util: file_parser Number of element :3
01-01 00:00:17.482   319   319 I irsc_util: file_parser Number of element :3
01-01 00:00:17.483   319   319 I irsc_util: file_parser Number of element :3
01-01 00:00:17.483   319   319 I irsc_util: file_parser Number of element :3
01-01 00:00:17.483   319   319 I irsc_util: file_parser Number of element :3
01-01 00:00:17.483   319   319 I irsc_util: file_parser Number of element :3
01-01 00:00:17.483   319   319 I irsc_util: file_parser Number of element :3
01-01 00:00:17.483   319   319 I irsc_util: file_parser Number of element :3
01-01 00:00:17.483   319   319 I irsc_util: file_parser Number of element :3
01-01 00:00:17.484   319   319 I irsc_util: file_parser Number of element :3
01-01 00:00:17.484   319   319 I irsc_util: file_parser Number of element :3
01-01 00:00:17.484   319   319 I irsc_util: file_parser Number of element :3
01-01 00:00:17.484   319   319 I irsc_util: file_parser Number of element :3
01-01 00:00:17.485   319   319 I irsc_util: file_parser Number of element :3
01-01 00:00:17.485   319   319 I irsc_util: file_parser Number of element :3
01-01 00:00:17.485   319   319 I irsc_util: file_parser Number of element :3
01-01 00:00:17.485   319   319 I irsc_util: file_parser Number of element :3
01-01 00:00:17.485   319   319 I irsc_util: file_parser Number of element :3
01-01 00:00:17.485   319   319 I irsc_util: file_parser Number of element :3
01-01 00:00:17.485   319   319 I irsc_util: file_parser Number of element :3
01-01 00:00:17.485   319   319 I irsc_util: file_parser Number of element :3
01-01 00:00:17.486   319   319 I irsc_util: file_parser Number of element :3
01-01 00:00:17.486   319   319 I irsc_util: file_parser Number of element :3
01-01 00:00:17.486   319   319 I irsc_util: file_parser Number of element :3
01-01 00:00:17.486   319   319 I irsc_util: file_parser Number of element :3
01-01 00:00:17.486   319   319 I irsc_util: file_parser Number of element :3
01-01 00:00:17.486   319   319 I irsc_util: file_parser Number of element :3
01-01 00:00:17.486   319   319 I irsc_util: file_parser Number of element :3
01-01 00:00:17.486   319   319 I irsc_util: file_parser Number of element :3
01-01 00:00:17.486   319   319 I irsc_util: file_parser Number of element :3
01-01 00:00:17.487   319   319 I irsc_util: file_parser Number of element :3
01-01 00:00:17.487   319   319 I irsc_util: file_parser Number of element :3
01-01 00:00:17.487   319   319 I irsc_util: file_parser Number of element :3
01-01 00:00:17.487   319   319 I irsc_util: file_parser Number of element :3
01-01 00:00:17.487   319   319 I irsc_util: file_parser Number of element :3
01-01 00:00:17.487   319   319 I irsc_util: file_parser Number of element :3
01-01 00:00:17.487   319   319 I irsc_util: file_parser Number of element :3
01-01 00:00:17.488   319   319 I irsc_util: file_parser Number of element :3
01-01 00:00:17.488   319   319 I irsc_util: file_parser Number of element :3
01-01 00:00:17.488   319   319 I irsc_util: file_parser Number of element :3
01-01 00:00:17.488   319   319 I irsc_util: file_parser Number of element :3
01-01 00:00:17.488   319   319 I irsc_util: file_parser Number of element :3
01-01 00:00:17.488   319   319 I irsc_util: file_parser Number of element :3
01-01 00:00:17.488   319   319 I irsc_util: file_parser Number of element :3
01-01 00:00:17.488   319   319 I irsc_util: file_parser Number of element :3
01-01 00:00:17.489   319   319 I irsc_util: file_parser Number of element :3
01-01 00:00:17.490   319   319 I irsc_util: file_parser Number of element :3
01-01 00:00:17.490   319   319 I irsc_util: file_parser Number of element :3
01-01 00:00:17.490   319   319 I irsc_util: file_parser Number of element :3
01-01 00:00:17.490   319   319 I irsc_util: file_parser Number of element :3
01-01 00:00:17.490   319   319 I irsc_util: file_parser Number of element :3
01-01 00:00:17.490   319   319 I irsc_util: file_parser Number of element :3
01-01 00:00:17.491   319   319 I irsc_util: file_parser Number of element :3
01-01 00:00:17.491   319   319 I irsc_util: file_parser Number of element :3
01-01 00:00:17.491   319   319 I irsc_util: file_parser Number of element :3
01-01 00:00:17.491   319   319 I irsc_util: file_parser Number of element :3
01-01 00:00:17.491   319   319 I irsc_util: file_parser Number of element :3
01-01 00:00:17.491   319   319 I irsc_util: file_parser Number of element :3
01-01 00:00:17.491   319   319 I irsc_util: file_parser Number of element :3
01-01 00:00:17.491   319   319 I irsc_util: file_parser Number of element :3
01-01 00:00:17.492   319   319 I irsc_util: file_parser Number of element :3
01-01 00:00:17.492   319   319 I irsc_util: file_parser Number of element :3
01-01 00:00:17.492   319   319 I irsc_util: file_parser Number of element :3
01-01 00:00:17.492   319   319 I irsc_util: file_parser Number of element :3
01-01 00:00:17.492   319   319 I irsc_util: file_parser Number of element :3
01-01 00:00:17.493   319   319 I irsc_util: file_parser Number of element :3
01-01 00:00:17.493   319   319 I irsc_util: file_parser Number of element :3
01-01 00:00:17.493   319   319 I irsc_util: file_parser Number of element :3
01-01 00:00:17.493   319   319 I irsc_util: file_parser Number of element :3
01-01 00:00:17.493   319   319 I irsc_util: file_parser Number of element :3
01-01 00:00:17.495   319   319 I irsc_util: file_parser Number of element :3
01-01 00:00:17.495   319   319 I irsc_util: file_parser Number of element :3
01-01 00:00:17.495   319   319 I irsc_util: file_parser Number of element :3
01-01 00:00:17.496   319   319 I irsc_util: file_parser Number of element :3
01-01 00:00:17.496   319   319 I irsc_util: file_parser Number of element :3
01-01 00:00:17.496   319   319 I irsc_util: file_parser Number of element :0
01-01 00:00:17.496   319   319 I irsc_util: file_parser Invalid Format or Comment - '/* Allow RCS service to aquire net_raw permission */
01-01 00:00:17.496   319   319 I irsc_util: '
01-01 00:00:17.496   319   319 I irsc_util: file_parser Number of element :4
01-01 00:00:17.496   319   319 I irsc_util: file_parser Number of element :0
01-01 00:00:17.497   319   319 I irsc_util: file_parser Invalid Format or Comment - '/* Allow QMID service to aquire net_raw permission */
01-01 00:00:17.497   319   319 I irsc_util: '
01-01 00:00:17.497   319   319 I irsc_util: file_parser Number of element :4
01-01 00:00:17.497   319   319 I irsc_util: file_parser Number of element :4
01-01 00:00:17.497   319   319 I irsc_util: file_parser Number of element :4
01-01 00:00:17.497   319   319 I irsc_util: file_parser Number of element :4
01-01 00:00:17.497   319   319 I irsc_util: file_parser Number of element :4
01-01 00:00:17.497   319   319 I irsc_util: file_parser Number of element :4
01-01 00:00:17.498   319   319 I irsc_util: Feed the sec config info to the router
01-01 00:00:17.498   319   319 I irsc_util: Num of entries:265
01-01 00:00:17.606   326   326 D AndroidRuntime: 
01-01 00:00:17.606   326   326 D AndroidRuntime: >>>>>> AndroidRuntime START com.android.internal.os.ZygoteInit <<<<<<
01-01 00:00:17.607   400   400 I qdutils : PartialUpdate status: Disabled
01-01 00:00:17.607   400   400 I qdutils : Left Align: 0
01-01 00:00:17.607   400   400 I qdutils : Width Align: 0
01-01 00:00:17.607   400   400 I qdutils : Top Align: 0
01-01 00:00:17.607   400   400 I qdutils : Height Align: 0
01-01 00:00:17.607   400   400 I qdutils : Min ROI Width: 0
01-01 00:00:17.607   400   400 I qdutils : Min ROI Height: 0
01-01 00:00:17.607   400   400 I qdutils : Needs ROI Merge: 0
01-01 00:00:17.607   400   400 D PPDaemon: CABL version 1.1.20130401
01-01 00:00:17.608   400   400 D PPDaemon: isHDMIPrimary: HDMI is not primary display
01-01 00:00:17.608   334   334 I Atfwd_Daemon: APQ baseband : Explicitly stopping ATFWD service....
01-01 00:00:17.609   334   334 I Atfwd_Daemon: Stop the daemon....
01-01 00:00:17.612   324   499 I ThermalEngine: Sensor:tsens_tz_sensor5:90000 mC
01-01 00:00:17.615   327   327 E QCNEA   : Cne Version 4.8
01-01 00:00:17.617   331   331 E LocSvc_launcher: E/sig_handler_chld:79]: Received SIGCHLD
01-01 00:00:17.617   331   331 E LocSvc_launcher: E/Parent woken up! Interrupted system call
01-01 00:00:17.617   331   331 E LocSvc_launcher: E/main:647]: Exit status: 1. Restarting
01-01 00:00:17.617   331   331 E LocSvc_launcher: E/main:657]: Restarting /system/bin/xtwifi-client. Number of restarts: 1
01-01 00:00:17.620   385   385 D LocSvc_utils_cfg: D/loc_read_conf: using /etc/gps.conf
01-01 00:00:17.620   385   385 D LocSvc_utils_cfg: D/int loc_read_conf_r(FILE*, loc_param_s_type*, uint32_t):283]: num_params: 2
01-01 00:00:17.620   385   385 D LocSvc_utils_cfg: D/loc_set_config_entry: PARAM DEBUG_LEVEL = 3
01-01 00:00:17.620   385   385 D LocSvc_utils_cfg: D/int loc_read_conf_r(FILE*, loc_param_s_type*, uint32_t):287]: fgets returned NULL
01-01 00:00:17.620   385   385 E SlimDmn : I/int main(int, char**):g_sensor_provider is 1
01-01 00:00:17.621   331   331 E LocSvc_launcher: E/sig_handler_chld:79]: Received SIGCHLD
01-01 00:00:17.621   331   331 E LocSvc_launcher: E/Parent woken up! Interrupted system call
01-01 00:00:17.621   331   331 E LocSvc_launcher: E/main:647]: Exit status: 1. Restarting
01-01 00:00:17.621   331   331 E LocSvc_launcher: E/main:657]: Restarting /system/bin/xtwifi-client. Number of restarts: 2
01-01 00:00:17.623   331   331 E LocSvc_launcher: E/sig_handler_chld:79]: Received SIGCHLD
01-01 00:00:17.623   331   331 E LocSvc_launcher: E/Parent woken up! Interrupted system call
01-01 00:00:17.623   331   331 E LocSvc_launcher: E/main:647]: Exit status: 1. Restarting
01-01 00:00:17.623   331   331 E LocSvc_launcher: E/main:657]: Restarting /system/bin/xtwifi-client. Number of restarts: 3
01-01 00:00:17.629   331   331 E LocSvc_launcher: E/sig_handler_chld:79]: Received SIGCHLD
01-01 00:00:17.629   331   331 E LocSvc_launcher: E/Parent woken up! Interrupted system call
01-01 00:00:17.629   331   331 E LocSvc_launcher: E/main:647]: Exit status: 1. Restarting
01-01 00:00:17.629   331   331 E LocSvc_launcher: E/main:657]: Restarting /system/bin/xtwifi-client. Number of restarts: 4
01-01 00:00:17.633   331   331 E LocSvc_launcher: E/sig_handler_chld:79]: Received SIGCHLD
01-01 00:00:17.633   331   331 E LocSvc_launcher: E/Parent woken up! Interrupted system call
01-01 00:00:17.633   331   331 E LocSvc_launcher: E/main:647]: Exit status: 1. Restarting
01-01 00:00:17.633   331   331 E LocSvc_launcher: E/main:657]: Restarting /system/bin/xtwifi-client. Number of restarts: 5
01-01 00:00:17.635   331   331 E LocSvc_launcher: E/sig_handler_chld:79]: Received SIGCHLD
01-01 00:00:17.635   331   331 E LocSvc_launcher: E/Parent woken up! Interrupted system call
01-01 00:00:17.635   331   331 E LocSvc_launcher: E/main:647]: Exit status: 1. Restarting
01-01 00:00:17.635   331   331 E LocSvc_launcher: E/main:651]: /system/bin/xtwifi-client Restarted too many times. Grounded!
01-01 00:00:17.641   421   421 I qcom-bluetooth: /system/etc/init.qcom.bt.sh: Bluetooth stack is Bluedroid 
01-01 00:00:17.650   326   326 D AndroidRuntime: CheckJNI is OFF
01-01 00:00:17.662   326   326 I art     : option[0]=-Xzygote
01-01 00:00:17.662   326   326 I art     : option[1]=-Xstacktracefile:/data/anr/traces.txt
01-01 00:00:17.662   326   326 I art     : option[2]=exit
01-01 00:00:17.662   326   326 I art     : option[3]=vfprintf
01-01 00:00:17.662   326   326 I art     : option[4]=sensitiveThread
01-01 00:00:17.662   326   326 I art     : option[5]=-verbose:gc
01-01 00:00:17.662   326   326 I art     : option[6]=-Xms8m
01-01 00:00:17.662   326   326 I art     : option[7]=-Xmx512m
01-01 00:00:17.662   326   326 I art     : option[8]=-XX:mainThreadStackSize=24K
01-01 00:00:17.662   326   326 I art     : option[9]=-XX:HeapGrowthLimit=192m
01-01 00:00:17.662   326   326 I art     : option[10]=-XX:HeapMinFree=512k
01-01 00:00:17.662   326   326 I art     : option[11]=-XX:HeapMaxFree=8m
01-01 00:00:17.662   326   326 I art     : option[12]=-XX:HeapTargetUtilization=0.75
01-01 00:00:17.662   326   326 I art     : option[13]=-agentlib:jdwp=transport=dt_android_adb,suspend=n,server=y
01-01 00:00:17.662   326   326 I art     : option[14]=-Xlockprofthreshold:500
01-01 00:00:17.662   326   326 I art     : option[15]=-Ximage-compiler-option
01-01 00:00:17.662   326   326 I art     : option[16]=--runtime-arg
01-01 00:00:17.662   326   326 I art     : option[17]=-Ximage-compiler-option
01-01 00:00:17.662   326   326 I art     : option[18]=-Xms64m
01-01 00:00:17.662   326   326 I art     : option[19]=-Ximage-compiler-option
01-01 00:00:17.662   326   326 I art     : option[20]=--runtime-arg
01-01 00:00:17.662   326   326 I art     : option[21]=-Ximage-compiler-option
01-01 00:00:17.662   326   326 I art     : option[22]=-Xmx64m
01-01 00:00:17.662   326   326 I art     : option[23]=-Ximage-compiler-option
01-01 00:00:17.662   326   326 I art     : option[24]=--image-classes-zip=/system/framework/framework.jar
01-01 00:00:17.662   326   326 I art     : option[25]=-Ximage-compiler-option
01-01 00:00:17.662   326   326 I art     : option[26]=--image-classes=preloaded-classes
01-01 00:00:17.662   326   326 I art     : option[27]=-Xcompiler-option
01-01 00:00:17.662   326   326 I art     : option[28]=--runtime-arg
01-01 00:00:17.662   326   326 I art     : option[29]=-Xcompiler-option
01-01 00:00:17.662   326   326 I art     : option[30]=-Xms64m
01-01 00:00:17.662   326   326 I art     : option[31]=-Xcompiler-option
01-01 00:00:17.662   326   326 I art     : option[32]=--runtime-arg
01-01 00:00:17.662   326   326 I art     : option[33]=-Xcompiler-option
01-01 00:00:17.662   326   326 I art     : option[34]=-Xmx512m
01-01 00:00:17.662   326   326 I art     : option[35]=-Duser.language=en
01-01 00:00:17.663   326   326 I art     : option[36]=-Duser.region=US
01-01 00:00:17.664   325   325 E Diag_Lib: qpLogDiagInit ==>
01-01 00:00:17.665   343   343 D QC-time-services: Daemon:genoff_pre_init::Base = 0
01-01 00:00:17.665   343   343 D QC-time-services: Daemon:ats_rtc_init: Time read from RTC -- year = 70, month = 0,day = 1
01-01 00:00:17.665   343   343 D QC-time-services: Daemon:Value read from RTC seconds = 17000
01-01 00:00:17.665   343   343 D QC-time-services: Daemon:genoff_init_config: ATS_RTC initialized
01-01 00:00:17.665   343   343 D QC-time-services: Daemon:genoff_pre_init::Base = 1
01-01 00:00:17.665   343   343 D QC-time-services: Daemon: Storage Name: ats_1 
01-01 00:00:17.666   343   343 D QC-time-services: Daemon:Opening File: /data/time/ats_1
01-01 00:00:17.666   343   343 D QC-time-services: Daemon:time_persistent_memory_opr:Genoff Read operation 
01-01 00:00:17.671   592   592 I recovery: Recovery image already installed 
01-01 00:00:17.673   325   325 E Diag_Lib: qpLogDiagInit <== result : 1
01-01 00:00:17.674   325   325 E Diag_Lib: [IMS_QMID] |imsqmiserver.c | 505 | QMID#$$#0#QMI DAEMON STARTED
01-01 00:00:17.674   325   325 E Diag_Lib: [IMS_QMID] |imsqmiserver.c | 515 | ims-qmi-daemon main entry getgid: 3e9
01-01 00:00:17.674   325   325 E Diag_Lib: [IMS_QMID] |imsqmiserver.c | 524 | ims-qmi-daemon: Server Sock FD 10 received from init
01-01 00:00:17.674   325   325 E Diag_Lib: [IMS_QMID] |imsqmiserver.c | 86 | QMIDAddFDToFDSet:Added FD: [10] to FDSet
01-01 00:00:17.674   325   325 E Diag_Lib: [IMS_QMID] |imsqmiserver.c | 543 | QMID#$$#0#QMID SERVER STARTED
01-01 00:00:17.674   325   325 E Diag_Lib: [IMS_QMID] |imsqmiserver.c | 554 | ims-qmi-daemon listen done
01-01 00:00:17.677   439   439 E wifi_ap.sh: WIFI_AP: Toggling! 
01-01 00:00:17.677   324   499 I ThermalEngine: Sensor:tsens_tz_sensor5:84000 mC
01-01 00:00:17.677   324   499 I ThermalEngine: Sensor:tsens_tz_sensor5:84000 mC
01-01 00:00:17.678   314   314 D QSEECOMAPI: : App is already loaded QSEE and app id = 2
01-01 00:00:17.678   252   252 D QSEECOMAPI: : Loaded image: APP id = 2
01-01 00:00:17.679   325   325 E Diag_Lib: [IMS_QMID] |imsqmiserver.c | 563 | QMID#$$#0#QMI DAEMON PROPERTY SET SUCCESS
01-01 00:00:17.679   325   325 E Diag_Lib: [IMS_QMID] |imsqmiserver.c | 574 | QMID#$$#0#QMID STARTED HEAR BEAT
01-01 00:00:17.679   325   325 E Diag_Lib: [IMS_QMID] |imsqmiserver.c | 609 | ims-qmi-daemon blocking on select max_fd:10
01-01 00:00:17.681   252   252 D QSEECOMD: : Parent qseecom daemon process paused!! 
01-01 00:00:17.683   449   449 D QSEECOMD: : qseecom listener service threads starting!!! 
01-01 00:00:17.683   449   449 D QSEECOMD: : Total listener services to start = 5
01-01 00:00:17.683   449   449 E QSEECOMD: : Listener: index = 0, hierarchy = 1
01-01 00:00:17.683   449   449 D QSEECOMD: : Init dlopen(librpmb.so, RTLD_NOW) succeeds
01-01 00:00:17.683   449   449 D QSEECOMD: : Init::Init dlsym(g_FSHandle rpmb_start) succeeds
01-01 00:00:17.683   449   449 D QSEECOMAPI: : QSEECom_register_listener 8192 sb_length = 0x5000
01-01 00:00:17.684   324   324 I ThermalEngine: Thermal daemon started
01-01 00:00:17.684   324   324 I ThermalEngine: devices_manager_init: Init
01-01 00:00:17.684   324   324 I ThermalEngine: Number of gpus :1
01-01 00:00:17.684   324   324 I Thermal-IOCTL: KTM IOCTL interface "/dev/msm_thermal_query" opened
01-01 00:00:17.685   422   422 I libmdmdetect: No supported ESOC's found
01-01 00:00:17.685   422   422 E mdm_helper_proxy: No supported ESOC's found
01-01 00:00:17.686   343   343 D QC-time-services: Daemon:Unable to open filefor read
01-01 00:00:17.686   343   343 D QC-time-services: Daemon:genoff_post_init:Error in accessing storage
01-01 00:00:17.686   343   343 D QC-time-services: Daemon:genoff_pre_init::Base = 2
01-01 00:00:17.686   343   343 D QC-time-services: Daemon: Storage Name: ats_2 
01-01 00:00:17.686   343   343 D QC-time-services: Daemon:Opening File: /data/time/ats_2
01-01 00:00:17.686   343   343 D QC-time-services: Daemon:time_persistent_memory_opr:Genoff Read operation 
01-01 00:00:17.686   343   343 D QC-time-services: Daemon:Unable to open filefor read
01-01 00:00:17.686   343   343 D QC-time-services: Daemon:genoff_post_init:Error in accessing storage
01-01 00:00:17.686   343   343 D QC-time-services: Daemon:genoff_pre_init::Base = 3
01-01 00:00:17.686   343   343 D QC-time-services: Daemon: Storage Name: ats_3 
01-01 00:00:17.686   343   343 D QC-time-services: Daemon:Opening File: /data/time/ats_3
01-01 00:00:17.686   343   343 D QC-time-services: Daemon:time_persistent_memory_opr:Genoff Read operation 
01-01 00:00:17.686   343   343 D QC-time-services: Daemon:Unable to open filefor read
01-01 00:00:17.686   343   343 D QC-time-services: Daemon:genoff_post_init:Error in accessing storage
01-01 00:00:17.686   343   343 D QC-time-services: Daemon:genoff_pre_init::Base = 4
01-01 00:00:17.686   343   343 D QC-time-services: Daemon: Storage Name: ats_4 
01-01 00:00:17.686   343   343 D QC-time-services: Daemon:Opening File: /data/time/ats_4
01-01 00:00:17.686   343   343 D QC-time-services: Daemon:time_persistent_memory_opr:Genoff Read operation 
01-01 00:00:17.686   343   343 D QC-time-services: Daemon:Unable to open filefor read
01-01 00:00:17.686   343   343 D QC-time-services: Daemon:genoff_post_init:Error in accessing storage
01-01 00:00:17.686   343   343 D QC-time-services: Daemon:genoff_pre_init::Base = 5
01-01 00:00:17.686   343   343 D QC-time-services: Daemon: Storage Name: ats_5 
01-01 00:00:17.686   343   343 D QC-time-services: Daemon:Opening File: /data/time/ats_5
01-01 00:00:17.686   343   343 D QC-time-services: Daemon:time_persistent_memory_opr:Genoff Read operation 
01-01 00:00:17.686   343   343 D QC-time-services: Daemon:Unable to open filefor read
01-01 00:00:17.686   343   343 D QC-time-services: Daemon:genoff_post_init:Error in accessing storage
01-01 00:00:17.686   343   343 D QC-time-services: Daemon:genoff_pre_init::Base = 6
01-01 00:00:17.686   343   343 D QC-time-services: Daemon: Storage Name: ats_6 
01-01 00:00:17.686   343   343 D QC-time-services: Daemon:Opening File: /data/time/ats_6
01-01 00:00:17.686   343   343 D QC-time-services: Daemon:time_persistent_memory_opr:Genoff Read operation 
01-01 00:00:17.687   343   343 D QC-time-services: Daemon:Unable to open filefor read
01-01 00:00:17.687   343   343 D QC-time-services: Daemon:genoff_post_init:Error in accessing storage
01-01 00:00:17.687   343   343 D QC-time-services: Daemon:genoff_pre_init::Base = 7
01-01 00:00:17.687   343   343 D QC-time-services: Daemon: Storage Name: ats_7 
01-01 00:00:17.687   343   343 D QC-time-services: Daemon:Opening File: /data/time/ats_7
01-01 00:00:17.687   343   343 D QC-time-services: Daemon:time_persistent_memory_opr:Genoff Read operation 
01-01 00:00:17.687   343   343 D QC-time-services: Daemon:Unable to open filefor read
01-01 00:00:17.687   343   343 D QC-time-services: Daemon:genoff_post_init:Error in accessing storage
01-01 00:00:17.687   343   343 D QC-time-services: Daemon:genoff_pre_init::Base = 8
01-01 00:00:17.687   343   343 D QC-time-services: Daemon: Storage Name: ats_8 
01-01 00:00:17.687   343   343 D QC-time-services: Daemon:Opening File: /data/time/ats_8
01-01 00:00:17.687   343   343 D QC-time-services: Daemon:time_persistent_memory_opr:Genoff Read operation 
01-01 00:00:17.687   343   343 D QC-time-services: Daemon:Unable to open filefor read
01-01 00:00:17.687   343   343 D QC-time-services: Daemon:genoff_post_init:Error in accessing storage
01-01 00:00:17.687   343   343 D QC-time-services: Daemon:genoff_pre_init::Base = 9
01-01 00:00:17.687   343   343 D QC-time-services: Daemon: Storage Name: ats_9 
01-01 00:00:17.687   343   343 D QC-time-services: Daemon:Opening File: /data/time/ats_9
01-01 00:00:17.687   343   343 D QC-time-services: Daemon:time_persistent_memory_opr:Genoff Read operation 
01-01 00:00:17.687   343   343 D QC-time-services: Daemon:Unable to open filefor read
01-01 00:00:17.687   343   343 D QC-time-services: Daemon:genoff_post_init:Error in accessing storage
01-01 00:00:17.687   343   343 D QC-time-services: Daemon:genoff_pre_init::Base = 10
01-01 00:00:17.687   343   343 D QC-time-services: Daemon: Storage Name: ats_10 
01-01 00:00:17.687   343   343 D QC-time-services: Daemon:Opening File: /data/time/ats_10
01-01 00:00:17.687   343   343 D QC-time-services: Daemon:time_persistent_memory_opr:Genoff Read operation 
01-01 00:00:17.687   343   343 D QC-time-services: Daemon:Unable to open filefor read
01-01 00:00:17.687   343   343 D QC-time-services: Daemon:genoff_post_init:Error in accessing storage
01-01 00:00:17.687   343   343 D QC-time-services: Daemon:genoff_pre_init::Base = 11
01-01 00:00:17.687   343   343 D QC-time-services: Daemon: Storage Name: ats_11 
01-01 00:00:17.687   343   343 D QC-time-services: Daemon:Opening File: /data/time/ats_11
01-01 00:00:17.687   343   343 D QC-time-services: Daemon:time_persistent_memory_opr:Genoff Read operation 
01-01 00:00:17.687   343   343 D QC-time-services: Daemon:Unable to open filefor read
01-01 00:00:17.687   343   343 D QC-time-services: Daemon:genoff_post_init:Error in accessing storage
01-01 00:00:17.687   343   343 D QC-time-services: Daemon:genoff_pre_init::Base = 12
01-01 00:00:17.687   343   343 D QC-time-services: Daemon: Storage Name: ats_12 
01-01 00:00:17.687   343   343 D QC-time-services: Daemon:Opening File: /data/time/ats_12
01-01 00:00:17.687   343   343 D QC-time-services: Daemon:time_persistent_memory_opr:Genoff Read operation 
01-01 00:00:17.687   343   343 D QC-time-services: Daemon:Unable to open filefor read
01-01 00:00:17.687   343   343 D QC-time-services: Daemon:genoff_post_init:Error in accessing storage
01-01 00:00:17.687   343   343 D QC-time-services: Daemon:genoff_pre_init::Base = 13
01-01 00:00:17.687   343   343 D QC-time-services: Daemon: Storage Name: ats_13 
01-01 00:00:17.687   343   343 D QC-time-services: Daemon:Opening File: /data/time/ats_13
01-01 00:00:17.687   343   343 D QC-time-services: Daemon:time_persistent_memory_opr:Genoff Read operation 
01-01 00:00:17.687   343   343 D QC-time-services: Daemon:Unable to open filefor read
01-01 00:00:17.687   343   343 D QC-time-services: Daemon:genoff_post_init:Error in accessing storage
01-01 00:00:17.687   343   343 D QC-time-services: Daemon:genoff_pre_init::Base = 14
01-01 00:00:17.687   343   343 D QC-time-services: Daemon: Storage Name: ats_14 
01-01 00:00:17.687   343   343 D QC-time-services: Daemon:Opening File: /data/time/ats_14
01-01 00:00:17.687   343   343 D QC-time-services: Daemon:time_persistent_memory_opr:Genoff Read operation 
01-01 00:00:17.687   343   343 D QC-time-services: Daemon:Unable to open filefor read
01-01 00:00:17.687   343   343 D QC-time-services: Daemon:genoff_post_init:Error in accessing storage
01-01 00:00:17.687   343   343 D QC-time-services: Daemon:genoff_init_config: Other bases initilized, exiting genoff_init
01-01 00:00:17.687   343   343 D QC-time-services: Daemon:genoff_opr: Base = 1, val = 0, operation = 1
01-01 00:00:17.687   343   343 D QC-time-services: Daemon: genoff get for 1
01-01 00:00:17.687   343   343 D QC-time-services: Daemon:rtc_get: Time read from RTC -- MM/DD/YY HH:MM:SS0/1/70 0:0:17
01-01 00:00:17.687   343   343 D QC-time-services: Daemon:Value read from RTC seconds = 17000
01-01 00:00:17.687   343   343 D QC-time-services: Daemon:Value read from generic offset = 0
01-01 00:00:17.687   343   343 D QC-time-services: Daemon:Final Time = 17000
01-01 00:00:17.687   343   343 D QC-time-services: Daemon:genoff_boot_tod_init: Setting system time to sec =17, nsec =0
01-01 00:00:18.018   321   321 D WLAN_PSA: NL BCAST MSG KDriver Not ready yet : KNLREADY
01-01 00:00:18.019   321   321 D WLAN_PSA: NL BCAST MSG Received, Kernel ready, connect LN
01-01 00:00:18.019   321   321 E pttSocketApp:          aniAsfIpc.c:809 Error(-1225828003):Gethostbyname failed, ipcPtr [0xb6a50040], sd 4
01-01 00:00:18.019   321   321 D WLAN_PSA: Register APP Socket to kernel
01-01 00:00:18.019   321   321 V WLAN_PSA: NL MSG, len[009], NL type[0x5608] WNI type[0x4541] len[17497]
01-01 00:00:18.019   321   321 V WLAN_PSA: NL MSG, PID: 0
01-01 00:00:18.019   321   321 V WLAN_PSA: NL MSG, len[056], NL type[0x11] WNI type[0x   2] len[036]
01-01 00:00:18.019   321   321 V WLAN_PSA: NL MSG, PID: 321
01-01 00:00:18.019   321   321 V WLAN_PSA: NL MSG, len[009], NL type[0x5708] WNI type[0x4541] len[17497]
01-01 00:00:18.019   321   321 V WLAN_PSA: NL MSG, PID: 0
01-01 00:00:18.019   321   321 V WLAN_PSA: NL MSG, len[056], NL type[0x11] WNI type[0x   2] len[036]
01-01 00:00:18.019   321   321 V WLAN_PSA: NL MSG, PID: 321
01-01 00:00:18.119   768   768 I ndc     : type=1400 audit(0.0:14): avc: denied { read write } for path="/dev/pts/1" dev="devpts" ino=4 scontext=u:r:wcnss_service:s0 tcontext=u:object_r:devpts:s0 tclass=chr_file permissive=1
01-01 00:00:18.119   768   768 I ndc     : type=1400 audit(0.0:15): avc: denied { read write } for path="/dev/pts/1" dev="devpts" ino=4 scontext=u:r:wcnss_service:s0 tcontext=u:object_r:devpts:s0 tclass=chr_file permissive=1
01-01 00:00:18.139   768   768 I ndc     : type=1400 audit(0.0:16): avc: denied { getattr } for path="/dev/pts/1" dev="devpts" ino=4 scontext=u:r:wcnss_service:s0 tcontext=u:object_r:devpts:s0 tclass=chr_file permissive=1
01-01 00:00:18.139   768   768 I ndc     : type=1400 audit(0.0:17): avc: denied { write } for name="netd" dev="tmpfs" ino=11522 scontext=u:r:wcnss_service:s0 tcontext=u:object_r:netd_socket:s0 tclass=sock_file permissive=1
01-01 00:00:18.142   345   345 E mm-camera-sensor: module_sensor_init_eeprom:5078 Exit subdev_id[SUB_MODULE_EEPROM] == -1
01-01 00:00:18.142   345   345 E mm-camera-sensor: module_sensor_init_eeprom:5078 Exit subdev_id[SUB_MODULE_EEPROM] == -1
01-01 00:00:18.144   395   395 I sh      : Error connecting (Connection refused)
