01-01 00:00:17.154   249   249 I qdutils : Top Align: 0
01-01 00:00:17.154   249   249 I qdutils : Height Align: 0
01-01 00:00:17.154   393   393 D PPDaemon: int dcm_os_intf_control(boolean): Entering
01-01 00:00:17.154   249   249 I qdutils : Min ROI Width: 0
01-01 00:00:17.154   249   249 I qdutils : Min ROI Height: 0
01-01 00:00:17.154   393   393 D PPDaemon: Calling LSM init 
01-01 00:00:17.154   249   249 I qdutils : Needs ROI Merge: 0
01-01 00:00:17.158   393   393 D PPDaemon: Diag_LSM_Init succeeded. 
01-01 00:00:17.158   393   393 D PPDaemon: QDCM_Service_ErrorTypes InitUtility(): Entering
01-01 00:00:17.158   393   393 D PPDaemon: MDP version: 0x10030001.
01-01 00:00:17.158   388   388 I sh      : Error connecting (Connection refused)
01-01 00:00:17.158   393   393 D PPDaemon: MDSS version: 0x10030001.
01-01 00:00:17.158   393   393 E         : [QDCM_Service_Open,1211]QDCM utility version=0x02060002
01-01 00:00:17.158   393   393 D PPDaemon: QDCM_Service_RegisterCallback() successful.
01-01 00:00:17.158   393   393 D PPDaemon: QDCM_Service_ErrorTypes InitUtility(): Exiting
01-01 00:00:17.158   393   393 D PPDaemon: intf.hContext = 0xb4f54180, qdcmContextHandle = 0xb4f54180
01-01 00:00:17.159   839   839 I ndc     : type=1400 audit(0.0:20): avc: denied { write } for name="netd" dev="tmpfs" ino=9606 scontext=u:r:wcnss_service:s0 tcontext=u:object_r:netd_socket:s0 tclass=sock_file permissive=1
01-01 00:00:17.159   393   393 D PPDaemon: int dcm_os_intf_control(boolean): Exiting
01-01 00:00:17.163   249   249 I qdhwcomposer: Initializing Qualcomm Hardware Composer
01-01 00:00:17.163   249   249 I qdhwcomposer: MDP version: 500
01-01 00:00:17.163   249   249 I SurfaceFlinger: Using composer version 1.4
01-01 00:00:17.163   249   249 I qdhwcomposer: hwc_registerProcs
01-01 00:00:17.163   249   249 I qdhwcomposer: Initializing UEVENT Thread
01-01 00:00:17.163   249   249 I qdhwcomposer: Initializing VSYNC Thread
01-01 00:00:17.163   249   249 D qdhwcomposer: hwc_getDisplayAttributes disp = 0, width = 1920
01-01 00:00:17.163   249   249 D qdhwcomposer: hwc_getDisplayAttributes disp = 0, height = 1080
01-01 00:00:17.164   249   249 I SurfaceFlinger: EGL information:
01-01 00:00:17.164   249   249 I SurfaceFlinger: vendor    : Android
01-01 00:00:17.164   249   249 I SurfaceFlinger: version   : 1.4 Android META-EGL
01-01 00:00:17.164   249   249 I SurfaceFlinger: extensions: EGL_KHR_get_all_proc_addresses EGL_ANDROID_presentation_time EGL_KHR_image EGL_KHR_image_base EGL_KHR_lock_surface EGL_KHR_gl_texture_2D_image EGL_KHR_gl_texture_cubemap_image EGL_KHR_gl_renderbuffer_image EGL_KHR_reusable_sync EGL_KHR_fence_sync EGL_KHR_create_context EGL_EXT_create_context_robustness EGL_ANDROID_image_native_buffer EGL_KHR_wait_sync EGL_ANDROID_recordable 
01-01 00:00:17.164   249   249 I SurfaceFlinger: Client API: OpenGL_ES
01-01 00:00:17.164   249   249 I SurfaceFlinger: EGLSurface: 8-8-8-8, config=0xb6917bc8
01-01 00:00:17.165   388   388 I sh      : Error connecting (Connection refused)
01-01 00:00:17.175   249   249 I SurfaceFlinger: OpenGL ES informations:
01-01 00:00:17.175   249   249 I SurfaceFlinger: vendor    : Qualcomm
01-01 00:00:17.175   249   249 I SurfaceFlinger: renderer  : Adreno (TM) 420
01-01 00:00:17.175   249   249 I SurfaceFlinger: version   : OpenGL ES 3.1V@104.0 (GIT@)
01-01 00:00:17.175   249   249 I SurfaceFlinger: extensions: GL_EXT_debug_marker GL_OES_EGL_image GL_OES_EGL_image_external GL_OES_EGL_sync GL_OES_vertex_half_float GL_OES_framebuffer_object GL_OES_rgb8_rgba8 GL_OES_compressed_ETC1_RGB8_texture GL_AMD_compressed_ATC_texture GL_KHR_texture_compression_astc_ldr GL_OES_texture_npot GL_EXT_texture_filter_anisotropic GL_EXT_texture_format_BGRA8888 GL_OES_texture_3D GL_EXT_color_buffer_float GL_EXT_color_buffer_half_float GL_QCOM_alpha_test GL_OES_depth24 GL_OES_packed_depth_stencil GL_OES_depth_texture GL_OES_depth_texture_cube_map GL_EXT_sRGB GL_OES_texture_float GL_OES_texture_float_linear GL_OES_texture_half_float GL_OES_texture_half_float_linear GL_EXT_texture_type_2_10_10_10_REV GL_EXT_texture_sRGB_decode GL_OES_element_index_uint GL_EXT_copy_image GL_EXT_geometry_shader GL_EXT_tessellation_shader GL_OES_texture_stencil8 GL_EXT_shader_io_blocks GL_OES_shader_image_atomic GL_OES_sample_variables GL_EXT_texture_border_clamp GL_EXT_multisampled_render_to_texture GL_OES_shader_multisample_interpolation GL_EXT_
01-01 00:00:17.175   249   249 I SurfaceFlinger: GL_MAX_TEXTURE_SIZE = 16384
01-01 00:00:17.175   249   249 I SurfaceFlinger: GL_MAX_VIEWPORT_DIMS = 16384
01-01 00:00:17.179   249   843 I qdhwcomposer: vsync_loop: Reading event 0 for dpy 0 from /sys/class/graphics/fb0/vsync_event
01-01 00:00:17.179   249   843 I qdhwcomposer: vsync_loop: Reading event 1 for dpy 0 from /sys/class/graphics/fb0/show_blank_event
01-01 00:00:17.179   249   843 I qdhwcomposer: vsync_loop: Reading event 0 for dpy 1 from /sys/class/graphics/fb1/vsync_event
01-01 00:00:17.179   249   843 I qdhwcomposer: vsync_loop: Reading event 1 for dpy 1 from /sys/class/graphics/fb1/show_blank_event
01-01 00:00:17.180   308   308 I ServiceManager: Waiting for service batterystats...
01-01 00:00:17.180   388   388 I sh      : Error connecting (Connection refused)
01-01 00:00:17.183   249   249 D SurfaceFlinger: Set power mode=2, type=0 flinger=0xb6962000
01-01 00:00:17.183   249   249 D qdhwcomposer: hwc_setPowerMode: Setting mode 2 on display: 0
01-01 00:00:17.186   249   843 I qdhwcomposer: handle_blank_event: dpy:0 panel power state: 1
01-01 00:00:17.191   388   388 I sh      : Error connecting (Connection refused)
01-01 00:00:17.198   249   249 D qdhwcomposer: hwc_setPowerMode: Done setting mode 2 on display 0
01-01 00:00:17.200   388   388 I sh      : Error connecting (Connection refused)
01-01 00:00:17.218   388   388 I sh      : Error connecting (Connection refused)
01-01 00:00:17.224   388   388 I sh      : Error connecting (Connection refused)
01-01 00:00:17.225   388   388 I sh      : sh terminated by exit(4)
01-01 00:00:17.291   249   292 I ServiceManager: Waiting to check permission android.permission.ACCESS_SURFACE_FLINGER from uid=1013 pid=856
01-01 00:00:17.324   343   343 E mm-camera-isp2: module_chroma_enhan40_init:92 name chroma_enhan40
01-01 00:00:17.328   343   343 E mm-camera-isp2: module_color_correct40_init:94 name color_correct40
01-01 00:00:17.330   343   343 E mm-camera-isp2: module_luma_adaptation40_init:90 name luma_adaptation40
01-01 00:00:17.383   323   323 I SamplingProfilerIntegration: Profiling disabled.
01-01 00:00:17.393   323   323 D Zygote  : begin preload
01-01 00:00:17.420   323   323 I Zygote  : Preloading classes...
01-01 00:00:17.438   323   323 I art     : Explicit concurrent mark sweep GC freed 1004(56KB) AllocSpace objects, 0(0B) LOS objects, 93% free, 76KB/1100KB, paused 105us total 17.156ms
01-01 00:00:17.445   343   343 E mm-camera-isp2: module_chroma_enhan40_init:92 name chroma_enhan40
01-01 00:00:17.446   343   343 E mm-camera-isp2: module_color_correct40_init:94 name color_correct40
01-01 00:00:17.446   343   343 E mm-camera-isp2: module_luma_adaptation40_init:90 name luma_adaptation40
01-01 00:00:17.446   323   323 I art     : Counter: 1
01-01 00:00:17.447   343   343 E mm-camera-isp2: isp_resource_gen_hws_caps:2415 i 0 isp id 0
01-01 00:00:17.447   343   343 E mm-camera-isp2: isp_resource_gen_hws_caps:2415 i 1 isp id 1
01-01 00:00:17.447   343   343 E mm-camera-isp2: module_isp_init:468 module 0xb6a51c40
01-01 00:00:17.447   343   343 E mm-camera: is_module_init: Enter
01-01 00:00:17.447   343   343 E mm-camera: gyro_module_init: Enter
01-01 00:00:17.447   343   343 E mm-camera: gyro_module_init: Exit successful
01-01 00:00:17.551   343   343 E mm-camera-vpu: vpu_module_init:48, INFO name=vpu
01-01 00:00:17.552   343   343 E mm-camera-vpu: vpu_client_find_vpu_device:64, INFO vpu device found: /dev/video1
01-01 00:00:17.552   343   343 E mm-camera-vpu: vpu_module_init:89, DEBUG SUCCESS
01-01 00:00:17.553   343   343 D mm-camera: module_afs_load:1473] Frame algo library loaded successfully
01-01 00:00:17.553   343   343 D mm-camera-img: module_imglib_create_port:1879 portname imglib_d2_i0
01-01 00:00:17.553   343   343 D mm-camera-img: img_core_get_comp:37] role 2 name qcom.faceproc
01-01 00:00:17.553   343   343 D mm-camera-img: img_core_get_comp:42] comp_index[0] role 0 name qcom.wavelet
01-01 00:00:17.553   343   343 D mm-camera-img: img_core_get_comp:42] comp_index[1] role 1 name qcom.hdr
01-01 00:00:17.553   343   343 D mm-camera-img: img_core_get_comp:42] comp_index[2] role 2 name qcom.faceproc
01-01 00:00:17.553   343   343 D mm-camera-img: img_core_get_comp:47] find component role 2 name qcom.faceproc
01-01 00:00:17.553   343   343 D mm-camera-img: face detection running in ARM mode, DSP is disabled in make file
01-01 00:00:17.553   343   343 D mm-camera-img: faceproc_comp_eng_load:436] E
01-01 00:00:17.564   343   343 W linker  : libmmcamera_faceproc.so has text relocations. This is wasting memory and prevents security hardening. Please fix.
01-01 00:00:17.566   343   343 D mm-camera-img: img_core_get_comp:37] role 1 name qcom.hdr
01-01 00:00:17.566   343   343 D mm-camera-img: img_core_get_comp:42] comp_index[0] role 0 name qcom.wavelet
01-01 00:00:17.566   343   343 D mm-camera-img: img_core_get_comp:42] comp_index[1] role 1 name qcom.hdr
01-01 00:00:17.566   343   343 D mm-camera-img: img_core_get_comp:47] find component role 1 name qcom.hdr
01-01 00:00:17.598   343   343 D mm-camera-img: hdr_comp_load:1171] HDR library loaded successfully
01-01 00:00:17.598   343   343 D hdr     : Port hdr_dummy initialized
01-01 00:00:17.598   343   343 D mm-camera-img: img_core_get_comp:37] role 4 name qcom.gen_frameproc
01-01 00:00:17.598   343   343 D mm-camera-img: img_core_get_comp:42] comp_index[0] role 0 name qcom.wavelet
01-01 00:00:17.598   343   343 D mm-camera-img: img_core_get_comp:42] comp_index[1] role 1 name qcom.hdr
01-01 00:00:17.598   343   343 D mm-camera-img: img_core_get_comp:42] comp_index[2] role 2 name qcom.faceproc
01-01 00:00:17.598   343   343 D mm-camera-img: img_core_get_comp:42] comp_index[3] role 3 name qcom.cac
01-01 00:00:17.598   343   343 D mm-camera-img: img_core_get_comp:42] comp_index[4] role 4 name qcom.gen_frameproc
01-01 00:00:17.598   343   343 D mm-camera-img: img_core_get_comp:47] find component role 4 name qcom.gen_frameproc
01-01 00:00:17.598   343   343 E mm-camera-img: frameproc_comp_load:818] Error opening frameproc library libmmcamera_chromaflash_lib.so
01-01 00:00:17.598   343   343 E mm-camera: module_imgbase_init:1070] Error rc -6
01-01 00:00:17.598   343   343 E mm-camera-img: module_imglib_create_topology:628] Can not init the module imglib_chroma_flash
01-01 00:00:17.598   343   343 D mm-camera-img: img_core_get_comp:37] role 4 name qcom.gen_frameproc
01-01 00:00:17.598   343   343 D mm-camera-img: img_core_get_comp:42] comp_index[0] role 0 name qcom.wavelet
01-01 00:00:17.598   343   343 D mm-camera-img: img_core_get_comp:42] comp_index[1] role 1 name qcom.hdr
01-01 00:00:17.598   343   343 D mm-camera-img: img_core_get_comp:42] comp_index[2] role 2 name qcom.faceproc
01-01 00:00:17.598   343   343 D mm-camera-img: img_core_get_comp:42] comp_index[3] role 3 name qcom.cac
01-01 00:00:17.598   343   343 D mm-camera-img: img_core_get_comp:42] comp_index[4] role 4 name qcom.gen_frameproc
01-01 00:00:17.598   343   343 D mm-camera-img: img_core_get_comp:47] find component role 4 name qcom.gen_frameproc
01-01 00:00:17.598   343   343 E mm-camera-img: frameproc_comp_load:818] Error opening frameproc library libmmcamera_optizoom_lib.so
01-01 00:00:17.598   343   343 E mm-camera: module_imgbase_init:1070] Error rc -6
01-01 00:00:17.598   343   343 E mm-camera-img: module_imglib_create_topology:628] Can not init the module imglib_optizoom
01-01 00:00:17.598   343   343 D mm-camera-img: img_core_get_comp:37] role 4 name qcom.gen_frameproc
01-01 00:00:17.598   343   343 D mm-camera-img: img_core_get_comp:42] comp_index[0] role 0 name qcom.wavelet
01-01 00:00:17.598   343   343 D mm-camera-img: img_core_get_comp:42] comp_index[1] role 1 name qcom.hdr
01-01 00:00:17.598   343   343 D mm-camera-img: img_core_get_comp:42] comp_index[2] role 2 name qcom.faceproc
01-01 00:00:17.598   343   343 D mm-camera-img: img_core_get_comp:42] comp_index[3] role 3 name qcom.cac
01-01 00:00:17.598   343   343 D mm-camera-img: img_core_get_comp:42] comp_index[4] role 4 name qcom.gen_frameproc
01-01 00:00:17.598   343   343 D mm-camera-img: img_core_get_comp:47] find component role 4 name qcom.gen_frameproc
01-01 00:00:17.598   343   343 E mm-camera-img: frameproc_comp_load:818] Error opening frameproc library libmmcamera_ubifocus_lib.so
01-01 00:00:17.598   343   343 E mm-camera: module_imgbase_init:1070] Error rc -6
01-01 00:00:17.598   343   343 E mm-camera-img: module_imglib_create_topology:628] Can not init the module imglib_ubifocus
01-01 00:00:17.599   343   343 D mm-camera-img: img_core_get_comp:37] role 4 name qcom.gen_frameproc
01-01 00:00:17.599   343   343 D mm-camera-img: img_core_get_comp:42] comp_index[0] role 0 name qcom.wavelet
01-01 00:00:17.599   343   343 D mm-camera-img: img_core_get_comp:42] comp_index[1] role 1 name qcom.hdr
01-01 00:00:17.599   343   343 D mm-camera-img: img_core_get_comp:42] comp_index[2] role 2 name qcom.faceproc
01-01 00:00:17.599   343   343 D mm-camera-img: img_core_get_comp:42] comp_index[3] role 3 name qcom.cac
01-01 00:00:17.599   343   343 D mm-camera-img: img_core_get_comp:42] comp_index[4] role 4 name qcom.gen_frameproc
01-01 00:00:17.599   343   343 D mm-camera-img: img_core_get_comp:47] find component role 4 name qcom.gen_frameproc
01-01 00:00:17.599   343   343 E mm-camera-img: frameproc_comp_load:818] Error opening frameproc library libmmcamera_ubifocus_lib.so
01-01 00:00:17.599   343   343 E mm-camera: module_imgbase_init:1070] Error rc -6
01-01 00:00:17.599   343   343 E mm-camera-img: module_imglib_create_topology:628] Can not init the module imglib_refocus
01-01 00:00:17.599   343   343 D mm-camera-img: module_imglib_create_dummy_port:2001 portname imglib_dymmy_d1_i0
01-01 00:00:17.639  1232  1232 I nmbd    : type=1400 audit(0.0:21): avc: denied { setopt } for scontext=u:r:init:s0 tcontext=u:r:init:s0 tclass=udp_socket permissive=1
01-01 00:00:17.639  1232  1232 I nmbd    : type=1400 audit(0.0:22): avc: denied { bind } for scontext=u:r:init:s0 tcontext=u:r:init:s0 tclass=udp_socket permissive=1
01-01 00:00:17.639  1232  1232 I nmbd    : type=1400 audit(0.0:23): avc: denied { name_bind } for src=137 scontext=u:r:init:s0 tcontext=u:object_r:port:s0 tclass=udp_socket permissive=1
01-01 00:00:17.639  1232  1232 I nmbd    : type=1400 audit(0.0:24): avc: denied { node_bind } for src=137 scontext=u:r:init:s0 tcontext=u:object_r:node:s0 tclass=udp_socket permissive=1
01-01 00:00:17.639  1232  1232 I nmbd    : type=1400 audit(0.0:25): avc: denied { getopt } for lport=137 scontext=u:r:init:s0 tcontext=u:r:init:s0 tclass=udp_socket permissive=1
01-01 00:00:17.717   323   323 E Minikin : addFont failed to create font /system/fonts/NotoSansGujarati-Regular.ttf
01-01 00:00:17.717   323   323 E Minikin : addFont failed to create font /system/fonts/NotoSansGujarati-Bold.ttf
01-01 00:00:17.717   323   323 E Minikin : addFont failed to create font /system/fonts/NotoSansGujaratiUI-Regular.ttf
01-01 00:00:17.717   323   323 E Minikin : addFont failed to create font /system/fonts/NotoSansGujaratiUI-Bold.ttf
01-01 00:00:17.717   323   323 E Minikin : addFont failed to create font /system/fonts/NotoSansGurmukhi-Regular.ttf
01-01 00:00:17.717   323   323 E Minikin : addFont failed to create font /system/fonts/NotoSansGurmukhi-Bold.ttf
01-01 00:00:17.717   323   323 E Minikin : addFont failed to create font /system/fonts/NotoSansGurmukhiUI-Regular.ttf
01-01 00:00:17.717   323   323 E Minikin : addFont failed to create font /system/fonts/NotoSansGurmukhiUI-Bold.ttf
01-01 00:00:17.749   323   323 E Minikin : addFont failed to create font /system/fonts/NotoSansSinhala-Regular.ttf
01-01 00:00:17.749   323   323 E Minikin : addFont failed to create font /system/fonts/NotoSansSinhala-Bold.ttf
01-01 00:00:17.764   323   323 E Minikin : addFont failed to create font /system/fonts/NotoSansCherokee-Regular.ttf
01-01 00:00:17.764   323   323 E Minikin : addFont failed to create font /system/fonts/NotoSansCanadianAboriginal-Regular.ttf
01-01 00:00:17.764   323   323 E Minikin : addFont failed to create font /system/fonts/NotoSansYi-Regular.ttf
01-01 00:00:17.764   323   323 E Minikin : addFont failed to create font /system/fonts/NotoSansHans-Regular.otf
01-01 00:00:17.764   323   323 E Minikin : addFont failed to create font /system/fonts/NotoSansHant-Regular.otf
01-01 00:00:17.764   323   323 E Minikin : addFont failed to create font /system/fonts/NotoSansJP-Regular.otf
01-01 00:00:17.764   323   323 E Minikin : addFont failed to create font /system/fonts/NotoSansKR-Regular.otf
01-01 00:00:17.768   304   304 V NatController: runCmd(/system/bin/iptables -F natctrl_FORWARD) res=0
01-01 00:00:17.777   304   304 V NatController: runCmd(/system/bin/iptables -A natctrl_FORWARD -j DROP) res=0
01-01 00:00:17.789   304   304 V NatController: runCmd(/system/bin/iptables -t nat -F natctrl_nat_POSTROUTING) res=0
01-01 00:00:17.798   304   304 V NatController: runCmd(/system/bin/iptables -F natctrl_tether_counters) res=1
01-01 00:00:17.810   304   304 V NatController: runCmd(/system/bin/iptables -X natctrl_tether_counters) res=1
01-01 00:00:17.817   304   304 V NatController: runCmd(/system/bin/iptables -N natctrl_tether_counters) res=0
01-01 00:00:17.825   304   304 V NatController: runCmd(/system/bin/iptables -t mangle -A natctrl_mangle_FORWARD -p tcp --tcp-flags SYN SYN -j TCPMSS --clamp-mss-to-pmtu) res=1
01-01 00:00:17.982   323   323 I art     : Thread[1,tid=323,WaitingForJniOnLoad,Thread*=0xb5107800,peer=0x12c430e0,"main"] recursive attempt to load library "/system/lib/libmedia_jni.so"
01-01 00:00:17.982   323   323 D MtpDeviceJNI: register_android_mtp_MtpDevice
01-01 00:00:17.986   323   323 I art     : Thread[1,tid=323,WaitingForJniOnLoad,Thread*=0xb5107800,peer=0x12c430e0,"main"] recursive attempt to load library "/system/lib/libmedia_jni.so"
01-01 00:00:17.986   323   323 I art     : Thread[1,tid=323,WaitingForJniOnLoad,Thread*=0xb5107800,peer=0x12c430e0,"main"] recursive attempt to load library "/system/lib/libmedia_jni.so"
01-01 00:00:18.002   341   341 E QC-time-services: Daemon:genoff_modem_qmi_init: qmi_client_get_service_list returned -2num_services 0
01-01 00:00:18.099   323   323 E EmojiFactory_jni: Failed to load libemoji.so: dlopen failed: library "libemoji.so" not found
01-01 00:00:18.180   308   308 I ServiceManager: Waiting for service batterystats...
01-01 00:00:18.183   249   851 W SurfaceFlinger: Timed out waiting for hw vsync; faking it
01-01 00:00:18.311   304   304 E Netd    : failed to flush rules
01-01 00:00:18.311   304   304 E CommandListener: failed to initialize RouteController (Remote I/O error)
01-01 00:00:18.312   304   304 D MDnsDS  : MDnsSdListener::Hander starting up
01-01 00:00:18.313   304  1336 D MDnsDS  : MDnsSdListener starting to monitor
01-01 00:00:18.313   304  1336 D MDnsDS  : Going to poll with pollCount 1
01-01 00:00:18.403   323   323 I System  : Loaded time zone names for "" in 46ms (44ms in ICU)
01-01 00:00:18.428   249   249 D SurfaceFlinger: shader cache generated - 24 shaders in 244.286255 ms
01-01 00:00:18.433   323   323 I System  : Loaded time zone names for "en_US" in 30ms (27ms in ICU)
01-01 00:00:18.452   249   249 D qdutils : DEBUG_CALC_FPS: 0
01-01 00:00:18.452   249   249 D qdutils : period: 10
01-01 00:00:18.452   249   249 D qdutils : ignorethresh_us: 500000
01-01 00:00:18.477   323   323 I art     : Explicit concurrent mark sweep GC freed 3968(233KB) AllocSpace objects, 0(0B) LOS objects, 39% free, 1545KB/2MB, paused 107us total 5.874ms
01-01 00:00:18.477   323   323 I Zygote  : ...preloaded 3005 classes in 1056ms.
01-01 00:00:18.477   323   323 I art     : VMRuntime.preloadDexCaches starting
01-01 00:00:18.540   323   323 I art     : VMRuntime.preloadDexCaches strings total=214120 before=39691 after=39691
01-01 00:00:18.541   323   323 I art     : VMRuntime.preloadDexCaches types total=18395 before=6366 after=6407
01-01 00:00:18.541   323   323 I art     : VMRuntime.preloadDexCaches fields total=86519 before=32240 after=32603
01-01 00:00:18.541   323   323 I art     : VMRuntime.preloadDexCaches methods total=152052 before=66290 after=67192
01-01 00:00:18.541   323   323 I art     : VMRuntime.preloadDexCaches finished
01-01 00:00:18.541   323   323 I art     : Counter: 0
01-01 00:00:18.541   323   323 I art     : Counter: 1
01-01 00:00:18.547   323   323 I art     : Explicit concurrent mark sweep GC freed 59(15KB) AllocSpace objects, 0(0B) LOS objects, 40% free, 1530KB/2MB, paused 103us total 5.618ms
01-01 00:00:18.563  1340  1340 D idmap   : error: no read access to /vendor/overlay: No such file or directory
01-01 00:00:18.638   323   323 I Zygote  : Preloading resources...
01-01 00:00:18.647   323   323 W Resources: Preloaded drawable resource #0x1080096 (android:drawable/toast_frame) that varies with configuration!!
01-01 00:00:18.648   323   323 W Resources: Preloaded drawable resource #0x1080111 (android:drawable/btn_check_on_pressed_holo_light) that varies with configuration!!
01-01 00:00:18.649   323   323 W Resources: Preloaded drawable resource #0x1080110 (android:drawable/btn_check_on_pressed_holo_dark) that varies with configuration!!
01-01 00:00:18.649   323   323 W Resources: Preloaded drawable resource #0x108010d (android:drawable/btn_check_on_holo_light) that varies with configuration!!
01-01 00:00:18.650   323   323 W Resources: Preloaded drawable resource #0x108010c (android:drawable/btn_check_on_holo_dark) that varies with configuration!!
01-01 00:00:18.651   323   323 W Resources: Preloaded drawable resource #0x108010a (android:drawable/btn_check_on_focused_holo_light) that varies with configuration!!
01-01 00:00:18.652   323   323 W Resources: Preloaded drawable resource #0x1080109 (android:drawable/btn_check_on_focused_holo_dark) that varies with configuration!!
01-01 00:00:18.652   323   323 W Resources: Preloaded drawable resource #0x1080108 (android:drawable/btn_check_on_disabled_holo_light) that varies with configuration!!
01-01 00:00:18.653   323   323 W Resources: Preloaded drawable resource #0x1080107 (android:drawable/btn_check_on_disabled_holo_dark) that varies with configuration!!
01-01 00:00:18.653   323   323 W Resources: Preloaded drawable resource #0x1080106 (android:drawable/btn_check_on_disabled_focused_holo_light) that varies with configuration!!
01-01 00:00:18.653   323   323 W Resources: Preloaded drawable resource #0x1080105 (android:drawable/btn_check_on_disabled_focused_holo_dark) that varies with configuration!!
01-01 00:00:18.654   323   323 W Resources: Preloaded drawable resource #0x10800fd (android:drawable/btn_check_off_pressed_holo_light) that varies with configuration!!
01-01 00:00:18.655   323   323 W Resources: Preloaded drawable resource #0x10800fc (android:drawable/btn_check_off_pressed_holo_dark) that varies with configuration!!
01-01 00:00:18.655   323   323 W Resources: Preloaded drawable resource #0x10800f7 (android:drawable/btn_check_off_holo_light) that varies with configuration!!
01-01 00:00:18.656   323   323 W Resources: Preloaded drawable resource #0x10800f6 (android:drawable/btn_check_off_holo_dark) that varies with configuration!!
01-01 00:00:18.656   323   323 W Resources: Preloaded drawable resource #0x10800f4 (android:drawable/btn_check_off_focused_holo_light) that varies with configuration!!
01-01 00:00:18.657   323   323 W Resources: Preloaded drawable resource #0x10800f3 (android:drawable/btn_check_off_focused_holo_dark) that varies with configuration!!
01-01 00:00:18.657   323   323 W Resources: Preloaded drawable resource #0x10800f2 (android:drawable/btn_check_off_disabled_holo_light) that varies with configuration!!
01-01 00:00:18.657   323   323 W Resources: Preloaded drawable resource #0x10800f1 (android:drawable/btn_check_off_disabled_holo_dark) that varies with configuration!!
01-01 00:00:18.658   323   323 W Resources: Preloaded drawable resource #0x10800f0 (android:drawable/btn_check_off_disabled_focused_holo_light) that varies with configuration!!
01-01 00:00:18.658   323   323 W Resources: Preloaded drawable resource #0x10800ef (android:drawable/btn_check_off_disabled_focused_holo_dark) that varies with configuration!!
01-01 00:00:18.659   323   323 W Resources: Preloaded drawable resource #0x108010d (android:drawable/btn_check_on_holo_light) that varies with configuration!!
01-01 00:00:18.659   323   323 W Resources: Preloaded drawable resource #0x10800f7 (android:drawable/btn_check_off_holo_light) that varies with configuration!!
01-01 00:00:18.659   323   323 W Resources: Preloaded drawable resource #0x1080111 (android:drawable/btn_check_on_pressed_holo_light) that varies with configuration!!
01-01 00:00:18.660   323   323 W Resources: Preloaded drawable resource #0x10800fd (android:drawable/btn_check_off_pressed_holo_light) that varies with configuration!!
01-01 00:00:18.660   323   323 W Resources: Preloaded drawable resource #0x108010a (android:drawable/btn_check_on_focused_holo_light) that varies with configuration!!
01-01 00:00:18.660   323   323 W Resources: Preloaded drawable resource #0x10800f4 (android:drawable/btn_check_off_focused_holo_light) that varies with configuration!!
01-01 00:00:18.661   323   323 W Resources: Preloaded drawable resource #0x10800f7 (android:drawable/btn_check_off_holo_light) that varies with configuration!!
01-01 00:00:18.661   323   323 W Resources: Preloaded drawable resource #0x108010d (android:drawable/btn_check_on_holo_light) that varies with configuration!!
01-01 00:00:18.662   323   323 W Resources: Preloaded drawable resource #0x1080108 (android:drawable/btn_check_on_disabled_holo_light) that varies with configuration!!
01-01 00:00:18.662   323   323 W Resources: Preloaded drawable resource #0x10800f2 (android:drawable/btn_check_off_disabled_holo_light) that varies with configuration!!
01-01 00:00:18.662   323   323 W Resources: Preloaded drawable resource #0x1080106 (android:drawable/btn_check_on_disabled_focused_holo_light) that varies with configuration!!
01-01 00:00:18.662   323   323 W Resources: Preloaded drawable resource #0x10800f0 (android:drawable/btn_check_off_disabled_focused_holo_light) that varies with configuration!!
01-01 00:00:18.663   323   323 W Resources: Preloaded drawable resource #0x10800f2 (android:drawable/btn_check_off_disabled_holo_light) that varies with configuration!!
01-01 00:00:18.663   323   323 W Resources: Preloaded drawable resource #0x1080108 (android:drawable/btn_check_on_disabled_holo_light) that varies with configuration!!
01-01 00:00:18.663   323   323 W Resources: Preloaded drawable resource #0x10800e5 (android:drawable/btn_check_holo_light) that varies with configuration!!
01-01 00:00:18.664   323   323 W Resources: Preloaded drawable resource #0x108010c (android:drawable/btn_check_on_holo_dark) that varies with configuration!!
01-01 00:00:18.664   323   323 W Resources: Preloaded drawable resource #0x10800f6 (android:drawable/btn_check_off_holo_dark) that varies with configuration!!
01-01 00:00:18.665   323   323 W Resources: Preloaded drawable resource #0x1080110 (android:drawable/btn_check_on_pressed_holo_dark) that varies with configuration!!
01-01 00:00:18.665   323   323 W Resources: Preloaded drawable resource #0x10800fc (android:drawable/btn_check_off_pressed_holo_dark) that varies with configuration!!
01-01 00:00:18.665   323   323 W Resources: Preloaded drawable resource #0x1080109 (android:drawable/btn_check_on_focused_holo_dark) that varies with configuration!!
01-01 00:00:18.666   323   323 W Resources: Preloaded drawable resource #0x10800f3 (android:drawable/btn_check_off_focused_holo_dark) that varies with configuration!!
01-01 00:00:18.666   323   323 W Resources: Preloaded drawable resource #0x10800f6 (android:drawable/btn_check_off_holo_dark) that varies with configuration!!
01-01 00:00:18.666   323   323 W Resources: Preloaded drawable resource #0x108010c (android:drawable/btn_check_on_holo_dark) that varies with configuration!!
01-01 00:00:18.667   323   323 W Resources: Preloaded drawable resource #0x1080107 (android:drawable/btn_check_on_disabled_holo_dark) that varies with configuration!!
01-01 00:00:18.667   323   323 W Resources: Preloaded drawable resource #0x10800f1 (android:drawable/btn_check_off_disabled_holo_dark) that varies with configuration!!
01-01 00:00:18.667   323   323 W Resources: Preloaded drawable resource #0x1080105 (android:drawable/btn_check_on_disabled_focused_holo_dark) that varies with configuration!!
01-01 00:00:18.668   323   323 W Resources: Preloaded drawable resource #0x10800ef (android:drawable/btn_check_off_disabled_focused_holo_dark) that varies with configuration!!
01-01 00:00:18.668   323   323 W Resources: Preloaded drawable resource #0x10800f1 (android:drawable/btn_check_off_disabled_holo_dark) that varies with configuration!!
01-01 00:00:18.668   323   323 W Resources: Preloaded drawable resource #0x1080107 (android:drawable/btn_check_on_disabled_holo_dark) that varies with configuration!!
01-01 00:00:18.669   323   323 W Resources: Preloaded drawable resource #0x10800e4 (android:drawable/btn_check_holo_dark) that varies with configuration!!
01-01 00:00:18.670   323   323 W Resources: Preloaded drawable resource #0x10801c3 (android:drawable/btn_radio_on_pressed_holo_light) that varies with configuration!!
01-01 00:00:18.670   323   323 W Resources: Preloaded drawable resource #0x10801c2 (android:drawable/btn_radio_on_pressed_holo_dark) that varies with configuration!!
01-01 00:00:18.671   323   323 W Resources: Preloaded drawable resource #0x10801bf (android:drawable/btn_radio_on_holo_light) that varies with configuration!!
01-01 00:00:18.672   323   323 W Resources: Preloaded drawable resource #0x10801be (android:drawable/btn_radio_on_holo_dark) that varies with configuration!!
01-01 00:00:18.673   323   323 W Resources: Preloaded drawable resource #0x10801bc (android:drawable/btn_radio_on_focused_holo_light) that varies with configuration!!
01-01 00:00:18.673   323   323 W Resources: Preloaded drawable resource #0x10801bb (android:drawable/btn_radio_on_focused_holo_dark) that varies with configuration!!
01-01 00:00:18.674   323   323 W Resources: Preloaded drawable resource #0x10801ba (android:drawable/btn_radio_on_disabled_holo_light) that varies with configuration!!
01-01 00:00:18.674   323   323 W Resources: Preloaded drawable resource #0x10801b9 (android:drawable/btn_radio_on_disabled_holo_dark) that varies with configuration!!
01-01 00:00:18.675   323   323 W Resources: Preloaded drawable resource #0x10801b8 (android:drawable/btn_radio_on_disabled_focused_holo_light) that varies with configuration!!
01-01 00:00:18.675   323   323 W Resources: Preloaded drawable resource #0x10801b7 (android:drawable/btn_radio_on_disabled_focused_holo_dark) that varies with configuration!!
01-01 00:00:18.676   323   323 W Resources: Preloaded drawable resource #0x10801b3 (android:drawable/btn_radio_off_pressed_holo_light) that varies with configuration!!
01-01 00:00:18.676   323   323 W Resources: Preloaded drawable resource #0x10801b2 (android:drawable/btn_radio_off_pressed_holo_dark) that varies with configuration!!
01-01 00:00:18.677   323   323 W Resources: Preloaded drawable resource #0x10801af (android:drawable/btn_radio_off_holo_light) that varies with configuration!!
01-01 00:00:18.678   323   323 W Resources: Preloaded drawable resource #0x10801ae (android:drawable/btn_radio_off_holo_dark) that varies with configuration!!
01-01 00:00:18.678   323   323 W Resources: Preloaded drawable resource #0x10801ac (android:drawable/btn_radio_off_focused_holo_light) that varies with configuration!!
01-01 00:00:18.679   323   323 W Resources: Preloaded drawable resource #0x10801ab (android:drawable/btn_radio_off_focused_holo_dark) that varies with configuration!!
01-01 00:00:18.679   323   323 W Resources: Preloaded drawable resource #0x10801aa (android:drawable/btn_radio_off_disabled_holo_light) that varies with configuration!!
01-01 00:00:18.680   323   323 W Resources: Preloaded drawable resource #0x10801a9 (android:drawable/btn_radio_off_disabled_holo_dark) that varies with configuration!!
01-01 00:00:18.680   323   323 W Resources: Preloaded drawable resource #0x10801a8 (android:drawable/btn_radio_off_disabled_focused_holo_light) that varies with configuration!!
01-01 00:00:18.681   323   323 W Resources: Preloaded drawable resource #0x10801a7 (android:drawable/btn_radio_off_disabled_focused_holo_dark) that varies with configuration!!
01-01 00:00:18.681   323   323 W Resources: Preloaded drawable resource #0x1080152 (android:drawable/btn_default_pressed_holo_light) that varies with configuration!!
01-01 00:00:18.682   323   323 W Resources: Preloaded drawable resource #0x1080151 (android:drawable/btn_default_pressed_holo_dark) that varies with configuration!!
01-01 00:00:18.683   323   323 W Resources: Preloaded drawable resource #0x108014e (android:drawable/btn_default_normal_holo_light) that varies with configuration!!
01-01 00:00:18.683   323   323 W Resources: Preloaded drawable resource #0x108014d (android:drawable/btn_default_normal_holo_dark) that varies with configuration!!
01-01 00:00:18.684   323   323 W Resources: Preloaded drawable resource #0x1080144 (android:drawable/btn_default_focused_holo_light) that varies with configuration!!
01-01 00:00:18.684   323   323 W Resources: Preloaded drawable resource #0x1080143 (android:drawable/btn_default_focused_holo_dark) that varies with configuration!!
01-01 00:00:18.684   323   323 W Resources: Preloaded drawable resource #0x1080141 (android:drawable/btn_default_disabled_holo_light) that varies with configuration!!
01-01 00:00:18.685   323   323 W Resources: Preloaded drawable resource #0x1080140 (android:drawable/btn_default_disabled_holo_dark) that varies with configuration!!
01-01 00:00:18.686   323   323 W Resources: Preloaded drawable resource #0x108013e (android:drawable/btn_default_disabled_focused_holo_light) that varies with configuration!!
01-01 00:00:18.686   323   323 W Resources: Preloaded drawable resource #0x108013d (android:drawable/btn_default_disabled_focused_holo_dark) that varies with configuration!!
01-01 00:00:18.686   323   323 W Resources: Preloaded drawable resource #0x108014d (android:drawable/btn_default_normal_holo_dark) that varies with configuration!!
01-01 00:00:18.687   323   323 W Resources: Preloaded drawable resource #0x1080140 (android:drawable/btn_default_disabled_holo_dark) that varies with configuration!!
01-01 00:00:18.687   323   323 W Resources: Preloaded drawable resource #0x1080151 (android:drawable/btn_default_pressed_holo_dark) that varies with configuration!!
01-01 00:00:18.687   323   323 W Resources: Preloaded drawable resource #0x1080143 (android:drawable/btn_default_focused_holo_dark) that varies with configuration!!
01-01 00:00:18.688   323   323 W Resources: Preloaded drawable resource #0x108014d (android:drawable/btn_default_normal_holo_dark) that varies with configuration!!
01-01 00:00:18.688   323   323 W Resources: Preloaded drawable resource #0x108013d (android:drawable/btn_default_disabled_focused_holo_dark) that varies with configuration!!
01-01 00:00:18.688   323   323 W Resources: Preloaded drawable resource #0x1080140 (android:drawable/btn_default_disabled_holo_dark) that varies with configuration!!
01-01 00:00:18.689   323   323 W Resources: Preloaded drawable resource #0x1080145 (android:drawable/btn_default_holo_dark) that varies with configuration!!
01-01 00:00:18.689   323   323 W Resources: Preloaded drawable resource #0x108014e (android:drawable/btn_default_normal_holo_light) that varies with configuration!!
01-01 00:00:18.690   323   323 W Resources: Preloaded drawable resource #0x1080141 (android:drawable/btn_default_disabled_holo_light) that varies with configuration!!
01-01 00:00:18.690   323   323 W Resources: Preloaded drawable resource #0x1080152 (android:drawable/btn_default_pressed_holo_light) that varies with configuration!!
01-01 00:00:18.690   323   323 W Resources: Preloaded drawable resource #0x1080144 (android:drawable/btn_default_focused_holo_light) that varies with configuration!!
01-01 00:00:18.691   323   323 W Resources: Preloaded drawable resource #0x108014e (android:drawable/btn_default_normal_holo_light) that varies with configuration!!
01-01 00:00:18.691   323   323 W Resources: Preloaded drawable resource #0x108013e (android:drawable/btn_default_disabled_focused_holo_light) that varies with configuration!!
01-01 00:00:18.691   323   323 W Resources: Preloaded drawable resource #0x1080141 (android:drawable/btn_default_disabled_holo_light) that varies with configuration!!
01-01 00:00:18.691   323   323 W Resources: Preloaded drawable resource #0x1080146 (android:drawable/btn_default_holo_light) that varies with configuration!!
01-01 00:00:18.692   323   323 W Resources: Preloaded drawable resource #0x1080224 (android:drawable/btn_star_off_normal_holo_light) that varies with configuration!!
01-01 00:00:18.699   323   323 W Resources: Preloaded drawable resource #0x108022e (android:drawable/btn_star_on_normal_holo_light) that varies with configuration!!
01-01 00:00:18.700   323   323 W Resources: Preloaded drawable resource #0x108022a (android:drawable/btn_star_on_disabled_holo_light) that varies with configuration!!
01-01 00:00:18.700   323   323 W Resources: Preloaded drawable resource #0x1080220 (android:drawable/btn_star_off_disabled_holo_light) that varies with configuration!!
01-01 00:00:18.700   323   323 W Resources: Preloaded drawable resource #0x1080230 (android:drawable/btn_star_on_pressed_holo_light) that varies with configuration!!
01-01 00:00:18.701   323   323 W Resources: Preloaded drawable resource #0x1080226 (android:drawable/btn_star_off_pressed_holo_light) that varies with configuration!!
01-01 00:00:18.701   323   323 W Resources: Preloaded drawable resource #0x108022c (android:drawable/btn_star_on_focused_holo_light) that varies with configuration!!
01-01 00:00:18.702   323   323 W Resources: Preloaded drawable resource #0x1080222 (android:drawable/btn_star_off_focused_holo_light) that varies with configuration!!
01-01 00:00:18.702   323   323 W Resources: Preloaded drawable resource #0x1080228 (android:drawable/btn_star_on_disabled_focused_holo_light) that varies with configuration!!
01-01 00:00:18.703   323   323 W Resources: Preloaded drawable resource #0x108021e (android:drawable/btn_star_off_disabled_focused_holo_light) that varies with configuration!!
01-01 00:00:18.703   323   323 W Resources: Preloaded drawable resource #0x1080224 (android:drawable/btn_star_off_normal_holo_light) that varies with configuration!!
01-01 00:00:18.704   323   323 W Resources: Preloaded drawable resource #0x108022e (android:drawable/btn_star_on_normal_holo_light) that varies with configuration!!
01-01 00:00:18.704   323   323 W Resources: Preloaded drawable resource #0x108022a (android:drawable/btn_star_on_disabled_holo_light) that varies with configuration!!
01-01 00:00:18.705   323   323 W Resources: Preloaded drawable resource #0x1080220 (android:drawable/btn_star_off_disabled_holo_light) that varies with configuration!!
01-01 00:00:18.705   323   323 W Resources: Preloaded drawable resource #0x1080230 (android:drawable/btn_star_on_pressed_holo_light) that varies with configuration!!
01-01 00:00:18.705   323   323 W Resources: Preloaded drawable resource #0x1080226 (android:drawable/btn_star_off_pressed_holo_light) that varies with configuration!!
01-01 00:00:18.706   323   323 W Resources: Preloaded drawable resource #0x108022c (android:drawable/btn_star_on_focused_holo_light) that varies with configuration!!
01-01 00:00:18.707   323   323 W Resources: Preloaded drawable resource #0x1080222 (android:drawable/btn_star_off_focused_holo_light) that varies with configuration!!
01-01 00:00:18.714   323   323 W Resources: Preloaded drawable resource #0x1080228 (android:drawable/btn_star_on_disabled_focused_holo_light) that varies with configuration!!
01-01 00:00:18.715   323   323 W Resources: Preloaded drawable resource #0x108022a (android:drawable/btn_star_on_disabled_holo_light) that varies with configuration!!
01-01 00:00:18.715   323   323 W Resources: Preloaded drawable resource #0x108021e (android:drawable/btn_star_off_disabled_focused_holo_light) that varies with configuration!!
01-01 00:00:18.716   323   323 W Resources: Preloaded drawable resource #0x1080220 (android:drawable/btn_star_off_disabled_holo_light) that varies with configuration!!
01-01 00:00:18.716   323   323 W Resources: Preloaded drawable resource #0x1080224 (android:drawable/btn_star_off_normal_holo_light) that varies with configuration!!
01-01 00:00:18.717   323   323 W Resources: Preloaded drawable resource #0x108022e (android:drawable/btn_star_on_normal_holo_light) that varies with configuration!!
01-01 00:00:18.717   323   323 W Resources: Preloaded drawable resource #0x1080219 (android:drawable/btn_star_holo_light) that varies with configuration!!
01-01 00:00:18.723   323   323 W Resources: Preloaded drawable resource #0x1080223 (android:drawable/btn_star_off_normal_holo_dark) that varies with configuration!!
01-01 00:00:18.723   323   323 W Resources: Preloaded drawable resource #0x108022d (android:drawable/btn_star_on_normal_holo_dark) that varies with configuration!!
01-01 00:00:18.723   323   323 W Resources: Preloaded drawable resource #0x1080229 (android:drawable/btn_star_on_disabled_holo_dark) that varies with configuration!!
01-01 00:00:18.724   323   323 W Resources: Preloaded drawable resource #0x108021f (android:drawable/btn_star_off_disabled_holo_dark) that varies with configuration!!
01-01 00:00:18.724   323   323 W Resources: Preloaded drawable resource #0x108022f (android:drawable/btn_star_on_pressed_holo_dark) that varies with configuration!!
01-01 00:00:18.724   323   323 W Resources: Preloaded drawable resource #0x1080225 (android:drawable/btn_star_off_pressed_holo_dark) that varies with configuration!!
01-01 00:00:18.725   323   323 W Resources: Preloaded drawable resource #0x108022b (android:drawable/btn_star_on_focused_holo_dark) that varies with configuration!!
01-01 00:00:18.725   323   323 W Resources: Preloaded drawable resource #0x1080221 (android:drawable/btn_star_off_focused_holo_dark) that varies with configuration!!
01-01 00:00:18.726   323   323 W Resources: Preloaded drawable resource #0x1080227 (android:drawable/btn_star_on_disabled_focused_holo_dark) that varies with configuration!!
01-01 00:00:18.726   323   323 W Resources: Preloaded drawable resource #0x108021d (android:drawable/btn_star_off_disabled_focused_holo_dark) that varies with configuration!!
01-01 00:00:18.726   323   323 W Resources: Preloaded drawable resource #0x1080223 (android:drawable/btn_star_off_normal_holo_dark) that varies with configuration!!
01-01 00:00:18.727   323   323 W Resources: Preloaded drawable resource #0x108022d (android:drawable/btn_star_on_normal_holo_dark) that varies with configuration!!
01-01 00:00:18.727   323   323 W Resources: Preloaded drawable resource #0x1080229 (android:drawable/btn_star_on_disabled_holo_dark) that varies with configuration!!
01-01 00:00:18.727   323   323 W Resources: Preloaded drawable resource #0x108021f (android:drawable/btn_star_off_disabled_holo_dark) that varies with configuration!!
01-01 00:00:18.728   323   323 W Resources: Preloaded drawable resource #0x108022f (android:drawable/btn_star_on_pressed_holo_dark) that varies with configuration!!
01-01 00:00:18.728   323   323 W Resources: Preloaded drawable resource #0x1080225 (android:drawable/btn_star_off_pressed_holo_dark) that varies with configuration!!
01-01 00:00:18.729   323   323 W Resources: Preloaded drawable resource #0x108022b (android:drawable/btn_star_on_focused_holo_dark) that varies with configuration!!
01-01 00:00:18.729   323   323 W Resources: Preloaded drawable resource #0x1080221 (android:drawable/btn_star_off_focused_holo_dark) that varies with configuration!!
01-01 00:00:18.729   323   323 W Resources: Preloaded drawable resource #0x1080227 (android:drawable/btn_star_on_disabled_focused_holo_dark) that varies with configuration!!
01-01 00:00:18.730   323   323 W Resources: Preloaded drawable resource #0x1080229 (android:drawable/btn_star_on_disabled_holo_dark) that varies with configuration!!
01-01 00:00:18.730   323   323 W Resources: Preloaded drawable resource #0x108021d (android:drawable/btn_star_off_disabled_focused_holo_dark) that varies with configuration!!
01-01 00:00:18.730   323   323 W Resources: Preloaded drawable resource #0x108021f (android:drawable/btn_star_off_disabled_holo_dark) that varies with configuration!!
01-01 00:00:18.731   323   323 W Resources: Preloaded drawable resource #0x1080223 (android:drawable/btn_star_off_normal_holo_dark) that varies with configuration!!
01-01 00:00:18.731   323   323 W Resources: Preloaded drawable resource #0x108022d (android:drawable/btn_star_on_normal_holo_dark) that varies with configuration!!
01-01 00:00:18.731   323   323 W Resources: Preloaded drawable resource #0x1080218 (android:drawable/btn_star_holo_dark) that varies with configuration!!
01-01 00:00:18.732   323   323 W Resources: Preloaded drawable resource #0x1080264 (android:drawable/btn_toggle_on_pressed_holo_light) that varies with configuration!!
01-01 00:00:18.732   323   323 W Resources: Preloaded drawable resource #0x1080263 (android:drawable/btn_toggle_on_pressed_holo_dark) that varies with configuration!!
01-01 00:00:18.732   323   323 W Resources: Preloaded drawable resource #0x1080262 (android:drawable/btn_toggle_on_normal_holo_light) that varies with configuration!!
01-01 00:00:18.733   323   323 W Resources: Preloaded drawable resource #0x1080261 (android:drawable/btn_toggle_on_normal_holo_dark) that varies with configuration!!
01-01 00:00:18.733   323   323 W Resources: Preloaded drawable resource #0x1080260 (android:drawable/btn_toggle_on_focused_holo_light) that varies with configuration!!
01-01 00:00:18.733   323   323 W Resources: Preloaded drawable resource #0x108025f (android:drawable/btn_toggle_on_focused_holo_dark) that varies with configuration!!
01-01 00:00:18.733   323   323 W Resources: Preloaded drawable resource #0x108025e (android:drawable/btn_toggle_on_disabled_holo_light) that varies with configuration!!
01-01 00:00:18.734   323   323 W Resources: Preloaded drawable resource #0x108025d (android:drawable/btn_toggle_on_disabled_holo_dark) that varies with configuration!!
01-01 00:00:18.734   323   323 W Resources: Preloaded drawable resource #0x108025c (android:drawable/btn_toggle_on_disabled_focused_holo_light) that varies with configuration!!
01-01 00:00:18.734   323   323 W Resources: Preloaded drawable resource #0x108025b (android:drawable/btn_toggle_on_disabled_focused_holo_dark) that varies with configuration!!
01-01 00:00:18.735   323   323 W Resources: Preloaded drawable resource #0x1080259 (android:drawable/btn_toggle_off_pressed_holo_light) that varies with configuration!!
01-01 00:00:18.735   323   323 W Resources: Preloaded drawable resource #0x1080258 (android:drawable/btn_toggle_off_pressed_holo_dark) that varies with configuration!!
01-01 00:00:18.735   323   323 W Resources: Preloaded drawable resource #0x1080257 (android:drawable/btn_toggle_off_normal_holo_light) that varies with configuration!!
01-01 00:00:18.736   323   323 W Resources: Preloaded drawable resource #0x1080256 (android:drawable/btn_toggle_off_normal_holo_dark) that varies with configuration!!
01-01 00:00:18.736   323   323 W Resources: Preloaded drawable resource #0x1080255 (android:drawable/btn_toggle_off_focused_holo_light) that varies with configuration!!
01-01 00:00:18.736   323   323 W Resources: Preloaded drawable resource #0x1080254 (android:drawable/btn_toggle_off_focused_holo_dark) that varies with configuration!!
01-01 00:00:18.737   323   323 W Resources: Preloaded drawable resource #0x1080253 (android:drawable/btn_toggle_off_disabled_holo_light) that varies with configuration!!
01-01 00:00:18.737   323   323 W Resources: Preloaded drawable resource #0x1080252 (android:drawable/btn_toggle_off_disabled_holo_dark) that varies with configuration!!
01-01 00:00:18.737   323   323 W Resources: Preloaded drawable resource #0x1080251 (android:drawable/btn_toggle_off_disabled_focused_holo_light) that varies with configuration!!
01-01 00:00:18.737   323   323 W Resources: Preloaded drawable resource #0x1080250 (android:drawable/btn_toggle_off_disabled_focused_holo_dark) that varies with configuration!!
01-01 00:00:18.738   323   323 W Resources: Preloaded drawable resource #0x1080262 (android:drawable/btn_toggle_on_normal_holo_light) that varies with configuration!!
01-01 00:00:18.738   323   323 W Resources: Preloaded drawable resource #0x108025e (android:drawable/btn_toggle_on_disabled_holo_light) that varies with configuration!!
01-01 00:00:18.739   323   323 W Resources: Preloaded drawable resource #0x1080264 (android:drawable/btn_toggle_on_pressed_holo_light) that varies with configuration!!
01-01 00:00:18.739   323   323 W Resources: Preloaded drawable resource #0x1080260 (android:drawable/btn_toggle_on_focused_holo_light) that varies with configuration!!
01-01 00:00:18.739   323   323 W Resources: Preloaded drawable resource #0x1080262 (android:drawable/btn_toggle_on_normal_holo_light) that varies with configuration!!
