01-01 00:00:45.705  4623  5603 D MmsSmsDatabaseHelper: [MmsSmsDb] tableName: threads hasAutoIncrement: CREATE TABLE threads (_id INTEGER PRIMARY KEY AUTOINCREMENT,date INTEGER DEFAULT 0,message_count INTEGER DEFAULT 0,recipient_ids TEXT,snippet TEXT,snippet_cs INTEGER DEFAULT 0,read INTEGER DEFAULT 1,archived INTEGER DEFAULT 0,type INTEGER DEFAULT 0,error INTEGER DEFAULT 0,has_attachment INTEGER DEFAULT 0) result: true
01-01 00:00:45.706  5575  5575 I hostapd : random: Only 17/20 bytes of strong random data available from /dev/random
01-01 00:00:45.706  5575  5575 I hostapd : random: Allow operation to proceed based on internal entropy
01-01 00:00:45.706  4623  5603 D MmsSmsDatabaseHelper: [MmsSmsDb] tableName: canonical_addresses hasAutoIncrement: CREATE TABLE canonical_addresses (_id INTEGER PRIMARY KEY AUTOINCREMENT,address TEXT) result: true
01-01 00:00:45.707  4623  5603 D MmsSmsDatabaseHelper: [MmsSmsDb] tableName: part hasAutoIncrement: CREATE TABLE part (_id INTEGER PRIMARY KEY AUTOINCREMENT,mid INTEGER,seq INTEGER DEFAULT 0,ct TEXT,name TEXT,chset INTEGER,cd TEXT,fn TEXT,cid TEXT,cl TEXT,ctt_s INTEGER,ctt_t TEXT,_data TEXT,text TEXT) result: true
01-01 00:00:45.710  4623  5603 D MmsSmsDatabaseHelper: [MmsSmsDb] tableName: pdu hasAutoIncrement: CREATE TABLE pdu (_id INTEGER PRIMARY KEY AUTOINCREMENT,thread_id INTEGER,date INTEGER,date_sent INTEGER DEFAULT 0,msg_box INTEGER,read INTEGER DEFAULT 0,m_id TEXT,sub TEXT,sub_cs INTEGER,ct_t TEXT,ct_l TEXT,exp INTEGER,m_cls TEXT,m_type INTEGER,v INTEGER,m_size INTEGER,pri INTEGER,rr INTEGER,rpt_a INTEGER,resp_st INTEGER,st INTEGER,tr_id TEXT,retr_st INTEGER,retr_txt TEXT,retr_txt_cs INTEGER,read_status INTEGER,ct_cls INTEGER,resp_txt TEXT,d_tm INTEGER,d_rpt INTEGER,locked INTEGER DEFAULT 0,phone_id INTEGER DEFAULT -1, seen INTEGER DEFAULT 0,creator TEXT,text_only INTEGER DEFAULT 0) result: true
01-01 00:00:45.710  4623  5603 D MmsSmsDatabaseHelper: [getWritableDatabase] hasAutoIncrementThreads: true hasAutoIncrementAddresses: true hasAutoIncrementPart: true hasAutoIncrementPdu: true
01-01 00:00:45.721  5283  5283 I sh      : 214 0 Ok
01-01 00:00:45.723  5574  5605 D Mms     : cancelNotification
01-01 00:00:45.731   332   332 V WLAN_PSA: NL MSG, len[048], NL type[0x11] WNI type[0x5050] len[028]
01-01 00:00:45.731   332   332 V WLAN_PSA: NL MSG, PID: 332
01-01 00:00:45.732  5574  5606 D Mms     : Cursor= >>>>> Dumping cursor android.content.ContentResolver$CursorWrapperInner@15f344b8
01-01 00:00:45.732  5574  5606 D Mms     : <<<<<
01-01 00:00:45.732   310  1340 D CommandListener: Setting iface cfg
01-01 00:00:45.748  5574  5606 D Mms     : Cursor= >>>>> Dumping cursor android.content.ContentResolver$CursorWrapperInner@15d48291
01-01 00:00:45.748  5574  5606 D Mms     : <<<<<
01-01 00:00:45.766  5574  5607 D Mms     : cancelNotification
01-01 00:00:45.770  5608  5608 V OneTimeInitializerRece: OneTimeInitializerReceiver.onReceive
01-01 00:00:45.797  1722  5549 W MediaScanner: Error opening directory '/storage/usbotg/', skipping: No such file or directory.
01-01 00:00:45.803  1347  1746 I ActivityManager: Start proc com.android.voicedialer for broadcast com.android.voicedialer/.VoiceDialerReceiver: pid=5631 uid=10016 gids={50016, 9997, 3002} abi=armeabi-v7a
01-01 00:00:45.825  1722  5549 V MediaScanner: pruneDeadThumbnailFiles... android.database.sqlite.SQLiteCursor@316bf2c9
01-01 00:00:45.826  1722  5549 V MediaScanner: /pruneDeadThumbnailFiles... android.database.sqlite.SQLiteCursor@316bf2c9
01-01 00:00:45.839   332   332 V WLAN_PSA: NL MSG, len[048], NL type[0x11] WNI type[0x5050] len[028]
01-01 00:00:45.839   332   332 V WLAN_PSA: NL MSG, PID: 332
01-01 00:00:45.839   332   332 V WLAN_PSA: NL MSG, len[089], NL type[0x11] WNI type[0x5050] len[069]
01-01 00:00:45.839   332   332 V WLAN_PSA: NL MSG, PID: 332
01-01 00:00:45.839   332   332 V WLAN_PSA: NL MSG, len[021], NL type[0x18] WNI type[0x  61] len[28260]
01-01 00:00:45.839   332   332 V WLAN_PSA: NL MSG, PID: 0
01-01 00:00:45.842  1347  1347 E LAlarm  : Service started flags 0 startId 3
01-01 00:00:45.845   310  1340 D CommandListener: Trying to bring up wlan0
01-01 00:00:45.845  5283  5283 I sh      : 600 Iface linkstate wlan0 up
01-01 00:00:45.845  5283  5283 I sh      : 200 0 Interface configuration set
01-01 00:00:45.846  5575  5575 I hostapd : wlan0: interface state UNINITIALIZED->ENABLED
01-01 00:00:45.846  5575  5575 I hostapd : wlan0: AP-ENABLED 
01-01 00:00:45.847   332   332 V WLAN_PSA: NL MSG, len[045], NL type[0x11] WNI type[0x5050] len[025]
01-01 00:00:45.847   332   332 V WLAN_PSA: NL MSG, PID: 332
01-01 00:00:45.847   332   332 V WLAN_PSA: NL MSG, len[048], NL type[0x11] WNI type[0x5050] len[028]
01-01 00:00:45.847   332   332 V WLAN_PSA: NL MSG, PID: 332
01-01 00:00:45.847   332   332 V WLAN_PSA: NL MSG, len[048], NL type[0x11] WNI type[0x5050] len[028]
01-01 00:00:45.847   332   332 V WLAN_PSA: NL MSG, PID: 332
01-01 00:00:45.847   332   332 V WLAN_PSA: NL MSG, len[045], NL type[0x11] WNI type[0x5050] len[025]
01-01 00:00:45.847   332   332 V WLAN_PSA: NL MSG, PID: 332
01-01 00:00:45.848  1347  1347 W ContextImpl: Calling a method in the system process without a qualified user: android.app.ContextImpl.startService:1686 android.content.ContextWrapper.startService:515 android.content.ContextWrapper.startService:515 com.dsi.ant.server.AntService.startService:129 com.dsi.ant.server.startup.BootCompletedReceiver.onReceive:41 
01-01 00:00:45.848  1347  1347 W ContextImpl: Implicit intents with startService are not safe: Intent { act=com.dsi.ant.server.IAntHal } android.content.ContextWrapper.startService:515 android.content.ContextWrapper.startService:515 com.dsi.ant.server.AntService.startService:129 
01-01 00:00:45.852   310  1340 D CommandListener: TetherCmd::runCommand. argc: 4. argv[0]: tether
01-01 00:00:45.852   310  1340 D TetherController: tetherInterface(wlan0)
01-01 00:00:45.852   310  1340 D TetherController: Router advertisement daemon already stopped
01-01 00:00:45.852   310  1340 D TetherController: Need atleast two interfaces to start Router advertisement daemon
01-01 00:00:45.853  5283  5283 I sh      : 200 0 Tether operation succeeded
01-01 00:00:45.870  1347  1347 I ActivityManager: Start proc com.android.calendar for broadcast com.android.calendar/.alerts.AlertReceiver: pid=5653 uid=10024 gids={50024, 9997, 3003} abi=armeabi-v7a
01-01 00:00:45.877  5283  5283 I sh      : 200 0 success
01-01 00:00:45.883  5283  5283 I sh      : 200 0 success
01-01 00:00:45.889   310  1340 D TetherController: Setting IP forward enable = 1
01-01 00:00:45.889   310  1340 D TetherController: config_write_setting(/proc/sys/net/ipv6/conf/all/proxy_ndp, 2)
01-01 00:00:45.889   310  1340 D TetherController: config_write_setting(/proc/sys/net/ipv6/conf/all/forwarding, 2)
01-01 00:00:45.890  5283  5283 I sh      : 200 0 ipfwd operation succeeded
01-01 00:00:45.895   310  1340 D CommandListener: TetherCmd::runCommand. argc: 4. argv[0]: tether
01-01 00:00:45.895   310  1340 D TetherController: Starting tethering services
01-01 00:00:45.897   310  1340 D TetherController: Sending update msg to dnsmasq [update_ifaces:wlan0]
01-01 00:00:45.897   310  1340 D TetherController: Tethering services running
01-01 00:00:45.898  5283  5283 I sh      : 200 0 Tether operation succeeded
01-01 00:00:45.889  5675  5675 I dnsmasq : type=1400 audit(0.0:41): avc: denied { getattr } for path="pipe:[20794]" dev="pipefs" ino=20794 scontext=u:r:dnsmasq:s0 tcontext=u:r:netd:s0 tclass=fifo_file permissive=1
01-01 00:00:45.907  5675  5675 I dnsmasq : started, version 2.51 cachesize 150
01-01 00:00:45.907  5675  5675 I dnsmasq : compile time options: no-IPv6 GNU-getopt no-DBus no-I18N DHCP no-scripts no-TFTP
01-01 00:00:45.907  5675  5675 W dnsmasq : warning: no upstream servers configured
01-01 00:00:45.907  5675  5675 I dnsmasq : DHCP, IP range 192.168.43.10 -- 192.168.43.99, lease time 1h
01-01 00:00:45.908  5675  5675 I dnsmasq : read /etc/hosts - 1 addresses
01-01 00:00:45.947  5653  5653 D ExtensionsFactory: No custom extensions.
01-01 00:00:45.949  5653  5653 D AlertReceiver: onReceive: a=android.intent.action.BOOT_COMPLETED Intent { act=android.intent.action.BOOT_COMPLETED flg=0x8000010 cmp=com.android.calendar/.alerts.AlertReceiver (has extras) }
01-01 00:00:45.975  1347  2196 I ActivityManager: Start proc com.android.email for broadcast com.android.email/.service.EmailBroadcastReceiver: pid=5682 uid=10029 gids={50029, 9997, 3003, 1028, 1015} abi=armeabi-v7a
01-01 00:00:45.977  5653  5680 D AlertService: 0 Action = android.intent.action.BOOT_COMPLETED
01-01 00:00:45.980  5653  5680 D AlertService: Scheduling next alarm with AlarmScheduler. sEventReminderReceived: null
01-01 00:00:45.992  5653  5680 D AlarmScheduler: No events found starting within 1 week.
01-01 00:00:46.127  5682  5701 D ActivityThread: Loading provider com.android.email.provider;com.android.email.notifier: com.android.email.provider.EmailProvider
01-01 00:00:46.133  5682  5703 D ActivityThread: Loading provider com.android.email.provider;com.android.email.notifier: com.android.email.provider.EmailProvider
01-01 00:00:46.137  5682  5706 D ActivityThread: Loading provider com.android.email.provider;com.android.email.notifier: com.android.email.provider.EmailProvider
01-01 00:00:46.138  5682  5702 D ActivityThread: Loading provider com.android.email.provider;com.android.email.notifier: com.android.email.provider.EmailProvider
01-01 00:00:46.169  5682  5682 D EmailBroadcastReceiver: Received android.intent.action.BOOT_COMPLETED
01-01 00:00:46.173  1991  1991 I SystemBroadcastReceiver: Boot has been completed
01-01 00:00:46.174  1991  1991 I LauncherIconVisibilityManager: Activity has already been disabled: ComponentInfo{com.android.inputmethod.latin/com.android.inputmethod.latin.setup.SetupActivity}
01-01 00:00:46.212  1347  1363 W ActivityManager: Unable to start service Intent { cmp=com.android.email/.service.AttachmentService } U=0: not found
01-01 00:00:46.214  1347  1746 W ActivityManager: Unable to start service Intent { cmp=com.android.email/.service.AttachmentService } U=0: not found
01-01 00:00:46.214  1347  4664 W ActivityManager: Unable to start service Intent { cmp=com.android.email/.service.AttachmentService } U=0: not found
01-01 00:00:46.218  5682  5711 I Email   : Observing account changes for notifications
01-01 00:00:46.219  1347  2196 W ActivityManager: Unable to start service Intent { cmp=com.android.email/.service.AttachmentService } U=0: not found
01-01 00:00:46.232  4569  4569 I BootMessageReceiver: Boot completed, starting Snapcam Service.
01-01 00:00:46.249  4569  4569 W ContextImpl: Calling a method in the system process without a qualified user: android.app.ContextImpl.startService:1686 android.content.ContextWrapper.startService:515 android.content.ContextWrapper.startService:515 com.sentera.snapcam.BootMessageReceiver.onReceive:38 android.app.ActivityThread.handleReceiver:2579 
01-01 00:00:46.253  1347  1749 I ActivityManager: Start proc com.android.exchange for service com.android.exchange/.service.EasService: pid=5712 uid=10030 gids={50030, 9997, 3003, 1028, 1015} abi=armeabi-v7a
01-01 00:00:46.253  1347  1364 W ActivityManager: Unable to start service Intent { cmp=com.android.email/.service.AttachmentService } U=0: not found
01-01 00:00:46.261  5682  5705 W art     : Long monitor contention event with owner method=int libcore.io.Posix.getuid() from Posix.java:4294967294 waiters=0 for 125ms
01-01 00:00:46.261  4623  4623 D PhoneApp: getPhone phoneId:0
01-01 00:00:46.266  5419  5419 I CalendarProvider2: Sending notification intent: Intent { act=android.intent.action.PROVIDER_CHANGED dat=content://com.android.calendar }
01-01 00:00:46.267  5419  5419 W ContentResolver: Failed to get type for: content://com.android.calendar (Unknown URL content://com.android.calendar)
01-01 00:00:46.290  1347  2196 I ActivityManager: Start proc com.qualcomm.telephony for broadcast org.codeaurora.ims/.ImsServiceAutoboot: pid=5731 uid=1001 gids={41001, 9997, 3002, 3001, 3003, 1028, 1015} abi=armeabi-v7a
01-01 00:00:46.310  5682  5682 E ActivityThread: Service com.android.email.service.EmailBroadcastProcessorService has leaked ServiceConnection com.android.emailcommon.service.ServiceProxy$ProxyConnection@3ab7f285 that was originally bound here
01-01 00:00:46.310  5682  5682 E ActivityThread: android.app.ServiceConnectionLeaked: Service com.android.email.service.EmailBroadcastProcessorService has leaked ServiceConnection com.android.emailcommon.service.ServiceProxy$ProxyConnection@3ab7f285 that was originally bound here
01-01 00:00:46.310  5682  5682 E ActivityThread: 	at android.app.LoadedApk$ServiceDispatcher.<init>(LoadedApk.java:1072)
01-01 00:00:46.310  5682  5682 E ActivityThread: 	at android.app.LoadedApk.getServiceDispatcher(LoadedApk.java:966)
01-01 00:00:46.310  5682  5682 E ActivityThread: 	at android.app.ContextImpl.bindServiceCommon(ContextImpl.java:1768)
01-01 00:00:46.310  5682  5682 E ActivityThread: 	at android.app.ContextImpl.bindService(ContextImpl.java:1751)
01-01 00:00:46.310  5682  5682 E ActivityThread: 	at android.content.ContextWrapper.bindService(ContextWrapper.java:538)
01-01 00:00:46.310  5682  5682 E ActivityThread: 	at com.android.emailcommon.service.ServiceProxy.setTask(ServiceProxy.java:176)
01-01 00:00:46.310  5682  5682 E ActivityThread: 	at com.android.emailcommon.service.ServiceProxy.test(ServiceProxy.java:219)
01-01 00:00:46.310  5682  5682 E ActivityThread: 	at com.android.email.service.EmailServiceUtils.isServiceAvailable(EmailServiceUtils.java:160)
01-01 00:00:46.310  5682  5682 E ActivityThread: 	at com.android.email.provider.AccountReconciler.reconcileAccountsInternal(AccountReconciler.java:164)
01-01 00:00:46.310  5682  5682 E ActivityThread: 	at com.android.email.provider.AccountReconciler.reconcileAccounts(AccountReconciler.java:113)
01-01 00:00:46.310  5682  5682 E ActivityThread: 	at com.android.email.service.EmailBroadcastProcessorService.reconcileAndStartServices(EmailBroadcastProcessorService.java:305)
01-01 00:00:46.310  5682  5682 E ActivityThread: 	at com.android.email.service.EmailBroadcastProcessorService.onBootCompleted(EmailBroadcastProcessorService.java:295)
01-01 00:00:46.310  5682  5682 E ActivityThread: 	at com.android.email.service.EmailBroadcastProcessorService.onHandleIntent(EmailBroadcastProcessorService.java:130)
01-01 00:00:46.310  5682  5682 E ActivityThread: 	at android.app.IntentService$ServiceHandler.handleMessage(IntentService.java:65)
01-01 00:00:46.310  5682  5682 E ActivityThread: 	at android.os.Handler.dispatchMessage(Handler.java:102)
01-01 00:00:46.310  5682  5682 E ActivityThread: 	at android.os.Looper.loop(Looper.java:135)
01-01 00:00:46.310  5682  5682 E ActivityThread: 	at android.os.HandlerThread.run(HandlerThread.java:61)
01-01 00:00:46.333  5731  5731 E ImsService AutoBoot: ImsService Auto Boot Started Successfully
01-01 00:00:46.335  5731  5731 I CsvtService AutoBoot: Received boot complete.CsvtEnabled = false
01-01 00:00:46.360  4569  4569 D MainListener: Creating MainListener
01-01 00:00:46.360  4569  4569 D MainListener: Creating: 48688445
01-01 00:00:46.369  1347  4698 I ActivityManager: Start proc com.android.cellbroadcastreceiver for broadcast com.android.cellbroadcastreceiver/.CellBroadcastReceiver: pid=5750 uid=10002 gids={50002, 9997} abi=armeabi-v7a
01-01 00:00:46.371  4569  4569 V MainListener: Start command issued to snapcam service with intent: Intent { act=android.intent.action.BOOT_COMPLETED cmp=com.sentera.snapcam/.main.MainListener }
01-01 00:00:46.371  4569  4569 V MainListener: Setting up Foreground Service...
01-01 00:00:46.378  4569  4569 I MainListener: Handling new intent: Intent { act=android.intent.action.BOOT_COMPLETED cmp=com.sentera.snapcam/.main.MainListener }
01-01 00:00:46.378  4569  4569 I MainListener: ----------------------- Application Start [ 04a17904-0cce-4d5d-adcf-a3385d3b862d ] -----------------------
01-01 00:00:46.379  4569  4569 I MainListener: Running at group-priority: main - 5 Max Priority: 10
01-01 00:00:46.379  4569  4569 I MainListener: Android process priority: -4
01-01 00:00:46.379   341   341 I art     : Explicit concurrent mark sweep GC freed 706(30KB) AllocSpace objects, 0(0B) LOS objects, 89% free, 114KB/1138KB, paused 130us total 7.766ms
01-01 00:00:46.379  4569  4569 I MainListener: Starting Snapcam Application...
01-01 00:00:46.383  4569  4569 I ConfigUtils: Checking for updates to stored configs...
01-01 00:00:46.384  4569  4569 I ConfigUtils: Found add folder at: /storage/sdcard1/firmware/add_stored_configs
01-01 00:00:46.387   341   341 I art     : Explicit concurrent mark sweep GC freed 5(160B) AllocSpace objects, 0(0B) LOS objects, 89% free, 114KB/1138KB, paused 109us total 6.193ms
01-01 00:00:46.395   341   341 I art     : Explicit concurrent mark sweep GC freed 5(160B) AllocSpace objects, 0(0B) LOS objects, 89% free, 114KB/1138KB, paused 98us total 5.709ms
01-01 00:00:46.438  5750  5750 D CellBroadcastReceiver: onReceive Intent { act=android.intent.action.SERVICE_STATE flg=0x10 cmp=com.android.cellbroadcastreceiver/.CellBroadcastReceiver (has extras) }
01-01 00:00:46.438  5750  5750 D CellBroadcastReceiver: Intent ACTION_SERVICE_STATE_CHANGED
01-01 00:00:46.440  5750  5750 D CellBroadcastReceiver: Service state changed! 1 Full: 1 1 home null null null  Unknown Unknown CSS not supported -1 -1 RoamInd=-1 DefRoamInd=-1 EmergOnly=false Current state=-1
01-01 00:00:46.442  5712  5712 I Exchange: PSS has no active accounts; stopping service.
01-01 00:00:46.444  4569  4569 I ConfigUtils: Checking for new factory default config in: /storage/sdcard1/firmware/config-factory-defaults.yml
01-01 00:00:46.445  4569  4569 I ConfigUtils: Attempting to load config file from SDCard...
01-01 00:00:46.448  4623  5777 D SIP     : [SipSharedPreferences] isReceivingCallsEnabled, option not set; use default value, exception: android.provider.Settings$SettingNotFoundException: sip_receive_calls
01-01 00:00:46.450  5750  5750 D CellBroadcastReceiver: onReceive Intent { act=android.intent.action.ACTION_SUBINFO_RECORD_UPDATED flg=0x10 cmp=com.android.cellbroadcastreceiver/.CellBroadcastReceiver (has extras) }
01-01 00:00:46.458  4569  4569 I UserConfig: Attempting to load /storage/sdcard1/config.yml [ Version: 1.3 ]
01-01 00:00:46.462  5574  5574 V Mms     : onStart: #1 resultCode: -1 = Activity.RESULT_OK
01-01 00:00:46.481  5653  5653 D AlertReceiver: onReceive: a=android.intent.action.PROVIDER_CHANGED Intent { act=android.intent.action.PROVIDER_CHANGED dat=content://com.android.calendar flg=0x10 cmp=com.android.calendar/.alerts.AlertReceiver }
01-01 00:00:46.495  5653  5815 D AlertService: 0 Action = android.intent.action.PROVIDER_CHANGED
01-01 00:00:46.556  4569  4569 I UserConfig: Loaded /storage/sdcard1/config.yml [ Version: 1.3 ]
01-01 00:00:46.556  4569  4569 I ConfigUtils: Config file loaded successfully from: /storage/sdcard1/config.yml
01-01 00:00:46.556  4569  4569 I ConfigUtils: Checking for new hardware config in: /storage/sdcard1/firmware/hardware-config.yml
01-01 00:00:46.558  4569  4569 I ConfigUtils: Loading hardware config from: /persist/sentera/hardware-config.yml
01-01 00:00:46.549  4569  4569 I sentera.snapcam: type=1400 audit(0.0:42): avc: denied { read } for name="hardware-config.yml" dev="mmcblk0p16" ino=22 scontext=u:r:system_app:s0 tcontext=u:object_r:persist_file:s0 tclass=file permissive=1
01-01 00:00:46.549  4569  4569 I sentera.snapcam: type=1400 audit(0.0:43): avc: denied { open } for path="/persist/sentera/hardware-config.yml" dev="mmcblk0p16" ino=22 scontext=u:r:system_app:s0 tcontext=u:object_r:persist_file:s0 tclass=file permissive=1
01-01 00:00:46.549  4569  4569 I sentera.snapcam: type=1400 audit(0.0:44): avc: denied { getattr } for path="/persist/sentera/hardware-config.yml" dev="mmcblk0p16" ino=22 scontext=u:r:system_app:s0 tcontext=u:object_r:persist_file:s0 tclass=file permissive=1
01-01 00:00:46.559   440   440 I sh      : type=1400 audit(0.0:45): avc: denied { append } for name="performance_log.csv" dev="fuse" ino=3061868112 scontext=u:r:init:s0 tcontext=u:object_r:fuse:s0 tclass=file permissive=1
01-01 00:00:46.559   440   440 I sh      : type=1400 audit(0.0:46): avc: denied { open } for path="/storage/sdcard1/info/logs/performance_log.csv" dev="fuse" ino=3061868112 scontext=u:r:init:s0 tcontext=u:object_r:fuse:s0 tclass=file permissive=1
01-01 00:00:46.584  4569  4569 I ConfigUtils: Setting camera chromatix driver on camera 0 to: 5.4mm-0001_0014
01-01 00:00:46.590  4569  4569 I ConfigUtils: Setting camera chromatix driver on camera 1 to: 5.4mm-0001_0016
01-01 00:00:46.591  4569  4569 I ConfigUtils: Waiting for chromatix drivers to load...
01-01 00:00:46.601  4569  4569 I ConfigUtils: Chromatix drivers loaded!
01-01 00:00:46.617  4569  4569 I ConfigUtils: Changing IP to: 192.168.143.141
01-01 00:00:46.669  5929  5929 I iptables: type=1400 audit(0.0:47): avc: denied { create } for scontext=u:r:init:s0 tcontext=u:r:init:s0 tclass=rawip_socket permissive=1
01-01 00:00:46.669  5929  5929 I iptables: type=1400 audit(0.0:48): avc: denied { getopt } for lport=255 scontext=u:r:init:s0 tcontext=u:r:init:s0 tclass=rawip_socket permissive=1
01-01 00:00:46.669  5929  5929 I iptables: type=1400 audit(0.0:49): avc: denied { setopt } for lport=255 scontext=u:r:init:s0 tcontext=u:r:init:s0 tclass=rawip_socket permissive=1
01-01 00:00:46.722  4569  4569 I ConfigUtils: Successfully changed to: 192.168.143.141
01-01 00:00:46.743  4569  4569 I ConfigUtils: Wifi access point enabled!
01-01 00:00:46.743  4569  4569 I MainListener: Starting Sentera Protocol Listener...
01-01 00:00:46.755  4569  4569 I MainListener: Starting LED Notification Manager...
01-01 00:00:46.756  4569  4569 I MainListener: Starting Payload Status Updates...
01-01 00:00:46.760  4569  5931 I ProtocolServer: Starting class com.sentera.snapcam.senteraprotocol.ProcerusInterpreter server. RX: UDP [ 239.192.143.140:60530 ] TX: UDP [ 192.168.143.130:60531 ]
01-01 00:00:46.763  4569  5933 I StatusUpdater-1: Starting status server on 192.168.143.141:60531 - Updates: 192.168.143.130
01-01 00:00:46.763  4569  5932 I StatusUpdater-0: Starting status server on 192.168.143.141:60531 - Updates: 192.168.143.130
01-01 00:00:46.767  4569  4569 I MainListener: Starting IMU Sensor Polling Source...
01-01 00:00:46.769  4569  4569 D IMUPolling: IMUPolling Created.
01-01 00:00:46.769  5935  5935 E wifi_ap.sh: WIFI_AP: Toggling! 
01-01 00:00:46.771  4569  4569 I MainListener: Performing Data Source Initialization
01-01 00:00:46.772  4569  4569 I MainListener: Starting u-blox Interpreter Thread...
01-01 00:00:46.776  4569  4569 I MainListener: Starting u-blox Server Thread...
01-01 00:00:46.779  4569  4569 E jni-serial: On Load
01-01 00:00:46.780  1347  1391 V Sensors : HAL:input data has partial packet
01-01 00:00:46.780  1347  1391 V Sensors : HAL:input data mLeftOverBufferSize=8
01-01 00:00:46.780  1347  1391 V Sensors : HAL:input catch up retrieve rdata=:16, 0, 0, 0, 2, 0, 226, 195
01-01 00:00:46.781  4569  4569 I SerialIn: Library loaded successfully: snapcam-serial
01-01 00:00:46.781  4569  4569 I jni-serial: Configuring Input Serial Port for: /dev/ttyUSB0 @ 115200
01-01 00:00:46.781  4569  4569 D jni-default: Opening port /dev/ttyUSB0 as Read Only at 115200 baud.
01-01 00:00:46.769  4569  4569 I sentera.snapcam: type=1400 audit(0.0:50): avc: denied { read } for name="ttyUSB0" dev="tmpfs" ino=12405 scontext=u:r:system_app:s0 tcontext=u:object_r:device:s0 tclass=chr_file permissive=1
01-01 00:00:46.769  4569  4569 I sentera.snapcam: type=1400 audit(0.0:51): avc: denied { open } for path="/dev/ttyUSB0" dev="tmpfs" ino=12405 scontext=u:r:system_app:s0 tcontext=u:object_r:device:s0 tclass=chr_file permissive=1
01-01 00:00:46.769  4569  4569 I sentera.snapcam: type=1400 audit(0.0:52): avc: denied { ioctl } for path="/dev/ttyUSB0" dev="tmpfs" ino=12405 scontext=u:r:system_app:s0 tcontext=u:object_r:device:s0 tclass=chr_file permissive=1
01-01 00:00:46.783  4569  4569 I MainListener: Setup u-blox Event Manager...
01-01 00:00:46.784  4569  5944 I ProtocolServer: Starting class com.sentera.snapcam.ubx.UbxInterpreter server. RX: SERIAL [ /dev/ttyUSB0 @ 115200 bps ] TX: NONE
01-01 00:00:46.784  4569  4569 I MainListener: Setup Attitude Repository...
01-01 00:00:46.786  4569  4569 I MainListener: Setup Absolute-Time Repository...
01-01 00:00:46.787  4569  4569 I MainListener: Setup Heading Repository...
01-01 00:00:46.787  4569  4569 I MainListener: Setup Position LLH Repository...
01-01 00:00:46.788  4569  4569 I MainListener: Performing Session Type Initialization
01-01 00:00:46.788  4569  4569 W MainListener: Commanded session used with Ublox.  Only the Sentera Protocol will start a session.
01-01 00:00:46.788  4569  4569 I MainListener: Starting web server...
01-01 00:00:46.798  4569  4584 W art     : Suspending all threads took: 6.251ms
01-01 00:00:46.808  4569  4584 I art     : Background sticky concurrent mark sweep GC freed 2027(56KB) AllocSpace objects, 0(0B) LOS objects, 11% free, 1733KB/1956KB, paused 7.465ms total 21.861ms
01-01 00:00:46.813  5947  5947 E wifi_ap.sh: WIFI_AP: Enabling! 
01-01 00:00:46.822  4569  4569 W ActivityThread: ClassLoader.getResources: The class loader returned by Thread.getContextClassLoader() may fail for processes that host multiple applications. You should explicitly specify a context class loader. For example: Thread.setContextClassLoader(getClass().getClassLoader());
01-01 00:00:46.830  5950  5950 E wifi_ap.sh: WIFI_AP: Starting AP with ssid: Sentera_21020-02_0066 password: 00660066 and channel: 9 on ip: 192.168.43.1 (root: 192.168.43) 
01-01 00:00:46.838  4569  4569 I ConfigUtils: Loaded to Idle: Saving config to internal storage
01-01 00:00:46.879  5930  5930 I sh      : insmod: can't insert '/system/lib/modules/wlan.ko': File exists
01-01 00:00:46.979  1347  1391 E Sensors : HAL:input invalid data_format 0x00
01-01 00:00:46.994   310  1340 D QsoftapCmd: Got softap fwreload command we are passing on
01-01 00:00:46.994   310  1340 D SoftapController: Softap fwReload - Ok
01-01 00:00:46.979  5957  5957 I ndc     : type=1400 audit(0.0:53): avc: denied { getattr } for path="/dev/pts/1" dev="devpts" ino=4 scontext=u:r:wcnss_service:s0 tcontext=u:object_r:devpts:s0 tclass=chr_file permissive=1
01-01 00:00:46.996  5930  5930 I sh      : 214 0 Ok
01-01 00:00:47.000   310  1340 D QsoftapCmd: Got softap set command we are overriding
01-01 00:00:47.000   310  1340 D         : qsapsetSoftap, softap, set, 8
01-01 00:00:47.000   310  1340 D         : ARG: 1 - softap
01-01 00:00:47.000   310  1340 D         : ARG: 2 - set
01-01 00:00:47.000   310  1340 D         : ARG: 3 - wlan0
01-01 00:00:47.000   310  1340 D         : ARG: 4 - Sentera_21020-02_0066
01-01 00:00:47.000   310  1340 D         : ARG: 5 - broadcast
01-01 00:00:47.000   310  1340 D         : ARG: 6 - 9
01-01 00:00:47.000   310  1340 D         : ARG: 7 - wpa2-psk
01-01 00:00:47.000   310  1340 D         : ARG: 8 - 00660066
01-01 00:00:47.000   310  1340 D         : CMD INPUT  [set ssid=Sentera_21020-02_0066][255]
01-01 00:00:47.000   310  1340 E         : Cmd: ssid Argument :Sentera_21020-02_0066 
01-01 00:00:47.000   310  1340 D         : cmd=ssid, Val:Sentera_21020-02_0066, INI:0 
01-01 00:00:47.000   310  1340 D         : Updated:ssid=Sentera_21020-02_0066
01-01 00:00:47.000   310  1340 D         : 
01-01 00:00:47.001   310  1340 D         : CMD OUTPUT [success]
01-01 00:00:47.001   310  1340 D         : len :7
01-01 00:00:47.001   310  1340 D         : 
01-01 00:00:47.001   310  1340 D         : CMD INPUT  [set ignore_broadcast_ssid=0][255]
01-01 00:00:47.001   310  1340 E         : Cmd: ignore_broadcast_ssid Argument :0 
01-01 00:00:47.002   310  1340 D         : cmd=ignore_broadcast_ssid, Val:0, INI:0 
01-01 00:00:47.002   310  1340 D         : Updated:ignore_broadcast_ssid=0
01-01 00:00:47.002   310  1340 D         : 
01-01 00:00:47.003   310  1340 D         : CMD OUTPUT [success]
01-01 00:00:47.003   310  1340 D         : len :7
01-01 00:00:47.003   310  1340 D         : 
01-01 00:00:47.003   310  1340 D         : CMD INPUT  [set channel=9][255]
01-01 00:00:47.003   310  1340 E         : Cmd: channel Argument :9 
01-01 00:00:47.003   310  1340 D         : cmd=channel, Val:9, INI:0 
01-01 00:00:47.003   310  1340 D         : Updated:channel=9
01-01 00:00:47.003   310  1340 D         : 
01-01 00:00:47.004   310  1340 D         : CMD OUTPUT [success]
01-01 00:00:47.004   310  1340 D         : len :7
01-01 00:00:47.004   310  1340 D         : 
01-01 00:00:47.004   310  1340 D         : CMD INPUT  [set security_mode=3][255]
01-01 00:00:47.004   310  1340 E         : Cmd: security_mode Argument :3 
01-01 00:00:47.004   310  1340 D         : cmd=wpa, Val:2, INI:0 
01-01 00:00:46.979  5957  5957 I ndc     : type=1400 audit(0.0:54): avc: denied { ioctl } for path="/dev/pts/1" dev="devpts" ino=4 scontext=u:r:wcnss_service:s0 tcontext=u:object_r:devpts:s0 tclass=chr_file permissive=1
01-01 00:00:46.979  5957  5957 I ndc     : type=1400 audit(0.0:55): avc: denied { write } for path="/dev/pts/1" dev="devpts" ino=4 scontext=u:r:wcnss_service:s0 tcontext=u:object_r:devpts:s0 tclass=chr_file permissive=1
01-01 00:00:46.989  5958  5958 I ndc     : type=1400 audit(0.0:56): avc: denied { read } for path="/dev/pts/1" dev="devpts" ino=4 scontext=u:r:wcnss_service:s0 tcontext=u:object_r:devpts:s0 tclass=chr_file permissive=1
01-01 00:00:47.017   310  1340 D         : CMD OUTPUT [success]
01-01 00:00:47.017   310  1340 D         : len :7
01-01 00:00:47.017   310  1340 D         : 
01-01 00:00:47.018   310  1340 D         : CMD INPUT  [set wpa_passphrase=00660066][255]
01-01 00:00:47.018   310  1340 E         : Cmd: wpa_passphrase Argument :00660066 
01-01 00:00:47.018   310  1340 D         : cmd=wpa_passphrase, Val:00660066, INI:0 
01-01 00:00:47.018   310  1340 D         : Updated:wpa_passphrase=00660066
01-01 00:00:47.018   310  1340 D         : 
01-01 00:00:47.019   310  1340 D         : CMD OUTPUT [success]
01-01 00:00:47.019   310  1340 D         : len :7
01-01 00:00:47.019   310  1340 D         : 
01-01 00:00:47.019   310  1340 D         : CMD INPUT  [set commit][255]
01-01 00:00:47.019   310  1340 D         : CMD OUTPUT [success]
01-01 00:00:47.019   310  1340 D         : len :7
01-01 00:00:47.019   310  1340 D         : 
01-01 00:00:47.019  5930  5930 I sh      : 200 0 Softap operation succeeded
01-01 00:00:47.026   310  1340 D QsoftapCmd: Got softap startap command we are passing on
01-01 00:00:47.026   310  1340 E SoftapController: SoftAP is already running
01-01 00:00:47.026  5930  5930 I sh      : 214 0 Ok
01-01 00:00:47.035   310  1340 D CommandListener: Setting iface cfg
01-01 00:00:47.035   310  1340 D CommandListener: Trying to bring up wlan0
01-01 00:00:47.037  5930  5930 I sh      : 200 0 Interface configuration set
01-01 00:00:47.042   310  1340 D CommandListener: TetherCmd::runCommand. argc: 4. argv[0]: tether
01-01 00:00:47.042   310  1340 D TetherController: tetherInterface(wlan0)
01-01 00:00:47.042   310  1340 D TetherController: Router advertisement daemon already stopped
01-01 00:00:47.044   310  1340 D TetherController: Router advertisement daemon running
01-01 00:00:47.044   310  1340 D TetherController: Sending update msg to dnsmasq [update_ifaces:wlan0:wlan0]
01-01 00:00:47.053  5963  5963 D radish  : radish_bridge_debug_cmds: ebtables -t broute -L
01-01 00:00:47.055  5930  5930 I sh      : 200 0 Tether operation succeeded
01-01 00:00:47.056  5930  5930 I sh      : 200 0 success
01-01 00:00:47.062   310  1340 E Netd    : netlink response contains error (File exists)
01-01 00:00:47.066  5930  5930 I sh      : 400 0 addRoute() failed (File exists)
01-01 00:00:47.069   310  1340 D TetherController: Setting IP forward enable = 1
01-01 00:00:47.069   310  1340 D TetherController: config_write_setting(/proc/sys/net/ipv6/conf/all/proxy_ndp, 2)
01-01 00:00:47.069   310  1340 D TetherController: config_write_setting(/proc/sys/net/ipv6/conf/all/forwarding, 2)
01-01 00:00:47.070  5930  5930 I sh      : 200 0 ipfwd operation succeeded
01-01 00:00:47.075   310  1340 D CommandListener: TetherCmd::runCommand. argc: 4. argv[0]: tether
01-01 00:00:47.075   310  1340 E TetherController: Tethering already started
01-01 00:00:47.076  5930  5930 I sh      : 400 0 Tether operation failed (Device or resource busy)
01-01 00:00:47.090  5963  5963 D radish  : Bridge table: broute
01-01 00:00:47.090  5963  5963 D radish  : 
01-01 00:00:47.090  5963  5963 D radish  : Bridge chain: BROUTING, entries: 0, policy: ACCEPT
01-01 00:00:47.092  5963  5963 D radish  : radish_bridge_debug_cmds: brctl show
01-01 00:00:47.094  5963  5963 D radish  : bridge name	bridge id		STP enabled	interfaces
01-01 00:00:47.095  5963  5963 D radish  : radish_bridge_debug_cmds: netstat -ap
01-01 00:00:47.096  4569  4569 I ConfigUtils: Saved current config to: /storage/sdcard1/config.yml
01-01 00:00:47.089  5973  5973 I netstat : type=1400 audit(0.0:57): avc: denied { getattr } for path="/proc/sysrq-trigger" dev="proc" ino=4026543158 scontext=u:r:netd:s0 tcontext=u:object_r:proc_sysrq:s0 tclass=file permissive=1
01-01 00:00:47.089  5973  5973 I netstat : type=1400 audit(0.0:58): avc: denied { getattr } for path="/proc/1" dev="proc" ino=10272 scontext=u:r:netd:s0 tcontext=u:r:init:s0 tclass=dir permissive=1
01-01 00:00:47.089  5973  5973 I netstat : type=1400 audit(0.0:59): avc: denied { search } for name="1" dev="proc" ino=10272 scontext=u:r:netd:s0 tcontext=u:r:init:s0 tclass=dir permissive=1
01-01 00:00:47.089  5973  5973 I netstat : type=1400 audit(0.0:60): avc: denied { read } for name="cmdline" dev="proc" ino=12231 scontext=u:r:netd:s0 tcontext=u:r:init:s0 tclass=file permissive=1
01-01 00:00:47.089  5973  5973 I netstat : type=1400 audit(0.0:61): avc: denied { open } for path="/proc/1/cmdline" dev="proc" ino=12231 scontext=u:r:netd:s0 tcontext=u:r:init:s0 tclass=file permissive=1
01-01 00:00:47.127  4569  4569 I ConfigUtils: Saved factory default config to: /storage/sdcard1/config-factory-defaults.yml
01-01 00:00:47.127  4569  4569 I MainListener: Snapcam ready for commands.
01-01 00:00:47.127  4569  4569 I MainListener: ----------------------- Session  : IDLE [  ] -----------------------
01-01 00:00:47.127  4569  4569 V StatusUpdater-0: Session:  entering IDLE
01-01 00:00:47.127  4569  4569 V StatusUpdater-1: Session:  entering IDLE
01-01 00:00:47.127  4569  4569 D LEDNotifications: Setting LEDs to Session Ready State.
01-01 00:00:47.147  5963  5963 D radish  : Active Internet connections (servers and established)
01-01 00:00:47.147  5963  5963 D radish  : Proto Recv-Q Send-Q Local Address           Foreign Address         State       PID/Program name    
01-01 00:00:47.147  5963  5963 D radish  : tcp        0      0 (null):5555             (null):*                LISTEN      -
01-01 00:00:47.147  5963  5963 D radish  : tcp        0      0 (null):53               (null):*                LISTEN      -
01-01 00:00:47.147  5963  5963 D radish  : tcp        0      0 (null):53               (null):*                LISTEN      -
01-01 00:00:47.147  5963  5963 D radish  : tcp        0      0 (null):22               (null):*                LISTEN      -
01-01 00:00:47.147  5963  5963 D radish  : tcp        0      0 :::8080                 :::*                    LISTEN      -
01-01 00:00:47.147  5963  5963 D radish  : tcp        0      0 :::5201                 :::*                    LISTEN      -
01-01 00:00:47.147  5963  5963 D radish  : tcp        0      0 :::22                   :::*                    LISTEN      -
01-01 00:00:47.147  5963  5963 D radish  : udp        0      0 (null):53               (null):*                            -
01-01 00:00:47.147  5963  5963 D radish  : udp        0      0 (null):53               (null):*                            -
01-01 00:00:47.147  5963  5963 D radish  : udp        0      0 (null):67               (null):*                            -
01-01 00:00:47.147  5963  5963 D radish  : udp        0      0 (null):137              (null):*                            -
01-01 00:00:47.147  5963  5963 D radish  : udp        0      0 (null):138              (null):*                            -
01-01 00:00:47.147  5963  5963 D radish  : udp        0      0 :::54200                :::*                                -
01-01 00:00:47.147  5963  5963 D radish  : udp        0      0 :::60530                :::*                                -
01-01 00:00:47.147  5963  5963 D radish  : udp        0    704 (null):60531            (null):60531            ESTABLISHED -
01-01 00:00:47.147  5963  5963 D radish  : udp        0    704 (null):60531            (null):60531            ESTABLISHED -
01-01 00:00:47.147  5963  5963 D radish  : Active UNIX domain sockets (servers and established)
01-01 00:00:47.147  5963  5963 D radish  : Proto RefCnt Flags       Type       State         I-Node PID/Program name    Path
01-01 00:00:47.147  5963  5963 D radish  : unix  2      [ ACC ]     STREAM     LISTENING      11225 -                   /data/system/ndebugsocket
01-01 00:00:47.147  5963  5963 D radish  : unix  2      [ ]         DGRAM                     11816 -                   @suilst
01-01 00:00:47.147  5963  5963 D radish  : unix  2      [ ACC ]     STREAM     LISTENING       9481 -                   /dev/socket/pps
01-01 00:00:47.147  5963  5963 D radish  : unix  2      [ ACC ]     STREAM     LISTENING      12579 -                   /dev/socket/adbd
01-01 00:00:47.147  5963  5963 D radish  : unix  2      [ ACC ]     STREAM     LISTENING      10532 5963/radish         /dev/socket/fwmarkd
01-01 00:00:47.147  5963  5963 D radish  : unix  2      [ ACC ]     STREAM     LISTENING      10535 5963/radish         /dev/socket/mdns
01-01 00:00:47.147  5963  5963 D radish  : unix  2      [ ACC ]     STREAM     LISTENING      10537 5963/radish         /dev/socket/dnsproxyd
01-01 00:00:47.147  5963  5963 D radish  : unix  2      [ ACC ]     STREAM     LISTENING      10539 5963/radish         /dev/socket/netd
01-01 00:00:47.147  5963  5963 D radish  : unix  2      [ ACC ]     STREAM     LISTENING      11822 -                   /dev/socket/thermal-recv-passive-client
01-01 00:00:47.147  5963  5963 D radish  : unix  2      [ ACC ]     STREAM     LISTENING      11825 -                   /dev/socket/thermal-recv-client
01-01 00:00:47.147  5963  5963 D radish  : unix  2      [ ACC ]     STREAM     LISTENING      12593 -                   /dev/socket/ims_datad
01-01 00:00:47.147  5963  5963 D radish  : unix  2      [ ACC ]     STREAM     LISTENING      11827 -                   /dev/socket/thermal-send-client
01-01 00:00:47.147  5963  5963 D radish  : unix  2      [ ACC ]     STREAM     LISTENING      11834 -                   /dev/socket/zygote
01-01 00:00:47.147  5963  5963 D radish  : unix  2      [ ACC ]     STREAM     LISTENING      11842 -                   /dev/socket/cnd
01-01 00:00:47.147  5963  5963 D radish  : unix  2      [ ACC ]     STREAM     LISTENING      10563 -                   /dev/socket/ims_qmid
01-01 00:00:47.147  5963  5963 D radish  : unix  2      [ ACC ]     STREAM     LISTENING      14163 -                   @time_genoff
01-01 00:00:47.147  5963  5963 D radish  : unix  2      [ ACC ]     STREAM     LISTENING      10391 -                   /dev/socket/property_service
01-01 00:00:47.147  5963  5963 D radish  : unix  2      [ ACC ]     STREAM     LISTENING      17350 -                   /data/misc/location/mq/alarm_svc
01-01 00:00:47.147  5963  5963 D radish  : unix  2      [ ACC ]     STREAM     LISTENING       9439 -                   @android:debuggerd
01-01 00:00:47.147  5963  5963 D radish  : unix  2      [ ACC ]     STREAM     LISTENING      11905 -                   @THERMALE_UI
01-01 00:00:47.147  5963  5963 D radish  : unix  2      [ ]         DGRAM                     19086 -                   /data/misc/wifi/hostapd/wlan0
01-01 00:00:47.147  5963  5963 D radish  : unix  2      [ ACC ]     STREAM     LISTENING      12568 -                   /data/misc/location/mq/location-mq-s
01-01 00:00:47.147  5963  5963 D radish  : unix  2      [ ACC ]     STREAM     LISTENING       9489 -                   @jdwp-control
01-01 00:00:47.147  5963  5963 D radish  : unix  36     [ ]         DGRAM                     10469 -                   /dev/socket/logdw
01-01 00:00:47.147  5963  5963 D radish  : unix  2      [ ACC ]     SEQPACKET  LISTENING      10472 -                   /dev/socket/logdr
01-01 00:00:47.148  5963  5963 D radish  : unix  2      [ ACC ]     STREAM     LISTENING      10474 -                   /dev/socket/logd
01-01 00:00:47.148  5963  5963 D radish  : unix  2      [ ACC ]     SEQPACKET  LISTENING      10483 -                   /dev/socket/lmkd
01-01 00:00:47.148  5963  5963 D radish  : unix  2      [ ACC ]     STREAM     LISTENING      10491 -                   /dev/socket/vold
01-01 00:00:47.148  5963  5963 D radish  : unix  2      [ ACC ]     STREAM     LISTENING      12541 -                   /dev/socket/installd
01-01 00:00:47.148  5963  5963 D radish  : unix  3      [ ]         STREAM     CONNECTED      10967 -                   @jdwp-control
01-01 00:00:47.148  5963  5963 D radish  : unix  3      [ ]         STREAM     CONNECTED      10393 -                   
01-01 00:00:47.148  5963  5963 D radish  : unix  3      [ ]         STREAM     CONNECTED      14485 -                   
01-01 00:00:47.148  5963  5963 D radish  : unix  3      [ ]         STREAM     CONNECTED      18171 -                   @jdwp-control
01-01 00:00:47.148  5963  5963 D radish  : unix  3      [ ]         STREAM     CONNECTED      19550 -                   
01-01 00:00:47.148  5963  5963 D radish  : unix  3      [ ]         SEQPACKET  CONNECTED      13775 -                   
01-01 00:00:47.148  5963  5963 D radish  : unix  3      [ ]         STREAM     CONNECTED      18114 -                   /dev/socket/adbd
01-01 00:00:47.148  5963  5963 D radish  : unix  2      [ ]         DGRAM                     20912 5963/radish         
01-01 00:00:47.148  5963  5963 D radish  : unix  2      [ ]         DGRAM                     12920 -                   
01-01 00:00:47.148  5963  5963 D radish  : unix  3      [ ]         STREAM     CONNECTED      12622 -                   
01-01 00:00:47.148  5963  5963 D radish  : unix  3      [ ]         SEQPACKET  CONNECTED      13773 -                   
01-01 00:00:47.148  5963  5963 D radish  : unix  2      [ ]         DGRAM                      9513 -                   
01-01 00:00:47.148  5963  5963 D radish  : unix  3      [ ]         STREAM     CONNECTED      12605 -                   /data/misc/location/mq/location-mq-s
01-01 00:00:47.148  5963  5963 D radish  : unix  3      [ ]         STREAM     CONNECTED      17201 -                   @jdwp-control
01-01 00:00:47.148  5963  5963 D radish  : unix  3      [ ]         STREAM     CONNECTED      18055 -                   
01-01 00:00:47.148  5963  5963 D radish  : unix  2      [ ]         DGRAM                     10648 4605/com.android.se 
01-01 00:00:47.148  5963  5963 D radish  : unix  3      [ ]         STREAM     CONNECTED      15229 -                   
01-01 00:00:47.148  5963  5963 D radish  : unix  3      [ ]         SEQPACKET  CONNECTED      12922 -                   
01-01 00:00:47.148  5963  5963 D radish  : unix  3      [ ]         STREAM     CONNECTED       9488 -                   
01-01 00:00:47.148  5963  5963 D radish  : unix  3      [ ]         STREAM     CONNECTED      18021 -                   @jdwp-control
01-01 00:00:47.148  5963  5963 D radish  : unix  3      [ ]         SEQPACKET  CONNECTED      15435 -                   
01-01 00:00:47.148  5963  5963 D radish  : unix  2      [ ]         DGRAM                     10500 -                   
01-01 00:00:47.148  5963  5963 D radish  : unix  2      [ ]         DGRAM                     12629 -                   
01-01 00:00:47.148  5963  5963 D radish  : unix  3      [ ]         SEQPACKET  CONNECTED      11212 -                   
01-01 00:00:47.148  5963  5963 D radish  : unix  3      [ ]         STREAM     CONNECTED      20741 -                   @jdwp-control
01-01 00:00:47.148  5963  5963 D radish  : unix  3      [ ]         STREAM     CONNECTED      17896 -                   @jdwp-control
01-01 00:00:47.148  5963  5963 D radish  : unix  3      [ ]         STREAM     CONNECTED      19235 -                   
01-01 00:00:47.148  5963  5963 D radish  : unix  2      [ ]         DGRAM                      9474 -                   
01-01 00:00:47.148  5963  5963 D radish  : unix  3      [ ]         SEQPACKET  CONNECTED      20499 -                   
01-01 00:00:47.148  5963  5963 D radish  : unix  3      [ ]         SEQPACKET  CONNECTED      14136 -                   /dev/socket/logdr
01-01 00:00:47.149  5963  5963 D radish  : unix  2      [ ]         DGRAM                      9475 -                   
01-01 00:00:47.149  5963  5963 D radish  : unix  3      [ ]         STREAM     CONNECTED      20188 -                   
01-01 00:00:47.149  5963  5963 D radish  : unix  3      [ ]         STREAM     CONNECTED      13699 5963/radish         
01-01 00:00:47.149  5963  5963 D radish  : unix  3      [ ]         STREAM     CONNECTED      13077 -                   /dev/socket/zygote
01-01 00:00:47.149  5963  5963 D radish  : unix  3      [ ]         STREAM     CONNECTED      18358 -                   @jdwp-control
01-01 00:00:47.149  5963  5963 D radish  : unix  3      [ ]         SEQPACKET  CONNECTED      17294 -                   
01-01 00:00:47.149  5963  5963 D radish  : unix  2      [ ]         STREAM     CONNECTED      19759 -                   /dev/socket/netd
01-01 00:00:47.149  5963  5963 D radish  : unix  3      [ ]         SEQPACKET  CONNECTED      13772 -                   
01-01 00:00:47.149  5963  5963 D radish  : unix  3      [ ]         STREAM     CONNECTED      11078 -                   /dev/socket/vold
01-01 00:00:47.149  5963  5963 D radish  : unix  2      [ ]         DGRAM                     12521 -                   
01-01 00:00:47.149  5963  5963 D radish  : unix  3      [ ]         STREAM     CONNECTED      18421 -                   @jdwp-con