01-01 00:00:29.970   304  1425 E QCamera2HWI: int qcamera::QCamera2HardwareInterface::calcThermalLevel(qcamera::qcamera_thermal_level_enum_t, int, int, cam_fps_range_t&, msm_vfe_frame_skip_pattern&): level: 0, preview minfps 15000, preview maxfpS 30000video minfps 15000, video maxfpS 30000
01-01 00:00:29.970   304  1425 E QCameraParameters: int32_t qcamera::QCameraParameters::setPreviewFpsRange(int, int, int, int): Thermal adjusted preview fps range 15,30, 15, 30
01-01 00:00:29.970   304  1425 E QCameraParameters: int32_t qcamera::QCameraParameters::initDefaultParameters(): supported flash modes cnt is 0!!!
01-01 00:00:29.970   304  1425 E QCameraParameters: int32_t qcamera::QCameraParameters::setSceneMode(const char*): Setting SceneMode auto
01-01 00:00:29.971   304  1425 I Thermal-Lib: Thermal-Lib-Client: Registraion successful for camera with handle:1
01-01 00:00:29.971   304  1425 I Thermal-Lib: Thermal-Lib-Client: Registraion successful for camcorder with handle:2
01-01 00:00:29.971   316   492 I ThermalEngine: Thermal-Server: Adding thermal event listener on fd 19
01-01 00:00:29.973   304  2443 I Thermal-Lib: Thermal-Lib-Client: Client received msg camera 0
01-01 00:00:29.973   304  2443 I Thermal-Lib: Thermal-Lib-Client: Client received msg camcorder 0
01-01 00:00:29.973   304  2136 E QCamera2HWI: int qcamera::QCamera2HardwareInterface::calcThermalLevel(qcamera::qcamera_thermal_level_enum_t, int, int, cam_fps_range_t&, msm_vfe_frame_skip_pattern&): level: 0, preview minfps 15000, preview maxfpS 30000video minfps 15000, video maxfpS 30000
01-01 00:00:29.973   304  2136 E QCamera2HWI: int qcamera::QCamera2HardwareInterface::calcThermalLevel(qcamera::qcamera_thermal_level_enum_t, int, int, cam_fps_range_t&, msm_vfe_frame_skip_pattern&): level: 0, preview minfps 15000, preview maxfpS 30000video minfps 15000, video maxfpS 30000
01-01 00:00:29.974   304  1425 I CameraClient: Destroying camera 1
01-01 00:00:29.976   304  1425 I qomx_image_core: OMX_Deinit:118] Complete
01-01 00:00:29.979   304  1425 E QCameraPostProc: int32_t qcamera::QCameraPostProcessor::deinit(): Jpeg closed, rc = 0, mJpegClientHandle = 200
01-01 00:00:29.979   304  1425 I Thermal-Lib: Thermal-Lib-Client: Unregisteration is successfull for handle:1
01-01 00:00:29.979   316   492 I ThermalEngine: Thermal-Server: removing client on fd 19
01-01 00:00:29.979   304  1425 I Thermal-Lib: Thermal-Lib-Client: Unregisteration is successfull for handle:2
01-01 00:00:29.980   341  2436 E mm-camera: mct_pipeline_get_stream: no children
01-01 00:00:29.981   341   341 I mm-camera-eztune: vendor/qcom/proprietary/mm-camera/mm-camera2/server-tuning/tuning/eztune_interface.cpp(315): "Delete Server : 0xb69fa020"
01-01 00:00:29.981   341  2434 W mm-camera-eztune: vendor/qcom/proprietary/mm-camera/mm-camera2/server-tuning/tuning/mmcam_socket_utils.cpp(311): "Received event from non socket fd"
01-01 00:00:29.981   341  2434 W mm-camera-eztune: vendor/qcom/proprietary/mm-camera/mm-camera2/server-tuning/tuning/eztune_interface.cpp(61): "Stop message. Exiting server thread"
01-01 00:00:29.981   341   341 I mm-camera-eztune: vendor/qcom/proprietary/mm-camera/mm-camera2/server-tuning/tuning/eztune_interface.cpp(315): "Delete Server : 0xb6a4ef60"
01-01 00:00:29.983   341  2435 W mm-camera-eztune: vendor/qcom/proprietary/mm-camera/mm-camera2/server-tuning/tuning/mmcam_socket_utils.cpp(311): "Received event from non socket fd"
01-01 00:00:29.983   341  2435 W mm-camera-eztune: vendor/qcom/proprietary/mm-camera/mm-camera2/server-tuning/tuning/eztune_interface.cpp(61): "Stop message. Exiting server thread"
01-01 00:00:29.984   341  2445 I mm-camera-sensor: module_sensor_stop_session:1457 session 3
01-01 00:00:29.984   341  2447 E mm-camera-isp2: isp_module_stop_session:312 session id 3
01-01 00:00:29.986   341   341 E mm-camera: mct_pipeline_stop_session: left modules: 5
01-01 00:00:29.986   341   341 E mm-camera: mct_pipeline_stop_session: left modules: 4
01-01 00:00:29.987   341  2450 D hdr     : Session id 0x3 stopped
01-01 00:00:29.987   341   341 E mm-camera: mct_pipeline_stop_session: left modules: 3
01-01 00:00:29.989   341  2448 E mm-camera: is_module_stop_session: Enter
01-01 00:00:29.989   341  2448 E mm-camera: is_module_stop_session: Exit successful
01-01 00:00:29.989   341  2448 E mm-camera: gyro_module_stop_session: Enter
01-01 00:00:29.990   341  2448 E mm-camera: gyro_port_deinit: Deinit DSPS
01-01 00:00:29.990   341  2448 E mm-camera: gyro_module_stop_session: Exit successful
01-01 00:00:29.990   341   341 E mm-camera: mct_pipeline_stop_session: left modules: 2
01-01 00:00:29.990   341   341 E mm-camera: mct_pipeline_stop_session: left modules: 1
01-01 00:00:29.996  1487  1507 W art     : Long monitor contention event with owner method=boolean android.os.BinderProxy.transactNative(int, android.os.Parcel, android.os.Parcel, int) from Binder.java:4294967294 waiters=0 for 6.268s
01-01 00:00:30.000   341  2153 E mm-camera-sensor: Got some events
01-01 00:00:30.000   341  2153 I mm-camera-sensor: sensor_thread_func:154 sensor_thread_func:Sensor thread is exiting
01-01 00:00:30.000   341   341 E mm-camera: mct_pipeline_stop_session: left modules: 0
01-01 00:00:30.001  1487  1487 W ArrayUtils: Ignoring invalid value emboss
01-01 00:00:30.001  1487  1487 W ArrayUtils: Ignoring invalid value sketch
01-01 00:00:30.001  1487  1487 W ArrayUtils: Ignoring invalid value neon
01-01 00:00:30.001  1487  1487 W ArrayUtils: Ignoring invalid value asd
01-01 00:00:30.001  1487  1487 W ArrayUtils: Ignoring invalid value backlight
01-01 00:00:30.001  1487  1487 W ArrayUtils: Ignoring invalid value flowers
01-01 00:00:30.001  1487  1487 W ArrayUtils: Ignoring invalid value AR
01-01 00:00:30.007  1487  1487 W ArrayUtils: Ignoring invalid value emboss
01-01 00:00:30.007  1487  1487 W ArrayUtils: Ignoring invalid value sketch
01-01 00:00:30.007  1487  1487 W ArrayUtils: Ignoring invalid value neon
01-01 00:00:30.007  1487  1487 W ArrayUtils: Ignoring invalid value asd
01-01 00:00:30.007  1487  1487 W ArrayUtils: Ignoring invalid value backlight
01-01 00:00:30.007  1487  1487 W ArrayUtils: Ignoring invalid value flowers
01-01 00:00:30.007  1487  1487 W ArrayUtils: Ignoring invalid value AR
01-01 00:00:30.032  1487  2453 D BluetoothAdapter: 945472153: getState() :  mService = null. Returning STATE_OFF
01-01 00:00:30.032  1487  2453 D BluetoothAdapter: 945472153: getState() :  mService = null. Returning STATE_OFF
01-01 00:00:30.032  1487  2453 D BluetoothAdapter: 945472153: getState() :  mService = null. Returning STATE_OFF
01-01 00:00:30.032  1487  2453 D BluetoothAdapter: 945472153: getState() :  mService = null. Returning STATE_OFF
01-01 00:00:30.046  1487  2455 D OpenGLRenderer: Render dirty regions requested: true
01-01 00:00:30.048  1487  1487 D Atlas   : Validating map...
01-01 00:00:30.051  1487  1487 D PhoneStatusBar: disable: < expand icons alerts system_info back home recent clock search >
01-01 00:00:30.067  1487  1487 D BluetoothAdapter: 945472153: getState() :  mService = null. Returning STATE_OFF
01-01 00:00:30.068  1487  1487 D BluetoothAdapter: 945472153: getState() :  mService = null. Returning STATE_OFF
01-01 00:00:30.072  1487  1487 D PhoneStatusBar: heads up is enabled
01-01 00:00:30.077  1487  1487 I Choreographer: Skipped 418 frames!  The application may be doing too much work on its main thread.
01-01 00:00:30.080  1487  1487 D ViewRootImpl: changeCanvasOpacity: opaque=true
01-01 00:00:30.082  1487  1487 W Settings: Setting airplane_mode_on has moved from android.provider.Settings.System to android.provider.Settings.Global, returning read-only value.
01-01 00:00:30.085  1487  1487 W Settings: Setting airplane_mode_on has moved from android.provider.Settings.System to android.provider.Settings.Global, returning read-only value.
01-01 00:00:30.085  1487  1487 W TelecomManager: Telecom Service not found.
01-01 00:00:30.086  1487  1487 W TelecomManager: Telecom Service not found.
01-01 00:00:30.086  1487  1487 W TelecomManager: Telecom Service not found.
01-01 00:00:30.086  1487  1487 W TelecomManager: Telecom Service not found.
01-01 00:00:30.086  1487  1487 W Settings: Setting airplane_mode_on has moved from android.provider.Settings.System to android.provider.Settings.Global, returning read-only value.
01-01 00:00:30.104  1487  2455 I Adreno  : EGLInit: QTI Build: 01/16/15, 25d4fe7, 
01-01 00:00:30.117  1487  2455 I OpenGLRenderer: Initialized EGL, version 1.4
01-01 00:00:30.126  1487  2455 D OpenGLRenderer: Enabling debug mode 0
01-01 00:00:30.142  1325  1427 D WifiService: New client listening to asynchronous messages
01-01 00:00:30.181  1487  1487 D OpenGLRenderer: setting property extraRasterBucket to 0.95
01-01 00:00:30.181  1487  1487 D OpenGLRenderer:     failed
01-01 00:00:30.181  1487  1487 D OpenGLRenderer: setting property extraRasterBucket to 0.0
01-01 00:00:30.181  1487  1487 D OpenGLRenderer:     failed
01-01 00:00:30.478   383  1346 E modemanager: readXMLOp:Couldn't open OEM XML file!
01-01 00:00:30.478   383  1346 E modemanager: retrieveMode: Failed to enumerate modes
01-01 00:00:30.479   383  1346 E modemanager: in applyDefaultMode fail to retrieve default mode!
01-01 00:00:30.479   383  1346 I modemanager: in applyDefaultMode ret = 0 mCurMode = -1
01-01 00:00:30.479   383  1346 E PPDaemon: void* applyDefaultModeThreadFunc(void*) failed applying default mode!
01-01 00:00:31.479   383  1346 E modemanager: readXMLOp:Couldn't open OEM XML file!
01-01 00:00:31.479   383  1346 E modemanager: retrieveMode: Failed to enumerate modes
01-01 00:00:31.479   383  1346 E modemanager: in applyDefaultMode fail to retrieve default mode!
01-01 00:00:31.479   383  1346 I modemanager: in applyDefaultMode ret = 0 mCurMode = -1
01-01 00:00:31.479   383  1346 E PPDaemon: void* applyDefaultModeThreadFunc(void*) failed applying default mode!
01-01 00:00:32.479   383  1346 E modemanager: readXMLOp:Couldn't open OEM XML file!
01-01 00:00:32.479   383  1346 E modemanager: retrieveMode: Failed to enumerate modes
01-01 00:00:32.479   383  1346 E modemanager: in applyDefaultMode fail to retrieve default mode!
01-01 00:00:32.479   383  1346 I modemanager: in applyDefaultMode ret = 0 mCurMode = -1
01-01 00:00:32.479   383  1346 E PPDaemon: void* applyDefaultModeThreadFunc(void*) failed applying default mode!
01-01 00:00:33.479   383  1346 E modemanager: readXMLOp:Couldn't open OEM XML file!
01-01 00:00:33.479   383  1346 E modemanager: retrieveMode: Failed to enumerate modes
01-01 00:00:33.479   383  1346 E modemanager: in applyDefaultMode fail to retrieve default mode!
01-01 00:00:33.479   383  1346 I modemanager: in applyDefaultMode ret = 0 mCurMode = -1
01-01 00:00:33.479   383  1346 E PPDaemon: void* applyDefaultModeThreadFunc(void*) failed applying default mode!
01-01 00:00:34.479   383  1346 E modemanager: readXMLOp:Couldn't open OEM XML file!
01-01 00:00:34.479   383  1346 E modemanager: retrieveMode: Failed to enumerate modes
01-01 00:00:34.479   383  1346 E modemanager: in applyDefaultMode fail to retrieve default mode!
01-01 00:00:34.479   383  1346 I modemanager: in applyDefaultMode ret = 0 mCurMode = -1
01-01 00:00:34.479   383  1346 E PPDaemon: void* applyDefaultModeThreadFunc(void*) failed applying default mode!
01-01 00:00:35.479   383  1346 E modemanager: readXMLOp:Couldn't open OEM XML file!
01-01 00:00:35.479   383  1346 E modemanager: retrieveMode: Failed to enumerate modes
01-01 00:00:35.479   383  1346 E modemanager: in applyDefaultMode fail to retrieve default mode!
01-01 00:00:35.479   383  1346 I modemanager: in applyDefaultMode ret = 0 mCurMode = -1
01-01 00:00:35.479   383  1346 E PPDaemon: void* applyDefaultModeThreadFunc(void*) failed applying default mode!
01-01 00:00:36.480   383  1346 E modemanager: readXMLOp:Couldn't open OEM XML file!
01-01 00:00:36.480   383  1346 E modemanager: retrieveMode: Failed to enumerate modes
01-01 00:00:36.480   383  1346 E modemanager: in applyDefaultMode fail to retrieve default mode!
01-01 00:00:36.480   383  1346 I modemanager: in applyDefaultMode ret = 0 mCurMode = -1
01-01 00:00:36.480   383  1346 E PPDaemon: void* applyDefaultModeThreadFunc(void*) failed applying default mode!
01-01 00:00:37.480   383  1346 E modemanager: readXMLOp:Couldn't open OEM XML file!
01-01 00:00:37.480   383  1346 E modemanager: retrieveMode: Failed to enumerate modes
01-01 00:00:37.480   383  1346 E modemanager: in applyDefaultMode fail to retrieve default mode!
01-01 00:00:37.480   383  1346 I modemanager: in applyDefaultMode ret = 0 mCurMode = -1
01-01 00:00:37.480   383  1346 E PPDaemon: void* applyDefaultModeThreadFunc(void*) failed applying default mode!
01-01 00:00:38.352  1325  1325 E LocSvc_afw: E/GSS open failed: No such file or directory
01-01 00:00:38.352  1325  1325 E LocSvc_afw: E/get_extension: Invalid interface passed in
01-01 00:00:38.364  1325  1325 E LocSvc_afw: E/get_extension: Invalid interface passed in
01-01 00:00:38.364  1325  1325 E LocSvc_afw: E/get_extension: Invalid interface passed in
01-01 00:00:38.368  1325  1325 D GpsLocationProvider: Reset GPS properties, previous size = 0
01-01 00:00:38.368  1325  1325 D GpsLocationProvider: GpsParamsResource: SUPL_HOST=supl.google.com
01-01 00:00:38.368  1325  1325 D GpsLocationProvider: GpsParamsResource: SUPL_PORT=7275
01-01 00:00:38.368  1325  1325 D GpsLocationProvider: GpsParamsResource: NTP_SERVER=north-america.pool.ntp.org
01-01 00:00:38.368  1325  1325 D GpsLocationProvider: GpsParamsResource: SUPL_VER=0x20000
01-01 00:00:38.368  1325  1325 D GpsLocationProvider: GpsParamsResource: SUPL_MODE=1
01-01 00:00:38.370  1325  1325 D GpsLocationProvider: GPS properties reloaded, size = 16
01-01 00:00:38.371  1325  1325 E LocSvc_eng: I/===> int loc_eng_set_server_proxy(loc_eng_data_s_type&, LocServerType, const char*, int) line 2502 
01-01 00:00:38.371  1325  1325 E LocSvc_eng: W/set_server called before init. save the address, type: 3, hostname: supl.google.com, port: 7275
01-01 00:00:38.372  1325  1325 D GpsLocationProvider: GPS configuration:
01-01 00:00:38.372  1325  1325 D GpsLocationProvider:  #Thu Jan 01 00:00:38 GMT+00:00 1970
01-01 00:00:38.372  1325  1325 D GpsLocationProvider: SUPL_HOST=supl.google.com
01-01 00:00:38.372  1325  1325 D GpsLocationProvider: SUPL_PORT=7275
01-01 00:00:38.372  1325  1325 D GpsLocationProvider: XTRA_VERSION_CHECK=0
01-01 00:00:38.372  1325  1325 D GpsLocationProvider: DEBUG_LEVEL=3
01-01 00:00:38.372  1325  1325 D GpsLocationProvider: SUPL_ES=1
01-01 00:00:38.372  1325  1325 D GpsLocationProvider: NMEA_PROVIDER=0
01-01 00:00:38.372  1325  1325 D GpsLocationProvider: CAPABILITIES=0x37
01-01 00:00:38.372  1325  1325 D GpsLocationProvider: SUPL_VER=0x10000
01-01 00:00:38.372  1325  1325 D GpsLocationProvider: ERR_ESTIMATE=0
01-01 00:00:38.372  1325  1325 D GpsLocationProvider: A_GLONASS_POS_PROTOCOL_SELECT=0
01-01 00:00:38.372  1325  1325 D GpsLocationProvider: INTERMEDIATE_POS=0
01-01 00:00:38.372  1325  1325 D GpsLocationProvider: SGLTE_TARGET=0
01-01 00:00:38.372  1325  1325 D GpsLocationProvider: LPP_PROFILE=0
01-01 00:00:38.372  1325  1325 D GpsLocationProvider: USE_EMERGENCY_PDN_FOR_EMERGENCY_SUPL=1
01-01 00:00:38.372  1325  1325 D GpsLocationProvider: NTP_SERVER=time.gpsonextra.net
01-01 00:00:38.372  1325  1325 D GpsLocationProvider: SUPL_MODE=1
01-01 00:00:38.372  1325  1325 E LocSvc_eng: I/===> void loc_eng_configuration_update(loc_eng_data_s_type&, const char*, int32_t) line 2627 
01-01 00:00:38.372  1325  1325 D GpsLocationProvider: final config = #Thu Jan 01 00:00:38 GMT+00:00 1970
01-01 00:00:38.372  1325  1325 D GpsLocationProvider: SUPL_HOST=supl.google.com
01-01 00:00:38.372  1325  1325 D GpsLocationProvider: SUPL_PORT=7275
01-01 00:00:38.372  1325  1325 D GpsLocationProvider: XTRA_VERSION_CHECK=0
01-01 00:00:38.372  1325  1325 D GpsLocationProvider: DEBUG_LEVEL=3
01-01 00:00:38.372  1325  1325 D GpsLocationProvider: SUPL_ES=1
01-01 00:00:38.372  1325  1325 D GpsLocationProvider: NMEA_PROVIDER=0
01-01 00:00:38.372  1325  1325 D GpsLocationProvider: CAPABILITIES=0x37
01-01 00:00:38.372  1325  1325 D GpsLocationProvider: SUPL_VER=0x10000
01-01 00:00:38.372  1325  1325 D GpsLocationProvider: ERR_ESTIMATE=0
01-01 00:00:38.372  1325  1325 D GpsLocationProvider: A_GLONASS_POS_PROTOCOL_SELECT=0
01-01 00:00:38.372  1325  1325 D GpsLocationProvider: INTERMEDIATE_POS=0
01-01 00:00:38.372  1325  1325 D GpsLocationProvider: SGLTE_TARGET=0
01-01 00:00:38.372  1325  1325 D GpsLocationProvider: LPP_PROFILE=0
01-01 00:00:38.372  1325  1325 D GpsLocationProvider: USE_EMERGENCY_PDN_FOR_EMERGENCY_SUPL=1
01-01 00:00:38.372  1325  1325 D GpsLocationProvider: NTP_SERVER=time.gpsonextra.net
01-01 00:00:38.372  1325  1325 D GpsLocationProvider: SUPL_MODE=1
01-01 00:00:38.379  1325  1325 E LocationManagerService: no geocoder provider found
01-01 00:00:38.381  1325  1325 W ContextImpl: Calling a method in the system process without a qualified user: android.app.ContextImpl.bindService:1750 com.android.server.location.GeoFencerProxy.<init>:86 com.android.server.location.GeoFencerProxy.getGeoFencerProxy:77 com.android.server.LocationManagerService.loadProvidersLocked:520 com.android.server.LocationManagerService.systemRunning:293 
01-01 00:00:38.384  1325  1325 E LocSvc_flp: I/===> const FlpLocationInterface* get_flp_interface() line 69 
01-01 00:00:38.392  1325  1325 E Geofence_Adapter: I/===> void GeofenceAdapter::addGfClients(GeoFencer*) line 65 
01-01 00:00:38.392  1325  1325 E Geofence_Adapter: I/===> void GeofenceAdapter::updateRegisteredEvents() line 81 
01-01 00:00:38.393  1325  3141 V FlpHardwareProvider: Callback thread attached: 0xb427a080
01-01 00:00:38.393  1325  3141 E LocSvc_api_v02: I/locClientOpen:2183]: Service instance id is -1
01-01 00:00:38.393  1325  3141 E LocSvc_api_v02: I/---> locClientOpenInstance line 2063 loc client open
01-01 00:00:38.393  1325  1325 E LocationManagerService: Unable to bind FusedProxy.
01-01 00:00:38.395  1325  1325 E LocationManagerService: Unable to bind FLP Geofence proxy.
01-01 00:00:38.480   383  1346 E modemanager: readXMLOp:Couldn't open OEM XML file!
01-01 00:00:38.480   383  1346 E modemanager: retrieveMode: Failed to enumerate modes
01-01 00:00:38.480   383  1346 E modemanager: in applyDefaultMode fail to retrieve default mode!
01-01 00:00:38.480   383  1346 I modemanager: in applyDefaultMode ret = 0 mCurMode = -1
01-01 00:00:38.480   383  1346 E PPDaemon: void* applyDefaultModeThreadFunc(void*) failed applying default mode!
01-01 00:00:39.480   383  1346 E modemanager: readXMLOp:Couldn't open OEM XML file!
01-01 00:00:39.480   383  1346 E modemanager: retrieveMode: Failed to enumerate modes
01-01 00:00:39.480   383  1346 E modemanager: in applyDefaultMode fail to retrieve default mode!
01-01 00:00:39.480   383  1346 I modemanager: in applyDefaultMode ret = 0 mCurMode = -1
01-01 00:00:39.480   383  1346 E PPDaemon: void* applyDefaultModeThreadFunc(void*) failed applying default mode!
01-01 00:00:41.404  1325  1325 E libsensor1: sensor1_open: Error in connect() errno=2 No such file or directory
01-01 00:00:41.405  1325  1325 E qti_ar_hal: hal_init: Sensor1 open failed with error: 11 0
01-01 00:00:41.405  1325  1325 E qti_ar_hal: hal_ar_open: HAL control init failed
01-01 00:00:41.405  1325  1325 E ActivityRecognitionHardware: Error opening device: -1
01-01 00:00:41.405  1325  1325 E LocationManagerService: Hardware Activity-Recognition not supported.
01-01 00:00:41.406  1325  1344 W art     : Long monitor contention event with owner method=java.lang.String java.lang.String.intern!() from String.java:4294967294 waiters=0 for 3.031s
01-01 00:00:41.407  1325  1344 E LocSvc_eng: I/===> int loc_eng_init(loc_eng_data_s_type&, LocCallbacks*, LOC_API_ADAPTER_EVENT_MASK_T, loc_core::ContextBase*) line 1629 
01-01 00:00:41.407  1325  1344 D GpsLocationProvider: set_capabilities_callback: 49u
01-01 00:00:41.407  1325  1344 I libmdmdetect: No supported ESOC's found
01-01 00:00:41.407  1325  1344 E PerMgrLib: Peripheral manager is not supported on this device
01-01 00:00:41.407  1325  1344 E LocSvc_afw: E/Error:  open failed: No such file or directory
01-01 00:00:41.407  1325  1344 E LocSvc_eng: I/===> void loc_eng_agps_init(loc_eng_data_s_type&, AGpsExtCallbacks*) line 2200 
01-01 00:00:41.407  1325  1344 E LocSvc_eng: I/===> void loc_eng_ni_init(loc_eng_data_s_type&, GpsNiExtCallbacks*) line 327 
01-01 00:00:41.407  1325  1344 E Geofence_Adapter: I/===> void GeofenceAdapter::addGfClients(GeoFencer*) line 65 
01-01 00:00:41.407  1325  1344 E Geofence_Adapter: I/===> void GeofenceAdapter::updateRegisteredEvents() line 81 
01-01 00:00:41.407  1325  1344 E LocSvc_eng: I/===> int loc_eng_set_server_proxy(loc_eng_data_s_type&, LocServerType, const char*, int) line 2502 
01-01 00:00:41.410  1325  1325 I CommonTimeManagementService: No common time service detected on this platform.  Common time services will be unavailable.
01-01 00:00:41.411  1325  1405 I InputReader: Reconfiguring input devices.  changes=0x00000020
01-01 00:00:41.413  1325  1325 I MmsServiceBroker: Connecting to MmsService
01-01 00:00:41.413  1325  1325 W ContextImpl: Calling a method in the system process without a qualified user: android.app.ContextImpl.bindService:1750 com.android.server.MmsServiceBroker.tryConnecting:134 com.android.server.MmsServiceBroker.systemRunning:121 com.android.server.SystemServer$2.run:1238 com.android.server.am.ActivityManagerService.systemReady:11347 
01-01 00:00:41.414  1325  1405 I InputReader: Reconfiguring input devices.  changes=0x00000010
01-01 00:00:41.441  1325  1325 I ActivityManager: Start proc com.android.phone for service com.android.mms.service/.MmsService: pid=3396 uid=1001 gids={41001, 9997, 3002, 3001, 3003, 1028, 1015} abi=armeabi-v7a
01-01 00:00:41.441  1325  1325 W VoiceInteractionManagerService: no available voice interaction services found for user 0
01-01 00:00:41.441  1325  1325 W VoiceInteractionManagerService: no available voice recognition services found for user 0
01-01 00:00:41.473  1325  1325 I ActivityManager: Start proc com.sentera.snapcam for added application com.sentera.snapcam: pid=3414 uid=1000 gids={41000, 9997, 3002, 3001, 1028, 1015, 3003, 3005, 1021, 3004, 1000, 3009, 1023, 1010, 2001, 1007} abi=armeabi-v7a
01-01 00:00:41.502  1325  1325 I ActivityManager: Start proc com.quicinc.cne.CNEService for added application com.quicinc.cne.CNEService: pid=3432 uid=1000 gids={41000, 9997, 3002, 3001, 1028, 1015, 3003, 3005, 1021, 3004, 1000, 3009, 1023, 1010, 2001, 1007} abi=armeabi-v7a
01-01 00:00:41.509   318   318 I art     : Explicit concurrent mark sweep GC freed 709(30KB) AllocSpace objects, 0(0B) LOS objects, 89% free, 114KB/1138KB, paused 122us total 6.889ms
01-01 00:00:41.515   318   318 I art     : Explicit concurrent mark sweep GC freed 5(160B) AllocSpace objects, 0(0B) LOS objects, 89% free, 114KB/1138KB, paused 96us total 5.513ms
01-01 00:00:41.521   318   318 I art     : Explicit concurrent mark sweep GC freed 5(160B) AllocSpace objects, 0(0B) LOS objects, 89% free, 114KB/1138KB, paused 97us total 5.413ms
01-01 00:00:41.549  1325  1325 I ActivityManager: Start proc com.android.server.telecom for added application com.android.server.telecom: pid=3450 uid=1001 gids={41001, 9997, 3002, 3001, 3003, 1028, 1015} abi=armeabi-v7a
01-01 00:00:41.578  1325  1325 I ActivityManager: Start proc com.android.phone for added application com.android.phone: pid=3468 uid=1001 gids={41001, 9997, 3002, 3001, 3003, 1028, 1015} abi=armeabi-v7a
01-01 00:00:41.580  1325  1325 I ActivityManager: START u0 {act=android.intent.action.MAIN cat=[android.intent.category.HOME] flg=0x10000000 cmp=com.android.launcher/com.android.launcher2.Launcher} from uid 0 on display 0
01-01 00:00:41.614  1325  1325 I ActivityManager: Start proc com.android.launcher for activity com.android.launcher/com.android.launcher2.Launcher: pid=3486 uid=10008 gids={50008, 9997} abi=armeabi-v7a
01-01 00:00:41.615  1325  1344 W art     : Long monitor contention event with owner method=void com.android.server.am.ActivityManagerService.systemReady(java.lang.Runnable) from ActivityManagerService.java:11355 waiters=0 for 166ms
01-01 00:00:41.615  1325  1325 I SystemServer: Enabled StrictMode for system server main thread.
01-01 00:00:41.646  1325  1344 I ActivityManager: Start proc com.android.printspooler for service com.android.printspooler/.model.PrintSpoolerService: pid=3505 uid=10047 gids={50047, 9997} abi=armeabi-v7a
01-01 00:00:41.646  1325  1742 W art     : Long monitor contention event with owner method=void com.android.server.am.ActivityManagerService.systemReady(java.lang.Runnable) from ActivityManagerService.java:11355 waiters=1 for 183ms
01-01 00:00:41.646  1325  1742 W ActivityManager: No pending application record for pid 3396 (IApplicationThread android.app.ApplicationThreadProxy@3fe4cf33); dropping process
01-01 00:00:41.657  3432  3432 W ResourcesManager: Asset path '/system/framework/com.quicinc.cne.jar' does not exist or contains no resources.
01-01 00:00:41.659  1325  1325 V ActivityManager: Display changed displayId=0
01-01 00:00:41.659  1325  1325 V ActivityManager: Display changed displayId=0
01-01 00:00:41.659  1325  1325 V ActivityManager: Display changed displayId=0
01-01 00:00:41.662  1487  1487 V StatusBar: userId 0 is in the house
01-01 00:00:41.671  3450  3450 D Telecom : MissedCallNotifier: updateOnStartup()...
01-01 00:00:41.675  1325  1325 D WifiScanningService: SCAN_AVAILABLE : 1
01-01 00:00:41.676  1325  1325 D RttService: SCAN_AVAILABLE : 1
01-01 00:00:41.676  1325  1439 D WifiScanningService: DefaultState got{ when=0 what=160007 target=com.android.internal.util.StateMachine$SmHandler }
01-01 00:00:41.677  1325  1440 D RttService: DefaultState got{ when=0 what=160513 target=com.android.internal.util.StateMachine$SmHandler }
01-01 00:00:41.680  1325  1325 I Choreographer: Skipped 1146 frames!  The application may be doing too much work on its main thread.
01-01 00:00:41.683  1325  1325 W InputMethodManagerService: Focus gain on non-focused client android.view.inputmethod.InputMethodManager$1@584010 (uid=1000 pid=1325)
01-01 00:00:41.686  1325  1325 V ActivityManager: Display changed displayId=0
01-01 00:00:41.714  3432  3432 D CNEServiceApp: start cne
01-01 00:00:41.715  1325  1350 D BluetoothManagerService: Message: 20
01-01 00:00:41.715  1325  1350 D BluetoothManagerService: Added callback: android.bluetooth.IBluetoothManagerCallback$Stub$Proxy@305c167f:true
01-01 00:00:41.730  1325  1350 D BluetoothManagerService: Message: 30
01-01 00:00:41.746  1325  1427 D WifiService: New client listening to asynchronous messages
01-01 00:00:41.747  1325  1325 W ResourcesManager: Asset path '/system/framework/com.android.location.provider.jar' does not exist or contains no resources.
01-01 00:00:41.749  3432  3432 D CNEServiceApp: broadcast cne started
01-01 00:00:41.750  3432  3432 W ContextImpl: Calling a method in the system process without a qualified user: android.app.ContextImpl.sendBroadcast:1321 android.content.ContextWrapper.sendBroadcast:376 com.quicinc.cne.CNEService.CNEServiceApp.broadcastCNEStarted:102 com.quicinc.cne.CNEService.CNEServiceApp.startCne:114 com.quicinc.cne.CNEService.CNEServiceApp.onCreate:93 
01-01 00:00:41.776  3505  3505 I PrintSpoolerService: No existing print spooler state.
01-01 00:00:41.782  3432  3597 I QCNEJ   : |CORE:COM:RCVR| CNE creating socket
01-01 00:00:41.783  3432  3597 I QCNEJ   : |CORE:COM:RCVR| Connected to 'cnd' socket
01-01 00:00:41.789  3432  3597 W QCNEJ   : |CORE| UNKOWN Unsolicited Event 25
01-01 00:00:41.789  3432  3597 I QCNEJ   : |CORE| CNE_REQUEST_GET_BROWSERS_INFO_LIST received
01-01 00:00:41.795  1325  1341 I ActivityManager: Start proc com.android.externalstorage for broadcast com.android.externalstorage/.MountReceiver: pid=3621 uid=10007 gids={50007, 9997, 1028, 1015, 1023} abi=armeabi-v7a
01-01 00:00:41.795  3432  3597 I QCNEJ   : |CORE| CNE_NOTIFY_FEATURE_STATUS received
01-01 00:00:41.796  3432  3597 I QCNEJ   : |CORE| CNE_NOTIFY_FEATURE_STATUS received
01-01 00:00:41.800  1325  1325 E NlpProxy: No NLPs exist to bind to!
01-01 00:00:41.802  3450  3450 D Telecom : ProximitySensorManager: onCreate: mProximityWakeLock: 
01-01 00:00:41.821  1325  1325 V UlpService: +startAdditionalServices
01-01 00:00:41.819   403   403 I sh      : type=1400 audit(0.0:42): avc: denied { append } for name="performance_log.csv" dev="fuse" ino=3061866832 scontext=u:r:init:s0 tcontext=u:object_r:fuse:s0 tclass=file permissive=1
01-01 00:00:41.819   403   403 I sh      : type=1400 audit(0.0:43): avc: denied { open } for path="/storage/sdcard1/info/logs/performance_log.csv" dev="fuse" ino=3061866832 scontext=u:r:init:s0 tcontext=u:object_r:fuse:s0 tclass=file permissive=1
01-01 00:00:41.853  1325  3649 W art     : No such thread id for suspend: 65
01-01 00:00:41.855  1325  1325 I ActivityManager: Start proc com.qualcomm.location.XT for service com.qualcomm.location.XT/.XTSrv: pid=3659 uid=1000 gids={41000, 9997, 3002, 3001, 1028, 1015, 3003, 3005, 1021, 3004, 1000, 3009, 1023, 1010, 2001, 1007} abi=armeabi-v7a
01-01 00:00:41.856  1325  1325 V UlpService: -startAdditionalServices
01-01 00:00:41.859  3450  3450 D Telecom : MissedCallNotifier: onQueryComplete()...
01-01 00:00:41.863  3468  3468 D MmsService: onCreate
01-01 00:00:41.869  3450  3450 D Telecom : BluetoothPhoneService: onCreate
01-01 00:00:41.870  3468  3669 I MmsService: MmsConfigManager.loadInBackground(): mcc/mnc: 0/0
01-01 00:00:41.870  3468  3669 E MmsService: MmsConfigManager.load -- empty getActiveSubInfoList
01-01 00:00:41.871  1325  1350 D BluetoothManagerService: Message: 30
01-01 00:00:41.876  1325  1325 D Ulp_jni : classInit invoked
01-01 00:00:41.877  1325  1325 D Ulp_jni : instanceInit invoked
01-01 00:00:41.877  1325  1325 E LocSvc_libulp: I/===> int ulp_init(UlpEngineCallbacks*, UlpNetworkLocationCallbacks*, UlpPhoneContextCallbacks*) line 131 
01-01 00:00:41.877  1325  1325 E LocSvc_libulp: I/===> int ulp_data_init() line 72 
01-01 00:00:41.878  1325  1325 E LocSvc_libulp: E/int ulp_data_init():100]: GTP WiFi is enabled.
01-01 00:00:41.878  1325  1325 E LocSvc_libulp: E/int ulp_data_init():116]: GTP AP cell is disabled
01-01 00:00:41.878  1325  1325 E LocSvc_libulp: I/int ulp_data_init(), quipc_enabled = 0, gps capabilities = 0x0 zpp trigger threshold = 10000
01-01 00:00:41.878  1325  1325 E LocSvc_libulp: I/===> int ulp_msg_init() line 330 
01-01 00:00:41.878  1325  1325 E LocSvc_libulp: I/===> int ulp_monitor_init() line 122 
01-01 00:00:41.878  1325  1325 E LocSvc_libulp: I/===> int ulp_quipc_init() line 296 
01-01 00:00:41.880  1325  3676 E LocSvc_libulp: I/===> void ulp_monitor_main(void*) line 56 
01-01 00:00:41.881  1325  1325 D GeoFenceService: onCreate
01-01 00:00:41.882  1325  3675 E LocSvc_libulp: I/===> void ulp_msg_main(void*) line 89 
01-01 00:00:41.891  1325  1325 E Geofence_Adapter: I/===> void GeofenceAdapter::addGfClients(GeoFencer*) line 65 
01-01 00:00:41.891  1325  1325 E Geofence_Adapter: I/===> void GeofenceAdapter::updateRegisteredEvents() line 81 
01-01 00:00:41.893  1325  1325 D GeoFenceService: onBind
01-01 00:00:41.894  1325  1325 D GpsNetInitiatedHandler: location enabled :true
01-01 00:00:41.894  1325  1325 V WiredAccessoryManager: notifyWiredAccessoryChanged: when=0 bits= mask=54
01-01 00:00:41.894  1325  1325 V WiredAccessoryManager: newName=h2w newState=32 headsetState=32 prev headsetState=0
01-01 00:00:41.896  1325  1325 V WiredAccessoryManager: init()
01-01 00:00:41.939  3621  3621 D ExternalStorage: After updating volumes, found 2 active roots
01-01 00:00:41.941  1325  1350 D BluetoothManagerService: Message: 300
01-01 00:00:41.941  1325  1350 D BluetoothManagerService: MESSAGE_USER_SWITCHED
01-01 00:00:41.944   250   288 D PermissionCache: checking android.permission.HARDWARE_TEST for uid=1000 => granted (130 us)
01-01 00:00:41.946   304  1797 D audio_hw_primary: adev_set_mic_mute state 0
01-01 00:00:41.964  3621  3621 D ExternalStorage: After updating volumes, found 2 active roots
01-01 00:00:41.970  1451  1451 D MediaScannerReceiver: action: android.intent.action.MEDIA_MOUNTED path: /storage/sdcard1
01-01 00:00:41.999  1325  1743 I ActivityManager: Start proc com.sentera.updater for broadcast com.sentera.updater/.SDCardMountedReceiver: pid=3697 uid=1000 gids={41000, 9997, 3002, 3001, 1028, 1015, 3003, 3005, 1021, 3004, 1000, 3009, 1023, 1010, 2001, 1007} abi=armeabi-v7a
01-01 00:00:41.999  1325  1325 V BackupManagerService: Connected to transport ComponentInfo{android/com.android.internal.backup.LocalTransportService}
01-01 00:00:42.000  1325  1325 V BackupManagerService: Registering transport android/com.android.internal.backup.LocalTransportService::android/com.android.internal.backup.LocalTransport = android.app.backup.BackupTransport$TransportImpl@2be4d237
01-01 00:00:42.012  1325  1325 D LBSSystemMonitorService: SUPL_ES is: 1
01-01 00:00:42.014  1325  3708 D LBSSystemMonitorService: handleMessage what - 1
01-01 00:00:42.015  1325  1325 D LBSSystemMonitorService: nonSGLTE device with ES SUPL
01-01 00:00:42.015  1325  3708 D Wiper_jni: Inform wiper status.
01-01 00:00:42.015  1325  3708 D LBSSystemMonitorService: handleMessage what - 10
01-01 00:00:42.015  1325  3708 D RilInfoMonitor: handleMessage what - 0
01-01 00:00:42.015  1325  3708 D RilInfoMonitor: nonSGLTE device with ES SUPL
01-01 00:00:42.016  1325  3708 D LBSSystemMonitorService: handleMessage what - 15
01-01 00:00:42.017  1325  3708 D DeviceContext: handleMessage what - 0
01-01 00:00:42.017  1325  3708 D LBSSystemMonitorService: handleMessage what - 16
01-01 00:00:42.017  1325  3708 D DeviceContext: handleMessage what - 1
01-01 00:00:42.050  1325  1325 W XTWiFiOS: Constructor enter
01-01 00:00:42.050  1325  1325 W XTWiFiOS: Constructor exit
01-01 00:00:42.050  1325  1325 W XTWiFiOS: onCreate enter
01-01 00:00:42.053  1325  1325 V XTWiFiOS: GTP CELL PROC: MODEM GTP CELL AP mode: BASIC GTP WIFI mode: BASIC PIP mode: DISABLED
01-01 00:00:42.053  1325  1325 V XTWiFiOS: GTP AP CELL Disabled
01-01 00:00:42.053  1325  1325 V XTWiFiOS: Setting GTP WIFI mode to default mode: BASIC
01-01 00:00:42.053  1325  1325 V XTWiFiOS: Setting PIP mode to DISABLED
01-01 00:00:42.053  1325  1325 V XTWiFiOS: Setting GTP WAA mode to DISABLED
01-01 00:00:42.054  1325  1325 V XTWiFiOS: iZat enabled: true, GTP WIFI feature: true, GTP CELL AP feature: false, PIP feature: false, GTP WAA feature: false
01-01 00:00:42.054  1325  1325 V XTWiFiOS: iZat enabled is true, continue initialization
01-01 00:00:42.054  1325  1325 W XTWiFiOS: onCreate exit
01-01 00:00:42.057  1325  3732 W XTWiFiOS: OSAgentThead start
01-01 00:00:42.083   392  1383 E XTIA    : [inet-agent-tile] _process failed 4
01-01 00:00:42.083   391   502 E LOWI-6.0.0.15: [LOWIEventReceiver] handleEvent failed
01-01 00:00:42.083   392  1381 E XTIA    : [inet-agent-pos] _process failed 4
01-01 00:00:42.083   392  1385 E XTIA    : [inet-agent-cs] _process failed 4
01-01 00:00:42.083   392  1387 E XTIA    : [inet-agent-wwan-pos] _process failed 4
01-01 00:00:42.084  1325  1325 D         : Native Location Alarm Services JNI Onload 
01-01 00:00:42.084  1325  1325 E LAlarm  : Service created.
01-01 00:00:42.086  1325  1325 E LAlarm  : Service started flags 0 startId 1
01-01 00:00:42.088  1325  3737 E LAlarm  : Thread created.
01-01 00:00:42.079  3737  3737 I Thread-141: type=1400 audit(0.0:44): avc: denied { unlink } for name="alarm_svc" dev="mmcblk0p25" ino=634026 scontext=u:r:system_server:s0 tcontext=u:object_r:location_data_file:s0 tclass=sock_file permissive=1
01-01 00:00:42.079  3737  3737 I Thread-141: type=1400 audit(0.0:45): avc: denied { create } for name="alarm_svc" scontext=u:r:system_server:s0 tcontext=u:object_r:location_data_file:s0 tclass=sock_file permissive=1
01-01 00:00:42.089  1325  3737 D         : jboolean locAlarmSvc::native_register(JNIEnv*, jobject)]62
01-01 00:00:42.089  1325  1325 I MmsServiceBroker: MmsService connected
01-01 00:00:42.079  3737  3737 I Thread-141: type=1400 audit(0.0:46): avc: denied { setattr } for name="alarm_svc" dev="mmcblk0p25" ino=634026 scontext=u:r:system_server:s0 tcontext=u:object_r:location_data_file:s0 tclass=sock_file permissive=1
01-01 00:00:42.090  1325  1325 V GeoFencerProxy: onServiceConnected: mGeoFencer - com.qualcomm.location.GeoFenceService$1@ba53422
01-01 00:00:42.091  1325  1325 V WiredAccessoryManager: device h2w connected
01-01 00:00:42.092  1325  3737 D OSAL    : socket_server_setup:87] succeeded. Return Val 251
01-01 00:00:42.092  1325  3737 D OSAL    : alarm_service_register: result of socket_server_setup was 251!
01-01 00:00:42.092  1325  3737 D         : jboolean locAlarmSvc::native_register(JNIEnv*, jobject)]67 alarm_register succeeded
01-01 00:00:42.092  1325  3737 D         : jint locAlarmSvc::native_wait_for_alarm()]42
01-01 00:00:42.093  1325  1325 E LocSvc_eng: I/===> int loc_eng_init(loc_eng_data_s_type&, LocCallbacks*, LOC_API_ADAPTER_EVENT_MASK_T, loc_core::ContextBase*) line 1629 
01-01 00:00:42.093  1325  1325 D LocSvc_jni: set_capabilities_callback: 49
01-01 00:00:42.093  1325  1325 E LocSvc_eng: I/===> void loc_eng_agps_init(loc_eng_data_s_type&, AGpsExtCallbacks*) line 2200 
01-01 00:00:42.093  1325  1325 E LocSvc_eng: I/===> void loc_eng_ni_init(loc_eng_data_s_type&, GpsNiExtCallbacks*) line 327 
01-01 00:00:42.094  1325  3732 E XTWiFiOS: Unknown info notification
01-01 00:00:42.094   304  1797 D AudioPolicyManager: setDeviceConnectionState() could not find HW module for device 00020000
01-01 00:00:42.098  1325  1325 E NlpProxy: No NLPs exist to bind to!
01-01 00:00:42.099  1325  1325 V UlpService: +startAdditionalServices
01-01 00:00:42.099  1325  1325 V UlpService: -startAdditionalServices
01-01 00:00:42.103  1325  1325 E LAlarm  : Service started flags 0 startId 2
01-01 00:00:42.104  3697  3697 I SDCardMountedReceiver: ACTION_MEDIA_MOUNTED: Mounted To: file:///storage/sdcard1 in state "mounted"
01-01 00:00:42.107  1325  1325 D Ulp_jni : JNI:stop
01-01 00:00:42.107  1325  3675 E LocSvc_libulp: I/===> int ulp_msg_process_stop_req() line 546 
01-01 00:00:42.107  1325  3675 E LocSvc_libulp: I/int ulp_msg_process_stop_req(), at ulp state = 0
01-01 00:00:42.108  1325  1325 D Ulp_jni : JNI:stop
01-01 00:00:42.109  1325  3675 E LocSvc_libulp: I/===> int ulp_msg_process_stop_req() line 546 
01-01 00:00:42.109  1325  3675 E LocSvc_libulp: I/int ulp_msg_process_stop_req(), at ulp state = 0
01-01 00:00:42.110  1325  1325 D Ulp_jni : JNI:stop
01-01 00:00:42.110  1325  3675 E LocSvc_libulp: I/===> int ulp_msg_process_stop_req() line 546 
01-01 00:00:42.110  1325  3675 E LocSvc_libulp: I/int ulp_msg_process_stop_req(), at ulp state = 0
01-01 00:00:42.104  3697  3697 D SDCardMountedReceiver: SDCard Mounted and Ready.  Starting firmware update service.
01-01 00:00:42.112  3697  3697 W ContextImpl: Calling a method in the system process without a qualified user: android.app.ContextImpl.startService:1686 android.content.ContextWrapper.startService:515 android.content.ContextWrapper.startService:515 com.sentera.updater.SDCardMountedReceiver.onReceive:47 android.app.ActivityThread.handleReceiver:2579 
01-01 00:00:42.122  3697  3697 D FirmwareUpdateService: Saving files versions to: /storage/sdcard1/info/
01-01 00:00:42.124  3697  3697 I FirmwareVersion: Firmware Version File: 
01-01 00:00:42.124  3697  3697 I FirmwareVersion: SENTERA SNAPCAM | [aa15283d] | SCR-H01 | 0.19.0 | 2018-04-16-171653 |  | 
01-01 00:00:42.146  1325  1325 I ActivityManager: Start proc com.android.deskclock for broadcast com.android.deskclock/com.android.alarmclock.AnalogAppWidgetProvider: pid=3743 uid=10027 gids={50027, 9997, 1028} abi=armeabi-v7a
01-01 00:00:42.251  1325  1342 I ActivityManager: Start proc com.android.music for broadcast com.android.music/.MediaButtonIntentReceiver: pid=3765 uid=10039 gids={50039, 9997, 3003, 1028, 1015, 3002} abi=armeabi-v7a
01-01 00:00:42.259  1487  1487 V KeyguardTouchDelegate: Connected to keyguard
01-01 00:00:42.267  3697  3697 W ActivityThread: ClassLoader.getResourceAsStream: The class loader returned by Thread.getContextClassLoader() may fail for processes that host multiple applications. You should explicitly specify a context class loader. For example: Thread.setContextClassLoader(getClass().getClassLoader());
01-01 00:00:42.269  1451  3696 W MediaScanner: Error opening directory '/storage/usbotg/', skipping: No such file or directory.
01-01 00:00:42.276  1325  1325 V ActivityManager: Display changed displayId=0
01-01 00:00:42.282  3486  3486 D Launcher: Broadcasting Home Idle Screen Intent ...
01-01 00:00:42.288  3486  3783 D OpenGLRenderer: Render dirty regions requested: true
01-01 00:00:42.290  3486  3486 D Atlas   : Validating map...
01-01 00:00:42.294  3697  3697 D FirmwareUpdateService: Checking for firmware in path: firmware
01-01 00:00:42.297  3697  3784 D FirmwareUpdateService: Checking for Firmware Updates...
01-01 00:00:42.297  3697  3784 D FirmwareChecker: Checking for previous updates file: /storage/sdcard1/firmware/applying_update
01-01 00:00:42.298  3697  3784 I FirmwareChecker: Scanning for firmware updates in: /storage/sdcard1/firmware
01-01 00:00:42.299  3697  3784 V FirmwareChecker: Rejecting Possible Update File: add_stored_configs - zip: false dotFile: false tempFile: false
01-01 00:00:42.299  3697  3784 D FirmwareChecker: No update files found. ( /storage/sdcard1/firmware )  Skipped update step.
01-01 00:00:42.299  3697  3784 D FirmwareChecker: Update Check Complete.
01-01 00:00:42.299  3697  3784 D FirmwareUpdateService: Stopping Service...
01-01 00:00:42.323  3486  3783 I Adreno  : EGLInit: QTI Build: 01/16/15, 25d4fe7, 
01-01 00:00:42.335  3486  3783 I OpenGLRenderer: Initialized EGL, version 1.4
01-01 00:00:42.341  3765  3765 E MediaPlayer-JNI: QCMediaPlayer mediaplayer NOT present
01-01 00:00:42.344  3765  3765 D RemoteControlClient: setBrowsedPlayerUpdateListener
01-01 00:00:42.344  3765  3765 D RemoteControlClient: setPlayItemListener
01-01 00:00:42.344  3765  3765 D RemoteControlClient: setNowPlayingEntriesUpdateListener
01-01 00:00:42.345  3765  3765 E RemoteControlClient: updateNowPlayingContentChange
01-01 00:00:42.345  3765  3765 D RemoteControlClient: updateNowPlayingContentChangeInt
01-01 00:00:42.345  3765  3765 D MediaSession: MediaSession: updateNowPlayingContentChange
01-01 00:00:42.346  1325  1762 D MediaSessionRecord: SessionStub: updateNowPlayingContentChange
01-01 00:00:42.347  3486  3783 D OpenGLRenderer: Enabling debug mode 0
01-01 00:00:42.362  1451  3696 V MediaScanner: pruneDeadThumbnailFiles... android.database.sqlite.SQLiteCursor@a3699d6
01-01 00:00:42.362  1451  3696 V MediaScanner: /pruneDeadThumbnailFiles... android.database.sqlite.SQLiteCursor@a3699d6
01-01 00:00:42.479  3486  3783 V RenderScript: Application requested CPU execution
01-01 00:00:42.488  3486  3783 V RenderScript: 0xa1576600 Launching thread(s), CPUs 4
01-01 00:00:42.517  1325  1341 W InputMethodManagerService: Focus gain on non-focused client com.android.internal.view.IInputMethodClient$Stub$Proxy@16b34d71 (uid=10008 pid=3486)
01-01 00:00:42.520  1325  1351 I ActivityManager: Displayed com.android.launcher/com.android.launcher2.Launcher: +934ms
01-01 00:00:42.520  1325  1351 I Timeline: Timeline: Activity_windows_visible id: ActivityRecord{3a633f16 u0 com.android.launcher/com.android.launcher2.Launcher t7} time:39584
01-01 00:00:42.622  3486  3486 I Timeline: Timeline: Activity_idle id: android.os.BinderProxy@27a0efea time:39686
01-01 00:00:42.623  1325  1345 V KeyguardServiceDelegate: *** Keyguard started
01-01 00:00:42.623  1325  1325 V KeyguardServiceDelegate: *** Keyguard connected (yay!)
01-01 00:00:42.623  1325  1345 W KeyguardServiceDelegate: onScreenTurnedOn(): no keyguard service!
01-01 00:00:42.627  1487  1508 W Settings: Setting airplane_mode_on has moved from android.provider.Settings.System to android.provider.Settings.Global, returning read-only value.
01-01 00:00:42.627  1487  1487 D PhoneStatusBar: disable: < expand icons alerts system_info back HOME* RECENT* clock SEARCH* >
01-01 00:00:42.628   249   298 D VoldCmdListener: cryptfs getpw
01-01 00:00:42.629   249   298 D VoldCmdListener: cryptfs clearpw
01-01 00:00:42.635  1487  1487 D PhoneStatusBar: disable: < expand ICONS* alerts SYSTEM_INFO* back HOME RECENT clock SEARCH >
01-01 00:00:42.638  1487  2453 D BluetoothAdapter: 945472153: getState() :  mService = null. Returning STATE_OFF
01-01 00:00:42.638  1487  2453 D BluetoothAdapter: 945472153: getState() :  mService = null. Returning STATE_OFF
01-01 00:00:42.641  1487  2453 D BluetoothAdapter: 945472153: getState() :  mService = null. Returning STATE_OFF
01-01 00:00:42.641  1487  2453 D BluetoothAdapter: 945472153: getState() :  mService = null. Returning STATE_OFF
01-01 00:00:42.652  1487  1487 W Settings: Setting airplane_mode_on has moved from android.provider.Settings.System to android.provider.Settings.Global, returning read-only value.
01-01 00:00:42.665  1487  1487 D PhoneStatusBar: disable: < expand ICONS alerts SYSTEM_INFO back HOME RECENT clock SEARCH >
01-01 00:00:42.669  1325  1372 V Sensors : HAL:input data has partial packet
01-01 00:00:42.669  1325  1372 V Sensors : HAL:input data mLeftOverBufferSize=8
01-01 00:00:42.669  1325  1372 V Sensors : HAL:input catch up retrieve rdata=:16, 0, 0, 0, 2, 0, 153, 195
01-01 00:00:42.759  1325  1372 E Sensors : HAL:input invalid data_format 0x00
01-01 00:00:42.786  3432  3571 W QCNEJ   : |CORE| No family connected
01-01 00:00:42.788  3432  3571 E QCNEJ   : |CORE| Feature WQE is not enabled
01-01 00:00:42.802  1325  1341 V KeyguardServiceDelegate: **** SHOWN CALLED ****
01-01 00:00:42.841   250   288 I SurfaceFlinger: Boot is finished (27412 ms)
01-01 00:00:43.103  1325  1351 I SystemServiceManager: Starting phase 1000
01-01 00:00:43.126  3896  3896 E wifi_ap.sh: WIFI_AP: Toggling! 
01-01 00:00:43.138  1325  3898 I RecoverySystem: No recovery log file
01-01 00:00:43.141  3486  3783 W OpenGLRenderer: Incorrectly called buildLayer on View: ShortcutAndWidgetContainer, destroying layer...
01-01 00:00:43.155  1325  3898 I BootReceiver: Copying audit failures to DropBox
01-01 00:00:43.155  1325  3898 I BootReceiver: Checking for fsck errors
01-01 00:00:43.161  1325  3892 I ActivityManager: Start proc com.android.keychain for service com.android.keychain/.KeyChainService: pid=3911 uid=1000 gids={41000, 9997, 3002, 3001, 1028, 1015, 3003, 3005, 1021, 3004, 1000, 3009, 1023, 1010, 2001, 1007} abi=armeabi-v7a
01-01 00:00:43.163  3910  3910 E wifi_ap.sh: WIFI_AP: Enabling! 
01-01 00:00:43.166  3743  3743 V AlarmClock: AlarmInitReceiver android.intent.action.BOOT_COMPLETED
01-01 00:00:43.178  3927  3927 E wifi_ap.sh: WIFI_AP: Starting AP with ssid: Sentera_21020-02_0066 password: 00660066 and channel: 9 on ip: 192.168.43.1 (root: 192.168.43) 
01-01 00:00:43.212  3743  3952 V AlarmClock: AlarmInitReceiver - Reset timers and clear stopwatch data
01-01 00:00:43.236  3743  3952 V AlarmClock: AlarmInitReceiver finished
01-01 00:00:43.269  1325  1762 I ActivityManager: Start proc com.android.dialer for broadcast com.android.dialer/.calllog.CallLogReceiver: pid=3963 uid=10005 gids={50005, 9997, 3003, 1028, 1015} abi=armeabi-v7a
01-01 00:00:43.277   318   318 I art     : Explicit concurrent mark sweep GC freed 706(30KB) AllocSpace objects, 0(0B) LOS objects, 89% free, 114KB/1138KB, paused 121us total 7.921ms
01-01 00:00:43.285   318   318 I art     : Explicit concurrent mark sweep GC freed 5(160B) AllocSpace objects, 0(0B) LOS objects, 89% free, 114KB/1138KB, paused 98us total 5.555ms
01-01 00:00:43.292   318   318 I art     : Explicit concurrent mark sweep GC freed 5(160B) AllocSpace objects, 0(0B) LOS objects, 89% free, 114KB/1138KB, paused 96us total 5.385ms
01-01 00:00:43.385  3963  3963 D ExtensionsFactory: No custom extensions.
01-01 00:00:43.392  3468  3468 V PhoneApp: onCreate()...
01-01 00:00:43.521  1325  1428 D ConnectivityService: Got NetworkFactory Messenger for Telephony
01-01 00:00:43.531  3468  3468 D TelephonyProvider: dbh.onOpen: ok, queried table=siminfo
01-01 00:00:43.531  3468  3468 D TelephonyProvider: dbh.onOpen: ok, queried table=carriers
01-01 00:00:43.580  1325  3603 I ActivityManager: Start proc com.android.smspush for service com.android.smspush/.WapPushManager: pid=3999 uid=10054 gids={50054, 9997} abi=armeabi-v7a
01-01 00:00:43.601  1325  1344 D GpsLocationProvider: received SIM realted action: android.intent.action.SIM_STATE_CHANGED
01-01 00:00:43.601  1487  1487 D StatusBar.NetworkController: updateSimState, sim state is: NOT_READY
01-01 00:00:43.602  1487  1487 D StatusBar.NetworkController: updateSimState: mSimState=UNKNOWN
01-01 00:00:43.602  1487  1487 D StatusBar.NetworkController: In updateSimIcon simState= UNKNOWN
01-01 00:00:43.602  1487  1487 D StatusBar.NetworkController: refreshViews: Data not connected!! Set no data type icon / Roaming
01-01 00:00:43.602  1487  1487 D StatusBar.NetworkController: refreshViews connected={ } level=?? combinedSignalIconId=0x0/(null) combinedActivityIconId=0x0 mobileLabel= wifiLabel=No Internet connection emergencyOnly=false combinedLabel=No Internet connection mAirplaneMode=false mDataActivity=0 mPhoneSignalIconId=0x0/(null) mQSPhoneSignalIconId=0x0/(null) mDataDirectionIconId=0x0/(null) mDataSignalIconId=0x0/(null) mDataTypeIconId=0x0/(null) mQSDataTypeIconId=0x0/(null) mNoSimIconId=0x0/(null) mWifiIconId=0x0/(null) mQSWifiIconId=0x0/(null) mWifiActivityIconId=0x0/(null) mBluetoothTetherIconId=0x1080699/android:drawable/stat_sys_tether_bluetooth
01-01 00:00:43.602  1487  1487 D StatusBar.NetworkController: refreshSignalCluster - setMobileDataIndicators:  mHasMobileDataFeature = false mPhoneSignalIconId = (null) mDataSignalIconId = (null) mMobileActivityIconId = (null) mDataTypeIconId = (null) mNoSimIconId = (null)
