--------- beginning of main
01-01 00:00:16.063     0   246 I lowmemorykiller: Using in-kernel low memory killer interface
01-01 00:00:00.919   244   244 W auditd  : type=2000 audit(0.0:1): initialized
01-01 00:00:12.079   244   244 I auditd  : type=1403 audit(0.0:2): policy loaded auid=4294967295 ses=4294967295
01-01 00:00:16.000   322   322 E Diag_Lib: [IMS_QMID] |imsqmiserver.c | 563 | QMID#$$#0#QMI DAEMON PROPERTY SET SUCCESS
01-01 00:00:16.000   322   322 E Diag_Lib: [IMS_QMID] |imsqmiserver.c | 574 | QMID#$$#0#QMID STARTED HEAR BEAT
01-01 00:00:16.000   322   322 E Diag_Lib: [IMS_QMID] |imsqmiserver.c | 609 | ims-qmi-daemon blocking on select max_fd:10
01-01 00:00:16.002   341   341 E QC-time-services: Daemon:genoff_boot_tod_init: Unable to set TOD at boot up
01-01 00:00:16.002   341   341 E QC-time-services: Daemon: Unable to set TOD at boot up
01-01 00:00:16.002   341   341 D QC-time-services: Daemon:genoff_modem_qmi_init: Initiallizing QMI 
01-01 00:00:16.002   341   341 E QC-time-services: Daemon:genoff_modem_qmi_init: qmi_client_get_service_list returned -2num_services 0
01-01 00:00:16.003   321   321 I ThermalEngine: vdd_rstr_init: Init KTM VDD RSTR enabled: 0
01-01 00:00:16.003   321   321 I ThermalEngine: sensors_manager_init: Init
01-01 00:00:16.003   402   402 V LOWI-6.0.0.15: [LOWIEventDispatcher] LOWIEventDispatcher
01-01 00:00:16.004   321   451 I ThermalEngine: qmi: Instance id 45 for fusion TS
01-01 00:00:16.005   321   445 I ThermalEngine: ADSP thermal mitigation available.
01-01 00:00:16.005   321   445 I ThermalEngine: ACTION: ADSP - Pending request: cpuv_restriction_cold mitigation succeeded for level 0.
01-01 00:00:16.005   321   445 I ThermalEngine: Mitigation:VDD[ADSP-cpuv_restriction_cold]:0
01-01 00:00:16.006   402   402 V LOWI-6.0.0.15: [MessageQ_Client] creating client socket
01-01 00:00:16.006   402   402 I LOWI-6.0.0.15: [MessageQ_Client] connecting to server [/data/misc/location/mq/location-mq-s]
01-01 00:00:16.006   402   402 I LOWI-6.0.0.15: [MessageQ_Client] connected
01-01 00:00:16.006   402   402 V LOWI-6.0.0.15: [LOWIController] init
01-01 00:00:16.006   401   401 E QCALOG  : [MessageQ] ProcessNewMessage: [NOT_REGISTERED:402] unknown deliver target [OS-Agent]
01-01 00:00:16.009   328   328 E LocSvc_launcher: E/sig_handler_chld:79]: Received SIGCHLD
01-01 00:00:16.009   328   328 E LocSvc_launcher: E/Parent woken up! Interrupted system call
01-01 00:00:16.009   328   328 E LocSvc_launcher: E/main:647]: Exit status: 1. Restarting
01-01 00:00:16.009   328   328 E LocSvc_launcher: E/main:657]: Restarting /system/bin/xtwifi-client. Number of restarts: 4
01-01 00:00:16.016   403   478 E XTIA    : [inet-agent-pos] _process failed 4
01-01 00:00:16.017   403   480 E XTIA    : [inet-agent-tile] _process failed 4
01-01 00:00:16.017   403   480 E XTIA    : [inet-agent-tile] _process failed 4
01-01 00:00:16.017   441   441 I log_temperatures: Waiting for sdcard to mount... 
01-01 00:00:16.018   403   482 E XTIA    : [inet-agent-cs] _process failed 4
01-01 00:00:16.018   403   482 E XTIA    : [inet-agent-cs] _process failed 4
01-01 00:00:16.018   403   482 E XTIA    : [inet-agent-cs] _process failed 4
01-01 00:00:16.019   403   478 E XTIA    : [inet-agent-pos] _process failed 4
01-01 00:00:16.019   403   478 E XTIA    : [inet-agent-pos] _process failed 4
01-01 00:00:16.019   403   478 E XTIA    : [inet-agent-pos] _process failed 4
01-01 00:00:16.019   403   484 E XTIA    : [inet-agent-wwan-pos] _process failed 4
01-01 00:00:16.019   403   484 E XTIA    : [inet-agent-wwan-pos] _process failed 4
01-01 00:00:16.020   403   484 E XTIA    : [inet-agent-wwan-pos] _process failed 4
01-01 00:00:16.020   403   484 E XTIA    : [inet-agent-wwan-pos] _process failed 4
01-01 00:00:16.020   403   480 E XTIA    : [inet-agent-tile] _process failed 4
01-01 00:00:16.020   403   480 E XTIA    : [inet-agent-tile] _process failed 4
01-01 00:00:16.020   403   482 E XTIA    : [inet-agent-cs] _process failed 4
01-01 00:00:16.023   403   478 E XTIA    : [inet-agent-pos] _process failed 4
01-01 00:00:16.023   403   480 E XTIA    : [inet-agent-tile] _process failed 4
01-01 00:00:16.023   403   482 E XTIA    : [inet-agent-cs] _process failed 4
01-01 00:00:16.023   403   484 E XTIA    : [inet-agent-wwan-pos] _process failed 4
01-01 00:00:16.027   402   466 E LOWI-6.0.0.15: [LOWIEventReceiver] handleEvent failed
01-01 00:00:16.027   402   466 E LOWI-6.0.0.15: [LOWIEventReceiver] handleEvent failed
01-01 00:00:16.027   402   466 E LOWI-6.0.0.15: [LOWIEventReceiver] handleEvent failed
01-01 00:00:16.027   402   466 E LOWI-6.0.0.15: [LOWIEventReceiver] handleEvent failed
01-01 00:00:16.027   402   466 E LOWI-6.0.0.15: [LOWIEventReceiver] handleEvent failed
01-01 00:00:16.035   328   328 E LocSvc_launcher: E/sig_handler_chld:79]: Received SIGCHLD
01-01 00:00:16.035   328   328 E LocSvc_launcher: E/Parent woken up! Interrupted system call
01-01 00:00:16.035   328   328 E LocSvc_launcher: E/main:647]: Exit status: 1. Restarting
01-01 00:00:16.035   328   328 E LocSvc_launcher: E/main:657]: Restarting /system/bin/xtwifi-client. Number of restarts: 5
01-01 00:00:16.037   321   321 E ThermalEngine: adc_sensors_setup: Error opening /sys/bus/spmi/devices/qpnp-vadc-f004fe00/pa_therm0
01-01 00:00:16.037   321   321 I ThermalEngine: QMI TS sensor found for pa_therm0
01-01 00:00:16.037   321   321 E ThermalEngine: adc_sensors_setup: Error opening /sys/bus/spmi/devices/qpnp-vadc-f004fe00/pa_therm1
01-01 00:00:16.037   321   321 I ThermalEngine: QMI TS sensor found for pa_therm1
01-01 00:00:16.040   328   328 E LocSvc_launcher: E/sig_handler_chld:79]: Received SIGCHLD
01-01 00:00:16.040   328   328 E LocSvc_launcher: E/Parent woken up! Interrupted system call
01-01 00:00:16.040   328   328 E LocSvc_launcher: E/main:647]: Exit status: 1. Restarting
01-01 00:00:16.040   328   328 E LocSvc_launcher: E/main:651]: /system/bin/xtwifi-client Restarted too many times. Grounded!
01-01 00:00:16.040   342   342 V AudioDaemonMain: Audio daemon starting sequence..
01-01 00:00:16.040   342   342 V AudioDaemon: Start audiod daemon
01-01 00:00:16.041   342   505 V AudioDaemon: readyToRun: open snd card state node files
01-01 00:00:16.041   342   505 V AudioDaemon: Start threadLoop()
01-01 00:00:16.041   342   505 D AudioDaemon: Opening sound card state : /proc/asound/card0/state
01-01 00:00:16.042   342   505 V AudioDaemon: bool android::AudioDaemon::getStateFDs(std::vector<std::pair<int, int> >&): 1 sound cards detected
01-01 00:00:16.042   342   505 D AudioDaemon: Opening cpe0_state : /proc/asound/card0/cpe0_state
01-01 00:00:16.042   342   505 E AudioDaemon: CPE state open /proc/asound/card0/cpe0_state failed No such file or directory, Retrying 1
01-01 00:00:16.043   321   321 E ThermalEngine: bcl_setup: Error opening /sys/devices/qcom,bcl.38/iavail
01-01 00:00:16.043   321   321 E ThermalEngine: add_tgt_sensors_set: Error adding bcl
01-01 00:00:16.043   321   321 E ThermalEngine: sensors_init: Error adding BCL TS
01-01 00:00:16.043   321   321 I ThermalEngine: No target config file, falling back to '/system/etc/thermal-engine.conf'
01-01 00:00:16.043   321   321 I ThermalEngine: Loading config file for virtual sensor
01-01 00:00:16.043   321   321 I ThermalEngine: Loading configuration file /system/etc/thermal-engine.conf
01-01 00:00:16.043   321   321 E ThermalEngine: Unable to open config file '/system/etc/thermal-engine.conf'
01-01 00:00:16.043   321   321 E ThermalEngine: virtual_sensors_init: Error getting virtual sensors set
01-01 00:00:16.043   321   321 I ThermalEngine: Loading configuration file /system/etc/thermal-engine.conf
01-01 00:00:16.043   321   321 E ThermalEngine: Unable to open config file '/system/etc/thermal-engine.conf'
01-01 00:00:16.044   321   321 I ThermalEngine: [PMIC-ALARM-MONITOR]
01-01 00:00:16.044   321   321 I ThermalEngine: #algo_type monitor
01-01 00:00:16.044   321   321 I ThermalEngine: sampling 1000
01-01 00:00:16.044   321   321 I ThermalEngine: sensor pma8084_tz
01-01 00:00:16.044   321   321 I ThermalEngine: thresholds 107000 127000
01-01 00:00:16.044   321   321 I ThermalEngine: thresholds_clr 103000 123000
01-01 00:00:16.044   321   321 I ThermalEngine: actions hotplug_1+hotplug_2+hotplug_3+cpu0+cpu1+cpu2+cpu3 hotplug_1+hotplug_2+hotplug_3
01-01 00:00:16.044   321   321 I ThermalEngine: action_info 0+0+0+960000+960000+960000+960000 1+1+1
01-01 00:00:16.044   321   321 I ThermalEngine: [VDD_RSTR_MONITOR-TSENS10]
01-01 00:00:16.044   321   321 I ThermalEngine: #algo_type monitor
01-01 00:00:16.044   321   321 I ThermalEngine: sampling 1000
01-01 00:00:16.044   321   321 I ThermalEngine: sensor tsens_tz_sensor10
01-01 00:00:16.044   321   321 I ThermalEngine: thresholds 5000
01-01 00:00:16.044   321   321 I ThermalEngine: thresholds_clr 10000
01-01 00:00:16.044   321   321 I ThermalEngine: actions vdd_restriction
01-01 00:00:16.044   321   321 I ThermalEngine: action_info 1
01-01 00:00:16.044   321   321 I ThermalEngine: descending
01-01 00:00:16.044   321   321 I ThermalEngine: [VDD_RSTR_MONITOR-TSENS9]
01-01 00:00:16.044   321   321 I ThermalEngine: #algo_type monitor
01-01 00:00:16.044   321   321 I ThermalEngine: sampling 1000
01-01 00:00:16.044   321   321 I ThermalEngine: sensor tsens_tz_sensor9
01-01 00:00:16.044   321   321 I ThermalEngine: thresholds 5000
01-01 00:00:16.044   321   321 I ThermalEngine: thresholds_clr 10000
01-01 00:00:16.044   321   321 I ThermalEngine: actions vdd_restriction
01-01 00:00:16.044   321   321 I ThermalEngine: action_info 1
01-01 00:00:16.044   321   321 I ThermalEngine: descending
01-01 00:00:16.044   321   321 I ThermalEngine: [VDD_RSTR_MONITOR-TSENS8]
01-01 00:00:16.044   321   321 I ThermalEngine: #algo_type monitor
01-01 00:00:16.044   321   321 I ThermalEngine: sampling 1000
01-01 00:00:16.044   321   321 I ThermalEngine: sensor tsens_tz_sensor8
01-01 00:00:16.044   321   321 I ThermalEngine: thresholds 5000
01-01 00:00:16.044   321   321 I ThermalEngine: thresholds_clr 10000
01-01 00:00:16.044   321   321 I ThermalEngine: actions vdd_restriction
01-01 00:00:16.044   321   321 I ThermalEngine: action_info 1
01-01 00:00:16.044   321   321 I ThermalEngine: descending
01-01 00:00:16.044   321   321 I ThermalEngine: [VDD_RSTR_MONITOR-TSENS7]
01-01 00:00:16.044   321   321 I ThermalEngine: #algo_type monitor
01-01 00:00:16.044   321   321 I ThermalEngine: sampling 1000
01-01 00:00:16.044   321   321 I ThermalEngine: sensor tsens_tz_sensor7
01-01 00:00:16.044   321   321 I ThermalEngine: thresholds 5000
01-01 00:00:16.044   321   321 I ThermalEngine: thresholds_clr 10000
01-01 00:00:16.044   321   321 I ThermalEngine: actions vdd_restriction
01-01 00:00:16.044   321   321 I ThermalEngine: action_info 1
01-01 00:00:16.044   321   321 I ThermalEngine: descending
01-01 00:00:16.044   321   321 I ThermalEngine: [VDD_RSTR_MONITOR-TSENS6]
01-01 00:00:16.044   321   321 I ThermalEngine: #algo_type monitor
01-01 00:00:16.044   321   321 I ThermalEngine: sampling 1000
01-01 00:00:16.044   321   321 I ThermalEngine: sensor tsens_tz_sensor6
01-01 00:00:16.044   321   321 I ThermalEngine: thresholds 5000
01-01 00:00:16.044   321   321 I ThermalEngine: thresholds_clr 10000
01-01 00:00:16.044   321   321 I ThermalEngine: actions vdd_restriction
01-01 00:00:16.044   321   321 I ThermalEngine: action_info 1
01-01 00:00:16.044   321   321 I ThermalEngine: descending
01-01 00:00:16.044   321   321 I ThermalEngine: [VDD_RSTR_MONITOR-TSENS5]
01-01 00:00:16.044   321   321 I ThermalEngine: #algo_type monitor
01-01 00:00:16.044   321   321 I ThermalEngine: sampling 1000
01-01 00:00:16.044   321   321 I ThermalEngine: sensor tsens_tz_sensor5
01-01 00:00:16.044   321   321 I ThermalEngine: thresholds 5000
01-01 00:00:16.044   321   321 I ThermalEngine: thresholds_clr 10000
01-01 00:00:16.044   321   321 I ThermalEngine: actions vdd_restriction
01-01 00:00:16.044   321   321 I ThermalEngine: action_info 1
01-01 00:00:16.044   321   321 I ThermalEngine: descending
01-01 00:00:16.044   321   321 I ThermalEngine: [VDD_RSTR_MONITOR-TSENS4]
01-01 00:00:16.044   321   321 I ThermalEngine: #algo_type monitor
01-01 00:00:16.044   321   321 I ThermalEngine: sampling 1000
01-01 00:00:16.044   321   321 I ThermalEngine: sensor tsens_tz_sensor4
01-01 00:00:16.044   321   321 I ThermalEngine: thresholds 5000
01-01 00:00:16.044   321   321 I ThermalEngine: thresholds_clr 10000
01-01 00:00:16.044   321   321 I ThermalEngine: actions vdd_restriction
01-01 00:00:16.044   321   321 I ThermalEngine: action_info 1
01-01 00:00:16.044   321   321 I ThermalEngine: descending
01-01 00:00:16.044   321   321 I ThermalEngine: [VDD_RSTR_MONITOR-TSENS3]
01-01 00:00:16.044   321   321 I ThermalEngine: #algo_type monitor
01-01 00:00:16.044   321   321 I ThermalEngine: sampling 1000
01-01 00:00:16.044   321   321 I ThermalEngine: sensor tsens_tz_sensor3
01-01 00:00:16.044   321   321 I ThermalEngine: thresholds 5000
01-01 00:00:16.044   321   321 I ThermalEngine: thresholds_clr 10000
01-01 00:00:16.044   321   321 I ThermalEngine: actions vdd_restriction
01-01 00:00:16.044   321   321 I ThermalEngine: action_info 1
01-01 00:00:16.044   321   321 I ThermalEngine: descending
01-01 00:00:16.044   321   321 I ThermalEngine: [VDD_RSTR_MONITOR-TSENS2]
01-01 00:00:16.044   321   321 I ThermalEngine: #algo_type monitor
01-01 00:00:16.044   321   321 I ThermalEngine: sampling 1000
01-01 00:00:16.044   321   321 I ThermalEngine: sensor tsens_tz_sensor2
01-01 00:00:16.044   321   321 I ThermalEngine: thresholds 5000
01-01 00:00:16.044   321   321 I ThermalEngine: thresholds_clr 10000
01-01 00:00:16.044   321   321 I ThermalEngine: actions vdd_restriction
01-01 00:00:16.044   321   321 I ThermalEngine: action_info 1
01-01 00:00:16.044   321   321 I ThermalEngine: descending
01-01 00:00:16.044   321   321 I ThermalEngine: [VDD_RSTR_MONITOR-TSENS1]
01-01 00:00:16.044   321   321 I ThermalEngine: #algo_type monitor
01-01 00:00:16.044   321   321 I ThermalEngine: sampling 1000
01-01 00:00:16.044   321   321 I ThermalEngine: sensor tsens_tz_sensor1
01-01 00:00:16.044   321   321 I ThermalEngine: thresholds 5000
01-01 00:00:16.044   321   321 I ThermalEngine: thresholds_clr 10000
01-01 00:00:16.044   321   321 I ThermalEngine: actions vdd_restriction
01-01 00:00:16.044   321   321 I ThermalEngine: action_info 1
01-01 00:00:16.044   321   321 I ThermalEngine: descending
01-01 00:00:16.044   321   321 I ThermalEngine: [VDD_RSTR_MONITOR-TSENS0]
01-01 00:00:16.044   321   321 I ThermalEngine: #algo_type monitor
01-01 00:00:16.044   321   321 I ThermalEngine: sampling 1000
01-01 00:00:16.044   321   321 I ThermalEngine: sensor tsens_tz_sensor0
01-01 00:00:16.044   321   321 I ThermalEngine: thresholds 5000
01-01 00:00:16.044   321   321 I ThermalEngine: thresholds_clr 10000
01-01 00:00:16.044   321   321 I ThermalEngine: actions vdd_restriction
01-01 00:00:16.044   321   321 I ThermalEngine: action_info 1
01-01 00:00:16.044   321   321 I ThermalEngine: descending
01-01 00:00:16.045   321   321 I ThermalEngine: [SS-GPU]
01-01 00:00:16.045   321   321 I ThermalEngine: #algo_type ss
01-01 00:00:16.045   321   321 I ThermalEngine: sampling 250
01-01 00:00:16.045   321   321 I ThermalEngine: sensor tsens_tz_sensor10
01-01 00:00:16.045   321   321 I ThermalEngine: device gpu
01-01 00:00:16.045   321   321 I ThermalEngine: set_point 100000
01-01 00:00:16.045   321   321 I ThermalEngine: set_point_clr 65000
01-01 00:00:16.045   321   321 I ThermalEngine: time_constant 0
01-01 00:00:16.045   321   321 I ThermalEngine: [SS-POPMEM]
01-01 00:00:16.045   321   321 I ThermalEngine: #algo_type ss
01-01 00:00:16.045   321   321 I ThermalEngine: sampling 65
01-01 00:00:16.045   321   321 I ThermalEngine: sensor pop_mem
01-01 00:00:16.045   321   321 I ThermalEngine: device cpu
01-01 00:00:16.045   321   321 I ThermalEngine: set_point 80000
01-01 00:00:16.045   321   321 I ThermalEngine: set_point_clr 55000
01-01 00:00:16.045   321   321 I ThermalEngine: time_constant 16
01-01 00:00:16.045   321   321 I ThermalEngine: [SS-CPU3]
01-01 00:00:16.045   321   321 I ThermalEngine: #algo_type ss
01-01 00:00:16.045   321   321 I ThermalEngine: sampling 65
01-01 00:00:16.045   321   321 I ThermalEngine: sensor cpu3
01-01 00:00:16.045   321   321 I ThermalEngine: device cpu
01-01 00:00:16.045   321   321 I ThermalEngine: set_point 90000
01-01 00:00:16.045   321   321 I ThermalEngine: set_point_clr 55000
01-01 00:00:16.045   321   321 I ThermalEngine: time_constant 0
01-01 00:00:16.045   321   321 I ThermalEngine: [SS-CPU2]
01-01 00:00:16.045   321   321 I ThermalEngine: #algo_type ss
01-01 00:00:16.045   321   321 I ThermalEngine: sampling 65
01-01 00:00:16.045   321   321 I ThermalEngine: sensor cpu2
01-01 00:00:16.045   321   321 I ThermalEngine: device cpu
01-01 00:00:16.045   321   321 I ThermalEngine: set_point 90000
01-01 00:00:16.045   321   321 I ThermalEngine: set_point_clr 55000
01-01 00:00:16.045   321   321 I ThermalEngine: time_constant 0
01-01 00:00:16.045   321   321 I ThermalEngine: [SS-CPU1]
01-01 00:00:16.045   321   321 I ThermalEngine: #algo_type ss
01-01 00:00:16.045   321   321 I ThermalEngine: sampling 65
01-01 00:00:16.045   321   321 I ThermalEngine: sensor cpu1
01-01 00:00:16.045   321   321 I ThermalEngine: device cpu
01-01 00:00:16.045   321   321 I ThermalEngine: set_point 90000
01-01 00:00:16.045   321   321 I ThermalEngine: set_point_clr 55000
01-01 00:00:16.045   321   321 I ThermalEngine: time_constant 0
01-01 00:00:16.045   321   321 I ThermalEngine: [SS-CPU0]
01-01 00:00:16.045   321   321 I ThermalEngine: #algo_type ss
01-01 00:00:16.045   321   321 I ThermalEngine: sampling 65
01-01 00:00:16.045   321   321 I ThermalEngine: sensor cpu0
01-01 00:00:16.045   321   321 I ThermalEngine: device cpu
01-01 00:00:16.045   321   321 I ThermalEngine: set_point 90000
01-01 00:00:16.045   321   321 I ThermalEngine: set_point_clr 55000
01-01 00:00:16.045   321   321 I ThermalEngine: time_constant 0
01-01 00:00:16.045   321   321 I ThermalEngine: [SPEAKER-CAL]
01-01 00:00:16.045   321   321 I ThermalEngine: sampling 30000 30000 10 1800000
01-01 00:00:16.045   321   321 I ThermalEngine: sensor pma8084_tz
01-01 00:00:16.045   321   321 I ThermalEngine: sensors tsens_tz_sensor1 tsens_tz_sensor2 tsens_tz_sensor3 tsens_tz_sensor4 tsens_tz_sensor7 tsens_tz_sensor8 tsens_tz_sensor9 tsens_tz_sensor10
01-01 00:00:16.045   321   321 I ThermalEngine: temp_range 6000 10000 2000
01-01 00:00:16.045   321   321 I ThermalEngine: max_temp 45000
01-01 00:00:16.045   321   321 I ThermalEngine: offset -4000
01-01 00:00:16.045   321   512 I ThermalEngine: Sensor:tsens_tz_sensor10:33000 mC
01-01 00:00:16.046   321   512 I ThermalEngine: Sensor:tsens_tz_sensor1:32000 mC
01-01 00:00:16.047   321   512 I ThermalEngine: Sensor:tsens_tz_sensor8:48000 mC
01-01 00:00:16.047   321   512 I ThermalEngine: Sensor:tsens_tz_sensor7:46000 mC
01-01 00:00:16.048   321   512 I ThermalEngine: Sensor:tsens_tz_sensor6:47000 mC
01-01 00:00:16.049   321   512 I ThermalEngine: Sensor:tsens_tz_sensor5:45000 mC
01-01 00:00:16.049   321   511 I ThermalEngine: Sensor:pma8084_tz:28148 mC
01-01 00:00:16.049   321   511 I ThermalEngine: Sensor:tsens_tz_sensor10:33000 mC
01-01 00:00:16.050   321   511 I ThermalEngine: Sensor:tsens_tz_sensor9:35000 mC
01-01 00:00:16.050   321   511 I ThermalEngine: Sensor:tsens_tz_sensor8:48000 mC
01-01 00:00:16.051   321   511 I ThermalEngine: Sensor:tsens_tz_sensor7:46000 mC
01-01 00:00:16.052   321   511 I ThermalEngine: Sensor:tsens_tz_sensor6:47000 mC
01-01 00:00:16.053   321   511 I ThermalEngine: Sensor:tsens_tz_sensor5:45000 mC
01-01 00:00:16.053   321   511 I ThermalEngine: Sensor:tsens_tz_sensor4:37000 mC
01-01 00:00:16.053   321   511 I ThermalEngine: Sensor:tsens_tz_sensor3:37000 mC
01-01 00:00:16.055   321   511 I ThermalEngine: Sensor:tsens_tz_sensor2:33000 mC
01-01 00:00:16.055   321   511 I ThermalEngine: Sensor:tsens_tz_sensor1:32000 mC
01-01 00:00:16.056   321   511 I ThermalEngine: Sensor:tsens_tz_sensor0:40000 mC
01-01 00:00:16.056   321   511 I ThermalEngine: vdd_restrict_qmi_request: MODEM req level(0) is recorded and waiting for completing QMI registration
01-01 00:00:16.057   321   511 I ThermalEngine: ACTION: ADSP - Vdd_restriction mitigation succeeded for level 0.
01-01 00:00:16.057   321   511 I ThermalEngine: Mitigation:VDD[ADSP]:0
01-01 00:00:16.057   321   511 I ThermalEngine: hotplug_ktm_disable_cb: write out 0
01-01 00:00:16.060   515   515 E wifi_ap.sh: WIFI_AP: Enabling! 
01-01 00:00:16.082   253   253 I qcom-bluetooth: /system/etc/init.qcom.bt.sh: init.qcom.bt.sh config = onboot 
01-01 00:00:16.129   415   415 I sshd    : type=1400 audit(0.0:13): avc: denied { create } for scontext=u:r:init:s0 tcontext=u:r:init:s0 tclass=tcp_socket permissive=1
01-01 00:00:16.129   415   415 I sshd    : type=1400 audit(0.0:14): avc: denied { setopt } for scontext=u:r:init:s0 tcontext=u:r:init:s0 tclass=tcp_socket permissive=1
01-01 00:00:16.129   415   415 I sshd    : type=1400 audit(0.0:15): avc: denied { bind } for scontext=u:r:init:s0 tcontext=u:r:init:s0 tclass=tcp_socket permissive=1
01-01 00:00:16.129   415   415 I sshd    : type=1400 audit(0.0:16): avc: denied { listen } for lport=22 scontext=u:r:init:s0 tcontext=u:r:init:s0 tclass=tcp_socket permissive=1
01-01 00:00:16.139   415   415 I /system/bin/sshd: Server listening on :: port 22.
01-01 00:00:16.139   415   415 I /system/bin/sshd: Server listening on 0.0.0.0 port 22.
01-01 00:00:16.139   415   415 E /system/bin/sshd: error: Couldn't create pid file "/var/run/sshd.pid": No such file or directory
01-01 00:00:16.142   342   505 E AudioDaemon: CPE state open /proc/asound/card0/cpe0_state failed No such file or directory, Retrying 2
01-01 00:00:16.152   260   260 D QSEECOMD: : qseecom listener services process entry PPID = 1
01-01 00:00:16.152   260   260 E QSEECOMD: : Listener: index = 0, hierarchy = 0
01-01 00:00:16.154   260   260 D QSEECOMD: : Init dlopen(librpmb.so, RTLD_NOW) succeeds
01-01 00:00:16.154   260   260 D QSEECOMD: : Init::Init dlsym(g_FSHandle rpmb_init_service) succeeds
01-01 00:00:16.155   260   260 I rpmb    : RPMB Mult = 16384, Rel_sec_cnt = 1
01-01 00:00:16.155   260   260 E DrmLibRpmb: rpmb_init succeeded! with ret = 0
01-01 00:00:16.155   260   260 D QSEECOMD: : Init rpmb_init_service ret = 0
01-01 00:00:16.155   260   260 D QSEECOMD: : RPMB system services: init (Listener ID = 8192)
01-01 00:00:16.155   260   260 E QSEECOMD: : Listener: index = 1, hierarchy = 0
01-01 00:00:16.156   272   272 E qca1530 : detect 
01-01 00:00:16.157   260   260 D QSEECOMD: : Init dlopen(libssd.so, RTLD_NOW) succeeds
01-01 00:00:16.157   260   260 D QSEECOMD: : Init::Init dlsym(g_FSHandle ssd_init_service) succeeds
01-01 00:00:16.157   260   260 E SSD     : ssd_init_service succeeded!
01-01 00:00:16.157   260   260 D QSEECOMD: : Init ssd_init_service ret = 0
01-01 00:00:16.157   260   260 D QSEECOMD: : SSD system services: init (Listener ID = 12288)
01-01 00:00:16.158   260   260 E QSEECOMD: : Listener: index = 2, hierarchy = 0
01-01 00:00:16.167   278   278 D qca1530 : detect 
01-01 00:00:16.171   533   533 E wifi_ap.sh: WIFI_AP: Starting AP with ssid: Sentera_21020-02_0066 password: 00660066 and channel: 9 on ip: 192.168.43.1 (root: 192.168.43) 
01-01 00:00:16.171   273   273 I qcom-bluetooth: /system/etc/init.qcom.bt.sh: Bluetooth Address programmed successfully 
01-01 00:00:16.174   308   308 I mediaserver: ServiceManager: 0xb61500c0
01-01 00:00:16.174   308   308 I AudioFlinger: Using default 3000 mSec as standby time.
01-01 00:00:16.175   308   308 I ServiceManager: Waiting for service batterystats...
01-01 00:00:16.178   281   281 V qca1530 : detect 
--------- beginning of system
01-01 00:00:16.179   248   248 I Vold    : Vold 2.1 (the revenge) firing up
01-01 00:00:16.179   248   248 E DirectVolume: Vold managed volumes must have auto mount point; ignoring /storage/sdcard1
01-01 00:00:16.179   248   248 D Vold    : Volume sdcard1 state changing -1 (Initializing) -> 0 (No-Media)
01-01 00:00:16.179   248   248 I Cryptfs : Check if PFE is activated on Boot
01-01 00:00:16.181   248   248 E Cryptfs : Bad magic for real block device /dev/block/bootdevice/by-name/userdata
01-01 00:00:16.181   248   248 E Cryptfs : Error getting crypt footer and key
01-01 00:00:16.182   260   260 D QSEECOMD: : Init dlopen(libsecureui.so, RTLD_NOW) succeeds
01-01 00:00:16.182   260   260 D QSEECOMD: : Init::Init dlsym(g_FSHandle secure_ui_init) succeeds
01-01 00:00:16.182   260   260 D QSEECOMD: : Init secure_ui_init ret = 0
01-01 00:00:16.182   260   260 D QSEECOMD: : secure UI services: init (Listener ID = 16384)
01-01 00:00:16.182   260   260 D QSEECOMAPI: : QSEECom_get_handle sb_length = 0x400
01-01 00:00:16.183   260   260 D QSEECOMAPI: : App is not loaded in QSEE
01-01 00:00:16.192   311   311 D QSEECOMAPI: : App is already loaded QSEE and app id = 2
01-01 00:00:16.193   260   260 D QSEECOMAPI: : Loaded image: APP id = 2
01-01 00:00:16.196   260   260 D QSEECOMD: : Parent qseecom daemon process paused!! 
01-01 00:00:16.196   539   539 D QSEECOMD: : qseecom listener service threads starting!!! 
01-01 00:00:16.196   539   539 D QSEECOMD: : Total listener services to start = 5
01-01 00:00:16.196   539   539 E QSEECOMD: : Listener: index = 0, hierarchy = 1
01-01 00:00:16.196   539   539 D QSEECOMD: : Init dlopen(librpmb.so, RTLD_NOW) succeeds
01-01 00:00:16.196   539   539 D QSEECOMD: : Init::Init dlsym(g_FSHandle rpmb_start) succeeds
01-01 00:00:16.196   539   539 D QSEECOMAPI: : QSEECom_register_listener 8192 sb_length = 0x5000
01-01 00:00:16.199   285   285 I init    : type=1400 audit(0.0:3): avc: denied { entrypoint } for path="/system/bin/busybox" dev="mmcblk0p15" ino=223 scontext=u:r:shell:s0 tcontext=u:object_r:system_file:s0 tclass=file permissive=1
01-01 00:00:16.199   539   539 D QSEECOMD: : Init rpmb_start ret = 0
01-01 00:00:16.199   539   539 D QSEECOMD: : RPMB system services: Started (Listener ID = 8192)
01-01 00:00:16.199   539   539 E QSEECOMD: : Listener: index = 1, hierarchy = 1
01-01 00:00:16.199   539   539 D QSEECOMD: : Init dlopen(libssd.so, RTLD_NOW) succeeds
01-01 00:00:16.199   539   539 D QSEECOMD: : Init::Init dlsym(g_FSHandle ssd_start) succeeds
01-01 00:00:16.199   539   539 D QSEECOMAPI: : QSEECom_register_listener 12288 sb_length = 0x5000
01-01 00:00:16.205   539   539 D QSEECOMD: : Init ssd_start ret = 0
01-01 00:00:16.205   539   539 D QSEECOMD: : SSD system services: Started (Listener ID = 12288)
01-01 00:00:16.205   539   539 E QSEECOMD: : Listener: index = 2, hierarchy = 1
01-01 00:00:16.205   539   539 D QSEECOMD: : Init dlopen(libsecureui.so, RTLD_NOW) succeeds
01-01 00:00:16.205   539   539 D QSEECOMD: : Init::Init dlsym(g_FSHandle secure_ui_start) succeeds
01-01 00:00:16.205   539   539 D QSEECOMAPI: : QSEECom_register_listener 16384 sb_length = 0x1014
01-01 00:00:16.206   539   539 D QSEECOMD: : Init secure_ui_start ret = 0
01-01 00:00:16.206   539   539 D QSEECOMD: : secure UI services: Started (Listener ID = 16384)
01-01 00:00:16.206   539   539 E QSEECOMD: : Listener: index = 3, hierarchy = 1
01-01 00:00:16.207   249   249 I SurfaceFlinger: SurfaceFlinger is starting
01-01 00:00:16.208   249   249 I SurfaceFlinger: SurfaceFlinger's main thread ready to run. Initializing graphics H/W...
01-01 00:00:16.224   249   249 I Adreno  : EGLInit: QTI Build: 01/16/15, 25d4fe7, 
01-01 00:00:16.237   249   249 D libEGL  : loaded /vendor/lib/egl/libEGL_adreno.so
01-01 00:00:16.242   342   505 D AudioDaemon: number of sndcards 1 CPEs 0
01-01 00:00:16.242   342   505 D AudioDaemon: read for sound card state change before while
01-01 00:00:16.242   342   505 D AudioDaemon: sound card state file content: ONLINE
01-01 00:00:16.242   342   505 D AudioDaemon:  before while
01-01 00:00:16.242   342   505 E AudioDaemon: put cur_state to online
01-01 00:00:16.242   342   505 D AudioDaemon: cur_state=0, bootup_complete=0
01-01 00:00:16.242   342   505 E AudioDaemon: sound card up is deteced before while
01-01 00:00:16.242   342   505 E AudioDaemon: bootup_complete set to 1
01-01 00:00:16.242   342   505 D AudioDaemon: poll() for sound card state change 
01-01 00:00:16.245   539   539 D QSEECOMD: : Init dlopen(libdrmtime.so, RTLD_NOW) succeeds
01-01 00:00:16.245   539   539 D QSEECOMD: : Init::Init dlsym(g_FSHandle atime_start) succeeds
01-01 00:00:16.245   539   539 D DrmLibTime: QSEE Time Listener: atime_start
01-01 00:00:16.245   539   539 D QSEECOMAPI: : QSEECom_register_listener 11 sb_length = 0x5000
01-01 00:00:16.246   248   288 W DirectVolume: Deprecated implied prefix pattern detected, please use '/devices/msm_sdcc.2/mmc_host*' instead
01-01 00:00:16.246   248   288 D Vold    : Volume sdcard1 state changing 0 (No-Media) -> 2 (Pending)
01-01 00:00:16.247   248   288 D Vold    : Volume sdcard1 state changing 2 (Pending) -> 1 (Idle-Unmounted)
01-01 00:00:16.256   539   539 D DrmLibTime: registering fs service to QSEECom is done!
01-01 00:00:16.256   539   539 D DrmLibTime: begin to create a thread!
01-01 00:00:16.256   539   539 D DrmLibTime: Creating a pthread in atime_start is done! return 0
01-01 00:00:16.256   539   539 D QSEECOMD: : Init atime_start ret = 0
01-01 00:00:16.256   539   539 D QSEECOMD: : time services: Started (Listener ID = 11)
01-01 00:00:16.256   539   539 E QSEECOMD: : Listener: index = 4, hierarchy = 1
01-01 00:00:16.257   539   539 D QSEECOMD: : Init dlopen(libdrmfs.so, RTLD_NOW) succeeds
01-01 00:00:16.257   539   552 D DrmLibTime: QSEE Time Listener: dispatch
01-01 00:00:16.257   539   539 D QSEECOMD: : Init::Init dlsym(g_FSHandle fs_start) succeeds
01-01 00:00:16.257   539   552 D DrmLibTime: before calling ioctl to read the next time_cmd
01-01 00:00:16.257   539   539 D QSEECOMAPI: : QSEECom_register_listener 10 sb_length = 0x5000
01-01 00:00:16.261   539   539 D QSEECOMD: : Init fs_start ret = 0
01-01 00:00:16.261   539   539 D QSEECOMD: : file system services: Started (Listener ID = 10)
01-01 00:00:16.261   539   539 D QSEECOMD: : QSEECOM DAEMON RUNNING 
01-01 00:00:16.318   343   343 I mm-camera-sensor: module_sensor_init:5275 Enter
01-01 00:00:16.323   447   447 E Diag_Lib: qpLogDiagInit ==>
01-01 00:00:16.323   343   343 E mm-camera-sensor: sensor_init_probe:191 failed: to oribe eeprom bin sensors
01-01 00:00:16.324   447   447 E Diag_Lib: qpLogDiagInit <== result : 1
01-01 00:00:16.324   447   447 E Diag_Lib: [IMS_DataD] imsdatad.c | 4660 | | 447 |DATAD#$$#0#DATAD STARTED
01-01 00:00:16.324   447   447 E Diag_Lib: [IMS_DataD] imsdatad.c | 4683 | | 447 |ims-dcm-daemon dcm Daemon main entry, uid 1000, gid 1000, egid 1000 
01-01 00:00:16.324   447   447 E Diag_Lib: [IMS_DataD] imsdatad.c | 4685 | | 447 |DATAD#$$#0#DCM QMI SERVICES STARTED
01-01 00:00:16.324   447   447 E Diag_Lib: [IMS_DataD] imsdatad.c | 2870 | | 447 |ims-dcm-daemon ims_dcm_qmi_handler_init_func >
01-01 00:00:16.324   447   447 E Diag_Lib: [IMS_DataD] imsdatad.c | 2851 | | 447 |ims-dcm-daemon qmi_dcm_register_service
01-01 00:00:16.327   447   447 E Diag_Lib: [IMS_DataD] imsdatad.c | 2856 | | 447 |ims-dcm-daemon qmi_dcm_register_service rc : 0
01-01 00:00:16.327   447   447 E Diag_Lib: [IMS_DataD] imsdatad.c | 2861 | | 447 |ims-dcm-daemon qmi_dcm_register_service service_cookie.service_handle : 0x1
01-01 00:00:16.327   447   447 E Diag_Lib: [IMS_DataD] imsdatad.c | 2879 | | 447 |ims_dcm_qmi_handler_init_func exit MAX FD 6
01-01 00:00:16.327   447   447 E Diag_Lib: [IMS_DataD] imsdatad.c | 4695 | | 447 |ims-dcm-daemon: Server Sock FD 10 received from init
01-01 00:00:16.327   447   447 E Diag_Lib: [IMS_DataD] imsdatad.c | 4715 | | 447 |DATAD#$$#0#DATAD SERVER STARTED
01-01 00:00:16.327   447   447 E Diag_Lib: [IMS_DataD] imsdatad.c | 235 | | 447 |DatadAddFDToFDSet:Added FD: [10] to FDSet
01-01 00:00:16.327   447   447 E Diag_Lib: [IMS_DataD] imsdatad.c | 4725 | | 447 |ims-dcm-daemon listen done
01-01 00:00:16.327   447   447 E Diag_Lib: [IMS_DataD] imsdatad.c | 4742 | | 447 |ims-dcm-daemon : socket pair created. readfd = 7, write fd = 8
01-01 00:00:16.327   447   447 E Diag_Lib: [IMS_DataD] imsdatad.c | 235 | | 447 |DatadAddFDToFDSet:Added FD: [7] to FDSet
01-01 00:00:16.327   447   447 E Diag_Lib: [IMS_DataD] imsdatad.c | 4759 | | 447 |DATAD#$$#0#DATAD  LOOPBACK SERVER STARTED for INTERNAL EVENTS
01-01 00:00:16.327   447   447 E Diag_Lib: [IMS_DataD] imsdatad.c | 4768 | | 447 |DATAD#$$#0#DATAD STARTED HEAR BEAT
01-01 00:00:16.353   305   305 I         : debuggerd: Nov  9 2015 10:06:26
01-01 00:00:16.439   309   309 I installd: installd firing up
01-01 00:00:16.458   349   349 E qca1530 : init 
01-01 00:00:16.468   355   355 D qca1530 : init 
01-01 00:00:16.477   357   357 V qca1530 : init 
01-01 00:00:16.481   316   316 D WLAN_PSA: PTT_SOCKET_APP Start
01-01 00:00:16.481   316   316 V WLAN_PSA: UID 0
01-01 00:00:16.481   316   316 E WLAN_PSA: Set as Blocked Operation
01-01 00:00:16.482   316   316 D WLAN_PSA: FTM Test App: Diag_LSM_Init succeeded. 
01-01 00:00:16.482   316   316 D WLAN_PSA: PTT_SOCKET_APP Init done, wait clients
01-01 00:00:16.489   340   340 I iperf3  : type=1400 audit(0.0:4): avc: denied { create } for scontext=u:r:init:s0 tcontext=u:r:init:s0 tclass=tcp_socket permissive=1
01-01 00:00:16.489   340   340 I iperf3  : type=1400 audit(0.0:5): avc: denied { setopt } for scontext=u:r:init:s0 tcontext=u:r:init:s0 tclass=tcp_socket permissive=1
01-01 00:00:16.489   340   340 I iperf3  : type=1400 audit(0.0:6): avc: denied { bind } for scontext=u:r:init:s0 tcontext=u:r:init:s0 tclass=tcp_socket permissive=1
01-01 00:00:16.489   340   340 I iperf3  : type=1400 audit(0.0:7): avc: denied { name_bind } for src=5201 scontext=u:r:init:s0 tcontext=u:object_r:port:s0 tclass=tcp_socket permissive=1
01-01 00:00:16.489   340   340 I iperf3  : type=1400 audit(0.0:8): avc: denied { node_bind } for src=5201 scontext=u:r:init:s0 tcontext=u:object_r:node:s0 tclass=tcp_socket permissive=1
01-01 00:00:16.489   340   340 I iperf3  : type=1400 audit(0.0:9): avc: denied { listen } for lport=5201 scontext=u:r:init:s0 tcontext=u:r:init:s0 tclass=tcp_socket permissive=1
01-01 00:00:16.489   315   315 I irsc_util: irsc tool created:0xb6c4f060
01-01 00:00:16.489   315   315 I irsc_util: Starting irsc tool
01-01 00:00:16.489   315   315 I irsc_util: Trying to open sec config file
01-01 00:00:16.509   317   317 D adsprpc : vendor/qcom/proprietary/adsprpc/src/adsprpcd.c:21::info: calling: 0 == adsp_default_listener_register()
01-01 00:00:16.512   317   317 D adsprpc : vendor/qcom/proprietary/adsprpc/src/adsprpcd.c:21::info: passed: 0 == adsp_default_listener_register()
01-01 00:00:16.514   317   367 E adsprpc : vendor/qcom/proprietary/adsprpc/src/apps_std_imp.c:33:apps_std fopen failed: /oemconfig.so No such file or directory
01-01 00:00:16.514   317   367 E adsprpc : vendor/qcom/proprietary/adsprpc/src/apps_std_imp.c:33:apps_std fopen failed: /system/lib/rfsa/adsp//oemconfig.so No such file or directory
01-01 00:00:16.518   315   315 I irsc_util: file_parser Number of element :0
01-01 00:00:16.518   315   315 I irsc_util: file_parser Invalid Format or Comment - '/* IPC Security Config */
01-01 00:00:16.518   315   315 I irsc_util: '
01-01 00:00:16.518   315   315 I irsc_util: file_parser Number of element :0
01-01 00:00:16.518   315   315 I irsc_util: file_parser Invalid Format or Comment - '/* <GPS QMI Service ID - 16>:<GPS QMI Instance ID - all instances>:<Client Group ID> */
01-01 00:00:16.518   315   315 I irsc_util: '
01-01 00:00:16.518   315   315 I irsc_util: file_parser Number of element :4
01-01 00:00:16.518   315   315 I irsc_util: file_parser Number of element :0
01-01 00:00:16.518   315   315 I irsc_util: file_parser Invalid Format or Comment - '/* Allow SS CTL service to be used by system and net_raw processes */
01-01 00:00:16.518   315   315 I irsc_util: '
01-01 00:00:16.518   315   315 I irsc_util: file_parser Number of element :4
01-01 00:00:16.518   315   315 I irsc_util: file_parser Number of element :0
01-01 00:00:16.518   315   315 I irsc_util: file_parser Invalid Format or Comment - '/* Allow Sensor services to be used by sensor process */
01-01 00:00:16.518   315   315 I irsc_util: '
01-01 00:00:16.518   315   315 I irsc_util: file_parser Number of element :3
01-01 00:00:16.518   315   315 I irsc_util: file_parser Number of element :3
01-01 00:00:16.518   315   315 I irsc_util: file_parser Number of element :3
01-01 00:00:16.518   315   315 I irsc_util: file_parser Number of element :3
01-01 00:00:16.518   315   315 I irsc_util: file_parser Number of element :3
01-01 00:00:16.518   315   315 I irsc_util: file_parser Number of element :3
01-01 00:00:16.518   315   315 I irsc_util: file_parser Number of element :3
01-01 00:00:16.518   315   315 I irsc_util: file_parser Number of element :3
01-01 00:00:16.518   315   315 I irsc_util: file_parser Number of element :3
01-01 00:00:16.518   315   315 I irsc_util: file_parser Number of element :3
01-01 00:00:16.518   315   315 I irsc_util: file_parser Number of element :3
01-01 00:00:16.518   315   315 I irsc_util: file_parser Number of element :3
01-01 00:00:16.518   315   315 I irsc_util: file_parser Number of element :3
01-01 00:00:16.518   315   315 I irsc_util: file_parser Number of element :3
01-01 00:00:16.518   315   315 I irsc_util: file_parser Number of element :3
01-01 00:00:16.518   315   315 I irsc_util: file_parser Number of element :3
01-01 00:00:16.518   315   315 I irsc_util: file_parser Number of element :3
01-01 00:00:16.518   315   315 I irsc_util: file_parser Number of element :3
01-01 00:00:16.518   315   315 I irsc_util: file_parser Number of element :3
01-01 00:00:16.518   315   315 I irsc_util: file_parser Number of element :3
01-01 00:00:16.518   315   315 I irsc_util: file_parser Number of element :3
01-01 00:00:16.518   315   315 I irsc_util: file_parser Number of element :3
01-01 00:00:16.518   315   315 I irsc_util: file_parser Number of element :3
01-01 00:00:16.518   315   315 I irsc_util: file_parser Number of element :3
01-01 00:00:16.518   315   315 I irsc_util: file_parser Number of element :3
01-01 00:00:16.518   315   315 I irsc_util: file_parser Number of element :3
01-01 00:00:16.518   315   315 I irsc_util: file_parser Number of element :3
01-01 00:00:16.518   315   315 I irsc_util: file_parser Number of element :3
01-01 00:00:16.518   315   315 I irsc_util: file_parser Number of element :3
01-01 00:00:16.518   315   315 I irsc_util: file_parser Number of element :3
01-01 00:00:16.518   315   315 I irsc_util: file_parser Number of element :3
01-01 00:00:16.518   315   315 I irsc_util: file_parser Number of element :3
01-01 00:00:16.518   315   315 I irsc_util: file_parser Number of element :3
01-01 00:00:16.518   315   315 I irsc_util: file_parser Number of element :3
01-01 00:00:16.518   315   315 I irsc_util: file_parser Number of element :3
01-01 00:00:16.518   315   315 I irsc_util: file_parser Number of element :3
01-01 00:00:16.518   315   315 I irsc_util: file_parser Number of element :3
01-01 00:00:16.518   315   315 I irsc_util: file_parser Number of element :3
01-01 00:00:16.518   315   315 I irsc_util: file_parser Number of element :3
01-01 00:00:16.518   315   315 I irsc_util: file_parser Number of element :3
01-01 00:00:16.518   315   315 I irsc_util: file_parser Number of element :3
01-01 00:00:16.518   315   315 I irsc_util: file_parser Number of element :3
01-01 00:00:16.518   315   315 I irsc_util: file_parser Number of element :3
01-01 00:00:16.518   315   315 I irsc_util: file_parser Number of element :3
01-01 00:00:16.518   315   315 I irsc_util: file_parser Number of element :3
01-01 00:00:16.518   315   315 I irsc_util: file_parser Number of element :3
01-01 00:00:16.518   315   315 I irsc_util: file_parser Number of element :3
01-01 00:00:16.518   315   315 I irsc_util: file_parser Number of element :3
01-01 00:00:16.518   315   315 I irsc_util: file_parser Number of element :3
01-01 00:00:16.518   315   315 I irsc_util: file_parser Number of element :3
01-01 00:00:16.518   315   315 I irsc_util: file_parser Number of element :3
01-01 00:00:16.518   315   315 I irsc_util: file_parser Number of element :3
01-01 00:00:16.518   315   315 I irsc_util: file_parser Number of element :3
01-01 00:00:16.518   315   315 I irsc_util: file_parser Number of element :3
01-01 00:00:16.519   315   315 I irsc_util: file_parser Number of element :3
01-01 00:00:16.519   315   315 I irsc_util: file_parser Number of element :3
01-01 00:00:16.519   315   315 I irsc_util: file_parser Number of element :3
01-01 00:00:16.519   315   315 I irsc_util: file_parser Number of element :3
01-01 00:00:16.519   315   315 I irsc_util: file_parser Number of element :3
01-01 00:00:16.519   315   315 I irsc_util: file_parser Number of element :3
01-01 00:00:16.519   315   315 I irsc_util: file_parser Number of element :3
01-01 00:00:16.519   315   315 I irsc_util: file_parser Number of element :3
01-01 00:00:16.519   315   315 I irsc_util: file_parser Number of element :3
01-01 00:00:16.519   315   315 I irsc_util: file_parser Number of element :3
01-01 00:00:16.519   315   315 I irsc_util: file_parser Number of element :3
01-01 00:00:16.519   315   315 I irsc_util: file_parser Number of element :3
01-01 00:00:16.519   315   315 I irsc_util: file_parser Number of element :3
01-01 00:00:16.519   315   315 I irsc_util: file_parser Number of element :3
01-01 00:00:16.519   315   315 I irsc_util: file_parser Number of element :3
01-01 00:00:16.519   315   315 I irsc_util: file_parser Number of element :3
01-01 00:00:16.519   315   315 I irsc_util: file_parser Number of element :3
01-01 00:00:16.519   315   315 I irsc_util: file_parser Number of element :3
01-01 00:00:16.519   315   315 I irsc_util: file_parser Number of element :3
01-01 00:00:16.519   315   315 I irsc_util: file_parser Number of element :3
01-01 00:00:16.519   315   315 I irsc_util: file_parser Number of element :3
01-01 00:00:16.519   315   315 I irsc_util: file_parser Number of element :3
01-01 00:00:16.519   315   315 I irsc_util: file_parser Number of element :3
01-01 00:00:16.519   315   315 I irsc_util: file_parser Number of element :3
01-01 00:00:16.519   315   315 I irsc_util: file_parser Number of element :3
01-01 00:00:16.519   315   315 I irsc_util: file_parser Number of element :3
01-01 00:00:16.519   315   315 I irsc_util: file_parser Number of element :3
01-01 00:00:16.519   315   315 I irsc_util: file_parser Number of element :3
01-01 00:00:16.519   315   315 I irsc_util: file_parser Number of element :3
01-01 00:00:16.519   315   315 I irsc_util: file_parser Number of element :3
01-01 00:00:16.519   315   315 I irsc_util: file_parser Number of element :3
01-01 00:00:16.519   315   315 I irsc_util: file_parser Number of element :3
01-01 00:00:16.519   315   315 I irsc_util: file_parser Number of element :3
01-01 00:00:16.519   315   315 I irsc_util: file_parser Number of element :3
01-01 00:00:16.519   315   315 I irsc_util: file_parser Number of element :3
01-01 00:00:16.519   315   315 I irsc_util: file_parser Number of element :3
01-01 00:00:16.519   315   315 I irsc_util: file_parser Number of element :3
01-01 00:00:16.519   315   315 I irsc_util: file_parser Number of element :3
01-01 00:00:16.519   315   315 I irsc_util: file_parser Number of element :3
01-01 00:00:16.519   315   315 I irsc_util: file_parser Number of element :3
01-01 00:00:16.519   315   315 I irsc_util: file_parser Number of element :3
01-01 00:00:16.519   315   315 I irsc_util: file_parser Number of element :3
01-01 00:00:16.519   315   315 I irsc_util: file_parser Number of element :3
01-01 00:00:16.519   315   315 I irsc_util: file_parser Number of element :3
01-01 00:00:16.519   315   315 I irsc_util: file_parser Number of element :3
01-01 00:00:16.519   315   315 I irsc_util: file_parser Number of element :3
01-01 00:00:16.519   315   315 I irsc_util: file_parser Number of element :3
01-01 00:00:16.519   315   315 I irsc_util: file_parser Number of element :3
01-01 00:00:16.519   315   315 I irsc_util: file_parser Number of element :3
01-01 00:00:16.519   315   315 I irsc_util: file_parser Number of element :3
01-01 00:00:16.519   315   315 I irsc_util: file_parser Number of element :3
01-01 00:00:16.519   315   315 I irsc_util: file_parser Number of element :3
01-01 00:00:16.519   315   315 I irsc_util: file_parser Number of element :3
01-01 00:00:16.519   315   315 I irsc_util: file_parser Number of element :3
01-01 00:00:16.519   315   315 I irsc_util: file_parser Number of element :3
01-01 00:00:16.519   315   315 I irsc_util: file_parser Number of element :3
01-01 00:00:16.519   315   315 I irsc_util: file_parser Number of element :3
01-01 00:00:16.519   315   315 I irsc_util: file_parser Number of element :3
01-01 00:00:16.519   315   315 I irsc_util: file_parser Number of element :3
01-01 00:00:16.519   315   315 I irsc_util: file_parser Number of element :3
01-01 00:00:16.519   315   315 I irsc_util: file_parser Number of element :3
01-01 00:00:16.519   315   315 I irsc_util: file_parser Number of element :3
01-01 00:00:16.519   315   315 I irsc_util: file_parser Number of element :3
01-01 00:00:16.519   315   315 I irsc_util: file_parser Number of element :3
01-01 00:00:16.519   315   315 I irsc_util: file_parser Number of element :3
01-01 00:00:16.519   315   315 I irsc_util: file_parser Number of element :3
01-01 00:00:16.519   315   315 I irsc_util: file_parser Number of element :3
01-01 00:00:16.519   315   315 I irsc_util: file_parser Number of element :3
01-01 00:00:16.519   315   315 I irsc_util: file_parser Number of element :3
01-01 00:00:16.519   315   315 I irsc_util: file_parser Number of element :3
01-01 00:00:16.519   315   315 I irsc_util: file_parser Number of element :3
01-01 00:00:16.519   315   315 I irsc_util: file_parser Number of element :3
01-01 00:00:16.519   315   315 I irsc_util: file_parser Number of element :3
01-01 00:00:16.519   315   315 I irsc_util: file_parser Number of element :3
01-01 00:00:16.519   315   315 I irsc_util: file_parser Number of element :3
01-01 00:00:16.519   315   315 I irsc_util: file_parser Number of element :3
01-01 00:00:16.519   315   315 I irsc_util: file_parser Number of element :3
01-01 00:00:16.519   315   315 I irsc_util: file_parser Number of element :3
01-01 00:00:16.519   315   315 I irsc_util: file_parser Number of element :3
01-01 00:00:16.519   315   315 I irsc_util: file_parser Number of element :3
01-01 00:00:16.519   315   315 I irsc_util: file_parser Number of element :3
01-01 00:00:16.519   315   315 I irsc_util: file_parser Number of element :3
01-01 00:00:16.519   315   315 I irsc_util: file_parser Number of element :3
01-01 00:00:16.519   315   315 I irsc_util: file_parser Number of element :3
01-01 00:00:16.519   315   315 I irsc_util: file_parser Number of element :3
01-01 00:00:16.519   315   315 I irsc_util: file_parser Number of element :3
01-01 00:00:16.519   315   315 I irsc_util: file_parser Number of element :3
01-01 00:00:16.519   315   315 I irsc_util: file_parser Number of element :3
01-01 00:00:16.519   315   315 I irsc_util: file_parser Number of element :3
01-01 00:00:16.519   315   315 I irsc_util: file_parser Number of element :3
01-01 00:00:16.519   315   315 I irsc_util: file_parser Number of element :3
01-01 00:00:16.519   315   315 I irsc_util: file_parser Number of element :3
01-01 00:00:16.519   315   315 I irsc_util: file_parser Number of element :3
01-01 00:00:16.519   315   315 I irsc_util: file_parser Number of element :3
01-01 00:00:16.519   315   315 I irsc_util: file_parser Number of element :3
01-01 00:00:16.519   315   315 I irsc_util: file_parser Number of element :3
01-01 00:00:16.519   315   315 I irsc_util: file_parser Number of element :3
01-01 00:00:16.519   315   315 I irsc_util: file_parser Number of element :3
01-01 00:00:16.519   315   315 I irsc_util: file_parser Number of element :3
01-01 00:00:16.519   315   315 I irsc_util: file_parser Number of element :3
01-01 00:00:16.519   315   315 I irsc_util: file_parser Number of element :3
01-01 00:00:16.519   315   315 I irsc_util: file_parser Number of element :3
01-01 00:00:16.519   315   315 I irsc_util: file_parser Number of element :3
01-01 00:00:16.519   315   315 I irsc_util: file_parser Number of element :3
01-01 00:00:16.519   315   315 I irsc_util: file_parser Number of element :3
01-01 00:00:16.519   315   315 I irsc_util: file_parser Number of element :3
01-01 00:00:16.519   315   315 I irsc_util: file_parser Number of element :3
01-01 00:00:16.519   315   315 I irsc_util: file_parser Number of element :3
01-01 00:00:16.519   315   315 I irsc_util: file_parser Number of element :3
01-01 00:00:16.519   315   315 I irsc_util: file_parser Number of element :3
01-01 00:00:16.520   315   315 I irsc_util: file_parser Number of element :3
01-01 00:00:16.520   315   315 I irsc_util: file_parser Number of element :3
01-01 00:00:16.520   315   315 I irsc_util: file_parser Number of element :3
01-01 00:00:16.520   315   315 I irsc_util: file_parser Number of element :3
01-01 00:00:16.520   315   315 I irsc_util: file_parser Number of element :3
01-01 00:00:16.520   315   315 I irsc_util: file_parser Number of element :3
01-01 00:00:16.520   315   315 I irsc_util: file_parser Number of element :3
01-01 00:00:16.520   315   315 I irsc_util: file_parser Number of element :3
01-01 00:00:16.520   315   315 I irsc_util: file_parser Number of element :3
01-01 00:00:16.520   315   315 I irsc_util: file_parser Number of element :3
01-01 00:00:16.520   315   315 I irsc_util: file_parser Number of element :3
01-01 00:00:16.520   315   315 I irsc_util: file_parser Number of element :3
01-01 00:00:16.520   315   315 I irsc_util: file_parser Number of element :3
01-01 00:00:16.520   315   315 I irsc_util: file_parser Number of element :3
