01-01 00:00:45.629  4558  4558 D radish  : unix  2      [ ]         DGRAM                      9775 -                   
01-01 00:00:45.629  4558  4558 D radish  : unix  3      [ ]         SEQPACKET  CONNECTED      12081 -                   
01-01 00:00:45.629  4558  4558 D radish  : unix  2      [ ]         DGRAM                      9741 -                   
01-01 00:00:45.629  4558  4558 D radish  : unix  3      [ ]         STREAM     CONNECTED      17355 -                   @jdwp-control
01-01 00:00:45.629  4558  4558 D radish  : unix  3      [ ]         STREAM     CONNECTED      16901 -                   
01-01 00:00:45.629  4558  4558 D radish  : unix  2      [ ]         DGRAM                     12589 -                   
01-01 00:00:45.629  4558  4558 D radish  : unix  3      [ ]         STREAM     CONNECTED      15248 -                   @jdwp-control
01-01 00:00:45.629  4558  4558 D radish  : unix  3      [ ]         SEQPACKET  CONNECTED      13636 -                   
01-01 00:00:45.629  4558  4558 D radish  : unix  3      [ ]         STREAM     CONNECTED      14347 -                   /dev/socket/vold
01-01 00:00:45.629  4558  4558 D radish  : unix  3      [ ]         STREAM     CONNECTED      16798 -                   @jdwp-control
01-01 00:00:45.629  4558  4558 D radish  : unix  3      [ ]         STREAM     CONNECTED      19521 -                   
01-01 00:00:45.629  4558  4558 D radish  : unix  3      [ ]         STREAM     CONNECTED      11440 -                   
01-01 00:00:45.629  4558  4558 D radish  : unix  3      [ ]         SEQPACKET  CONNECTED      13058 -                   
01-01 00:00:45.629  4558  4558 D radish  : unix  2      [ ]         DGRAM                     12530 -                   
01-01 00:00:45.629  4558  4558 D radish  : unix  2      [ ]         DGRAM                     10678 -                   
01-01 00:00:45.629  4558  4558 D radish  : unix  3      [ ]         STREAM     CONNECTED      18190 -                   
01-01 00:00:45.629  4558  4558 D radish  : unix  3      [ ]         STREAM     CONNECTED      13061 -                   /dev/socket/zygote
01-01 00:00:45.629  4558  4558 D radish  : unix  3      [ ]         STREAM     CONNECTED      19592 -                   
01-01 00:00:45.629  4558  4558 D radish  : unix  2      [ ]         DGRAM                     11507 -                   
01-01 00:00:45.629  4558  4558 D radish  : unix  3      [ ]         SEQPACKET  CONNECTED      13030 -                   
01-01 00:00:45.629  4558  4558 D radish  : unix  3      [ ]         STREAM     CONNECTED      11444 -                   
01-01 00:00:45.629  4558  4558 D radish  : unix  2      [ ]         DGRAM                     11790 3450/com.android.se 
01-01 00:00:45.629  4558  4558 D radish  : unix  2      [ ]         DGRAM                     10761 3450/com.android.se 
01-01 00:00:45.630  4558  4558 D radish  : radish_init_bridge: brctl addbr bridge0
01-01 00:00:45.648  4558  4558 D radish  : radish_init_bridge: ifconfig bridge0 up
01-01 00:00:45.652  4558  4558 D radish  : radish_init_bridge: ebtables -t broute -A BROUTING -p ipv4 -j DROP
01-01 00:00:45.664  4558  4558 D radish  : radish_init_bridge: ebtables -t broute -A BROUTING -p arp -j DROP
01-01 00:00:45.676  4558  4558 D radish  : radish_modify_link_local_route: ip -6 route add fe80::/64 dev bridge0 scope link table 97
01-01 00:00:45.679  4558  4558 E radish  : Unable to add link local route in local network table
01-01 00:00:45.679  4558  4558 D radish  : Adding wlan0 to bridge0
01-01 00:00:45.679  4558  4558 D radish  : radish_parse_args: brctl addif bridge0 wlan0
01-01 00:00:45.682  4558  4558 E radish  :  FATAL: Need to specify an interface to proxy
01-01 00:00:45.682  4558  4558 D radish  : Adding wlan0 to bridge0
01-01 00:00:45.682  4558  4558 D radish  : radish_parse_args: brctl addif bridge0 wlan0
01-01 00:00:45.685  4558  4558 E radish  : Unable to add the interface to the bridge
01-01 00:00:45.685  4558  4558 E radish  :  FATAL: Need to specify an interface to proxy
01-01 00:00:45.685  4558  4558 D radish  : Interfaces found: 
01-01 00:00:45.685  4558  4558 D radish  : bridge0
01-01 00:00:45.685  4558  4558 E radish  : Need at least 2 interfaces
01-01 00:00:45.685  4558  4558 D radish  : radish_cleanup_handler: ip -6 route flush dev bridge0
01-01 00:00:45.688  4558  4558 D radish  : radish_modify_link_local_route: ip -6 route del fe80::/64 dev bridge0 scope link table 97
01-01 00:00:45.691  4558  4558 E radish  : Unable to del link local route in local network table
01-01 00:00:45.691  4558  4558 D radish  : radish_cleanup_handler: ifconfig bridge0 down
01-01 00:00:45.696  4558  4558 D radish  : radish_cleanup_handler: brctl delbr bridge0
01-01 00:00:45.738  1325  1372 V Sensors : HAL:input data has partial packet
01-01 00:00:45.738  1325  1372 V Sensors : HAL:input data mLeftOverBufferSize=8
01-01 00:00:45.738  1325  1372 V Sensors : HAL:input catch up retrieve rdata=:16, 0, 0, 0, 2, 0, 34, 197
01-01 00:00:45.770  4558  4558 D radish  : radish_cleanup_handler: ebtables -t broute -F
01-01 00:00:46.059  3414  4521 D IMUPolling: Sensor accuracy change for sensor: MPL Gyroscope to 3
01-01 00:00:46.064  1325  1372 E Sensors : HAL:input invalid data_format 0x00
01-01 00:00:46.084  3414  4521 D IMUPolling: Sensor accuracy change for sensor: MPL Rotation Vector to 3
01-01 00:00:46.093  1325  1372 E Sensors : HAL:input invalid data_format 0x00
01-01 00:00:47.101  1325  1762 I ActivityManager: Killing 3621:com.android.externalstorage/u0a7 (adj 15): empty #17
01-01 00:00:47.205  1325  1345 W art     : Long monitor contention event with owner method=void com.android.server.am.ActivityManagerService.serviceDoneExecuting(android.os.IBinder, int, int, int) from ActivityManagerService.java:14996 waiters=0 for 104ms
01-01 00:00:47.206  1325  1742 W libprocessgroup: failed to open /acct/uid_10007/pid_3621/cgroup.procs: No such file or directory
01-01 00:00:47.919  3468  4081 E ImsSenderRxr: Exception in socket create'java.io.IOException: No such file or directory
01-01 00:00:47.919  3468  4081 I ImsSenderRxr: Couldn't find qmux_radio/rild_ims0socket; retrying after timeout
01-01 00:00:48.824  4029  4878 E SQLiteLog: (284) automatic index on view_events(_id)
01-01 00:00:50.079  4261  4387 I GlobalDismissManager: no sender configured
01-01 00:00:50.080  4261  4387 D AlertService: Beginning updateAlertNotification
01-01 00:00:50.087  4261  4387 D AlertService: No fired or scheduled alerts
01-01 00:00:50.095  4261  4387 D AlertService: Scheduling next alarm with AlarmScheduler. sEventReminderReceived: null
01-01 00:00:50.101  4261  4387 D AlarmScheduler: No events found starting within 1 week.
01-01 00:00:50.919   403   403 I sh      : type=1400 audit(0.0:222): avc: denied { append } for name="performance_log.csv" dev="fuse" ino=3061866832 scontext=u:r:init:s0 tcontext=u:object_r:fuse:s0 tclass=file permissive=1
01-01 00:00:50.919   403   403 I sh      : type=1400 audit(0.0:223): avc: denied { open } for path="/storage/sdcard1/info/logs/performance_log.csv" dev="fuse" ino=3061866832 scontext=u:r:init:s0 tcontext=u:object_r:fuse:s0 tclass=file permissive=1
01-01 00:00:51.920  3468  4081 E ImsSenderRxr: Exception in socket create'java.io.IOException: No such file or directory
01-01 00:00:51.920  3468  4081 I ImsSenderRxr: Couldn't find qmux_radio/rild_ims0socket; retrying after timeout
01-01 00:00:53.105  1325  1353 I PowerManagerService: Going to sleep due to screen timeout (uid 1000)...
01-01 00:00:53.120  1325  1353 I Adreno  : EGLInit: QTI Build: 01/16/15, 25d4fe7, 
01-01 00:00:53.143   250   291 D PermissionCache: checking android.permission.READ_FRAME_BUFFER for uid=1000 => granted (149 us)
01-01 00:00:53.797  1325  1351 I DisplayManagerService: Display device changed: DisplayDeviceInfo{"Built-in Screen": 1920 x 1080, 60.0 fps, supportedRefreshRates [60.0], density 200, 799.475 x 249.381 dpi, appVsyncOff 0, presDeadline 17666667, touch INTERNAL, rotation 0, type BUILT_IN, state OFF, FLAG_DEFAULT_DISPLAY, FLAG_ROTATES_WITH_CONTENT, FLAG_SECURE, FLAG_SUPPORTS_PROTECTED_BUFFERS}
01-01 00:00:53.797   250   250 D SurfaceFlinger: Set power mode=0, type=0 flinger=0xb6a62000
01-01 00:00:53.797   250   250 D qdhwcomposer: hwc_setPowerMode: Setting mode 0 on display: 0
01-01 00:00:53.798  1325  1325 V ActivityManager: Display changed displayId=0
01-01 00:00:54.026   250   842 I qdhwcomposer: handle_blank_event: dpy:0 panel power state: 0
01-01 00:00:54.026   250   250 D qdhwcomposer: hwc_setPowerMode: Done setting mode 0 on display 0
01-01 00:00:54.026  1325  1441 D SurfaceControl: Excessive delay in setPowerMode(): 229ms
01-01 00:00:54.031  1325  1353 E QCOM PowerHAL: Invalid hint ID.
01-01 00:00:54.031  1325  1353 I QCOM PowerHAL: Got set_interactive hint
01-01 00:00:54.034  1325  1353 I DreamManagerService: Entering dreamland.
01-01 00:00:54.035  1325  1353 I PowerManagerService: Dozing...
01-01 00:00:54.036  1325  1348 I DreamController: Starting dream: name=ComponentInfo{com.android.systemui/com.android.systemui.doze.DozeService}, isTest=false, canDoze=true, userId=0
01-01 00:00:54.037  1487  1487 D PhoneStatusBar: disable: < expand ICONS alerts SYSTEM_INFO back HOME RECENT clock SEARCH >
01-01 00:00:54.042  1325  1423 I WifiNative-HAL: startHal
01-01 00:00:54.042  1325  1423 E wifi    : getStaticLongField sWifiHalHandle 0xa02f987c
01-01 00:00:54.042  1325  1423 I WifiHAL : Initializing wifi
01-01 00:00:54.042  1325  1423 I WifiHAL : Creating socket
01-01 00:00:54.042  1325  1423 I WifiHAL : Socket Value:0xb4281e80
01-01 00:00:54.042  1325  1423 I WifiHAL : Socket Value:0xb4281eb0
01-01 00:00:54.043  1325  1423 I WifiHAL : wifi_error wifi_initialize(wifi_info**): family_id:17
01-01 00:00:54.043  1325  1372 E Sensors : HAL:input invalid data_format 0x00
01-01 00:00:54.043  1325  1423 I WifiHAL : Found 1 interfaces
01-01 00:00:54.043  1325  1423 D WifiHAL : WifihalGeneric 0xa02f97a8 constructed
01-01 00:00:54.043  1325  1423 I WifiHAL : ******HexDump len:0*********
01-01 00:00:54.043   304   304 D audio_hw_primary: adev_set_parameters: enter: screen_state=on
01-01 00:00:54.044   304   304 D audio_hw_extn: audio_extn_set_anc_parameters: anc_enabled:0
01-01 00:00:54.044   304   304 E audio_a2dp_hw: adev_set_parameters: ERROR: set param called even when stream out is null
01-01 00:00:54.043  1325  1423 I WifiHAL : ******HexDump End***********
01-01 00:00:54.044  1325  1423 E WifiHAL : virtual int WifiVendorCommand::create() ifindex obtained:7
01-01 00:00:54.044  1325  1423 E WifiHAL : virtual int WifiVendorCommand::set_iface_id(const char*) ifindex obtained:7
01-01 00:00:54.044  1325  1423 I WifiHAL : Got a Wi-Fi HAL module message from Driver
01-01 00:00:54.044  1325  1423 I WifiHAL : WifiVendorCommand::handleResponse
01-01 00:00:54.044  1325  1423 D WifiHAL : virtual int WifiVendorCommand::handleResponse(WifiEvent&): Vendor data len received:8
01-01 00:00:54.044  1325  1423 I WifiHAL : Supported feature set : 8a1b
01-01 00:00:54.044  1325  1423 D WifiHAL : WifihalGeneric 0xa02f97a8 destructor
01-01 00:00:54.044  1325  1423 I WifiHAL : Initialized Wifi HAL Successfully; vendor cmd = 103 Supported features : 8a1b
01-01 00:00:54.044  1325  1423 D wifi    : Did set static halHandle = 0xb4284040
01-01 00:00:54.044  1325  1423 D wifi    : halHandle = 0xb4284040, mVM = 0xb515c280, mCls = 0x300db2
01-01 00:00:54.044  1325  1423 E wifi    : getStaticLongField sWifiHalHandle 0xa02f982c
01-01 00:00:54.044  1325  1423 D wifi    : array field set
01-01 00:00:54.044  1325  1423 I WifiNative-HAL: interface[0] = wlan0
01-01 00:00:54.045  1325  1423 I WifiHAL : mVendor_id = 4980, Subcmd = 15 in  virtual int LLStatsCommand::create():49
01-01 00:00:54.045  1325  1423 E WifiHAL : virtual int WifiVendorCommand::set_iface_id(const char*) ifindex obtained:7
01-01 00:00:54.045  1325  1423 E WifiHAL : wifi_error wifi_get_link_stats(wifi_request_id, wifi_interface_handle, wifi_stats_result_handler): requestResponse Error:-95
01-01 00:00:54.045  1325  1423 E wifi    : android_net_wifi_getLinkLayerStats: failed to get link statistics
01-01 00:00:54.046  1325  5260 I WifiNative-HAL: Waiting for HAL events mWifiHalHandle=-1272430528
01-01 00:00:54.046  1325  5260 D wifi    : waitForHalEvents called, vm = 0xb515c280, obj = 0x300db2, env = 0xaf93d160
01-01 00:00:54.046  1325  5260 E wifi    : getStaticLongField sWifiHalHandle 0x9b2efb2c
01-01 00:00:54.110  1325  1325 D Ulp_jni : JNI:system_update. Event-0
01-01 00:00:54.110  1487  1487 W Settings: Setting airplane_mode_on has moved from android.provider.Settings.System to android.provider.Settings.Global, returning read-only value.
01-01 00:00:54.111  1325  3675 E LocSvc_libulp: I/===> int ulp_msg_process_system_update(UlpSystemEvent) line 1577 
01-01 00:00:54.111  1325  3675 E LocSvc_libulp: I/int ulp_msg_process_system_update(UlpSystemEvent): systemEvent:0 
01-01 00:00:54.111  1325  3675 E LocSvc_libulp: I/===> int ulp_brain_process_system_update(UlpSystemEvent) line 2350 
01-01 00:00:54.111  1325  3675 E LocSvc_libulp: I/===> int ulp_brain_select_providers() line 333 
01-01 00:00:54.111  1325  3675 E LocSvc_libulp: E/int ulp_brain_select_providers(), return when ulp_started = 0, phone context_type = 0x0
01-01 00:00:54.111  1325  3675 E LocSvc_libulp: ,
01-01 00:00:54.112  1325  3675 E LocSvc_libulp: I/===> int ulp_msg_process_start_req() line 470 
01-01 00:00:54.112  1325  3675 E LocSvc_libulp: I/int ulp_msg_process_start_req(), at ulp state = 0
01-01 00:00:54.112  1325  3675 D Ulp_jni : ulp_request_phone_context_cb invoked
01-01 00:00:54.112  1325  1325 D Ulp_jni : JNI:In update_settings:currentContextType 119, currentGpsSetting 1, currentAgpsSetting 1,currentNetworkProvSetting 0,currentWifiSetting 0,currentBatteryCharging 0,currentEnhLocationServicesSetting 0 currentPipUserSetting 1 
01-01 00:00:54.112  1325  1325 D Ulp_jni : JNI:system_update. Event-4
01-01 00:00:54.112  1325  3675 E LocSvc_libulp: I/===> int ulp_msg_process_phone_setting_update(const UlpPhoneContextSettings*) line 578 
01-01 00:00:54.112  1325  3675 E LocSvc_libulp: I/int ulp_msg_process_phone_setting_update(const UlpPhoneContextSettings*), context type: 0x77
01-01 00:00:54.112  1325  3675 E LocSvc_libulp:   gps enabled: 1
01-01 00:00:54.112  1325  3675 E LocSvc_libulp:  network position available 0
01-01 00:00:54.112  1325  3675 E LocSvc_libulp:  wifi setting enabled 0
01-01 00:00:54.112  1325  3675 E LocSvc_libulp:  battery charging 0, agps enabled 1, enh_location_services_enabled 0is_pip_user_setting_enabled 1
01-01 00:00:54.112  1325  3675 E LocSvc_libulp: I/===> int ulp_brain_process_phone_setting_update() line 237 
01-01 00:00:54.112  1325  3675 E LocSvc_libulp: I/===> int ulp_brain_select_providers() line 333 
01-01 00:00:54.112  1325  3675 E LocSvc_libulp: I/===> int ulp_brain_turn_onoff_quipc_provider() line 700 
01-01 00:00:54.112  1325  3675 E LocSvc_libulp: I/===> int ulp_quipc_stop_engine() line 235 
01-01 00:00:54.112  1325  3675 E LocSvc_libulp: I/===> bool ulp_quipc_engine_running() line 60 
01-01 00:00:54.112  1325  3675 E LocSvc_libulp: I/===> int ulp_brain_turn_onoff_gnss_provider() line 595 
01-01 00:00:54.112  1325  3675 E LocSvc_libulp: I/===> int ulp_gnss_stop_engine() line 262 
01-01 00:00:54.112  1325  3675 E LocSvc_libulp: I/===> bool ulp_quipc_engine_running() line 60 
01-01 00:00:54.112  1325  3675 E LocSvc_libulp: I/===> int ulp_brain_turn_onoff_gnp_provider() line 496 
01-01 00:00:54.112  1325  3675 E LocSvc_libulp: I/===> bool ulp_gnp_engine_running() line 59 
01-01 00:00:54.112  1325  3675 E LocSvc_libulp: I/===> int ulp_gnp_stop_engine() line 195 
01-01 00:00:54.112  1325  3675 E LocSvc_libulp: I/===> bool ulp_gnp_engine_running() line 59 
01-01 00:00:54.112  1325  3675 E LocSvc_libulp: I/===> bool ulp_gnp_engine_running() line 59 
01-01 00:00:54.112  1325  3675 E LocSvc_libulp: I/===> int ulp_brain_turn_onoff_zpp_provider() line 437 
01-01 00:00:54.112  1325  3675 E LocSvc_libulp: I/===> int ulp_zpp_start_engine() line 98 
01-01 00:00:54.112  1325  3675 E LocSvc_libulp: I/===> bool ulp_zpp_engine_running() line 62 
01-01 00:00:54.112  1325  3675 E LocSvc_libulp: I/===> int ulp_msg_process_system_update(UlpSystemEvent) line 1577 
01-01 00:00:54.112  1325  3675 E LocSvc_libulp: I/int ulp_msg_process_system_update(UlpSystemEvent): systemEvent:4 
01-01 00:00:54.112  1325  3675 E LocSvc_libulp: I/===> int ulp_brain_process_system_update(UlpSystemEvent) line 2350 
01-01 00:00:54.113  1325  3639 E QCOM PowerHAL: Failed to acquire lock.
01-01 00:00:54.113  1325  3639 I QCOM PowerHAL: Got set_interactive hint
01-01 00:00:54.113  1325  1353 E QCOM PowerHAL: Invalid hint ID.
01-01 00:00:54.113  1325  1353 I QCOM PowerHAL: Got set_interactive hint
01-01 00:00:54.117   304  1731 D audio_hw_primary: adev_set_parameters: enter: screen_state=off
01-01 00:00:54.117   304  1731 D audio_hw_extn: audio_extn_set_anc_parameters: anc_enabled:0
01-01 00:00:54.117   304  1731 E audio_a2dp_hw: adev_set_parameters: ERROR: set param called even when stream out is null
01-01 00:00:54.118  1325  1423 I WifiHAL : mVendor_id = 4980, Subcmd = 15 in  virtual int LLStatsCommand::create():49
01-01 00:00:54.118  1325  1423 E WifiHAL : virtual int WifiVendorCommand::set_iface_id(const char*) ifindex obtained:7
01-01 00:00:54.118  1325  1423 E WifiHAL : wifi_error wifi_get_link_stats(wifi_request_id, wifi_interface_handle, wifi_stats_result_handler): requestResponse Error:-95
01-01 00:00:54.118  1325  1423 E wifi    : android_net_wifi_getLinkLayerStats: failed to get link statistics
01-01 00:00:55.921  3468  4081 E ImsSenderRxr: Exception in socket create'java.io.IOException: No such file or directory
01-01 00:00:55.921  3468  4081 I ImsSenderRxr: Couldn't find qmux_radio/rild_ims0socket; retrying after timeout
01-01 00:00:56.971  3659  3695 E LocSvc_api_v02: I/locClientOpen:2183]: Service instance id is -1
01-01 00:00:56.971  3659  3695 E LocSvc_api_v02: I/---> locClientOpenInstance line 2063 loc client open
01-01 00:00:57.306  1325  1345 I ActivityManager: Waited long enough for: ServiceRecord{2787b932 u0 com.android.music/.MediaPlaybackService}
01-01 00:00:59.530  1325  1345 I ActivityManager: Waited long enough for: ServiceRecord{3875de36 u0 com.android.calendar/.alerts.InitAlarmsService}
01-01 00:00:59.921  3468  4081 E ImsSenderRxr: Exception in socket create'java.io.IOException: No such file or directory
01-01 00:00:59.921  3468  4081 I ImsSenderRxr: Couldn't find qmux_radio/rild_ims0socket; retrying after timeout
01-01 00:01:03.922  3468  4081 E ImsSenderRxr: Exception in socket create'java.io.IOException: No such file or directory
01-01 00:01:03.922  3468  4081 I ImsSenderRxr: Couldn't find qmux_radio/rild_ims0socket; retrying after timeout
01-01 00:01:07.922  3468  4081 E ImsSenderRxr: Exception in socket create'java.io.IOException: No such file or directory
01-01 00:01:07.922  3468  4081 I ImsSenderRxr: Couldn't find qmux_radio/rild_ims0socket; retrying after timeout
01-01 00:01:11.923  3468  4081 E ImsSenderRxr: Exception in socket create'java.io.IOException: No such file or directory
01-01 00:01:11.923  3468  4081 I ImsSenderRxr: Couldn't find qmux_radio/rild_ims0socket; retrying after timeout
01-01 00:01:14.532  4261  4307 D InitAlarmsService: Clearing and rescheduling alarms.
01-01 00:01:14.540  1325  3603 I ActivityManager: Killing 3697:com.sentera.updater/1000 (adj 15): empty #17
01-01 00:01:14.646  1325  1418 W libprocessgroup: failed to open /acct/uid_1000/pid_3697/cgroup.procs: No such file or directory
01-01 00:01:15.923  3468  4081 E ImsSenderRxr: Exception in socket create'java.io.IOException: No such file or directory
01-01 00:01:15.923  3468  4081 E ImsSenderRxr: Couldn't find qmux_radio/rild_ims0socket after 8 times, continuing to retry silently
01-01 00:01:15.923  3468  4081 V ImsSenderRxr: disableSrvStatus
01-01 00:01:15.924  3468  3468 D ImsServiceSub: Message received: what = 4
01-01 00:01:15.924  3468  3468 D ImsServiceSub: Received event: EVENT_SRV_STATUS_UPDATE
01-01 00:01:15.924  3468  3468 E ImsServiceSub: IMS Service Status Update failed!
01-01 00:01:16.040  1325  3732 W XTWiFiOS: Active network info is not available
01-01 00:01:42.410  1325  1418 I MediaFocusControl:  AudioFocus  abandonAudioFocus() from android.media.AudioManager@225068fecom.android.music.MediaPlaybackService$3@eae485f
01-01 00:01:42.429  1325  1345 I ActivityManager: Start proc com.android.musicfx for broadcast com.android.musicfx/.ControlPanelReceiver: pid=9275 uid=10011 gids={50011, 9997, 3003, 3002} abi=armeabi-v7a
01-01 00:01:42.431  1325  1762 I ActivityManager: Killing 3765:com.android.music/u0a39 (adj 15): empty #17
01-01 00:01:42.539  1325  1418 W libprocessgroup: failed to open /acct/uid_10039/pid_3765/cgroup.procs: No such file or directory
01-01 00:01:42.553  9275  9275 V MusicFXControlPanelReceiver: onReceive
01-01 00:01:42.553  9275  9275 V MusicFXControlPanelReceiver: Action: android.media.action.CLOSE_AUDIO_EFFECT_CONTROL_SESSION
01-01 00:01:42.553  9275  9275 V MusicFXControlPanelReceiver: Package name: com.android.music
01-01 00:01:42.553  9275  9275 V MusicFXControlPanelReceiver: Audio session: 18
01-01 00:01:42.554  9275  9275 V MusicFXControlPanelEffect: closeSession(android.app.ReceiverRestrictedContext@235b1b26, com.android.music, 18)
01-01 00:01:42.555  1325  1418 I ActivityManager: Killing 3743:com.android.deskclock/u0a27 (adj 15): empty #17
01-01 00:01:42.661  1325  1341 W libprocessgroup: failed to open /acct/uid_10027/pid_3743/cgroup.procs: No such file or directory
01-01 00:01:50.147  3414  3428 I art     : WaitForGcToComplete blocked for 5.153ms for cause HeapTrim
01-01 00:02:11.249  1212  1212 I nmbd    : type=1400 audit(0.0:224): avc: denied { setopt } for scontext=u:r:init:s0 tcontext=u:r:init:s0 tclass=udp_socket permissive=1
01-01 00:02:11.249  1212  1212 I nmbd    : type=1400 audit(0.0:225): avc: denied { bind } for scontext=u:r:init:s0 tcontext=u:r:init:s0 tclass=udp_socket permissive=1
01-01 00:02:11.249  1212  1212 I nmbd    : type=1400 audit(0.0:226): avc: denied { name_bind } for src=137 scontext=u:r:init:s0 tcontext=u:object_r:port:s0 tclass=udp_socket permissive=1
01-01 00:02:11.249  1212  1212 I nmbd    : type=1400 audit(0.0:227): avc: denied { node_bind } for saddr=192.168.43.1 src=137 scontext=u:r:init:s0 tcontext=u:object_r:node:s0 tclass=udp_socket permissive=1
01-01 00:02:11.249  1212  1212 I nmbd    : type=1400 audit(0.0:228): avc: denied { getopt } for laddr=192.168.43.1 lport=137 scontext=u:r:init:s0 tcontext=u:r:init:s0 tclass=udp_socket permissive=1
01-01 00:02:11.259  1212  1212 I nmbd    : type=1400 audit(0.0:229): avc: denied { write } for laddr=192.168.43.1 lport=137 scontext=u:r:init:s0 tcontext=u:r:init:s0 tclass=udp_socket permissive=1
01-01 00:02:11.259  1212  1212 I nmbd    : type=1400 audit(0.0:230): avc: denied { read } for lport=137 scontext=u:r:init:s0 tcontext=u:r:init:s0 tclass=udp_socket permissive=1
01-01 00:03:26.370  3414  3429 I art     : Background sticky concurrent mark sweep GC freed 42139(992KB) AllocSpace objects, 0(0B) LOS objects, 38% free, 1623KB/2MB, paused 6.096ms total 14.793ms
01-01 00:03:30.526  3414  3428 I art     : WaitForGcToComplete blocked for 6.523ms for cause HeapTrim
01-01 00:04:32.300  3414  3429 I art     : Background sticky concurrent mark sweep GC freed 39003(916KB) AllocSpace objects, 0(0B) LOS objects, 37% free, 1636KB/2MB, paused 10.097ms total 15.490ms
01-01 00:07:14.588  3414  3429 I art     : Background sticky concurrent mark sweep GC freed 39956(938KB) AllocSpace objects, 0(0B) LOS objects, 38% free, 1592KB/2MB, paused 11.096ms total 16.050ms
01-01 00:08:35.935   404   404 E mdm_helper_proxy: Failed to load device configuration
01-01 00:09:26.533  3414  3428 I art     : WaitForGcToComplete blocked for 5.180ms for cause HeapTrim
01-01 00:11:26.946  3414  3428 I art     : WaitForGcToComplete blocked for 6.952ms for cause HeapTrim
01-01 00:11:41.153  1325  1372 V Sensors : HAL:input data has partial packet
01-01 00:11:41.153  1325  1372 V Sensors : HAL:input data mLeftOverBufferSize=8
01-01 00:11:41.153  1325  1372 V Sensors : HAL:input catch up retrieve rdata=:0, 64, 36, 192, 164, 1, 16, 245
01-01 00:12:06.168  3414  3429 I art     : Background sticky concurrent mark sweep GC freed 36459(856KB) AllocSpace objects, 0(0B) LOS objects, 34% free, 1707KB/2MB, paused 7.298ms total 12.121ms
01-01 00:13:19.888  3414  3429 I art     : Background sticky concurrent mark sweep GC freed 37737(886KB) AllocSpace objects, 0(0B) LOS objects, 36% free, 1659KB/2MB, paused 7.448ms total 12.158ms
01-01 00:15:54.153  1325  1345 W ProcessCpuTracker: Skipping unknown process pid 15719
01-01 00:15:54.154  1325  1345 W ProcessCpuTracker: Skipping unknown process pid 15721
01-01 00:15:55.318  3414  3429 I art     : Background sticky concurrent mark sweep GC freed 42090(988KB) AllocSpace objects, 0(0B) LOS objects, 39% free, 1575KB/2MB, paused 7.634ms total 12.483ms
01-01 00:16:04.696  1325  1372 V Sensors : HAL:input data has partial packet
01-01 00:16:04.696  1325  1372 V Sensors : HAL:input data mLeftOverBufferSize=8
01-01 00:16:04.696  1325  1372 V Sensors : HAL:input catch up retrieve rdata=:0, 64, 240, 191, 172, 1, 104, 245
01-01 00:16:55.936   404   404 E mdm_helper_proxy: Failed to load device configuration
01-01 00:18:19.399  3414  3429 I art     : Background sticky concurrent mark sweep GC freed 41620(977KB) AllocSpace objects, 0(0B) LOS objects, 39% free, 1570KB/2MB, paused 6.518ms total 11.440ms
01-01 00:20:22.076  1325  1344 I UsageStatsService: User[0] Flushing usage stats to disk
01-01 00:20:42.279   249   284 D DirectVolume: Volume sdcard1 /mnt/media_rw/sdcard1 partition 179:65 removed
01-01 00:20:42.279   249   284 D Vold    : Volume sdcard1 state changing 4 (Mounted) -> 5 (Unmounting)
01-01 00:20:42.280  1325  1348 D MountService: volume state changed for /storage/sdcard1 (mounted -> unmounted)
01-01 00:20:42.280  1325  1348 I PackageManager: Updating external media status from mounted to unmounted
01-01 00:20:42.282  1325  1348 D MountService: sendStorageIntent Intent { act=android.intent.action.MEDIA_UNMOUNTED dat=file:///storage/sdcard1 flg=0x4000000 (has extras) } to UserHandle{-1}
01-01 00:20:42.282  1325  1348 D MountService: volume state changed for /storage/sdcard1 (unmounted -> bad_removal)
01-01 00:20:42.283  1325  1348 D MountService: sendStorageIntent Intent { act=android.intent.action.MEDIA_BAD_REMOVAL dat=file:///storage/sdcard1 flg=0x4000000 (has extras) } to UserHandle{-1}
01-01 00:20:42.286  1325  1360 I PackageManager: No secure containers found
01-01 00:20:42.303  1325  1345 I ActivityManager: Start proc com.android.externalstorage for broadcast com.android.externalstorage/.MountReceiver: pid=7562 uid=10007 gids={50007, 9997, 1028, 1015, 1023} abi=armeabi-v7a
01-01 00:20:42.339  1325  1348 D MountService: sendStorageIntent Intent { act=android.intent.action.MEDIA_EJECT dat=file:///storage/sdcard1 flg=0x4000000 (has extras) } to UserHandle{-1}
01-01 00:20:42.345  1325  1325 I ValidateNoPeople: skipping global notification
01-01 00:20:42.356  1451  1451 D MediaProvider: deleting all entries for storage StorageVolume:
01-01 00:20:42.356  1451  1451 D MediaProvider:     mStorageId=131073 mPath=/storage/sdcard1 mDescriptionId=17040808 
01-01 00:20:42.356  1451  1451 D MediaProvider:     mPrimary=false mRemovable=true mEmulated=false mMtpReserveSpace=0 
01-01 00:20:42.356  1451  1451 D MediaProvider:     mAllowMassStorage=true mMaxFileSize=0 mOwner=null mUuid=13EE-1E60 
01-01 00:20:42.356  1451  1451 D MediaProvider:     mUserLabel=DOUBLE 4K mState=bad_removal mAllowMtp=true 
01-01 00:20:42.376  7562  7562 D ExternalStorage: After updating volumes, found 1 active roots
01-01 00:20:42.380  7562  7562 D ExternalStorage: After updating volumes, found 1 active roots
01-01 00:20:42.391  1451  1451 D MediaScannerReceiver: action: android.intent.action.MEDIA_UNMOUNTED path: /storage/sdcard1
01-01 00:20:42.392  1325  1342 I ActivityManager: Killing 3911:com.android.keychain/1000 (adj 15): empty #17
01-01 00:20:42.446  1325  3603 W libprocessgroup: failed to open /acct/uid_1000/pid_3911/cgroup.procs: No such file or directory
01-01 00:20:44.282   249   284 I Vold    : /storage/sdcard1 sucessfully unmounted
01-01 00:20:44.285   249   284 I Vold    : /mnt/media_rw/sdcard1 sucessfully unmounted
01-01 00:20:44.285   249   284 I Vold    : /mnt/media_rw/sdcard1 unmounted successfully
01-01 00:20:44.285   249   284 D Vold    : Volume sdcard1 state changing 5 (Unmounting) -> 1 (Idle-Unmounted)
01-01 00:20:44.285   249   284 D DirectVolume: Crisis averted
01-01 00:20:44.285   249   284 D DirectVolume: Volume sdcard1 /mnt/media_rw/sdcard1 disk 179:64 removed
01-01 00:20:44.286   249   284 D Vold    : Volume sdcard1 state changing 1 (Idle-Unmounted) -> 0 (No-Media)
01-01 00:20:51.461   249   284 D Vold    : Volume sdcard1 state changing 0 (No-Media) -> 2 (Pending)
01-01 00:20:51.461   249   284 D Vold    : Volume sdcard1 state changing 2 (Pending) -> 1 (Idle-Unmounted)
01-01 00:20:51.463   249   298 I Vold    : /dev/block/vold/179:65 being considered for volume sdcard1
01-01 00:20:51.463   249   298 D Vold    : Volume sdcard1 state changing 1 (Idle-Unmounted) -> 3 (Checking)
01-01 00:20:51.465  1325  1348 D MountService: volume state changed for /storage/sdcard1 (bad_removal -> checking)
01-01 00:20:51.465  1325  1348 D MountService: sendStorageIntent Intent { act=android.intent.action.MEDIA_CHECKING dat=file:///storage/sdcard1 flg=0x4000000 (has extras) } to UserHandle{-1}
01-01 00:20:51.470   249   298 I fsck_msdos: ** /dev/block/vold/179:65
01-01 00:20:51.472  1325  1325 I ValidateNoPeople: skipping global notification
01-01 00:20:51.737  7662  7662 D fsck_msdos: sectors Per cluster :64 
01-01 00:20:51.737  7662  7662 D fsck_msdos: boot->ClusterOffset :30342 
01-01 00:20:51.737  7662  7662 I fsck_msdos: FAT32 Filesystem
01-01 00:20:51.737  7662  7662 D fsck_msdos: Using cluster_chain_descriptor
01-01 00:20:51.737  7662  7662 I fsck_msdos: Total clusters 1948005 
01-01 00:20:51.738   249   298 I fsck_msdos: ** Phase 1 - Read FAT (compare skipped)
01-01 00:20:51.738   249   298 I fsck_msdos: Attempting to allocate 7609 KB for FAT
01-01 00:20:51.832  7662  7662 I fsck_msdos: ** Phase 2 - Check Cluster Chains 
01-01 00:20:51.832  7662  7662 I fsck_msdos: Begin to handle the cluster chain
01-01 00:20:51.880   249   298 I fsck_msdos: ** Phase 3 - Checking Directories
01-01 00:20:51.880  7662  7662 D fsck_msdos: rootDir->head :2
01-01 00:20:51.893  7662  7662 D fsck_msdos: Verify Filesystem information
01-01 00:20:51.893   249   298 I fsck_msdos: ** Phase 4 - Checking for Lost Files
01-01 00:20:51.893  7662  7662 W fsck_msdos: 27 files, 3610368 free (1947832 clusters)
01-01 00:20:51.893  7662  7662 I fsck_msdos: free_rb_tree 
01-01 00:20:51.893  7662  7662 I fsck_msdos: free_fragment_tree
01-01 00:20:51.893  7662  7662 I fsck_msdos: free_fragment_tree
01-01 00:20:51.893  7662  7662 I fsck_msdos: free_fragment_tree: rb_tree is empty 
01-01 00:20:51.906   249   298 I Vold    : Filesystem check completed OK
01-01 00:20:51.929   249   298 D Vold    : blkid identified as /dev/block/vold/179:65: LABEL="DOUBLE 4K" UUID="13EE-1E60"
01-01 00:20:51.930   249   298 D Vold    : Volume sdcard1 state changing 3 (Checking) -> 4 (Mounted)
01-01 00:20:51.931  1325  1348 D MountService: volume state changed for /storage/sdcard1 (checking -> mounted)
01-01 00:20:51.931  1325  1348 I PackageManager: Updating external media status from unmounted to mounted
01-01 00:20:51.932  1325  1348 D MountService: sendStorageIntent Intent { act=android.intent.action.MEDIA_MOUNTED dat=file:///storage/sdcard1 flg=0x4000000 (has extras) } to UserHandle{-1}
01-01 00:20:51.952  7562  7562 D ExternalStorage: After updating volumes, found 2 active roots
01-01 00:20:51.956  1325  1360 I PackageManager: No secure containers found
01-01 00:20:51.957  1325  1360 W PackageManager: Unknown permission com.google.android.googleapps.permission.GOOGLE_AUTH.mail in package com.android.calendar
01-01 00:20:51.957  1325  1360 W PackageManager: Unknown permission android.permission.MMS_PUSH in package org.codeaurora.bluetooth
01-01 00:20:51.957  1325  1360 W PackageManager: Unknown permission com.google.android.gallery3d.permission.PICASA_STORE in package com.android.dreams.phototable
01-01 00:20:51.957  1451  1451 D MediaScannerReceiver: action: android.intent.action.MEDIA_MOUNTED path: /storage/sdcard1
01-01 00:20:51.959  1325  1360 W PackageManager: Unknown permission com.google.android.googleapps.permission.GOOGLE_AUTH in package com.android.settings
01-01 00:20:51.959  1325  1360 W PackageManager: Unknown permission com.qualcomm.permission.ACCESS_LOCATION_API in package com.qualcomm.location
01-01 00:20:51.959  1325  1360 W PackageManager: Not granting permission android.permission.DELETE_PACKAGES to package com.svox.pico (protectionLevel=18 flags=0x88be45)
01-01 00:20:51.959  1325  1360 W PackageManager: Unknown permission com.google.android.gallery3d.permission.GALLERY_PROVIDER in package com.android.bluetooth
01-01 00:20:51.959  1325  1360 W PackageManager: Not granting permission android.permission.DEVICE_POWER to package com.android.deskclock (protectionLevel=2 flags=0xc8be45)
01-01 00:20:51.959  1325  1360 W PackageManager: Not granting permission android.permission.GLOBAL_SEARCH to package com.android.quicksearchbox (protectionLevel=18 flags=0xc8be45)
01-01 00:20:51.959  1325  1360 W PackageManager: Unknown permission com.google.android.googleapps.permission.GOOGLE_AUTH in package com.android.providers.calendar
01-01 00:20:51.959  1325  1360 W PackageManager: Unknown permission com.google.android.googleapps.permission.GOOGLE_AUTH.cl in package com.android.providers.calendar
01-01 00:20:51.960  1325  1360 W PackageManager: Unknown permission android.permission.INSTALL_DRM in package com.android.mms
01-01 00:20:51.960  1325  1360 W PackageManager: Not granting permission android.permission.ACCESS_DOWNLOAD_MANAGER to package com.android.browser (protectionLevel=18 flags=0x89be45)
01-01 00:20:51.960  1325  1360 W PackageManager: Not granting permission android.permission.SEND_DOWNLOAD_COMPLETED_INTENTS to package com.android.browser (protectionLevel=2 flags=0x89be45)
01-01 00:20:51.978  7677  7677 I logcat_to_sd: Waiting for sdcard to mount... 
01-01 00:20:51.985  7678  7678 I log_temperatures: Waiting for sdcard to mount... 
01-01 00:20:51.987  7680  7680 I logcat_to_sd: SD card mounted, creating log folder. 
01-01 00:20:51.996  7682  7682 I log_temperatures: SD card mounted, creating log folder. 
01-01 00:20:52.029  7666  7666 I sh      : type=1400 audit(0.0:231): avc: denied { getattr } for path="/storage/sdcard1/info/logs/system_log.04.log" dev="fuse" ino=3061866672 scontext=u:r:init:s0 tcontext=u:object_r:fuse:s0 tclass=file permissive=1
01-01 00:20:52.029  7747  7747 I mv      : type=1400 audit(0.0:232): avc: denied { write } for name="logs" dev="fuse" ino=3061866592 scontext=u:r:init:s0 tcontext=u:object_r:fuse:s0 tclass=dir permissive=1
01-01 00:20:52.029  7747  7747 I mv      : type=1400 audit(0.0:233): avc: denied { remove_name } for name="system_log.04.log" dev="fuse" ino=3061866672 scontext=u:r:init:s0 tcontext=u:object_r:fuse:s0 tclass=dir permissive=1
01-01 00:20:52.029  7747  7747 I mv      : type=1400 audit(0.0:234): avc: denied { rename } for name="system_log.04.log" dev="fuse" ino=3061866672 scontext=u:r:init:s0 tcontext=u:object_r:fuse:s0 tclass=file permissive=1
01-01 00:20:52.029  7747  7747 I mv      : type=1400 audit(0.0:235): avc: denied { add_name } for name="system_log.05.log" scontext=u:r:init:s0 tcontext=u:object_r:fuse:s0 tclass=dir permissive=1
01-01 00:20:52.055  1325  1342 I ActivityManager: Start proc com.sentera.updater for broadcast com.sentera.updater/.SDCardMountedReceiver: pid=7749 uid=1000 gids={41000, 9997, 3002, 3001, 1028, 1015, 3003, 3005, 1021, 3004, 1000, 3009, 1023, 1010, 2001, 1007} abi=armeabi-v7a
01-01 00:20:52.100  7749  7749 I SDCardMountedReceiver: ACTION_MEDIA_MOUNTED: Mounted To: file:///storage/sdcard1 in state "mounted"
01-01 00:20:52.100  7749  7749 D SDCardMountedReceiver: SDCard Mounted and Ready.  Starting firmware update service.
01-01 00:20:52.101  7749  7749 W ContextImpl: Calling a method in the system process without a qualified user: android.app.ContextImpl.startService:1686 android.content.ContextWrapper.startService:515 android.content.ContextWrapper.startService:515 com.sentera.updater.SDCardMountedReceiver.onReceive:47 android.app.ActivityThread.handleReceiver:2579 
01-01 00:20:52.105  7749  7749 D FirmwareUpdateService: Saving files versions to: /storage/sdcard1/info/
01-01 00:20:52.108  7749  7749 I FirmwareVersion: Firmware Version File: 
01-01 00:20:52.108  7749  7749 I FirmwareVersion: SENTERA SNAPCAM | [aa15283d] | SCR-H01 | 0.19.0 | 2018-04-16-171653 |  | 
01-01 00:20:52.129  7671  7671 I sh      : type=1400 audit(0.0:236): avc: denied { create } for name="performance_log.csv" scontext=u:r:init:s0 tcontext=u:object_r:fuse:s0 tclass=file permissive=1
01-01 00:20:52.139  7671  7671 I sh      : type=1400 audit(0.0:237): avc: denied { write } for path="/storage/sdcard1/info/logs/performance_log.csv" dev="fuse" ino=3061867152 scontext=u:r:init:s0 tcontext=u:object_r:fuse:s0 tclass=file permissive=1
01-01 00:20:52.140  7791  7791 I logcat_to_sd: Starting SDCard logging... 
01-01 00:20:52.246  7749  7749 W ActivityThread: ClassLoader.getResourceAsStream: The class loader returned by Thread.getContextClassLoader() may fail for processes that host multiple applications. You should explicitly specify a context class loader. For example: Thread.setContextClassLoader(getClass().getClassLoader());
01-01 00:20:52.276  7749  7749 D FirmwareUpdateService: Checking for firmware in path: firmware
01-01 00:20:52.278  7749  7802 D FirmwareUpdateService: Checking for Firmware Updates...
01-01 00:20:52.281  7749  7802 D FirmwareChecker: Checking for previous updates file: /storage/sdcard1/firmware/applying_update
01-01 00:20:52.282  7749  7802 I FirmwareChecker: Scanning for firmware updates in: /storage/sdcard1/firmware
01-01 00:20:52.284  7749  7802 V FirmwareChecker: Rejecting Possible Update File: add_stored_configs - zip: false dotFile: false tempFile: false
01-01 00:20:52.284  7749  7802 D FirmwareChecker: No update files found. ( /storage/sdcard1/firmware )  Skipped update step.
01-01 00:20:52.284  7749  7802 D FirmwareChecker: Update Check Complete.
01-01 00:20:52.284  7749  7802 D FirmwareUpdateService: Stopping Service...
01-01 00:20:52.312  1451  7738 W MediaScanner: Error opening directory '/storage/usbotg/', skipping: No such file or directory.
01-01 00:20:52.349  1451  7738 V MediaScanner: pruneDeadThumbnailFiles... android.database.sqlite.SQLiteCursor@34a61161
01-01 00:20:52.350  1451  7738 V MediaScanner: /pruneDeadThumbnailFiles... android.database.sqlite.SQLiteCursor@34a61161
01-01 00:20:52.356  1325  3603 I ActivityManager: Killing 3963:com.android.dialer/u0a5 (adj 15): empty #17
01-01 00:20:52.461  1325  1345 W art     : Long monitor contention event with owner method=void com.android.server.am.ActivityManagerService.serviceDoneExecuting(android.os.IBinder, int, int, int) from ActivityManagerService.java:14996 waiters=0 for 106ms
01-01 00:20:52.462  1325  1762 W libprocessgroup: failed to open /acct/uid_10005/pid_3963/cgroup.procs: No such file or directory
01-01 00:20:57.819  7671  7671 I sh      : type=1400 audit(0.0:238): avc: denied { append } for name="performance_log.csv" dev="fuse" ino=3061867152 scontext=u:r:init:s0 tcontext=u:object_r:fuse:s0 tclass=file permissive=1
01-01 00:20:57.819  7671  7671 I sh      : type=1400 audit(0.0:239): avc: denied { open } for path="/storage/sdcard1/info/logs/performance_log.csv" dev="fuse" ino=3061867152 scontext=u:r:init:s0 tcontext=u:object_r:fuse:s0 tclass=file permissive=1
01-01 00:21:40.980  3414  3429 I art     : Background partial concurrent mark sweep GC freed 41558(1019KB) AllocSpace objects, 0(0B) LOS objects, 40% free, 1535KB/2MB, paused 5.964ms total 18.556ms
01-01 00:23:29.086  3414  3428 I art     : WaitForGcToComplete blocked for 5.008ms for cause HeapTrim
01-01 00:24:12.075  3414  3429 I art     : Background partial concurrent mark sweep GC freed 39198(939KB) AllocSpace objects, 0(0B) LOS objects, 39% free, 1558KB/2MB, paused 6.728ms total 15.769ms
01-01 00:25:15.936   404   404 E mdm_helper_proxy: Failed to load device configuration
01-01 00:25:19.038  3414  3429 I art     : Background partial concurrent mark sweep GC freed 37898(911KB) AllocSpace objects, 0(0B) LOS objects, 39% free, 1562KB/2MB, paused 7.142ms total 16.112ms
01-01 00:30:23.074  1325  1345 I ProcessStatsService: Prepared write state in 1ms
01-01 00:30:23.091  1325  1352 W ProcessCpuTracker: Skipping unknown process pid 22847
01-01 00:30:49.489  1212  1212 I nmbd    : type=1400 audit(0.0:240): avc: denied { write } for laddr=192.168.43.1 lport=138 scontext=u:r:init:s0 tcontext=u:r:init:s0 tclass=udp_socket permissive=1
01-01 00:30:49.489  1212  1212 I nmbd    : type=1400 audit(0.0:241): avc: denied { read } for laddr=192.168.43.1 lport=138 scontext=u:r:init:s0 tcontext=u:r:init:s0 tclass=udp_socket permissive=1
