01-01 00:00:17.289   312   312 I irsc_util: file_parser Invalid Format or Comment - '/* Allow QMID service to aquire net_raw permission */
01-01 00:00:17.289   312   312 I irsc_util: '
01-01 00:00:17.290   312   312 I irsc_util: file_parser Number of element :4
01-01 00:00:17.290   312   312 I irsc_util: file_parser Number of element :4
01-01 00:00:17.290   312   312 I irsc_util: file_parser Number of element :4
01-01 00:00:17.290   312   312 I irsc_util: file_parser Number of element :4
01-01 00:00:17.290   312   312 I irsc_util: file_parser Number of element :4
01-01 00:00:17.290   312   312 I irsc_util: file_parser Number of element :4
01-01 00:00:17.290   312   312 I irsc_util: file_parser Number of element :0
01-01 00:00:17.291   312   312 I irsc_util: file_parser Invalid Format or Comment - '/* IPC Security Config */
01-01 00:00:17.291   312   312 I irsc_util: '
01-01 00:00:17.291   312   312 I irsc_util: file_parser Number of element :0
01-01 00:00:17.291   312   312 I irsc_util: file_parser Invalid Format or Comment - '/* <GPS QMI Service ID - 16>:<GPS QMI Instance ID - all instances>:<Client Group ID> */
01-01 00:00:17.291   312   312 I irsc_util: '
01-01 00:00:17.291   312   312 I irsc_util: file_parser Number of element :4
01-01 00:00:17.291   312   312 I irsc_util: file_parser Number of element :0
01-01 00:00:17.292   312   312 I irsc_util: file_parser Invalid Format or Comment - '/* Allow SS CTL service to be used by system and net_raw processes */
01-01 00:00:17.292   312   312 I irsc_util: '
01-01 00:00:17.292   312   312 I irsc_util: file_parser Number of element :4
01-01 00:00:17.292   312   312 I irsc_util: file_parser Number of element :0
01-01 00:00:17.292   312   312 I irsc_util: file_parser Invalid Format or Comment - '/* Allow Sensor services to be used by sensor process */
01-01 00:00:17.292   312   312 I irsc_util: '
01-01 00:00:17.292   312   312 I irsc_util: file_parser Number of element :3
01-01 00:00:17.292   312   312 I irsc_util: file_parser Number of element :3
01-01 00:00:17.292   312   312 I irsc_util: file_parser Number of element :3
01-01 00:00:17.293   312   312 I irsc_util: file_parser Number of element :3
01-01 00:00:17.293   312   312 I irsc_util: file_parser Number of element :3
01-01 00:00:17.293   312   312 I irsc_util: file_parser Number of element :3
01-01 00:00:17.293   312   312 I irsc_util: file_parser Number of element :3
01-01 00:00:17.293   312   312 I irsc_util: file_parser Number of element :3
01-01 00:00:17.293   312   312 I irsc_util: file_parser Number of element :3
01-01 00:00:17.293   312   312 I irsc_util: file_parser Number of element :3
01-01 00:00:17.293   312   312 I irsc_util: file_parser Number of element :3
01-01 00:00:17.294   312   312 I irsc_util: file_parser Number of element :3
01-01 00:00:17.294   312   312 I irsc_util: file_parser Number of element :3
01-01 00:00:17.294   312   312 I irsc_util: file_parser Number of element :3
01-01 00:00:17.294   312   312 I irsc_util: file_parser Number of element :3
01-01 00:00:17.294   312   312 I irsc_util: file_parser Number of element :3
01-01 00:00:17.294   312   312 I irsc_util: file_parser Number of element :3
01-01 00:00:17.294   312   312 I irsc_util: file_parser Number of element :3
01-01 00:00:17.295   312   312 I irsc_util: file_parser Number of element :3
01-01 00:00:17.295   312   312 I irsc_util: file_parser Number of element :3
01-01 00:00:17.295   312   312 I irsc_util: file_parser Number of element :3
01-01 00:00:17.295   312   312 I irsc_util: file_parser Number of element :3
01-01 00:00:17.295   312   312 I irsc_util: file_parser Number of element :3
01-01 00:00:17.295   312   312 I irsc_util: file_parser Number of element :3
01-01 00:00:17.296   312   312 I irsc_util: file_parser Number of element :3
01-01 00:00:17.296   312   312 I irsc_util: file_parser Number of element :3
01-01 00:00:17.296   312   312 I irsc_util: file_parser Number of element :3
01-01 00:00:17.296   312   312 I irsc_util: file_parser Number of element :3
01-01 00:00:17.296   312   312 I irsc_util: file_parser Number of element :3
01-01 00:00:17.296   312   312 I irsc_util: file_parser Number of element :3
01-01 00:00:17.296   312   312 I irsc_util: file_parser Number of element :3
01-01 00:00:17.297   312   312 I irsc_util: file_parser Number of element :3
01-01 00:00:17.297   312   312 I irsc_util: file_parser Number of element :3
01-01 00:00:17.297   312   312 I irsc_util: file_parser Number of element :3
01-01 00:00:17.297   312   312 I irsc_util: file_parser Number of element :3
01-01 00:00:17.297   312   312 I irsc_util: file_parser Number of element :3
01-01 00:00:17.297   312   312 I irsc_util: file_parser Number of element :3
01-01 00:00:17.297   312   312 I irsc_util: file_parser Number of element :3
01-01 00:00:17.297   312   312 I irsc_util: file_parser Number of element :3
01-01 00:00:17.298   312   312 I irsc_util: file_parser Number of element :3
01-01 00:00:17.298   312   312 I irsc_util: file_parser Number of element :3
01-01 00:00:17.298   312   312 I irsc_util: file_parser Number of element :3
01-01 00:00:17.298   312   312 I irsc_util: file_parser Number of element :3
01-01 00:00:17.298   312   312 I irsc_util: file_parser Number of element :3
01-01 00:00:17.298   312   312 I irsc_util: file_parser Number of element :3
01-01 00:00:17.298   312   312 I irsc_util: file_parser Number of element :3
01-01 00:00:17.299   312   312 I irsc_util: file_parser Number of element :3
01-01 00:00:17.299   312   312 I irsc_util: file_parser Number of element :3
01-01 00:00:17.299   312   312 I irsc_util: file_parser Number of element :3
01-01 00:00:17.299   312   312 I irsc_util: file_parser Number of element :3
01-01 00:00:17.299   312   312 I irsc_util: file_parser Number of element :3
01-01 00:00:17.299   312   312 I irsc_util: file_parser Number of element :3
01-01 00:00:17.299   312   312 I irsc_util: file_parser Number of element :3
01-01 00:00:17.299   312   312 I irsc_util: file_parser Number of element :3
01-01 00:00:17.300   312   312 I irsc_util: file_parser Number of element :3
01-01 00:00:17.300   312   312 I irsc_util: file_parser Number of element :3
01-01 00:00:17.300   312   312 I irsc_util: file_parser Number of element :3
01-01 00:00:17.300   312   312 I irsc_util: file_parser Number of element :3
01-01 00:00:17.300   312   312 I irsc_util: file_parser Number of element :3
01-01 00:00:17.300   312   312 I irsc_util: file_parser Number of element :3
01-01 00:00:17.300   312   312 I irsc_util: file_parser Number of element :3
01-01 00:00:17.301   312   312 I irsc_util: file_parser Number of element :3
01-01 00:00:17.301   312   312 I irsc_util: file_parser Number of element :3
01-01 00:00:17.301   312   312 I irsc_util: file_parser Number of element :3
01-01 00:00:17.301   312   312 I irsc_util: file_parser Number of element :3
01-01 00:00:17.301   312   312 I irsc_util: file_parser Number of element :3
01-01 00:00:17.301   312   312 I irsc_util: file_parser Number of element :3
01-01 00:00:17.301   312   312 I irsc_util: file_parser Number of element :3
01-01 00:00:17.301   312   312 I irsc_util: file_parser Number of element :3
01-01 00:00:17.301   312   312 I irsc_util: file_parser Number of element :3
01-01 00:00:17.302   312   312 I irsc_util: file_parser Number of element :3
01-01 00:00:17.302   312   312 I irsc_util: file_parser Number of element :3
01-01 00:00:17.302   312   312 I irsc_util: file_parser Number of element :3
01-01 00:00:17.302   312   312 I irsc_util: file_parser Number of element :3
01-01 00:00:17.302   312   312 I irsc_util: file_parser Number of element :3
01-01 00:00:17.302   312   312 I irsc_util: file_parser Number of element :3
01-01 00:00:17.302   312   312 I irsc_util: file_parser Number of element :3
01-01 00:00:17.303   312   312 I irsc_util: file_parser Number of element :3
01-01 00:00:17.303   312   312 I irsc_util: file_parser Number of element :3
01-01 00:00:17.303   312   312 I irsc_util: file_parser Number of element :3
01-01 00:00:17.303   312   312 I irsc_util: file_parser Number of element :3
01-01 00:00:17.303   312   312 I irsc_util: file_parser Number of element :3
01-01 00:00:17.303   312   312 I irsc_util: file_parser Number of element :3
01-01 00:00:17.303   312   312 I irsc_util: file_parser Number of element :3
01-01 00:00:17.304   312   312 I irsc_util: file_parser Number of element :3
01-01 00:00:17.304   312   312 I irsc_util: file_parser Number of element :3
01-01 00:00:17.304   312   312 I irsc_util: file_parser Number of element :3
01-01 00:00:17.305   312   312 I irsc_util: file_parser Number of element :3
01-01 00:00:17.305   312   312 I irsc_util: file_parser Number of element :3
01-01 00:00:17.306   312   312 I irsc_util: file_parser Number of element :3
01-01 00:00:17.306   312   312 I irsc_util: file_parser Number of element :3
01-01 00:00:17.306   312   312 I irsc_util: file_parser Number of element :3
01-01 00:00:17.306   312   312 I irsc_util: file_parser Number of element :3
01-01 00:00:17.307   312   312 I irsc_util: file_parser Number of element :3
01-01 00:00:17.307   312   312 I irsc_util: file_parser Number of element :3
01-01 00:00:17.307   312   312 I irsc_util: file_parser Number of element :3
01-01 00:00:17.307   312   312 I irsc_util: file_parser Number of element :3
01-01 00:00:17.307   312   312 I irsc_util: file_parser Number of element :3
01-01 00:00:17.307   312   312 I irsc_util: file_parser Number of element :3
01-01 00:00:17.307   312   312 I irsc_util: file_parser Number of element :3
01-01 00:00:17.307   312   312 I irsc_util: file_parser Number of element :3
01-01 00:00:17.307   312   312 I irsc_util: file_parser Number of element :3
01-01 00:00:17.308   312   312 I irsc_util: file_parser Number of element :3
01-01 00:00:17.308   312   312 I irsc_util: file_parser Number of element :3
01-01 00:00:17.308   312   312 I irsc_util: file_parser Number of element :3
01-01 00:00:17.308   312   312 I irsc_util: file_parser Number of element :3
01-01 00:00:17.308   312   312 I irsc_util: file_parser Number of element :3
01-01 00:00:17.308   312   312 I irsc_util: file_parser Number of element :3
01-01 00:00:17.308   312   312 I irsc_util: file_parser Number of element :3
01-01 00:00:17.309   312   312 I irsc_util: file_parser Number of element :3
01-01 00:00:17.309   312   312 I irsc_util: file_parser Number of element :3
01-01 00:00:17.309   312   312 I irsc_util: file_parser Number of element :3
01-01 00:00:17.309   312   312 I irsc_util: file_parser Number of element :3
01-01 00:00:17.309   312   312 I irsc_util: file_parser Number of element :3
01-01 00:00:17.309   312   312 I irsc_util: file_parser Number of element :3
01-01 00:00:17.309   312   312 I irsc_util: file_parser Number of element :3
01-01 00:00:17.310   312   312 I irsc_util: file_parser Number of element :3
01-01 00:00:17.310   312   312 I irsc_util: file_parser Number of element :3
01-01 00:00:17.310   312   312 I irsc_util: file_parser Number of element :3
01-01 00:00:17.310   312   312 I irsc_util: file_parser Number of element :3
01-01 00:00:17.310   312   312 I irsc_util: file_parser Number of element :3
01-01 00:00:17.311   300   300 I Netd    : Netd 1.0 starting
01-01 00:00:17.312   312   312 I irsc_util: file_parser Number of element :3
01-01 00:00:17.313   312   312 I irsc_util: file_parser Number of element :3
01-01 00:00:17.313   312   312 I irsc_util: file_parser Number of element :3
01-01 00:00:17.313   312   312 I irsc_util: file_parser Number of element :3
01-01 00:00:17.313   312   312 I irsc_util: file_parser Number of element :3
01-01 00:00:17.314   312   312 I irsc_util: file_parser Number of element :3
01-01 00:00:17.314   312   312 I irsc_util: file_parser Number of element :3
01-01 00:00:17.314   312   312 I irsc_util: file_parser Number of element :3
01-01 00:00:17.314   312   312 I irsc_util: file_parser Number of element :3
01-01 00:00:17.314   312   312 I irsc_util: file_parser Number of element :3
01-01 00:00:17.314   312   312 I irsc_util: file_parser Number of element :3
01-01 00:00:17.314   312   312 I irsc_util: file_parser Number of element :3
01-01 00:00:17.314   312   312 I irsc_util: file_parser Number of element :3
01-01 00:00:17.315   312   312 I irsc_util: file_parser Number of element :3
01-01 00:00:17.315   312   312 I irsc_util: file_parser Number of element :3
01-01 00:00:17.315   312   312 I irsc_util: file_parser Number of element :3
01-01 00:00:17.315   312   312 I irsc_util: file_parser Number of element :3
01-01 00:00:17.315   312   312 I irsc_util: file_parser Number of element :3
01-01 00:00:17.315   312   312 I irsc_util: file_parser Number of element :3
01-01 00:00:17.315   312   312 I irsc_util: file_parser Number of element :3
01-01 00:00:17.315   312   312 I irsc_util: file_parser Number of element :3
01-01 00:00:17.316   312   312 I irsc_util: file_parser Number of element :3
01-01 00:00:17.316   312   312 I irsc_util: file_parser Number of element :3
01-01 00:00:17.316   312   312 I irsc_util: file_parser Number of element :3
01-01 00:00:17.316   312   312 I irsc_util: file_parser Number of element :3
01-01 00:00:17.316   312   312 I irsc_util: file_parser Number of element :3
01-01 00:00:17.316   312   312 I irsc_util: file_parser Number of element :3
01-01 00:00:17.319   312   312 I irsc_util: file_parser Number of element :3
01-01 00:00:17.320   312   312 I irsc_util: file_parser Number of element :3
01-01 00:00:17.320   312   312 I irsc_util: file_parser Number of element :3
01-01 00:00:17.320   312   312 I irsc_util: file_parser Number of element :3
01-01 00:00:17.320   312   312 I irsc_util: file_parser Number of element :3
01-01 00:00:17.320   312   312 I irsc_util: file_parser Number of element :3
01-01 00:00:17.320   312   312 I irsc_util: file_parser Number of element :3
01-01 00:00:17.320   312   312 I irsc_util: file_parser Number of element :3
01-01 00:00:17.320   312   312 I irsc_util: file_parser Number of element :3
01-01 00:00:17.321   312   312 I irsc_util: file_parser Number of element :3
01-01 00:00:17.321   312   312 I irsc_util: file_parser Number of element :3
01-01 00:00:17.321   312   312 I irsc_util: file_parser Number of element :3
01-01 00:00:17.321   312   312 I irsc_util: file_parser Number of element :3
01-01 00:00:17.322   312   312 I irsc_util: file_parser Number of element :3
01-01 00:00:17.322   312   312 I irsc_util: file_parser Number of element :3
01-01 00:00:17.322   312   312 I irsc_util: file_parser Number of element :3
01-01 00:00:17.323   312   312 I irsc_util: file_parser Number of element :3
01-01 00:00:17.323   312   312 I irsc_util: file_parser Number of element :3
01-01 00:00:17.323   312   312 I irsc_util: file_parser Number of element :3
01-01 00:00:17.323   315   364 E adsprpc : vendor/qcom/proprietary/adsprpc/src/apps_std_imp.c:33:apps_std fopen failed: /system/vendor/lib/rfsa/adsp//oemconfig.so No such file or directory
01-01 00:00:17.324   315   364 E adsprpc : vendor/qcom/proprietary/adsprpc/src/apps_std_imp.c:33:apps_std fopen failed: /voiceproc_tx.so No such file or directory
01-01 00:00:17.324   315   364 E adsprpc : vendor/qcom/proprietary/adsprpc/src/apps_std_imp.c:33:apps_std fopen failed: /system/lib/rfsa/adsp//voiceproc_tx.so No such file or directory
01-01 00:00:17.324   315   364 E adsprpc : vendor/qcom/proprietary/adsprpc/src/apps_std_imp.c:33:apps_std fopen failed: /system/vendor/lib/rfsa/adsp//voiceproc_tx.so No such file or directory
01-01 00:00:17.324   315   364 E adsprpc : vendor/qcom/proprietary/adsprpc/src/apps_std_imp.c:33:apps_std fopen failed: /voiceproc_rx.so No such file or directory
01-01 00:00:17.324   315   364 E adsprpc : vendor/qcom/proprietary/adsprpc/src/apps_std_imp.c:33:apps_std fopen failed: /system/lib/rfsa/adsp//voiceproc_rx.so No such file or directory
01-01 00:00:17.324   315   364 E adsprpc : vendor/qcom/proprietary/adsprpc/src/apps_std_imp.c:33:apps_std fopen failed: /system/vendor/lib/rfsa/adsp//voiceproc_rx.so No such file or directory
01-01 00:00:17.326   312   312 I irsc_util: file_parser Number of element :3
01-01 00:00:17.326   312   312 I irsc_util: file_parser Number of element :3
01-01 00:00:17.326   312   312 I irsc_util: file_parser Number of element :3
01-01 00:00:17.326   312   312 I irsc_util: file_parser Number of element :3
01-01 00:00:17.326   312   312 I irsc_util: file_parser Number of element :3
01-01 00:00:17.326   312   312 I irsc_util: file_parser Number of element :3
01-01 00:00:17.327   312   312 I irsc_util: file_parser Number of element :3
01-01 00:00:17.327   312   312 I irsc_util: file_parser Number of element :3
01-01 00:00:17.327   312   312 I irsc_util: file_parser Number of element :3
01-01 00:00:17.327   312   312 I irsc_util: file_parser Number of element :3
01-01 00:00:17.327   312   312 I irsc_util: file_parser Number of element :3
01-01 00:00:17.327   312   312 I irsc_util: file_parser Number of element :3
01-01 00:00:17.327   312   312 I irsc_util: file_parser Number of element :3
01-01 00:00:17.327   312   312 I irsc_util: file_parser Number of element :3
01-01 00:00:17.327   312   312 I irsc_util: file_parser Number of element :3
01-01 00:00:17.327   312   312 I irsc_util: file_parser Number of element :3
01-01 00:00:17.327   312   312 I irsc_util: file_parser Number of element :3
01-01 00:00:17.327   312   312 I irsc_util: file_parser Number of element :3
01-01 00:00:17.327   312   312 I irsc_util: file_parser Number of element :3
01-01 00:00:17.327   312   312 I irsc_util: file_parser Number of element :3
01-01 00:00:17.327   312   312 I irsc_util: file_parser Number of element :3
01-01 00:00:17.327   312   312 I irsc_util: file_parser Number of element :3
01-01 00:00:17.327   312   312 I irsc_util: file_parser Number of element :3
01-01 00:00:17.327   312   312 I irsc_util: file_parser Number of element :3
01-01 00:00:17.327   312   312 I irsc_util: file_parser Number of element :3
01-01 00:00:17.327   312   312 I irsc_util: file_parser Number of element :3
01-01 00:00:17.327   312   312 I irsc_util: file_parser Number of element :3
01-01 00:00:17.327   312   312 I irsc_util: file_parser Number of element :3
01-01 00:00:17.327   312   312 I irsc_util: file_parser Number of element :3
01-01 00:00:17.327   312   312 I irsc_util: file_parser Number of element :3
01-01 00:00:17.327   312   312 I irsc_util: file_parser Number of element :3
01-01 00:00:17.327   312   312 I irsc_util: file_parser Number of element :3
01-01 00:00:17.327   312   312 I irsc_util: file_parser Number of element :3
01-01 00:00:17.327   312   312 I irsc_util: file_parser Number of element :3
01-01 00:00:17.327   312   312 I irsc_util: file_parser Number of element :3
01-01 00:00:17.327   312   312 I irsc_util: file_parser Number of element :3
01-01 00:00:17.327   312   312 I irsc_util: file_parser Number of element :3
01-01 00:00:17.327   312   312 I irsc_util: file_parser Number of element :3
01-01 00:00:17.327   312   312 I irsc_util: file_parser Number of element :3
01-01 00:00:17.327   312   312 I irsc_util: file_parser Number of element :3
01-01 00:00:17.327   312   312 I irsc_util: file_parser Number of element :3
01-01 00:00:17.327   312   312 I irsc_util: file_parser Number of element :3
01-01 00:00:17.328   312   312 I irsc_util: file_parser Number of element :3
01-01 00:00:17.328   312   312 I irsc_util: file_parser Number of element :3
01-01 00:00:17.328   312   312 I irsc_util: file_parser Number of element :3
01-01 00:00:17.328   312   312 I irsc_util: file_parser Number of element :3
01-01 00:00:17.329   312   312 I irsc_util: file_parser Number of element :3
01-01 00:00:17.329   312   312 I irsc_util: file_parser Number of element :3
01-01 00:00:17.329   312   312 I irsc_util: file_parser Number of element :3
01-01 00:00:17.329   312   312 I irsc_util: file_parser Number of element :3
01-01 00:00:17.329   312   312 I irsc_util: file_parser Number of element :3
01-01 00:00:17.329   312   312 I irsc_util: file_parser Number of element :3
01-01 00:00:17.330   312   312 I irsc_util: file_parser Number of element :3
01-01 00:00:17.330   312   312 I irsc_util: file_parser Number of element :3
01-01 00:00:17.330   312   312 I irsc_util: file_parser Number of element :3
01-01 00:00:17.330   312   312 I irsc_util: file_parser Number of element :3
01-01 00:00:17.330   312   312 I irsc_util: file_parser Number of element :3
01-01 00:00:17.330   312   312 I irsc_util: file_parser Number of element :3
01-01 00:00:17.330   312   312 I irsc_util: file_parser Number of element :3
01-01 00:00:17.331   312   312 I irsc_util: file_parser Number of element :3
01-01 00:00:17.331   312   312 I irsc_util: file_parser Number of element :3
01-01 00:00:17.331   312   312 I irsc_util: file_parser Number of element :3
01-01 00:00:17.331   312   312 I irsc_util: file_parser Number of element :3
01-01 00:00:17.331   312   312 I irsc_util: file_parser Number of element :3
01-01 00:00:17.331   312   312 I irsc_util: file_parser Number of element :3
01-01 00:00:17.332   312   312 I irsc_util: file_parser Number of element :3
01-01 00:00:17.332   312   312 I irsc_util: file_parser Number of element :3
01-01 00:00:17.332   312   312 I irsc_util: file_parser Number of element :3
01-01 00:00:17.332   312   312 I irsc_util: file_parser Number of element :3
01-01 00:00:17.332   312   312 I irsc_util: file_parser Number of element :3
01-01 00:00:17.332   312   312 I irsc_util: file_parser Number of element :3
01-01 00:00:17.333   312   312 I irsc_util: file_parser Number of element :3
01-01 00:00:17.333   312   312 I irsc_util: file_parser Number of element :3
01-01 00:00:17.333   312   312 I irsc_util: file_parser Number of element :3
01-01 00:00:17.333   312   312 I irsc_util: file_parser Number of element :3
01-01 00:00:17.333   312   312 I irsc_util: file_parser Number of element :3
01-01 00:00:17.334   312   312 I irsc_util: file_parser Number of element :3
01-01 00:00:17.334   312   312 I irsc_util: file_parser Number of element :3
01-01 00:00:17.334   312   312 I irsc_util: file_parser Number of element :3
01-01 00:00:17.334   312   312 I irsc_util: file_parser Number of element :3
01-01 00:00:17.334   312   312 I irsc_util: file_parser Number of element :3
01-01 00:00:17.334   312   312 I irsc_util: file_parser Number of element :3
01-01 00:00:17.334   312   312 I irsc_util: file_parser Number of element :3
01-01 00:00:17.334   312   312 I irsc_util: file_parser Number of element :3
01-01 00:00:17.334   312   312 I irsc_util: file_parser Number of element :3
01-01 00:00:17.335   312   312 I irsc_util: file_parser Number of element :3
01-01 00:00:17.335   312   312 I irsc_util: file_parser Number of element :3
01-01 00:00:17.335   312   312 I irsc_util: file_parser Number of element :3
01-01 00:00:17.335   312   312 I irsc_util: file_parser Number of element :3
01-01 00:00:17.335   312   312 I irsc_util: file_parser Number of element :0
01-01 00:00:17.335   312   312 I irsc_util: file_parser Invalid Format or Comment - '/* Allow RCS service to aquire net_raw permission */
01-01 00:00:17.335   312   312 I irsc_util: '
01-01 00:00:17.336   312   312 I irsc_util: file_parser Number of element :4
01-01 00:00:17.336   312   312 I irsc_util: file_parser Number of element :0
01-01 00:00:17.336   312   312 I irsc_util: file_parser Invalid Format or Comment - '/* Allow QMID service to aquire net_raw permission */
01-01 00:00:17.336   312   312 I irsc_util: '
01-01 00:00:17.336   312   312 I irsc_util: file_parser Number of element :4
01-01 00:00:17.336   312   312 I irsc_util: file_parser Number of element :4
01-01 00:00:17.336   312   312 I irsc_util: file_parser Number of element :4
01-01 00:00:17.336   312   312 I irsc_util: file_parser Number of element :4
01-01 00:00:17.337   312   312 I irsc_util: file_parser Number of element :4
01-01 00:00:17.337   312   312 I irsc_util: file_parser Number of element :4
01-01 00:00:17.337   312   312 I irsc_util: Feed the sec config info to the router
01-01 00:00:17.337   312   312 I irsc_util: Num of entries:265
01-01 00:00:17.363   411   411 I logcat_to_sd: Waiting for sdcard to mount... 
01-01 00:00:17.363   306   306 I mediaserver: ServiceManager: 0xb60500c0
01-01 00:00:17.363   306   306 I AudioFlinger: Using default 3000 mSec as standby time.
01-01 00:00:17.365   306   306 I ServiceManager: Waiting for service batterystats...
01-01 00:00:17.368   409   409 E wifi_ap.sh: WIFI_AP: Toggling! 
01-01 00:00:17.380   340   378 E AudioDaemon: CPE state open /proc/asound/card0/cpe0_state failed No such file or directory, Retrying 2
01-01 00:00:17.389   433   433 I iptables: type=1400 audit(0.0:10): avc: denied { create } for scontext=u:r:init:s0 tcontext=u:r:init:s0 tclass=rawip_socket permissive=1
01-01 00:00:17.389   433   433 I iptables: type=1400 audit(0.0:11): avc: denied { getopt } for lport=255 scontext=u:r:init:s0 tcontext=u:r:init:s0 tclass=rawip_socket permissive=1
01-01 00:00:17.389   433   433 I iptables: type=1400 audit(0.0:12): avc: denied { setopt } for lport=255 scontext=u:r:init:s0 tcontext=u:r:init:s0 tclass=rawip_socket permissive=1
01-01 00:00:17.393   430   430 I qcom-bluetooth: /system/etc/init.qcom.bt.sh: Bluetooth stack is Bluedroid 
01-01 00:00:17.423   438   438 E wifi_ap.sh: WIFI_AP: Enabling! 
01-01 00:00:17.431   419   419 I libmdmdetect: No supported ESOC's found
01-01 00:00:17.431   419   419 E mdm_helper_proxy: No supported ESOC's found
01-01 00:00:17.431   419   419 E mdm_helper_proxy: Failed to load device configuration
01-01 00:00:17.439   439   439 I log_temperatures: Waiting for sdcard to mount... 
01-01 00:00:17.444   326   326 E LocSvc_launcher: E/sig_handler_chld:79]: Received SIGCHLD
01-01 00:00:17.444   326   326 E LocSvc_launcher: E/Parent woken up! Interrupted system call
01-01 00:00:17.444   326   326 E LocSvc_launcher: E/main:647]: Exit status: 1. Restarting
01-01 00:00:17.444   326   326 E LocSvc_launcher: E/main:657]: Restarting /system/bin/xtwifi-client. Number of restarts: 1
01-01 00:00:17.448   326   326 E LocSvc_launcher: E/sig_handler_chld:79]: Received SIGCHLD
01-01 00:00:17.448   326   326 E LocSvc_launcher: E/Parent woken up! Interrupted system call
01-01 00:00:17.448   326   326 E LocSvc_launcher: E/main:647]: Exit status: 1. Restarting
01-01 00:00:17.448   326   326 E LocSvc_launcher: E/main:657]: Restarting /system/bin/xtwifi-client. Number of restarts: 2
01-01 00:00:17.451   326   326 E LocSvc_launcher: E/sig_handler_chld:79]: Received SIGCHLD
01-01 00:00:17.451   326   326 E LocSvc_launcher: E/Parent woken up! Interrupted system call
01-01 00:00:17.451   326   326 E LocSvc_launcher: E/main:647]: Exit status: 1. Restarting
01-01 00:00:17.451   326   326 E LocSvc_launcher: E/main:657]: Restarting /system/bin/xtwifi-client. Number of restarts: 3
01-01 00:00:17.456   326   326 E LocSvc_launcher: E/sig_handler_chld:79]: Received SIGCHLD
01-01 00:00:17.457   326   326 E LocSvc_launcher: E/Parent woken up! Interrupted system call
01-01 00:00:17.457   326   326 E LocSvc_launcher: E/main:647]: Exit status: 1. Restarting
01-01 00:00:17.457   326   326 E LocSvc_launcher: E/main:657]: Restarting /system/bin/xtwifi-client. Number of restarts: 4
01-01 00:00:17.460   321   321 E QCNEA   : Cne Version 4.8
01-01 00:00:17.461   326   326 E LocSvc_launcher: E/sig_handler_chld:79]: Received SIGCHLD
01-01 00:00:17.461   326   326 E LocSvc_launcher: E/Parent woken up! Interrupted system call
01-01 00:00:17.461   326   326 E LocSvc_launcher: E/main:647]: Exit status: 1. Restarting
01-01 00:00:17.461   326   326 E LocSvc_launcher: E/main:657]: Restarting /system/bin/xtwifi-client. Number of restarts: 5
01-01 00:00:17.463   329   329 I Atfwd_Daemon: APQ baseband : Explicitly stopping ATFWD service....
01-01 00:00:17.463   329   329 I Atfwd_Daemon: Stop the daemon....
01-01 00:00:17.464   326   326 E LocSvc_launcher: E/sig_handler_chld:79]: Received SIGCHLD
01-01 00:00:17.464   326   326 E LocSvc_launcher: E/Parent woken up! Interrupted system call
01-01 00:00:17.465   326   326 E LocSvc_launcher: E/main:647]: Exit status: 1. Restarting
01-01 00:00:17.465   326   326 E LocSvc_launcher: E/main:651]: /system/bin/xtwifi-client Restarted too many times. Grounded!
01-01 00:00:17.480   309   309 D QSEECOMAPI: : App is already loaded QSEE and app id = 2
01-01 00:00:17.480   340   378 D AudioDaemon: number of sndcards 1 CPEs 0
01-01 00:00:17.480   340   378 D AudioDaemon: read for sound card state change before while
01-01 00:00:17.480   340   378 D AudioDaemon: sound card state file content: ONLINE
01-01 00:00:17.480   340   378 D AudioDaemon:  before while
01-01 00:00:17.480   340   378 E AudioDaemon: put cur_state to online
01-01 00:00:17.480   340   378 D AudioDaemon: cur_state=0, bootup_complete=0
01-01 00:00:17.480   340   378 E AudioDaemon: sound card up is deteced before while
01-01 00:00:17.480   340   378 E AudioDaemon: bootup_complete set to 1
01-01 00:00:17.480   340   378 D AudioDaemon: poll() for sound card state change 
01-01 00:00:17.481   253   253 D QSEECOMAPI: : Loaded image: APP id = 2
01-01 00:00:17.488   253   253 D QSEECOMD: : Parent qseecom daemon process paused!! 
01-01 00:00:17.490   414   414 E XTIA    : [MessageQ_Client] connect error: 2, [No such file or directory]
01-01 00:00:17.490   414   414 E XTIA    : [MessageQ_Client] connect failed 3
01-01 00:00:17.490   414   414 W XTIA    : [inet-agent-pos] retry count 1
01-01 00:00:17.491   564   564 I recovery: Recovery image already installed 
01-01 00:00:17.494   458   458 D QSEECOMD: : qseecom listener service threads starting!!! 
01-01 00:00:17.494   458   458 D QSEECOMD: : Total listener services to start = 5
01-01 00:00:17.494   458   458 E QSEECOMD: : Listener: index = 0, hierarchy = 1
01-01 00:00:17.494   458   458 D QSEECOMD: : Init dlopen(librpmb.so, RTLD_NOW) succeeds
01-01 00:00:17.494   458   458 D QSEECOMD: : Init::Init dlsym(g_FSHandle rpmb_start) succeeds
01-01 00:00:17.494   458   458 D QSEECOMAPI: : QSEECom_register_listener 8192 sb_length = 0x5000
01-01 00:00:17.496   457   457 E wifi_ap.sh: WIFI_AP: Starting AP with ssid: Sentera_21020-02_0066 password: 00660066 and channel: 9 on ip: 192.168.43.1 (root: 192.168.43) 
01-01 00:00:17.496   383   383 I qdutils : PartialUpdate status: Disabled
01-01 00:00:17.496   383   383 I qdutils : Left Align: 0
01-01 00:00:17.496   383   383 I qdutils : Width Align: 0
01-01 00:00:17.496   383   383 I qdutils : Top Align: 0
01-01 00:00:17.496   383   383 I qdutils : Height Align: 0
01-01 00:00:17.496   383   383 I qdutils : Min ROI Width: 0
01-01 00:00:17.496   383   383 I qdutils : Min ROI Height: 0
01-01 00:00:17.496   383   383 I qdutils : Needs ROI Merge: 0
01-01 00:00:17.497   383   383 D PPDaemon: CABL version 1.1.20130401
01-01 00:00:17.497   320   320 D AndroidRuntime: 
01-01 00:00:17.497   320   320 D AndroidRuntime: >>>>>> AndroidRuntime START com.android.internal.os.ZygoteInit <<<<<<
01-01 00:00:17.497   458   458 D QSEECOMD: : Init rpmb_start ret = 0
01-01 00:00:17.497   458   458 D QSEECOMD: : RPMB system services: Started (Listener ID = 8192)
01-01 00:00:17.497   458   458 E QSEECOMD: : Listener: index = 1, hierarchy = 1
01-01 00:00:17.497   458   458 D QSEECOMD: : Init dlopen(libssd.so, RTLD_NOW) succeeds
01-01 00:00:17.497   458   458 D QSEECOMD: : Init::Init dlsym(g_FSHandle ssd_start) succeeds
01-01 00:00:17.497   458   458 D QSEECOMAPI: : QSEECom_register_listener 12288 sb_length = 0x5000
01-01 00:00:17.498   458   458 D QSEECOMD: : Init ssd_start ret = 0
01-01 00:00:17.498   458   458 D QSEECOMD: : SSD system services: Started (Listener ID = 12288)
01-01 00:00:17.498   458   458 E QSEECOMD: : Listener: index = 2, hierarchy = 1
01-01 00:00:17.499   458   458 D QSEECOMD: : Init dlopen(libsecureui.so, RTLD_NOW) succeeds
01-01 00:00:17.499   458   458 D QSEECOMD: : Init::Init dlsym(g_FSHandle secure_ui_start) succeeds
01-01 00:00:17.499   458   458 D QSEECOMAPI: : QSEECom_register_listener 16384 sb_length = 0x1014
01-01 00:00:17.499   319   319 E Diag_Lib: qpLogDiagInit ==>
01-01 00:00:17.500   339   339 D QC-time-services: Daemon:genoff_pre_init::Base = 0
01-01 00:00:17.500   339   339 D QC-time-services: Daemon:ats_rtc_init: Time read from RTC -- year = 70, month = 0,day = 1
01-01 00:00:17.501   339   339 D QC-time-services: Daemon:Value read from RTC seconds = 17000
01-01 00:00:17.501   339   339 D QC-time-services: Daemon:genoff_init_config: ATS_RTC initialized
01-01 00:00:17.501   339   339 D QC-time-services: Daemon:genoff_pre_init::Base = 1
01-01 00:00:17.501   339   339 D QC-time-services: Daemon: Storage Name: ats_1 
01-01 00:00:17.501   339   339 D QC-time-services: Daemon:Opening File: /data/time/ats_1
01-01 00:00:17.501   339   339 D QC-time-services: Daemon:time_persistent_memory_opr:Genoff Read operation 
01-01 00:00:17.501   319   319 E Diag_Lib: qpLogDiagInit <== result : 1
01-01 00:00:17.501   319   319 E Diag_Lib: [IMS_QMID] |imsqmiserver.c | 505 | QMID#$$#0#QMI DAEMON STARTED
01-01 00:00:17.501   319   319 E Diag_Lib: [IMS_QMID] |imsqmiserver.c | 515 | ims-qmi-daemon main entry getgid: 3e9
01-01 00:00:17.501   319   319 E Diag_Lib: [IMS_QMID] |imsqmiserver.c | 524 | ims-qmi-daemon: Server Sock FD 10 received from init
01-01 00:00:17.501   319   319 E Diag_Lib: [IMS_QMID] |imsqmiserver.c | 86 | QMIDAddFDToFDSet:Added FD: [10] to FDSet
01-01 00:00:17.501   319   319 E Diag_Lib: [IMS_QMID] |imsqmiserver.c | 543 | QMID#$$#0#QMID SERVER STARTED
01-01 00:00:17.501   319   319 E Diag_Lib: [IMS_QMID] |imsqmiserver.c | 554 | ims-qmi-daemon listen done
01-01 00:00:17.503   383   383 D PPDaemon: isHDMIPrimary: HDMI is not primary display
01-01 00:00:17.503   319   319 E Diag_Lib: [IMS_QMID] |imsqmiserver.c | 563 | QMID#$$#0#QMI DAEMON PROPERTY SET SUCCESS
01-01 00:00:17.503   319   319 E Diag_Lib: [IMS_QMID] |imsqmiserver.c | 574 | QMID#$$#0#QMID STARTED HEAR BEAT
01-01 00:00:17.503   319   319 E Diag_Lib: [IMS_QMID] |imsqmiserver.c | 609 | ims-qmi-daemon blocking on select max_fd:10
01-01 00:00:17.505   458   458 D QSEECOMD: : Init secure_ui_start ret = 0
01-01 00:00:17.505   458   458 D QSEECOMD: : secure UI services: Started (Listener ID = 16384)
01-01 00:00:17.505   458   458 E QSEECOMD: : Listener: index = 3, hierarchy = 1
01-01 00:00:17.508   416   416 D LocSvc_utils_cfg: D/loc_read_conf: using /etc/gps.conf
01-01 00:00:17.508   416   416 D LocSvc_utils_cfg: D/int loc_read_conf_r(FILE*, loc_param_s_type*, uint32_t):283]: num_params: 2
01-01 00:00:17.508   416   416 D LocSvc_utils_cfg: D/loc_set_config_entry: PARAM DEBUG_LEVEL = 3
01-01 00:00:17.508   416   416 D LocSvc_utils_cfg: D/int loc_read_conf_r(FILE*, loc_param_s_type*, uint32_t):287]: fgets returned NULL
01-01 00:00:17.508   416   416 E SlimDmn : I/int main(int, char**):g_sensor_provider is 1
01-01 00:00:17.512   339   339 D QC-time-services: Daemon:Unable to open filefor read
01-01 00:00:17.512   339   339 D QC-time-services: Daemon:genoff_post_init:Error in accessing storage
01-01 00:00:17.512   339   339 D QC-time-services: Daemon:genoff_pre_init::Base = 2
01-01 00:00:17.512   339   339 D QC-time-services: Daemon: Storage Name: ats_2 
01-01 00:00:17.512   339   339 D QC-time-services: Daemon:Opening File: /data/time/ats_2
01-01 00:00:17.512   339   339 D QC-time-services: Daemon:time_persistent_memory_opr:Genoff Read operation 
01-01 00:00:17.512   339   339 D QC-time-services: Daemon:Unable to open filefor read
01-01 00:00:17.512   339   339 D QC-time-services: Daemon:genoff_post_init:Error in accessing storage
01-01 00:00:17.512   339   339 D QC-time-services: Daemon:genoff_pre_init::Base = 3
01-01 00:00:17.512   339   339 D QC-time-services: Daemon: Storage Name: ats_3 
01-01 00:00:17.512   339   339 D QC-time-services: Daemon:Opening File: /data/time/ats_3
01-01 00:00:17.512   339   339 D QC-time-services: Daemon:time_persistent_memory_opr:Genoff Read operation 
01-01 00:00:17.512   339   339 D QC-time-services: Daemon:Unable to open filefor read
01-01 00:00:17.512   339   339 D QC-time-services: Daemon:genoff_post_init:Error in accessing storage
01-01 00:00:17.512   339   339 D QC-time-services: Daemon:genoff_pre_init::Base = 4
01-01 00:00:17.512   339   339 D QC-time-services: Daemon: Storage Name: ats_4 
01-01 00:00:17.512   339   339 D QC-time-services: Daemon:Opening File: /data/time/ats_4
01-01 00:00:17.512   339   339 D QC-time-services: Daemon:time_persistent_memory_opr:Genoff Read operation 
01-01 00:00:17.512   339   339 D QC-time-services: Daemon:Unable to open filefor read
01-01 00:00:17.512   339   339 D QC-time-services: Daemon:genoff_post_init:Error in accessing storage
01-01 00:00:17.512   339   339 D QC-time-services: Daemon:genoff_pre_init::Base = 5
01-01 00:00:17.512   339   339 D QC-time-services: Daemon: Storage Name: ats_5 
01-01 00:00:17.512   339   339 D QC-time-services: Daemon:Opening File: /data/time/ats_5
01-01 00:00:17.512   339   339 D QC-time-services: Daemon:time_persistent_memory_opr:Genoff Read operation 
01-01 00:00:17.512   339   339 D QC-time-services: Daemon:Unable to open filefor read
01-01 00:00:17.512   339   339 D QC-time-services: Daemon:genoff_post_init:Error in accessing storage
01-01 00:00:17.512   339   339 D QC-time-services: Daemon:genoff_pre_init::Base = 6
01-01 00:00:17.512   339   339 D QC-time-services: Daemon: Storage Name: ats_6 
01-01 00:00:17.512   339   339 D QC-time-services: Daemon:Opening File: /data/time/ats_6
01-01 00:00:17.512   339   339 D QC-time-services: Daemon:time_persistent_memory_opr:Genoff Read operation 
01-01 00:00:17.512   339   339 D QC-time-services: Daemon:Unable to open filefor read
01-01 00:00:17.512   339   339 D QC-time-services: Daemon:genoff_post_init:Error in accessing storage
01-01 00:00:17.512   339   339 D QC-time-services: Daemon:genoff_pre_init::Base = 7
01-01 00:00:17.512   339   339 D QC-time-services: Daemon: Storage Name: ats_7 
01-01 00:00:17.512   339   339 D QC-time-services: Daemon:Opening File: /data/time/ats_7
01-01 00:00:17.512   339   339 D QC-time-services: Daemon:time_persistent_memory_opr:Genoff Read operation 
01-01 00:00:17.512   339   339 D QC-time-services: Daemon:Unable to open filefor read
01-01 00:00:17.512   339   339 D QC-time-services: Daemon:genoff_post_init:Error in accessing storage
01-01 00:00:17.512   339   339 D QC-time-services: Daemon:genoff_pre_init::Base = 8
01-01 00:00:17.512   339   339 D QC-time-services: Daemon: Storage Name: ats_8 
01-01 00:00:17.512   339   339 D QC-time-services: Daemon:Opening File: /data/time/ats_8
01-01 00:00:17.512   339   339 D QC-time-services: Daemon:time_persistent_memory_opr:Genoff Read operation 
01-01 00:00:17.512   339   339 D QC-time-services: Daemon:Unable to open filefor read
01-01 00:00:17.512   339   339 D QC-time-services: Daemon:genoff_post_init:Error in accessing storage
01-01 00:00:17.512   339   339 D QC-time-services: Daemon:genoff_pre_init::Base = 9
01-01 00:00:17.512   339   339 D QC-time-services: Daemon: Storage Name: ats_9 
01-01 00:00:17.512   339   339 D QC-time-services: Daemon:Opening File: /data/time/ats_9
01-01 00:00:17.512   339   339 D QC-time-services: Daemon:time_persistent_memory_opr:Genoff Read operation 
01-01 00:00:17.512   339   339 D QC-time-services: Daemon:Unable to open filefor read
01-01 00:00:17.512   339   339 D QC-time-services: Daemon:genoff_post_init:Error in accessing storage
01-01 00:00:17.512   339   339 D QC-time-services: Daemon:genoff_pre_init::Base = 10
01-01 00:00:17.512   339   339 D QC-time-services: Daemon: Storage Name: ats_10 
01-01 00:00:17.512   339   339 D QC-time-services: Daemon:Opening File: /data/time/ats_10
01-01 00:00:17.512   339   339 D QC-time-services: Daemon:time_persistent_memory_opr:Genoff Read operation 
01-01 00:00:17.512   339   339 D QC-time-services: Daemon:Unable to open filefor read
01-01 00:00:17.512   339   339 D QC-time-services: Daemon:genoff_post_init:Error in accessing storage
01-01 00:00:17.512   339   339 D QC-time-services: Daemon:genoff_pre_init::Base = 11
01-01 00:00:17.512   339   339 D QC-time-services: Daemon: Storage Name: ats_11 
01-01 00:00:17.512   339   339 D QC-time-services: Daemon:Opening File: /data/time/ats_11
01-01 00:00:17.512   339   339 D QC-time-services: Daemon:time_persistent_memory_opr:Genoff Read operation 
01-01 00:00:17.513   339   339 D QC-time-services: Daemon:Unable to open filefor read
01-01 00:00:17.513   339   339 D QC-time-services: Daemon:genoff_post_init:Error in accessing storage
01-01 00:00:17.513   339   339 D QC-time-services: Daemon:genoff_pre_init::Base = 12
01-01 00:00:17.513   339   339 D QC-time-services: Daemon: Storage Name: ats_12 
01-01 00:00:17.513   339   339 D QC-time-services: Daemon:Opening File: /data/time/ats_12
01-01 00:00:17.513   339   339 D QC-time-services: Daemon:time_persistent_memory_opr:Genoff Read operation 
01-01 00:00:17.513   339   339 D QC-time-services: Daemon:Unable to open filefor read
01-01 00:00:17.513   339   339 D QC-time-services: Daemon:genoff_post_init:Error in accessing storage
01-01 00:00:17.513   339   339 D QC-time-services: Daemon:genoff_pre_init::Base = 13
01-01 00:00:17.513   339   339 D QC-time-services: Daemon: Storage Name: ats_13 
01-01 00:00:17.513   339   339 D QC-time-services: Daemon:Opening File: /data/time/ats_13
01-01 00:00:17.513   339   339 D QC-time-services: Daemon:time_persistent_memory_opr:Genoff Read operation 
01-01 00:00:17.513   339   339 D QC-time-services: Daemon:Unable to open filefor read
01-01 00:00:17.513   339   339 D QC-time-services: Daemon:genoff_post_init:Error in accessing storage
01-01 00:00:17.513   339   339 D QC-time-services: Daemon:genoff_pre_init::Base = 14
01-01 00:00:17.513   339   339 D QC-time-services: Daemon: Storage Name: ats_14 
01-01 00:00:17.513   339   339 D QC-time-services: Daemon:Opening File: /data/time/ats_14
01-01 00:00:17.513   339   339 D QC-time-services: Daemon:time_persistent_memory_opr:Genoff Read operation 
01-01 00:00:17.513   339   339 D QC-time-services: Daemon:Unable to open filefor read
01-01 00:00:17.513   339   339 D QC-time-services: Daemon:genoff_post_init:Error in accessing storage
01-01 00:00:17.513   339   339 D QC-time-services: Daemon:genoff_init_config: Other bases initilized, exiting genoff_init
01-01 00:00:17.513   339   339 D QC-time-services: Daemon:genoff_opr: Base = 1, val = 0, operation = 1
01-01 00:00:17.513   339   339 D QC-time-services: Daemon: genoff get for 1
01-01 00:00:17.513   339   339 D QC-time-services: Daemon:rtc_get: Time read from RTC -- MM/DD/YY HH:MM:SS0/1/70 0:0:17
01-01 00:00:17.513   339   339 D QC-time-services: Daemon:Value read from RTC seconds = 17000
01-01 00:00:17.513   339   339 D QC-time-services: Daemon:Value read from generic offset = 0
01-01 00:00:17.513   339   339 D QC-time-services: Daemon:Final Time = 17000
01-01 00:00:17.513   339   339 D QC-time-services: Daemon:genoff_boot_tod_init: Setting system time to sec =17, nsec =0
01-01 00:00:17.534   320   320 D AndroidRuntime: CheckJNI is OFF
01-01 00:00:17.549   320   320 I art     : option[0]=-Xzygote
01-01 00:00:17.549   320   320 I art     : option[1]=-Xstacktracefile:/data/anr/traces.txt
01-01 00:00:17.549   320   320 I art     : option[2]=exit
01-01 00:00:17.549   320   320 I art     : option[3]=vfprintf
01-01 00:00:17.549   320   320 I art     : option[4]=sensitiveThread
01-01 00:00:17.549   320   320 I art     : option[5]=-verbose:gc
01-01 00:00:17.549   320   320 I art     : option[6]=-Xms8m
01-01 00:00:17.549   320   320 I art     : option[7]=-Xmx512m
01-01 00:00:17.549   320   320 I art     : option[8]=-XX:mainThreadStackSize=24K
01-01 00:00:17.549   320   320 I art     : option[9]=-XX:HeapGrowthLimit=192m
01-01 00:00:17.549   320   320 I art     : option[10]=-XX:HeapMinFree=512k
01-01 00:00:17.549   320   320 I art     : option[11]=-XX:HeapMaxFree=8m
01-01 00:00:17.549   320   320 I art     : option[12]=-XX:HeapTargetUtilization=0.75
01-01 00:00:17.549   320   320 I art     : option[13]=-agentlib:jdwp=transport=dt_android_adb,suspend=n,server=y
01-01 00:00:17.549   320   320 I art     : option[14]=-Xlockprofthreshold:500
01-01 00:00:17.549   320   320 I art     : option[15]=-Ximage-compiler-option
01-01 00:00:17.549   320   320 I art     : option[16]=--runtime-arg
01-01 00:00:17.549   320   320 I art     : option[17]=-Ximage-compiler-option
01-01 00:00:17.549   320   320 I art     : option[18]=-Xms64m
01-01 00:00:17.549   320   320 I art     : option[19]=-Ximage-compiler-option
01-01 00:00:17.549   320   320 I art     : option[20]=--runtime-arg
01-01 00:00:17.549   320   320 I art     : option[21]=-Ximage-compiler-option
01-01 00:00:17.549   320   320 I art     : option[22]=-Xmx64m
01-01 00:00:17.549   320   320 I art     : option[23]=-Ximage-compiler-option
01-01 00:00:17.549   320   320 I art     : option[24]=--image-classes-zip=/system/framework/framework.jar
01-01 00:00:17.549   320   320 I art     : option[25]=-Ximage-compiler-option
01-01 00:00:17.550   320   320 I art     : option[26]=--image-classes=preloaded-classes
01-01 00:00:17.550   320   320 I art     : option[27]=-Xcompiler-option
01-01 00:00:17.550   320   320 I art     : option[28]=--runtime-arg
01-01 00:00:17.550   320   320 I art     : option[29]=-Xcompiler-option
01-01 00:00:17.550   320   320 I art     : option[30]=-Xms64m
01-01 00:00:17.550   320   320 I art     : option[31]=-Xcompiler-option
01-01 00:00:17.550   320   320 I art     : option[32]=--runtime-arg
01-01 00:00:17.550   320   320 I art     : option[33]=-Xcompiler-option
01-01 00:00:17.550   320   320 I art     : option[34]=-Xmx512m
01-01 00:00:17.550   320   320 I art     : option[35]=-Duser.language=en
01-01 00:00:17.550   320   320 I art     : option[36]=-Duser.region=US
01-01 00:00:17.851   306   306 I ServiceManager: Waiting for service batterystats...
01-01 00:00:17.897   341   341 E mm-camera-sensor: module_sensor_init_eeprom:5078 Exit subdev_id[SUB_MODULE_EEPROM] == -1
01-01 00:00:17.897   341   341 E mm-camera-sensor: module_sensor_init_eeprom:5078 Exit subdev_id[SUB_MODULE_EEPROM] == -1
01-01 00:00:17.963   313   313 D WLAN_PSA: NL BCAST MSG KDriver Not ready yet : KNLREADY
01-01 00:00:17.963   313   313 D WLAN_PSA: NL BCAST MSG Received, Kernel ready, connect LN
01-01 00:00:17.964   313   313 E pttSocketApp:          aniAsfIpc.c:809 Error(-1225127587):Gethostbyname failed, ipcPtr [0xb6b50040], sd 4
01-01 00:00:17.964   313   313 D WLAN_PSA: Register APP Socket to kernel
01-01 00:00:17.964   313   313 V WLAN_PSA: NL MSG, len[009], NL type[0x101] WNI type[0x4541] len[17497]
01-01 00:00:17.964   313   313 V WLAN_PSA: NL MSG, PID: 0
01-01 00:00:17.964   313   313 V WLAN_PSA: NL MSG, len[056], NL type[0x11] WNI type[0x   2] len[036]
01-01 00:00:17.964   313   313 V WLAN_PSA: NL MSG, PID: 313
01-01 00:00:17.964   313   313 V WLAN_PSA: NL MSG, len[009], NL type[0xEF08] WNI type[0x4541] len[17497]
01-01 00:00:17.964   313   313 V WLAN_PSA: NL MSG, PID: 0
01-01 00:00:17.964   313   313 V WLAN_PSA: NL MSG, len[056], NL type[0x11] WNI type[0x   2] len[036]
01-01 00:00:17.964   313   313 V WLAN_PSA: NL MSG, PID: 313
01-01 00:00:18.099   816   816 I ndc     : type=1400 audit(0.0:17): avc: denied { read write } for path="/dev/pts/1" dev="devpts" ino=4 scontext=u:r:wcnss_service:s0 tcontext=u:object_r:devpts:s0 tclass=chr_file permissive=1
01-01 00:00:18.099   816   816 I ndc     : type=1400 audit(0.0:18): avc: denied { getattr } for path="/dev/pts/1" dev="devpts" ino=4 scontext=u:r:wcnss_service:s0 tcontext=u:object_r:devpts:s0 tclass=chr_file permissive=1
01-01 00:00:18.099   816   816 I ndc     : type=1400 audit(0.0:19): avc: denied { write } for name="netd" dev="tmpfs" ino=11313 scontext=u:r:wcnss_service:s0 tcontext=u:object_r:netd_socket:s0 tclass=sock_file permissive=1
01-01 00:00:18.111   379   379 I sh      : Error connecting (Connection refused)
01-01 00:00:18.119   249   249 I qdutils : PartialUpdate status: Disabled
01-01 00:00:18.119   249   249 I qdutils : Left Align: 0
01-01 00:00:18.120   249   249 I qdutils : Width Align: 0
01-01 00:00:18.120   249   249 I qdutils : Top Align: 0
01-01 00:00:18.120   249   249 I qdutils : Height Align: 0
01-01 00:00:18.120   249   249 I qdutils : Min ROI Width: 0
01-01 00:00:18.120   249   249 I qdutils : Min ROI Height: 0
01-01 00:00:18.120   249   249 I qdutils : Needs ROI Merge: 0
01-01 00:00:18.120   383   383 I PPDaemon: QDCM LIbrary loaded successfully mQdcmLib = b5159144,             factory = b514f06d, mQdcmMode = b4f1b250
01-01 00:00:18.121   383   383 D PPDaemon: int dcm_os_intf_control(boolean): Entering
01-01 00:00:18.121   383   383 D PPDaemon: Calling LSM init 
01-01 00:00:18.121   379   379 I sh      : Error connecting (Connection refused)
01-01 00:00:18.122   383   383 D PPDaemon: Diag_LSM_Init succeeded. 
01-01 00:00:18.122   383   383 D PPDaemon: QDCM_Service_ErrorTypes InitUtility(): Entering
01-01 00:00:18.122   383   383 D PPDaemon: MDP version: 0x10030001.
01-01 00:00:18.122   383   383 D PPDaemon: MDSS version: 0x10030001.
01-01 00:00:18.122   383   383 E         : [QDCM_Service_Open,1211]QDCM utility version=0x02060002
01-01 00:00:18.122   383   383 D PPDaemon: QDCM_Service_RegisterCallback() successful.
01-01 00:00:18.123   383   383 D PPDaemon: QDCM_Service_ErrorTypes InitUtility(): Exiting
01-01 00:00:18.123   383   383 D PPDaemon: intf.hContext = 0xb4f54180, qdcmContextHandle = 0xb4f54180
01-01 00:00:18.123   383   383 D PPDaemon: int dcm_os_intf_control(boolean): Exiting
01-01 00:00:18.126   249   249 I qdhwcomposer: Initializing Qualcomm Hardware Composer
01-01 00:00:18.126   249   249 I qdhwcomposer: MDP version: 500
01-01 00:00:18.126   249   249 I SurfaceFlinger: Using composer version 1.4
01-01 00:00:18.126   249   249 I qdhwcomposer: hwc_registerProcs
01-01 00:00:18.126   249   249 I qdhwcomposer: Initializing UEVENT Thread
01-01 00:00:18.127   249   249 I qdhwcomposer: Initializing VSYNC Thread
