01-01 00:00:42.074  1326  3712 D Wiper_jni: Inform wiper status.
01-01 00:00:42.074  1326  3712 D LBSSystemMonitorService: handleMessage what - 10
01-01 00:00:42.075  1326  3712 D LBSSystemMonitorService: handleMessage what - 15
01-01 00:00:42.076  1326  3712 D DeviceContext: handleMessage what - 0
01-01 00:00:42.077  1326  3712 D LBSSystemMonitorService: handleMessage what - 16
01-01 00:00:42.077  1326  3712 D DeviceContext: handleMessage what - 1
01-01 00:00:42.105  1326  1326 W XTWiFiOS: Constructor enter
01-01 00:00:42.106  1326  1326 W XTWiFiOS: Constructor exit
01-01 00:00:42.106  1326  1326 W XTWiFiOS: onCreate enter
01-01 00:00:42.109  1326  1326 V XTWiFiOS: GTP CELL PROC: MODEM GTP CELL AP mode: BASIC GTP WIFI mode: BASIC PIP mode: DISABLED
01-01 00:00:42.109  1326  1326 V XTWiFiOS: GTP AP CELL Disabled
01-01 00:00:42.110  1326  1326 V XTWiFiOS: Setting GTP WIFI mode to default mode: BASIC
01-01 00:00:42.110  1326  1326 V XTWiFiOS: Setting PIP mode to DISABLED
01-01 00:00:42.110  1326  1326 V XTWiFiOS: Setting GTP WAA mode to DISABLED
01-01 00:00:42.110  1326  1326 V XTWiFiOS: iZat enabled: true, GTP WIFI feature: true, GTP CELL AP feature: false, PIP feature: false, GTP WAA feature: false
01-01 00:00:42.110  1326  1326 V XTWiFiOS: iZat enabled is true, continue initialization
01-01 00:00:42.112  1326  1326 W XTWiFiOS: onCreate exit
01-01 00:00:42.127  1326  3727 W XTWiFiOS: OSAgentThead start
01-01 00:00:42.132  1326  1326 D         : Native Location Alarm Services JNI Onload 
01-01 00:00:42.132  1326  1326 E LAlarm  : Service created.
01-01 00:00:42.141  1326  3733 E LAlarm  : Thread created.
01-01 00:00:42.141  1326  3733 D         : jboolean locAlarmSvc::native_register(JNIEnv*, jobject)]62
01-01 00:00:42.141  1326  1326 E LAlarm  : Service started flags 0 startId 1
01-01 00:00:42.141  1326  1326 I MmsServiceBroker: MmsService connected
01-01 00:00:42.129  3733  3733 I Thread-140: type=1400 audit(0.0:42): avc: denied { unlink } for name="alarm_svc" dev="mmcblk0p25" ino=634026 scontext=u:r:system_server:s0 tcontext=u:object_r:location_data_file:s0 tclass=sock_file permissive=1
01-01 00:00:42.141  1326  3733 D OSAL    : socket_server_setup:87] succeeded. Return Val 250
01-01 00:00:42.141  1326  3733 D OSAL    : alarm_service_register: result of socket_server_setup was 250!
01-01 00:00:42.129  3733  3733 I Thread-140: type=1400 audit(0.0:43): avc: denied { create } for name="alarm_svc" scontext=u:r:system_server:s0 tcontext=u:object_r:location_data_file:s0 tclass=sock_file permissive=1
01-01 00:00:42.141  1326  3733 D         : jboolean locAlarmSvc::native_register(JNIEnv*, jobject)]67 alarm_register succeeded
01-01 00:00:42.141  1326  3733 D         : jint locAlarmSvc::native_wait_for_alarm()]42
01-01 00:00:42.141  1326  1326 V GeoFencerProxy: onServiceConnected: mGeoFencer - com.qualcomm.location.GeoFenceService$1@3f85beb3
01-01 00:00:42.129  3733  3733 I Thread-140: type=1400 audit(0.0:44): avc: denied { setattr } for name="alarm_svc" dev="mmcblk0p25" ino=634026 scontext=u:r:system_server:s0 tcontext=u:object_r:location_data_file:s0 tclass=sock_file permissive=1
01-01 00:00:42.142  1326  1326 V WiredAccessoryManager: device h2w connected
01-01 00:00:42.143   414  1387 E XTIA    : [inet-agent-cs] _process failed 4
01-01 00:00:42.143   414  1383 E XTIA    : [inet-agent-pos] _process failed 4
01-01 00:00:42.143   413   511 E LOWI-6.0.0.15: [LOWIEventReceiver] handleEvent failed
01-01 00:00:42.143   414  1385 E XTIA    : [inet-agent-tile] _process failed 4
01-01 00:00:42.143   414  1389 E XTIA    : [inet-agent-wwan-pos] _process failed 4
01-01 00:00:42.152   307  1432 D AudioPolicyManager: setDeviceConnectionState() could not find HW module for device 00020000
01-01 00:00:42.154  1326  3727 E XTWiFiOS: Unknown info notification
01-01 00:00:42.158  1326  1326 E NlpProxy: No NLPs exist to bind to!
01-01 00:00:42.159  1326  1326 V UlpService: +startAdditionalServices
01-01 00:00:42.159  1326  1326 V UlpService: -startAdditionalServices
01-01 00:00:42.160  1326  1326 E LocSvc_eng: I/===> int loc_eng_init(loc_eng_data_s_type&, LocCallbacks*, LOC_API_ADAPTER_EVENT_MASK_T, loc_core::ContextBase*) line 1629 
01-01 00:00:42.160  1326  1326 D LocSvc_jni: set_capabilities_callback: 49
01-01 00:00:42.160  1326  1326 E LocSvc_eng: I/===> void loc_eng_agps_init(loc_eng_data_s_type&, AGpsExtCallbacks*) line 2200 
01-01 00:00:42.160  1326  1326 E LocSvc_eng: I/===> void loc_eng_ni_init(loc_eng_data_s_type&, GpsNiExtCallbacks*) line 327 
01-01 00:00:42.163  3676  3676 I System  : Failed to destroy process 3732
01-01 00:00:42.163  3676  3676 I System  : android.system.ErrnoException: kill failed: ESRCH (No such process)
01-01 00:00:42.163  3676  3676 I System  : 	at libcore.io.Posix.kill(Native Method)
01-01 00:00:42.163  3676  3676 I System  : 	at libcore.io.ForwardingOs.kill(ForwardingOs.java:101)
01-01 00:00:42.163  3676  3676 I System  : 	at java.lang.ProcessManager$ProcessImpl.destroy(ProcessManager.java:260)
01-01 00:00:42.163  3676  3676 I System  : 	at com.sentera.updater.FirmwareVersions.getSystemProperties(FirmwareVersions.java:228)
01-01 00:00:42.163  3676  3676 I System  : 	at com.sentera.updater.FirmwareVersions.createDetailedSystemInfoFile(FirmwareVersions.java:60)
01-01 00:00:42.163  3676  3676 I System  : 	at com.sentera.updater.FirmwareUpdateService.onStartCommand(FirmwareUpdateService.java:69)
01-01 00:00:42.163  3676  3676 I System  : 	at android.app.ActivityThread.handleServiceArgs(ActivityThread.java:2864)
01-01 00:00:42.163  3676  3676 I System  : 	at android.app.ActivityThread.access$2100(ActivityThread.java:144)
01-01 00:00:42.163  3676  3676 I System  : 	at android.app.ActivityThread$H.handleMessage(ActivityThread.java:1376)
01-01 00:00:42.163  3676  3676 I System  : 	at android.os.Handler.dispatchMessage(Handler.java:102)
01-01 00:00:42.163  3676  3676 I System  : 	at android.os.Looper.loop(Looper.java:135)
01-01 00:00:42.163  3676  3676 I System  : 	at android.app.ActivityThread.main(ActivityThread.java:5221)
01-01 00:00:42.163  3676  3676 I System  : 	at java.lang.reflect.Method.invoke(Native Method)
01-01 00:00:42.163  3676  3676 I System  : 	at java.lang.reflect.Method.invoke(Method.java:372)
01-01 00:00:42.163  3676  3676 I System  : 	at com.android.internal.os.ZygoteInit$MethodAndArgsCaller.run(ZygoteInit.java:898)
01-01 00:00:42.163  3676  3676 I System  : 	at com.android.internal.os.ZygoteInit.main(ZygoteInit.java:693)
01-01 00:00:42.203  1326  1326 I ActivityManager: Start proc com.android.deskclock for broadcast com.android.deskclock/com.android.alarmclock.AnalogAppWidgetProvider: pid=3736 uid=10027 gids={50027, 9997, 1028} abi=armeabi-v7a
01-01 00:00:42.203  1326  1326 E LAlarm  : Service started flags 0 startId 2
01-01 00:00:42.217  3676  3676 W ActivityThread: ClassLoader.getResourceAsStream: The class loader returned by Thread.getContextClassLoader() may fail for processes that host multiple applications. You should explicitly specify a context class loader. For example: Thread.setContextClassLoader(getClass().getClassLoader());
01-01 00:00:42.224  1326  1326 D Ulp_jni : JNI:stop
01-01 00:00:42.224  1326  3671 E LocSvc_libulp: I/===> int ulp_msg_process_stop_req() line 546 
01-01 00:00:42.224  1326  3671 E LocSvc_libulp: I/int ulp_msg_process_stop_req(), at ulp state = 0
01-01 00:00:42.226  1453  3674 D MediaProvider: object removed 569
01-01 00:00:42.228  1453  3674 D MediaProvider: object removed 570
01-01 00:00:42.228  1453  3674 D MediaProvider: object removed 571
01-01 00:00:42.228  1453  3674 D MediaProvider: object removed 572
01-01 00:00:42.228  1453  3674 D MediaProvider: object removed 573
01-01 00:00:42.228  1453  3674 D MediaProvider: object removed 574
01-01 00:00:42.228  1453  3674 D MediaProvider: object removed 575
01-01 00:00:42.229  1453  3674 D MediaProvider: object removed 576
01-01 00:00:42.229  1453  3674 D MediaProvider: object removed 577
01-01 00:00:42.229  1453  3674 D MediaProvider: object removed 578
01-01 00:00:42.229  1453  3674 D MediaProvider: object removed 579
01-01 00:00:42.229  1453  3674 D MediaProvider: object removed 580
01-01 00:00:42.229  1453  3674 D MediaProvider: object removed 581
01-01 00:00:42.229  1453  3674 D MediaProvider: object removed 582
01-01 00:00:42.229  1453  3674 D MediaProvider: object removed 583
01-01 00:00:42.229  1453  3674 D MediaProvider: object removed 584
01-01 00:00:42.229  1453  3674 D MediaProvider: object removed 585
01-01 00:00:42.229  1453  3674 D MediaProvider: object removed 586
01-01 00:00:42.229  1453  3674 D MediaProvider: object removed 587
01-01 00:00:42.230  1453  3674 D MediaProvider: object removed 588
01-01 00:00:42.230  1453  3674 D MediaProvider: object removed 589
01-01 00:00:42.230  1453  3674 D MediaProvider: object removed 590
01-01 00:00:42.230  1453  3674 D MediaProvider: object removed 591
01-01 00:00:42.230  1453  3674 D MediaProvider: object removed 592
01-01 00:00:42.230  1453  3674 D MediaProvider: object removed 594
01-01 00:00:42.230  1453  3674 D MediaProvider: object removed 595
01-01 00:00:42.230  1453  3674 D MediaProvider: object removed 597
01-01 00:00:42.230  1453  3674 D MediaProvider: object removed 598
01-01 00:00:42.230  1453  3674 D MediaProvider: object removed 599
01-01 00:00:42.230  1453  3674 D MediaProvider: object removed 600
01-01 00:00:42.231  1453  3674 D MediaProvider: object removed 601
01-01 00:00:42.231  1453  3674 D MediaProvider: object removed 602
01-01 00:00:42.231  1453  3674 D MediaProvider: object removed 603
01-01 00:00:42.231  1453  3674 D MediaProvider: object removed 604
01-01 00:00:42.231  1453  3674 D MediaProvider: object removed 605
01-01 00:00:42.231  1453  3674 D MediaProvider: object removed 606
01-01 00:00:42.231  1453  3674 D MediaProvider: object removed 607
01-01 00:00:42.231  1453  3674 D MediaProvider: object removed 608
01-01 00:00:42.231  1453  3674 D MediaProvider: object removed 609
01-01 00:00:42.231  1453  3674 D MediaProvider: object removed 610
01-01 00:00:42.231  1453  3674 D MediaProvider: object removed 611
01-01 00:00:42.231  1453  3674 D MediaProvider: object removed 612
01-01 00:00:42.232  1453  3674 D MediaProvider: object removed 613
01-01 00:00:42.232  1453  3674 D MediaProvider: object removed 614
01-01 00:00:42.232  1453  3674 D MediaProvider: object removed 615
01-01 00:00:42.236  1453  3674 D MediaProvider: object removed 616
01-01 00:00:42.236  1453  3674 D MediaProvider: object removed 617
01-01 00:00:42.236  1453  3674 D MediaProvider: object removed 618
01-01 00:00:42.237  1453  3674 D MediaProvider: object removed 619
01-01 00:00:42.237  1453  3674 D MediaProvider: object removed 620
01-01 00:00:42.237  1453  3674 D MediaProvider: object removed 621
01-01 00:00:42.237  1453  3674 D MediaProvider: object removed 622
01-01 00:00:42.237  1453  3674 D MediaProvider: object removed 623
01-01 00:00:42.237  1453  3674 D MediaProvider: object removed 624
01-01 00:00:42.237  1453  3674 D MediaProvider: object removed 625
01-01 00:00:42.237  1453  3674 D MediaProvider: object removed 626
01-01 00:00:42.238  1453  3674 D MediaProvider: object removed 627
01-01 00:00:42.238  1453  3674 D MediaProvider: object removed 628
01-01 00:00:42.238  1453  3674 D MediaProvider: object removed 629
01-01 00:00:42.238  1453  3674 D MediaProvider: object removed 630
01-01 00:00:42.238  1453  3674 D MediaProvider: object removed 631
01-01 00:00:42.238  1453  3674 D MediaProvider: object removed 632
01-01 00:00:42.238  1453  3674 D MediaProvider: object removed 633
01-01 00:00:42.238  1453  3674 D MediaProvider: object removed 634
01-01 00:00:42.238  1453  3674 D MediaProvider: object removed 635
01-01 00:00:42.238  1453  3674 D MediaProvider: object removed 636
01-01 00:00:42.239  1453  3674 D MediaProvider: object removed 637
01-01 00:00:42.239  1453  3674 D MediaProvider: object removed 638
01-01 00:00:42.239  1453  3674 D MediaProvider: object removed 639
01-01 00:00:42.239  1453  3674 D MediaProvider: object removed 640
01-01 00:00:42.239  1453  3674 D MediaProvider: object removed 641
01-01 00:00:42.239  1453  3674 D MediaProvider: object removed 642
01-01 00:00:42.239  1453  3674 D MediaProvider: object removed 643
01-01 00:00:42.239  1453  3674 D MediaProvider: object removed 644
01-01 00:00:42.239  1453  3674 D MediaProvider: object removed 645
01-01 00:00:42.240  1453  3674 D MediaProvider: object removed 646
01-01 00:00:42.240  1453  3674 D MediaProvider: object removed 647
01-01 00:00:42.240  1453  3674 D MediaProvider: object removed 648
01-01 00:00:42.240  1453  3674 D MediaProvider: object removed 649
01-01 00:00:42.240  1453  3674 D MediaProvider: object removed 650
01-01 00:00:42.240  1453  3674 D MediaProvider: object removed 651
01-01 00:00:42.240  1453  3674 D MediaProvider: object removed 652
01-01 00:00:42.240  1453  3674 D MediaProvider: object removed 653
01-01 00:00:42.240  1453  3674 D MediaProvider: object removed 654
01-01 00:00:42.241  1453  3674 D MediaProvider: object removed 655
01-01 00:00:42.241  1453  3674 D MediaProvider: object removed 656
01-01 00:00:42.241  1453  3674 D MediaProvider: object removed 657
01-01 00:00:42.241  1453  3674 D MediaProvider: object removed 658
01-01 00:00:42.241  1453  3674 D MediaProvider: object removed 659
01-01 00:00:42.241  1453  3674 D MediaProvider: object removed 660
01-01 00:00:42.241  1453  3674 D MediaProvider: object removed 661
01-01 00:00:42.241  1453  3674 D MediaProvider: object removed 662
01-01 00:00:42.241  1453  3674 D MediaProvider: object removed 663
01-01 00:00:42.242  1453  3674 D MediaProvider: object removed 664
01-01 00:00:42.242  1453  3674 D MediaProvider: object removed 665
01-01 00:00:42.243  1453  3674 D MediaProvider: object removed 666
01-01 00:00:42.243  1453  3674 D MediaProvider: object removed 667
01-01 00:00:42.243  1453  3674 D MediaProvider: object removed 668
01-01 00:00:42.243  1453  3674 D MediaProvider: object removed 669
01-01 00:00:42.243  1453  3674 D MediaProvider: object removed 670
01-01 00:00:42.243  1453  3674 D MediaProvider: object removed 671
01-01 00:00:42.276  3676  3676 D FirmwareUpdateService: Checking for firmware in path: firmware
01-01 00:00:42.284  3676  3762 D FirmwareUpdateService: Checking for Firmware Updates...
01-01 00:00:42.287  3676  3762 W FirmwareChecker: Firmware folder does not exist at: /storage/sdcard1/firmware. Skipping update check and creating folder.
01-01 00:00:42.309  3676  3762 D FirmwareChecker: Update Check Complete.
01-01 00:00:42.309  3676  3762 D FirmwareUpdateService: Stopping Service...
01-01 00:00:42.320  1326  3610 I ActivityManager: Start proc com.android.music for broadcast com.android.music/.MediaButtonIntentReceiver: pid=3763 uid=10039 gids={50039, 9997, 3003, 1028, 1015, 3002} abi=armeabi-v7a
01-01 00:00:42.330  1489  1489 V KeyguardTouchDelegate: Connected to keyguard
01-01 00:00:42.374  1453  3674 D MediaProvider: object removed 672
01-01 00:00:42.374  1453  3674 D MediaProvider: object removed 673
01-01 00:00:42.374  1453  3674 D MediaProvider: object removed 674
01-01 00:00:42.374  1453  3674 D MediaProvider: object removed 675
01-01 00:00:42.375  1453  3674 D MediaProvider: object removed 676
01-01 00:00:42.375  1453  3674 D MediaProvider: object removed 677
01-01 00:00:42.375  1453  3674 D MediaProvider: object removed 678
01-01 00:00:42.375  1453  3674 D MediaProvider: object removed 679
01-01 00:00:42.375  1453  3674 D MediaProvider: object removed 680
01-01 00:00:42.375  1453  3674 D MediaProvider: object removed 681
01-01 00:00:42.375  1453  3674 D MediaProvider: object removed 682
01-01 00:00:42.375  1453  3674 D MediaProvider: object removed 683
01-01 00:00:42.375  1453  3674 D MediaProvider: object removed 684
01-01 00:00:42.375  1453  3674 D MediaProvider: object removed 685
01-01 00:00:42.375  1453  3674 D MediaProvider: object removed 686
01-01 00:00:42.376  1453  3674 D MediaProvider: object removed 687
01-01 00:00:42.376  1453  3674 D MediaProvider: object removed 688
01-01 00:00:42.376  1453  3674 D MediaProvider: object removed 689
01-01 00:00:42.376  1453  3674 D MediaProvider: object removed 690
01-01 00:00:42.376  1453  3674 D MediaProvider: object removed 691
01-01 00:00:42.376  1453  3674 D MediaProvider: object removed 692
01-01 00:00:42.376  1453  3674 D MediaProvider: object removed 693
01-01 00:00:42.376  1453  3674 D MediaProvider: object removed 694
01-01 00:00:42.376  1453  3674 D MediaProvider: object removed 695
01-01 00:00:42.376  1453  3674 D MediaProvider: object removed 696
01-01 00:00:42.376  1453  3674 D MediaProvider: object removed 697
01-01 00:00:42.377  1453  3674 D MediaProvider: object removed 698
01-01 00:00:42.377  1453  3674 D MediaProvider: object removed 699
01-01 00:00:42.377  1453  3674 D MediaProvider: object removed 700
01-01 00:00:42.377  1453  3674 D MediaProvider: object removed 701
01-01 00:00:42.377  1453  3674 D MediaProvider: object removed 702
01-01 00:00:42.377  1453  3674 D MediaProvider: object removed 703
01-01 00:00:42.377  1453  3674 D MediaProvider: object removed 704
01-01 00:00:42.377  1453  3674 D MediaProvider: object removed 705
01-01 00:00:42.377  1453  3674 D MediaProvider: object removed 706
01-01 00:00:42.377  1453  3674 D MediaProvider: object removed 707
01-01 00:00:42.377  1453  3674 D MediaProvider: object removed 708
01-01 00:00:42.377  1453  3674 D MediaProvider: object removed 709
01-01 00:00:42.377  1453  3674 D MediaProvider: object removed 710
01-01 00:00:42.377  1453  3674 D MediaProvider: object removed 711
01-01 00:00:42.377  1453  3674 D MediaProvider: object removed 712
01-01 00:00:42.377  1453  3674 D MediaProvider: object removed 713
01-01 00:00:42.378  1453  3674 D MediaProvider: object removed 714
01-01 00:00:42.378  1453  3674 D MediaProvider: object removed 715
01-01 00:00:42.378  1453  3674 D MediaProvider: object removed 716
01-01 00:00:42.378  1453  3674 D MediaProvider: object removed 717
01-01 00:00:42.378  1453  3674 D MediaProvider: object removed 718
01-01 00:00:42.378  1453  3674 D MediaProvider: object removed 719
01-01 00:00:42.378  1453  3674 D MediaProvider: object removed 720
01-01 00:00:42.378  1453  3674 D MediaProvider: object removed 721
01-01 00:00:42.378  1453  3674 D MediaProvider: object removed 722
01-01 00:00:42.378  1453  3674 D MediaProvider: object removed 723
01-01 00:00:42.378  1453  3674 D MediaProvider: object removed 724
01-01 00:00:42.378  1453  3674 D MediaProvider: object removed 725
01-01 00:00:42.378  1453  3674 D MediaProvider: object removed 726
01-01 00:00:42.378  1453  3674 D MediaProvider: object removed 727
01-01 00:00:42.378  1453  3674 D MediaProvider: object removed 728
01-01 00:00:42.378  1453  3674 D MediaProvider: object removed 729
01-01 00:00:42.379  1453  3674 D MediaProvider: object removed 730
01-01 00:00:42.379  1453  3674 D MediaProvider: object removed 731
01-01 00:00:42.379  1453  3674 D MediaProvider: object removed 732
01-01 00:00:42.379  1453  3674 D MediaProvider: object removed 733
01-01 00:00:42.379  1453  3674 D MediaProvider: object removed 734
01-01 00:00:42.379  1453  3674 D MediaProvider: object removed 735
01-01 00:00:42.379  1453  3674 D MediaProvider: object removed 736
01-01 00:00:42.379  1453  3674 D MediaProvider: object removed 737
01-01 00:00:42.379  1453  3674 D MediaProvider: object removed 738
01-01 00:00:42.379  1453  3674 D MediaProvider: object removed 739
01-01 00:00:42.379  1453  3674 D MediaProvider: object removed 740
01-01 00:00:42.379  1453  3674 D MediaProvider: object removed 741
01-01 00:00:42.379  1453  3674 D MediaProvider: object removed 742
01-01 00:00:42.380  3575  3575 D Launcher: Broadcasting Home Idle Screen Intent ...
01-01 00:00:42.393  3575  3782 D OpenGLRenderer: Render dirty regions requested: true
01-01 00:00:42.396  3763  3763 E MediaPlayer-JNI: QCMediaPlayer mediaplayer NOT present
01-01 00:00:42.396  3575  3575 D Atlas   : Validating map...
01-01 00:00:42.400  3763  3763 D RemoteControlClient: setBrowsedPlayerUpdateListener
01-01 00:00:42.400  3763  3763 D RemoteControlClient: setPlayItemListener
01-01 00:00:42.400  3763  3763 D RemoteControlClient: setNowPlayingEntriesUpdateListener
01-01 00:00:42.401  3763  3763 E RemoteControlClient: updateNowPlayingContentChange
01-01 00:00:42.401  3763  3763 D RemoteControlClient: updateNowPlayingContentChangeInt
01-01 00:00:42.402  3763  3763 D MediaSession: MediaSession: updateNowPlayingContentChange
01-01 00:00:42.402  1326  3607 D MediaSessionRecord: SessionStub: updateNowPlayingContentChange
01-01 00:00:42.424  3575  3782 I Adreno  : EGLInit: QTI Build: 01/16/15, 25d4fe7, 
01-01 00:00:42.460  3575  3782 I OpenGLRenderer: Initialized EGL, version 1.4
01-01 00:00:42.468  3575  3782 D OpenGLRenderer: Enabling debug mode 0
01-01 00:00:42.506  1453  3674 W MediaScanner: Error opening directory '/storage/usbotg/', skipping: No such file or directory.
01-01 00:00:42.532  1453  3674 V MediaScanner: pruneDeadThumbnailFiles... android.database.sqlite.SQLiteCursor@a3699d6
01-01 00:00:42.533  1453  3674 V MediaScanner: /pruneDeadThumbnailFiles... android.database.sqlite.SQLiteCursor@a3699d6
01-01 00:00:42.605  3575  3782 V RenderScript: Application requested CPU execution
01-01 00:00:42.613  3575  3782 V RenderScript: 0xa1576600 Launching thread(s), CPUs 4
01-01 00:00:42.643  1326  1343 W InputMethodManagerService: Focus gain on non-focused client com.android.internal.view.IInputMethodClient$Stub$Proxy@2e193c8a (uid=10008 pid=3575)
01-01 00:00:42.655  1326  1352 I ActivityManager: Displayed com.android.launcher/com.android.launcher2.Launcher: +974ms
01-01 00:00:42.655  1326  1352 I Timeline: Timeline: Activity_windows_visible id: ActivityRecord{3a633f16 u0 com.android.launcher/com.android.launcher2.Launcher t7} time:39843
01-01 00:00:42.757  3575  3575 I Timeline: Timeline: Activity_idle id: android.os.BinderProxy@27a0efea time:39945
01-01 00:00:42.758  1326  1347 V KeyguardServiceDelegate: *** Keyguard started
01-01 00:00:42.758  1326  1347 W KeyguardServiceDelegate: onScreenTurnedOn(): no keyguard service!
01-01 00:00:42.758  1326  1326 V KeyguardServiceDelegate: *** Keyguard connected (yay!)
01-01 00:00:42.761  1489  1803 W Settings: Setting airplane_mode_on has moved from android.provider.Settings.System to android.provider.Settings.Global, returning read-only value.
01-01 00:00:42.761  1489  1489 D PhoneStatusBar: disable: < expand icons alerts system_info back HOME* RECENT* clock SEARCH* >
01-01 00:00:42.762   248   299 D VoldCmdListener: cryptfs getpw
01-01 00:00:42.763   248   299 D VoldCmdListener: cryptfs clearpw
01-01 00:00:42.770  1489  1489 D PhoneStatusBar: disable: < expand ICONS* alerts SYSTEM_INFO* back HOME RECENT clock SEARCH >
01-01 00:00:42.773  1489  2449 D BluetoothAdapter: 945472153: getState() :  mService = null. Returning STATE_OFF
01-01 00:00:42.773  1489  2449 D BluetoothAdapter: 945472153: getState() :  mService = null. Returning STATE_OFF
01-01 00:00:42.780  1489  2449 D BluetoothAdapter: 945472153: getState() :  mService = null. Returning STATE_OFF
01-01 00:00:42.780  1489  2449 D BluetoothAdapter: 945472153: getState() :  mService = null. Returning STATE_OFF
01-01 00:00:42.788  1489  1489 W Settings: Setting airplane_mode_on has moved from android.provider.Settings.System to android.provider.Settings.Global, returning read-only value.
01-01 00:00:42.791  3456  3602 W QCNEJ   : |CORE| No family connected
01-01 00:00:42.793  3456  3602 E QCNEJ   : |CORE| Feature WQE is not enabled
01-01 00:00:42.805  1489  1489 D PhoneStatusBar: disable: < expand ICONS alerts SYSTEM_INFO back HOME RECENT clock SEARCH >
01-01 00:00:42.799   406   406 I sh      : type=1400 audit(0.0:45): avc: denied { append } for name="performance_log.csv" dev="fuse" ino=3062923440 scontext=u:r:init:s0 tcontext=u:object_r:fuse:s0 tclass=file permissive=1
01-01 00:00:42.799   406   406 I sh      : type=1400 audit(0.0:46): avc: denied { open } for path="/storage/sdcard1/info/logs/performance_log.csv" dev="fuse" ino=3062923440 scontext=u:r:init:s0 tcontext=u:object_r:fuse:s0 tclass=file permissive=1
01-01 00:00:42.833  1326  1372 V Sensors : HAL:input data has partial packet
01-01 00:00:42.833  1326  1372 V Sensors : HAL:input data mLeftOverBufferSize=8
01-01 00:00:42.833  1326  1372 V Sensors : HAL:input catch up retrieve rdata=:16, 0, 0, 0, 2, 0, 135, 195
01-01 00:00:42.884  1326  1372 E Sensors : HAL:input invalid data_format 0x00
01-01 00:00:42.964  1326  1715 V KeyguardServiceDelegate: **** SHOWN CALLED ****
01-01 00:00:42.997   249   289 I SurfaceFlinger: Boot is finished (27678 ms)
01-01 00:00:43.207  1326  1352 I SystemServiceManager: Starting phase 1000
01-01 00:00:43.232  3894  3894 E wifi_ap.sh: WIFI_AP: Toggling! 
01-01 00:00:43.242  1326  3888 I ActivityManager: Start proc com.android.keychain for service com.android.keychain/.KeyChainService: pid=3898 uid=1000 gids={41000, 9997, 3002, 3001, 1028, 1015, 3003, 3005, 1021, 3004, 1000, 3009, 1023, 1010, 2001, 1007} abi=armeabi-v7a
01-01 00:00:43.247  3736  3736 V AlarmClock: AlarmInitReceiver android.intent.action.BOOT_COMPLETED
01-01 00:00:43.247  1326  3910 I RecoverySystem: No recovery log file
01-01 00:00:43.257  1326  3910 I BootReceiver: Copying audit failures to DropBox
01-01 00:00:43.257  1326  3910 I BootReceiver: Checking for fsck errors
01-01 00:00:43.273  3575  3782 W OpenGLRenderer: Incorrectly called buildLayer on View: ShortcutAndWidgetContainer, destroying layer...
01-01 00:00:43.274  3927  3927 E wifi_ap.sh: WIFI_AP: Enabling! 
01-01 00:00:43.287  3932  3932 E wifi_ap.sh: WIFI_AP: Starting AP with ssid: Sentera_21020-02_0066 password: 00660066 and channel: 9 on ip: 192.168.43.1 (root: 192.168.43) 
01-01 00:00:43.318  3736  3950 V AlarmClock: AlarmInitReceiver - Reset timers and clear stopwatch data
01-01 00:00:43.339  3736  3950 V AlarmClock: AlarmInitReceiver finished
01-01 00:00:43.371  1326  1343 I ActivityManager: Start proc com.android.dialer for broadcast com.android.dialer/.calllog.CallLogReceiver: pid=3960 uid=10005 gids={50005, 9997, 3003, 1028, 1015} abi=armeabi-v7a
01-01 00:00:43.380   323   323 I art     : Explicit concurrent mark sweep GC freed 706(30KB) AllocSpace objects, 0(0B) LOS objects, 89% free, 114KB/1138KB, paused 130us total 8.549ms
01-01 00:00:43.388   323   323 I art     : Explicit concurrent mark sweep GC freed 5(160B) AllocSpace objects, 0(0B) LOS objects, 89% free, 114KB/1138KB, paused 102us total 5.976ms
01-01 00:00:43.395   323   323 I art     : Explicit concurrent mark sweep GC freed 5(160B) AllocSpace objects, 0(0B) LOS objects, 89% free, 114KB/1138KB, paused 98us total 5.414ms
01-01 00:00:43.493  3960  3960 D ExtensionsFactory: No custom extensions.
01-01 00:00:43.499  3554  3554 V PhoneApp: onCreate()...
01-01 00:00:43.636  1326  1419 D ConnectivityService: Got NetworkFactory Messenger for Telephony
01-01 00:00:43.646  3554  3554 D TelephonyProvider: dbh.onOpen: ok, queried table=siminfo
01-01 00:00:43.646  3554  3554 D TelephonyProvider: dbh.onOpen: ok, queried table=carriers
01-01 00:00:43.683  1326  3607 I ActivityManager: Start proc com.android.smspush for service com.android.smspush/.WapPushManager: pid=3996 uid=10054 gids={50054, 9997} abi=armeabi-v7a
01-01 00:00:43.701  1326  1346 D GpsLocationProvider: received SIM realted action: android.intent.action.SIM_STATE_CHANGED
01-01 00:00:43.702  1489  1489 D StatusBar.NetworkController: updateSimState, sim state is: NOT_READY
01-01 00:00:43.702  1489  1489 D StatusBar.NetworkController: updateSimState: mSimState=UNKNOWN
01-01 00:00:43.702  1489  1489 D StatusBar.NetworkController: In updateSimIcon simState= UNKNOWN
01-01 00:00:43.703  1489  1489 D StatusBar.NetworkController: refreshViews: Data not connected!! Set no data type icon / Roaming
01-01 00:00:43.703  1489  1489 D StatusBar.NetworkController: refreshViews connected={ } level=?? combinedSignalIconId=0x0/(null) combinedActivityIconId=0x0 mobileLabel= wifiLabel=No Internet connection emergencyOnly=false combinedLabel=No Internet connection mAirplaneMode=false mDataActivity=0 mPhoneSignalIconId=0x0/(null) mQSPhoneSignalIconId=0x0/(null) mDataDirectionIconId=0x0/(null) mDataSignalIconId=0x0/(null) mDataTypeIconId=0x0/(null) mQSDataTypeIconId=0x0/(null) mNoSimIconId=0x0/(null) mWifiIconId=0x0/(null) mQSWifiIconId=0x0/(null) mWifiActivityIconId=0x0/(null) mBluetoothTetherIconId=0x1080699/android:drawable/stat_sys_tether_bluetooth
01-01 00:00:43.703  1489  1489 D StatusBar.NetworkController: refreshSignalCluster - setMobileDataIndicators:  mHasMobileDataFeature = false mPhoneSignalIconId = (null) mDataSignalIconId = (null) mMobileActivityIconId = (null) mDataTypeIconId = (null) mNoSimIconId = (null)
01-01 00:00:43.703  1489  1489 D StatusBar.NetworkController: refreshSignalCluster - setMobileDataIndicators:  mHasMobileDataFeature = false mPhoneSignalIconId = (null) mDataSignalIconId = (null) mMobileActivityIconId = (null) mDataTypeIconId = (null) mNoSimIconId = (null)
01-01 00:00:43.704  1489  1489 D StatusBar.NetworkController: refreshSignalCluster - setMobileDataIndicators:  mHasMobileDataFeature = false mPhoneSignalIconId = (null) mDataSignalIconId = (null) mMobileActivityIconId = (null) mDataTypeIconId = (null) mNoSimIconId = (null)
01-01 00:00:43.704  1489  1489 D StatusBar.NetworkController: changing data overlay icon id to 0
01-01 00:00:43.704  1489  1489 D StatusBar.NetworkController: updateDataIcon, mDataDirectionIconId = (null) mDataConnected = false
01-01 00:00:43.704  1489  1489 D StatusBar.NetworkController: refreshViews: Data not connected!! Set no data type icon / Roaming
01-01 00:00:43.704  1489  1489 D StatusBar.NetworkController: refreshViews connected={ } level=?? combinedSignalIconId=0x0/(null) combinedActivityIconId=0x0 mobileLabel= wifiLabel=No Internet connection emergencyOnly=false combinedLabel=No Internet connection mAirplaneMode=false mDataActivity=0 mPhoneSignalIconId=0x0/(null) mQSPhoneSignalIconId=0x0/(null) mDataDirectionIconId=0x0/(null) mDataSignalIconId=0x0/(null) mDataTypeIconId=0x0/(null) mQSDataTypeIconId=0x0/(null) mNoSimIconId=0x0/(null) mWifiIconId=0x0/(null) mQSWifiIconId=0x0/(null) mWifiActivityIconId=0x0/(null) mBluetoothTetherIconId=0x1080699/android:drawable/stat_sys_tether_bluetooth
01-01 00:00:43.704  1489  1489 D PhoneStatusBarPolicy: updateSimState for subId :-1
01-01 00:00:43.709  1489  1489 D PhoneStatusBarPolicy: updateSimState for phoneId :0
01-01 00:00:43.710  1489  1489 D PhoneStatusBarPolicy: updateSimState for Slot :-1
01-01 00:00:43.710  1326  1346 D GpsLocationProvider: SIM MCC/MNC is still not available
01-01 00:00:43.714  3554  3554 D DcSwitchState: [DcSwitchState-0] DcSwitchState constructor E
01-01 00:00:43.714  3554  3554 D DcSwitchState: [DcSwitchState-0] DcSwitchState constructor X
01-01 00:00:43.750  3554  3554 D PhoneApp: startImsService
01-01 00:00:43.753  3554  3554 D PhoneApp: onCreate: mUpdateLock: android.os.UpdateLock@39b75470
01-01 00:00:43.754  3554  3554 D CallController: CallController constructor: app = com.android.phone.PhoneGlobals@2d6943e9
01-01 00:00:43.754  3554  3554 D CallerInfoCache: init()
01-01 00:00:43.754  3554  3554 D CallerInfoCache: startAsyncCache
01-01 00:00:43.757  3554  4023 D CallerInfoCache: Start refreshing cache.
01-01 00:00:43.760  3554  3554 D PhoneInterfaceManager: [PhoneIntfMgr] publish: com.android.phone.PhoneInterfaceManager@12551b0f
01-01 00:00:43.761  3554  3554 D CallStateMonitor: Adding Handler: Handler (com.android.phone.CallNotifier) {3915479c}
01-01 00:00:43.764  1326  1351 D BluetoothManagerService: Message: 20
01-01 00:00:43.764  1326  1351 D BluetoothManagerService: Added callback: android.bluetooth.IBluetoothManagerCallback$Stub$Proxy@9f9ab20:true
01-01 00:00:43.768  1326  1351 D BluetoothManagerService: Message: 30
01-01 00:00:43.772  3554  3554 V PhoneApp: register for ICC status
01-01 00:00:43.779  3554  4023 D CallerInfoCache: Caching entries are done. Total: 0
01-01 00:00:43.783  3554  3554 I Telephony: TtyManager: updateUiTtyMode -1 -> 0
01-01 00:00:43.790  1326  1419 D ConnectivityService: Got NetworkFactory Messenger for WIFI
01-01 00:00:43.791  1326  1417 D WIFI    : got request NetworkRequest [ id=1, legacyType=-1, [ Capabilities: INTERNET&NOT_RESTRICTED&TRUSTED&NOT_VPN] ] with score 0
01-01 00:00:43.823  1326  1342 I ActivityManager: Start proc com.android.providers.calendar for broadcast com.android.providers.calendar/.CalendarReceiver: pid=4031 uid=10001 gids={50001, 9997, 3003, 1028, 1015} abi=armeabi-v7a
01-01 00:00:43.837  1489  1489 D CarrierLabel: updateNetworkName showSpn=false spn= showPlmn=true plmn=No service.
01-01 00:00:43.837  1489  1489 D StatusBar.NetworkController: refreshViews: Data not connected!! Set no data type icon / Roaming
01-01 00:00:43.838  1489  1489 D StatusBar.NetworkController: refreshViews connected={ } level=?? combinedSignalIconId=0x0/(null) combinedActivityIconId=0x0 mobileLabel= wifiLabel=No Internet connection emergencyOnly=false combinedLabel=No Internet connection mAirplaneMode=false mDataActivity=0 mPhoneSignalIconId=0x0/(null) mQSPhoneSignalIconId=0x0/(null) mDataDirectionIconId=0x0/(null) mDataSignalIconId=0x0/(null) mDataTypeIconId=0x0/(null) mQSDataTypeIconId=0x0/(null) mNoSimIconId=0x0/(null) mWifiIconId=0x0/(null) mQSWifiIconId=0x0/(null) mWifiActivityIconId=0x0/(null) mBluetoothTetherIconId=0x1080699/android:drawable/stat_sys_tether_bluetooth
01-01 00:00:43.838  1489  1489 D StatusBar.NetworkController: onServiceStateChanged voiceState=1 dataState=1
01-01 00:00:43.838  1489  1489 D StatusBar.NetworkController: Combining data service state 1 for signal
01-01 00:00:43.838  1489  1489 D StatusBar.NetworkController: updateIconSet, voice network type is: 0/UNKNOWN, data network type is: 0/UNKNOWN
01-01 00:00:43.838  1489  1489 D StatusBar.NetworkController:  chosenNetworkType=0 hspaDataDistinguishable=false hspapDistinguishable=false showAtLeastThreeGees=false
01-01 00:00:43.838  1489  1489 D TelephonyIcons: updateDataType sub=0, type=0, inetCondition=0 showAtLeast3G=false show4GforLte=true hspaDistinguishable=false
01-01 00:00:43.838  1489  1489 D TelephonyIcons: data type item name: array/telephony_data_type_sim1
01-01 00:00:43.839  1489  1489 D TelephonyIcons: data type item id: 2131099652
01-01 00:00:43.839  1489  1489 D TelephonyIcons: updateDataType mSelectedDataTypeIcon[0]=0, mSelectedDataActivityIndex=0
01-01 00:00:43.839  1489  1489 D StatusBar.NetworkController: hasService: mServiceState=1 1 home null null null  Unknown Unknown CSS not supported -1 -1 RoamInd=-1 DefRoamInd=-1 EmergOnly=false retVal=false
01-01 00:00:43.839  1489  1489 D StatusBar.NetworkController: updateTelephonySignalStrength: hasService=false ss=null
01-01 00:00:43.839  1489  1489 D StatusBar.NetworkController: hasService: mServiceState=1 1 home null null null  Unknown Unknown CSS not supported -1 -1 RoamInd=-1 DefRoamInd=-1 EmergOnly=false retVal=false
01-01 00:00:43.839  1489  1489 D TelephonyIcons: null signal icon name: drawable/stat_sys_signal_null
01-01 00:00:43.840  1489  1489 D StatusBar.NetworkController: updateTelephonySignalStrength, No signal level. mPhoneSignalIconId = com.android.systemui:drawable/stat_sys_signal_null mDataSignalIconId = com.android.systemui:drawable/stat_sys_signal_null mQSPhoneSignalIconId = com.android.systemui:drawable/ic_qs_signal_no_signal mContentDescriptionPhoneSignal = No phone.
01-01 00:00:43.843  1489  1489 D StatusBar.NetworkController: updateDataNetType, mDataTypeIconId = (null) mQSDataTypeIconId = (null) mContentDescriptionDataType = 0
01-01 00:00:43.843  1489  1489 D StatusBar.NetworkController: updateDataIcon, mDataDirectionIconId = (null) mDataConnected = false
01-01 00:00:43.843  1489  1489 D CarrierLabel: updateNetworkName showSpn=false spn= showPlmn=true plmn=No service.
01-01 00:00:43.843  1489  1489 D StatusBar.NetworkController: refreshViews: Data not connected!! Set no data type icon / Roaming
01-01 00:00:43.844  1489  1489 D StatusBar.NetworkController: refreshViews connected={ } level=?? combinedSignalIconId=0x0/(null) combinedActivityIconId=0x0 mobileLabel= wifiLabel=No Internet connection emergencyOnly=false combinedLabel=No Internet connection mAirplaneMode=false mDataActivity=0 mPhoneSignalIconId=0x0/(null) mQSPhoneSignalIconId=0x0/(null) mDataDirectionIconId=0x0/(null) mDataSignalIconId=0x0/(null) mDataTypeIconId=0x0/(null) mQSDataTypeIconId=0x0/(null) mNoSimIconId=0x0/(null) mWifiIconId=0x0/(null) mQSWifiIconId=0x0/(null) mWifiActivityIconId=0x0/(null) mBluetoothTetherIconId=0x1080699/android:drawable/stat_sys_tether_bluetooth
01-01 00:00:43.845  1489  1489 D KeyguardUpdateMonitor: ACTION_SERVICE_STATE_CHANGED on sub: -1 showSpn:false showPlmn:true mServiceState: 1 1 home null null null  Unknown Unknown CSS not supported -1 -1 RoamInd=-1 DefRoamInd=-1 EmergOnly=false
01-01 00:00:43.849  3554  3554 D PhoneApp: getPhone phoneId:-1000
01-01 00:00:43.853  3554  3554 D PhoneApp: getPhone phoneId:-1000
01-01 00:00:43.855  3554  3554 D PhoneApp: getPhone phoneId:-1000
01-01 00:00:43.862  3554  3554 D PhoneApp: getPhone phoneId:-1000
01-01 00:00:43.865  3554  3554 D PhoneApp: getPhone phoneId:-1000
01-01 00:00:43.867  3554  3554 D PhoneApp: getPhone phoneId:-1000
01-01 00:00:43.870  4031  4031 W ResourcesManager: Asset path '/system/framework/android.test.runner.jar' does not exist or contains no resources.
01-01 00:00:43.871  3554  3554 D PhoneApp: getPhone phoneId:-1000
01-01 00:00:43.874  3554  3554 D PhoneApp: getPhone phoneId:-1000
01-01 00:00:43.878  3554  3554 D PhoneApp: getPhone phoneId:-1000
01-01 00:00:43.881  3554  3554 D PhoneApp: getPhone phoneId:-1000
01-01 00:00:43.885  3554  3554 D PhoneApp: getPhone phoneId:-1000
01-01 00:00:43.887  3554  3554 D PhoneApp: getPhone phoneId:-1000
01-01 00:00:43.890  3554  3554 D PhoneApp: getPhone phoneId:-1000
01-01 00:00:43.894  3554  3554 D PhoneApp: getPhone phoneId:-1000
01-01 00:00:43.897  3554  3554 D PhoneApp: getPhone phoneId:-1000
01-01 00:00:43.900  3554  3554 D PhoneApp: getPhone phoneId:-1000
01-01 00:00:43.904  3554  3554 D PhoneApp: getPhone phoneId:-1000
01-01 00:00:43.906  3554  3554 D PhoneApp: getPhone phoneId:-1000
01-01 00:00:43.909  3554  3554 D PhoneApp: getPhone phoneId:-1000
01-01 00:00:43.914  3554  3554 D PhoneApp: getPhone phoneId:-1000
01-01 00:00:43.918  3554  3554 D PhoneApp: getPhone phoneId:-1000
01-01 00:00:43.922  4031  4031 I CalendarProvider2: Created com.android.providers.calendar.CalendarAlarmManager@18cdc3b2(com.android.providers.calendar.CalendarProvider2@ee8bf03)
01-01 00:00:43.926  3554  3554 D PhoneApp: getPhone phoneId:-1000
01-01 00:00:43.929  3554  3554 D PhoneApp: getPhone phoneId:-1000
01-01 00:00:43.932  3554  3554 D PhoneApp: getPhone phoneId:-1000
01-01 00:00:43.936  3554  3554 D PhoneApp: getPhone phoneId:-1000
01-01 00:00:43.943  3554  3554 D PhoneApp: getPhone phoneId:-1000
01-01 00:00:43.945  3554  3554 D PhoneApp: getPhone phoneId:-1000
01-01 00:00:43.947  3554  3554 D PhoneApp: getPhone phoneId:-1000
01-01 00:00:43.949  3554  3554 D PhoneApp: getPhone phoneId:-1000
01-01 00:00:43.951  3554  3554 D PhoneApp: getPhone phoneId:-1000
01-01 00:00:43.956  3554  3554 D PhoneApp: getPhone phoneId:-1000
01-01 00:00:43.960  3554  3554 D PhoneApp: getPhone phoneId:-1000
01-01 00:00:43.962  3554  3554 D TelephonyNetworkFactory-1: got request NetworkRequest [ id=1, legacyType=-1, [ Capabilities: INTERNET&NOT_RESTRICTED&TRUSTED&NOT_VPN] ] with score 0
01-01 00:00:43.964  3554  3554 D TelephonyDebugService: TelephonyDebugService()
01-01 00:00:43.972  1326  1418 D WifiService: New client listening to asynchronous messages
01-01 00:00:44.005  1326  1343 I ActivityManager: Start proc com.android.managedprovisioning for broadcast com.android.managedprovisioning/.BootReminder: pid=4147 uid=10009 gids={50009, 9997, 1028, 3003} abi=armeabi-v7a
01-01 00:00:44.018  1326  1351 D Tethering: sendTetherStateChangedBroadcast 1, 0, 0
01-01 00:00:44.028  1326  1351 D Tethering: InitialState.processMessage what=4
01-01 00:00:44.028  1326  1351 D Tethering: sendTetherStateChangedBroadcast 0, 0, 0
01-01 00:00:44.033  3554  3571 I art     : Background sticky concurrent mark sweep GC freed 3667(286KB) AllocSpace objects, 2(32KB) LOS objects, 19% free, 1591KB/1972KB, paused 7.854ms total 22.770ms
01-01 00:00:44.035  3554  3554 D ImsService: ImsService created!
01-01 00:00:44.044  3554  3554 D ImsSenderRxr: Starting IFMsg_Rxr[SUB0]
01-01 00:00:44.050  3554  3554 D ImsSenderRxr: [0000]> REQUEST_QUERY_SERVICE_STATUS[SUB0]
01-01 00:00:44.050  3554  3554 D ImsSenderRxr: Message data: [0, 0, 0, 12, 11, 13, 0, 0, 0, 0, 16, 1, 24, 29, 32, 0][SUB0]
01-01 00:00:44.050  3554  3554 D ImsSenderRxr: [0000]< REQUEST_QUERY_SERVICE_STATUS error: 1
01-01 00:00:44.051  3554  4168 E ImsSenderRxr: Exception in socket create'java.io.IOException: No such file or directory
01-01 00:00:44.070   317   317 D WLAN_PSA: NL BCAST MSG KDriver Not ready yet : KNLREADY
01-01 00:00:44.070   317   317 D WLAN_PSA: NL BCAST MSG Received, Kernel ready, connect LN
01-01 00:00:44.072   317   317 D WLAN_PSA: Register APP Socket to kernel
01-01 00:00:44.072   317   317 V WLAN_PSA: NL MSG, len[009], NL type[0xA308] WNI type[0x4541] len[17497]
01-01 00:00:44.072   317   317 V WLAN_PSA: NL MSG, PID: 0
01-01 00:00:44.072   317   317 V WLAN_PSA: NL MSG, len[056], NL type[0x11] WNI type[0x   2] len[036]
01-01 00:00:44.072   317   317 V WLAN_PSA: NL MSG, PID: 317
01-01 00:00:44.072   317   317 V WLAN_PSA: NL MSG, len[009], NL type[0x101] WNI type[0x4541] len[17497]
01-01 00:00:44.072   317   317 V WLAN_PSA: NL MSG, PID: 0
01-01 00:00:44.072   317   317 V WLAN_PSA: NL MSG, len[056], NL type[0x11] WNI type[0x   2] len[036]
01-01 00:00:44.072   317   317 V WLAN_PSA: NL MSG, PID: 317
01-01 00:00:44.074  1326  1716 I art     : Explicit concurrent mark sweep GC freed 3493(255KB) AllocSpace objects, 2(32KB) LOS objects, 33% free, 6MB/10MB, paused 701us total 34.619ms
01-01 00:00:44.081  3554  3554 D         : jint JNI_OnLoad(JavaVM*, void*)
01-01 00:00:44.082  3554  3554 D         : JvmPtr initialized to -1256865152
01-01 00:00:44.082  3554  3554 D ims_media_jni: int register_ims_media(JNIEnv*)
01-01 00:00:44.119  3554  3554 D VideoCall_ImsMedia: Registering for Media Listener
01-01 00:00:44.120  3554  3554 E ImsServiceSub: ImsServiceClassTracker not found.
01-01 00:00:44.120  3554  3554 D ImsService: initSubscriptionStatus: Not multi-sim...
01-01 00:00:44.121  3554  3554 D CallNotifier: onMwiChanged(): false phoneId = 0
01-01 00:00:44.122  3554  3554 D NotificationMgr: updateMwi(): false phoneId = 0
01-01 00:00:44.123  3554  3554 D CallNotifier: onCfiChanged(): false
01-01 00:00:44.123  3554  3554 D NotificationMgr: updateCfi(): false phoneId = 0
01-01 00:00:44.127  3554  3554 D Telephony: TtyManager: setTTYMode exception: com.android.internal.telephony.CommandException: RADIO_NOT_AVAILABLE
01-01 00:00:44.127  3554  3554 V OtaStartupReceiver: onOtaspChanged: mOtaspMode=0
01-01 00:00:44.135  1326  1346 D GpsLocationProvider: received SIM realted action: android.intent.action.ACTION_SUBINFO_RECORD_UPDATED
01-01 00:00:44.140  3554  3554 D PhoneApp: getPhone phoneId:0
01-01 00:00:44.140  1326  1346 D GpsLocationProvider: SIM MCC/MNC is still not available
01-01 00:00:44.142  3554  3554 D PhoneApp: mReceiver: ACTION_ANY_DATA_CONNECTION_STATE_CHANGED
01-01 00:00:44.142  3554  3554 D PhoneApp: - state: DISCONNECTED
01-01 00:00:44.142  3554  3554 D PhoneApp: - reason: radioTurnedOff
01-01 00:00:44.142  3554  3554 D PhoneApp: mReceiver: ACTION_ANY_DATA_CONNECTION_STATE_CHANGED
01-01 00:00:44.142  3554  3554 D PhoneApp: - state: DISCONNECTED
01-01 00:00:44.142  3554  3554 D PhoneApp: - reason: radioTurnedOff
01-01 00:00:44.142  3554  3554 D PhoneApp: mReceiver: ACTION_ANY_DATA_CONNECTION_STATE_CHANGED
01-01 00:00:44.142  3554  3554 D PhoneApp: - state: DISCONNECTED
01-01 00:00:44.142  3554  3554 D PhoneApp: - reason: radioTurnedOff
01-01 00:00:44.143  3554  3554 D PhoneApp: mReceiver: ACTION_ANY_DATA_CONNECTION_STATE_CHANGED
01-01 00:00:44.143  3554  3554 D PhoneApp: - state: DISCONNECTED
01-01 00:00:44.143  3554  3554 D PhoneApp: - reason: radioTurnedOff
01-01 00:00:44.143  3554  3554 D PhoneApp: mReceiver: ACTION_ANY_DATA_CONNECTION_STATE_CHANGED
01-01 00:00:44.143  3554  3554 D PhoneApp: - state: DISCONNECTED
01-01 00:00:44.143  3554  3554 D PhoneApp: - reason: radioTurnedOff
01-01 00:00:44.143  3554  3554 D PhoneApp: mReceiver: ACTION_ANY_DATA_CONNECTION_STATE_CHANGED
01-01 00:00:44.143  3554  3554 D PhoneApp: - state: DISCONNECTED
01-01 00:00:44.143  3554  3554 D PhoneApp: - reason: radioTurnedOff
01-01 00:00:44.144  3554  3554 D PhoneApp: mReceiver: ACTION_ANY_DATA_CONNECTION_STATE_CHANGED
01-01 00:00:44.144  3554  3554 D PhoneApp: - state: DISCONNECTED
01-01 00:00:44.144  3554  3554 D PhoneApp: - reason: radioTurnedOff
01-01 00:00:44.144  3554  3554 D PhoneApp: mReceiver: ACTION_ANY_DATA_CONNECTION_STATE_CHANGED
01-01 00:00:44.144  3554  3554 D PhoneApp: - state: DISCONNECTED
01-01 00:00:44.144  3554  3554 D PhoneApp: - reason: radioTurnedOff
01-01 00:00:44.144  3554  3554 D PhoneApp: mReceiver: ACTION_ANY_DATA_CONNECTION_STATE_CHANGED
01-01 00:00:44.144  3554  3554 D PhoneApp: - state: DISCONNECTED
01-01 00:00:44.144  3554  3554 D PhoneApp: - reason: radioTurnedOff
01-01 00:00:44.145  3554  3554 D PhoneApp: mReceiver: ACTION_ANY_DATA_CONNECTION_STATE_CHANGED
01-01 00:00:44.145  3554  3554 D PhoneApp: - state: DISCONNECTED
01-01 00:00:44.145  3554  3554 D PhoneApp: - reason: radioTurnedOff
01-01 00:00:44.145  3554  3554 D PhoneApp: mReceiver: ACTION_ANY_DATA_CONNECTION_STATE_CHANGED
01-01 00:00:44.145  3554  3554 D PhoneApp: - state: DISCONNECTED
01-01 00:00:44.145  3554  3554 D PhoneApp: - reason: radioTurnedOff
01-01 00:00:44.145  3554  3554 D PhoneApp: mReceiver: ACTION_ANY_DATA_CONNECTION_STATE_CHANGED
01-01 00:00:44.145  3554  3554 D PhoneApp: - state: DISCONNECTED
01-01 00:00:44.145  3554  3554 D PhoneApp: - reason: radioTurnedOff
01-01 00:00:44.146  3554  3554 D PhoneApp: mReceiver: ACTION_ANY_DATA_CONNECTION_STATE_CHANGED
01-01 00:00:44.146  3554  3554 D PhoneApp: - state: DISCONNECTED
01-01 00:00:44.146  3554  3554 D PhoneApp: - reason: radioTurnedOff
01-01 00:00:44.146  3554  3554 D PhoneApp: mReceiver: ACTION_ANY_DATA_CONNECTION_STATE_CHANGED
01-01 00:00:44.146  3554  3554 D PhoneApp: - state: DISCONNECTED
01-01 00:00:44.146  3554  3554 D PhoneApp: - reason: radioTurnedOff
01-01 00:00:44.146  3554  3554 D PhoneApp: mReceiver: ACTION_ANY_DATA_CONNECTION_STATE_CHANGED
01-01 00:00:44.146  3554  3554 D PhoneApp: - state: DISCONNECTED
01-01 00:00:44.146  3554  3554 D PhoneApp: - reason: radioTurnedOff
01-01 00:00:44.147  3554  3554 D PhoneApp: mReceiver: ACTION_ANY_DATA_CONNECTION_STATE_CHANGED
01-01 00:00:44.147  3554  3554 D PhoneApp: - state: DISCONNECTED
01-01 00:00:44.147  3554  3554 D PhoneApp: - reason: radioTurnedOff
01-01 00:00:44.147  3554  3554 D PhoneApp: mReceiver: ACTION_ANY_DATA_CONNECTION_STATE_CHANGED
01-01 00:00:44.147  3554  3554 D PhoneApp: - state: DISCONNECTED
01-01 00:00:44.147  3554  3554 D PhoneApp: - reason: dataDetached
01-01 00:00:44.147  3554  3554 D PhoneApp: mReceiver: ACTION_ANY_DATA_CONNECTION_STATE_CHANGED
01-01 00:00:44.147  3554  3554 D PhoneApp: - state: DISCONNECTED
01-01 00:00:44.147  3554  3554 D PhoneApp: - reason: dataDetached
01-01 00:00:44.148  3554  3554 D PhoneApp: mReceiver: ACTION_ANY_DATA_CONNECTION_STATE_CHANGED
01-01 00:00:44.148  3554  3554 D PhoneApp: - state: DISCONNECTED
01-01 00:00:44.148  3554  3554 D PhoneApp: - reason: dataDetached
01-01 00:00:44.148  3554  3554 D PhoneApp: mReceiver: ACTION_ANY_DATA_CONNECTION_STATE_CHANGED
01-01 00:00:44.148  3554  3554 D PhoneApp: - state: DISCONNECTED
01-01 00:00:44.148  3554  3554 D PhoneApp: - reason: dataDetached
01-01 00:00:44.148  3554  3554 D PhoneApp: mReceiver: ACTION_ANY_DATA_CONNECTION_STATE_CHANGED
01-01 00:00:44.148  3554  3554 D PhoneApp: - state: DISCONNECTED
01-01 00:00:44.148  3554  3554 D PhoneApp: - reason: dataDetached
01-01 00:00:44.149  3554  3554 D PhoneApp: mReceiver: ACTION_ANY_DATA_CONNECTION_STATE_CHANGED
01-01 00:00:44.149  3554  3554 D PhoneApp: - state: DISCONNECTED
01-01 00:00:44.149  3554  3554 D PhoneApp: - reason: dataDetached
01-01 00:00:44.149  3554  3554 D PhoneApp: mReceiver: ACTION_ANY_DATA_CONNECTION_STATE_CHANGED
01-01 00:00:44.149  3554  3554 D PhoneApp: - state: DISCONNECTED
01-01 00:00:44.149  3554  3554 D PhoneApp: - reason: dataDetached
01-01 00:00:44.149  3554  3554 D PhoneApp: mReceiver: ACTION_ANY_DATA_CONNECTION_STATE_CHANGED
01-01 00:00:44.149  3554  3554 D PhoneApp: - state: DISCONNECTED
01-01 00:00:44.149  3554  3554 D PhoneApp: - reason: dataDetached
01-01 00:00:44.150  3554  3554 D PhoneApp: mReceiver: ACTION_ANY_DATA_CONNECTION_STATE_CHANGED
01-01 00:00:44.150  3554  3554 D PhoneApp: - state: DISCONNECTED
01-01 00:00:44.150  3554  3554 D PhoneApp: - reason: roamingOff
01-01 00:00:44.150  3554  3554 D PhoneApp: mReceiver: ACTION_ANY_DATA_CONNECTION_STATE_CHANGED
01-01 00:00:44.150  3554  3554 D PhoneApp: - state: DISCONNECTED
01-01 00:00:44.150  3554  3554 D PhoneApp: - reason: roamingOff
01-01 00:00:44.150  3554  3554 D PhoneApp: mReceiver: ACTION_ANY_DATA_CONNECTION_STATE_CHANGED
01-01 00:00:44.150  3554  3554 D PhoneApp: - state: DISCONNECTED
01-01 00:00:44.150  3554  3554 D PhoneApp: - reason: roamingOff
01-01 00:00:44.151  3554  3554 D PhoneApp: mReceiver: ACTION_ANY_DATA_CONNECTION_STATE_CHANGED
01-01 00:00:44.151  3554  3554 D PhoneApp: - state: DISCONNECTED
01-01 00:00:44.151  3554  3554 D PhoneApp: - reason: roamingOff
01-01 00:00:44.151  3554  3554 D PhoneApp: mReceiver: ACTION_ANY_DATA_CONNECTION_STATE_CHANGED
01-01 00:00:44.151  3554  3554 D PhoneApp: - state: DISCONNECTED
01-01 00:00:44.151  3554  3554 D PhoneApp: - reason: roamingOff
01-01 00:00:44.151  3554  3554 D PhoneApp: mReceiver: ACTION_ANY_DATA_CONNECTION_STATE_CHANGED
