01-01 00:00:22.954   307  1541 E OMXNodeInstance: getParameter(100663297) ERROR: 0x8000101a
01-01 00:00:22.958   307  1541 E OMXNodeInstance: getParameter(100663311) ERROR: 0x8000101a
01-01 00:00:22.958   307  1541 E OMXNodeInstance: getParameter(100663297) ERROR: 0x8000101a
01-01 00:00:22.960   307  1541 E OMXNodeInstance: getParameter(100663311) ERROR: 0x8000101a
01-01 00:00:22.960   307  1541 E OMXNodeInstance: getParameter(100663297) ERROR: 0x8000101a
01-01 00:00:22.966   307  1541 E OMXNodeInstance: getParameter(100663311) ERROR: 0x8000101a
01-01 00:00:22.966   307  1541 E OMXNodeInstance: getParameter(100663297) ERROR: 0x8000101a
01-01 00:00:22.968   307  1541 E OMXNodeInstance: getParameter(100663311) ERROR: 0x8000101a
01-01 00:00:22.968   307  1541 E OMXNodeInstance: getParameter(100663297) ERROR: 0x8000101a
01-01 00:00:22.970   307  1541 E OMXNodeInstance: getParameter(100663311) ERROR: 0x8000101a
01-01 00:00:22.970   307  1541 E OMXNodeInstance: getParameter(100663297) ERROR: 0x8000101a
01-01 00:00:22.972   307  1541 E OMXNodeInstance: getParameter(100663311) ERROR: 0x8000101a
01-01 00:00:22.973   307  1541 E OMXNodeInstance: getParameter(100663297) ERROR: 0x8000101a
01-01 00:00:22.975   307  1541 E OMXNodeInstance: getParameter(100663311) ERROR: 0x8000101a
01-01 00:00:22.975   307  1541 E OMXNodeInstance: getParameter(100663297) ERROR: 0x8000101a
01-01 00:00:22.977   307  1541 E OMXNodeInstance: getParameter(100663311) ERROR: 0x8000101a
01-01 00:00:22.977   307  1541 E OMXNodeInstance: getParameter(100663297) ERROR: 0x8000101a
01-01 00:00:22.983   307  1541 E OMXNodeInstance: getParameter(100663311) ERROR: 0x8000101a
01-01 00:00:22.984   307  1541 E OMXNodeInstance: getParameter(100663297) ERROR: 0x8000101a
01-01 00:00:22.988   307  1541 E OMXNodeInstance: getParameter(100663311) ERROR: 0x8000101a
01-01 00:00:22.988   307  1541 E OMXNodeInstance: getParameter(100663297) ERROR: 0x8000101a
01-01 00:00:22.998   307  1541 E OMXNodeInstance: getParameter(100663311) ERROR: 0x8000101a
01-01 00:00:22.998   307  1541 E OMXNodeInstance: getParameter(100663297) ERROR: 0x8000101a
01-01 00:00:23.004   307  1541 E OMXNodeInstance: getParameter(100663311) ERROR: 0x8000101a
01-01 00:00:23.004   307  1541 E OMXNodeInstance: getParameter(100663297) ERROR: 0x8000101a
01-01 00:00:23.008  1501  1501 D fsck_msdos: sectors Per cluster :64 
01-01 00:00:23.008  1501  1501 W fsck_msdos: Invalid signature in fsinfo block
01-01 00:00:23.008  1501  1501 I fsck_msdos: fix ? 
01-01 00:00:23.008  1501  1501 D fsck_msdos: boot->ClusterOffset :30342 
01-01 00:00:23.008  1501  1501 I fsck_msdos: FAT32 Filesystem
01-01 00:00:23.008  1501  1501 D fsck_msdos: Using cluster_chain_descriptor
01-01 00:00:23.008  1501  1501 I fsck_msdos: Total clusters 1948005 
01-01 00:00:23.009   307  1541 E OMXNodeInstance: getParameter(100663311) ERROR: 0x8000101a
01-01 00:00:23.009   307  1541 E OMXNodeInstance: getParameter(100663297) ERROR: 0x8000101a
01-01 00:00:23.009   248   299 I fsck_msdos: FIXED
01-01 00:00:23.009   248   299 I fsck_msdos: ** Phase 1 - Read FAT (compare skipped)
01-01 00:00:23.009   248   299 I fsck_msdos: Attempting to allocate 7609 KB for FAT
01-01 00:00:23.012   307  1541 E QC_EVRCENC:  component init: role = OMX.qcom.audio.encoder.evrc
01-01 00:00:23.012   307  1541 I QC_EVRCENC:  component init: role = OMX.qcom.audio.encoder.evrc
01-01 00:00:23.012   307  1541 I QC_EVRCENC: 
01-01 00:00:23.012   307  1541 I QC_EVRCENC: component_init: Component OMX.qcom.audio.encoder.evrc LOADED 
01-01 00:00:23.018   307  1541 I QC_EVRCENC: Driver in Non Tunnel mode open
01-01 00:00:23.019   307  1541 E QC_EVRCENC: unknown param 0600000f
01-01 00:00:23.019   307  1541 E OMXNodeInstance: getParameter(100663311) ERROR: 0x8000101a
01-01 00:00:23.019   307  1541 E QC_EVRCENC: unknown param 06000001
01-01 00:00:23.019   307  1541 E OMXNodeInstance: getParameter(100663297) ERROR: 0x8000101a
01-01 00:00:23.019   307  1541 I QC_EVRCENC: Returning the state 1
01-01 00:00:23.019   307  1541 I QC_EVRCENC: Returning the state 1
01-01 00:00:23.019   307  1541 I QC_EVRCENC: Component-deinit being processed
01-01 00:00:23.019   307  1541 I QC_EVRCENC: ********************************
01-01 00:00:23.019   307  1541 I QC_EVRCENC: STATS: in-buf-len[0]out-buf-len[0] tot-pb-time[0]
01-01 00:00:23.019   307  1541 I QC_EVRCENC: STATS: fbd-cnt[0]ftb-cnt[0]etb-cnt[0]ebd-cnt[0]
01-01 00:00:23.021   307  1541 I QC_EVRCENC: ************************************
01-01 00:00:23.021   307  1541 I QC_EVRCENC:  DEINIT COMPLETED
01-01 00:00:23.021   307  1541 I QC_EVRCENC: ************************************
01-01 00:00:23.021   307  1541 E QC_EVRCENC: component_deinit:COMPONENT DEINIT...
01-01 00:00:23.021   307  1541 E QC_EVRCENC: EVRC Object getting destroyed comp-deinit=1
01-01 00:00:23.021   307  1541 E QC_EVRCENC: OMX EVRC component destroyed
01-01 00:00:23.023   307  1541 E QC_QCELP13ENC:  component init: role = OMX.qcom.audio.encoder.qcelp13
01-01 00:00:23.023   307  1541 I QC_QCELP13ENC:  component init: role = OMX.qcom.audio.encoder.qcelp13
01-01 00:00:23.023   307  1541 I QC_QCELP13ENC: 
01-01 00:00:23.023   307  1541 I QC_QCELP13ENC: component_init: Component OMX.qcom.audio.encoder.qcelp13 LOADED 
01-01 00:00:23.034   307  1541 I QC_QCELP13ENC: Driver in Non Tunnel mode open
01-01 00:00:23.034   307  1541 E QC_QCELP13ENC: unknown param 0600000f
01-01 00:00:23.034   307  1541 E OMXNodeInstance: getParameter(100663311) ERROR: 0x8000101a
01-01 00:00:23.035   307  1541 E QC_QCELP13ENC: unknown param 06000001
01-01 00:00:23.035   307  1541 E OMXNodeInstance: getParameter(100663297) ERROR: 0x8000101a
01-01 00:00:23.035   307  1541 I QC_QCELP13ENC: Returning the state 1
01-01 00:00:23.035   307  1541 I QC_QCELP13ENC: Returning the state 1
01-01 00:00:23.035   307  1541 I QC_QCELP13ENC: Component-deinit being processed
01-01 00:00:23.035   307  1541 I QC_QCELP13ENC: ********************************
01-01 00:00:23.035   307  1541 I QC_QCELP13ENC: STATS: in-buf-len[0]out-buf-len[0] tot-pb-time[0]
01-01 00:00:23.035   307  1541 I QC_QCELP13ENC: STATS: fbd-cnt[0]ftb-cnt[0]etb-cnt[0]ebd-cnt[0]
01-01 00:00:23.053   307  1541 I QC_QCELP13ENC: ************************************
01-01 00:00:23.053   307  1541 I QC_QCELP13ENC:  DEINIT COMPLETED
01-01 00:00:23.053   307  1541 I QC_QCELP13ENC: ************************************
01-01 00:00:23.053   307  1541 E QC_QCELP13ENC: component_deinit:COMPONENT DEINIT...
01-01 00:00:23.053   307  1541 E QC_QCELP13ENC: QCELP13 Object getting destroyed comp-deinit=1
01-01 00:00:23.054   307  1541 E QC_QCELP13ENC: OMX QCELP13 component destroyed
01-01 00:00:23.083  1489  1489 D VolumeUI: Registering volume controller
01-01 00:00:23.109  1501  1501 I fsck_msdos: ** Phase 2 - Check Cluster Chains 
01-01 00:00:23.109  1501  1501 I fsck_msdos: Begin to handle the cluster chain
01-01 00:00:23.148  1326  1343 I StatusBarManagerService: registerStatusBar bar=com.android.internal.statusbar.IStatusBar$Stub$Proxy@18bdbb3e
01-01 00:00:23.156  1501  1501 D fsck_msdos: rootDir->head :2
01-01 00:00:23.156   248   299 I fsck_msdos: ** Phase 3 - Checking Directories
01-01 00:00:23.161  1501  1501 D fsck_msdos: Verify Filesystem information
01-01 00:00:23.161   248   299 I fsck_msdos: ** Phase 4 - Checking for Lost Files
01-01 00:00:23.161  1501  1501 W fsck_msdos: 4 files, 3615712 free (1947999 clusters)
01-01 00:00:23.161  1501  1501 I fsck_msdos: free_rb_tree 
01-01 00:00:23.161  1501  1501 I fsck_msdos: free_fragment_tree
01-01 00:00:23.161  1501  1501 I fsck_msdos: free_fragment_tree
01-01 00:00:23.161  1501  1501 I fsck_msdos: free_fragment_tree: rb_tree is empty 
01-01 00:00:23.166   307  1541 E OMX-VENC: Invalid entry returned from get_supported_profile_level 2130706433, 65536
01-01 00:00:23.166   307  1541 E OMXNodeInstance: getParameter(100663311) ERROR: 0x8000100e
01-01 00:00:23.166   307  1541 W ACodec  : do not know color format 0x7fa30c04 = 2141391876
01-01 00:00:23.170   307  1541 W ACodec  : do not know color format 0x7f000789 = 2130708361
01-01 00:00:23.170   307  1541 E OMXNodeInstance: getParameter(100663297) ERROR: 0x8000100e
01-01 00:00:23.174   307  1541 E OMX-VENC: get_parameter: OMX_IndexParamVideoProfileLevelQuerySupported nProfileIndex ret NoMore 2
01-01 00:00:23.174   307  1541 E OMX-VENC: Invalid entry returned from get_supported_profile_level 32768, 128
01-01 00:00:23.174   307  1541 E OMXNodeInstance: getParameter(100663311) ERROR: 0x8000100e
01-01 00:00:23.174   307  1541 W ACodec  : do not know color format 0x7fa30c04 = 2141391876
01-01 00:00:23.174   307  1541 W ACodec  : do not know color format 0x7f000789 = 2130708361
01-01 00:00:23.174   307  1541 E OMXNodeInstance: getParameter(100663297) ERROR: 0x8000100e
01-01 00:00:23.179   248   299 I Vold    : Filesystem check completed OK
01-01 00:00:23.184   307  1541 E OMX-VENC: get_parameter: OMX_IndexParamVideoProfileLevelQuerySupported nProfileIndex ret NoMore 1
01-01 00:00:23.184   307  1541 E OMX-VENC: Invalid entry returned from get_supported_profile_level 1, 128
01-01 00:00:23.184   307  1541 E OMXNodeInstance: getParameter(100663311) ERROR: 0x8000100e
01-01 00:00:23.184   307  1541 W ACodec  : do not know color format 0x7fa30c04 = 2141391876
01-01 00:00:23.184   307  1541 W ACodec  : do not know color format 0x7f000789 = 2130708361
01-01 00:00:23.184   307  1541 E OMXNodeInstance: getParameter(100663297) ERROR: 0x8000100e
01-01 00:00:23.188   307  1541 E OMX-VENC: Invalid entry returned from get_supported_profile_level 1, 2
01-01 00:00:23.188   307  1541 E OMXNodeInstance: getParameter(100663311) ERROR: 0x8000100e
01-01 00:00:23.188   307  1541 W ACodec  : do not know color format 0x7fa30c04 = 2141391876
01-01 00:00:23.188   307  1541 W ACodec  : do not know color format 0x7f000789 = 2130708361
01-01 00:00:23.188   307  1541 E OMXNodeInstance: getParameter(100663297) ERROR: 0x8000100e
01-01 00:00:23.190   307  1541 E QC_WMADEC:  component init: role = OMX.qcom.audio.decoder.wma
01-01 00:00:23.198   307  1541 E QC_WMADEC: unknown param 0600000f
01-01 00:00:23.198   307  1541 E OMXNodeInstance: getParameter(100663311) ERROR: 0x8000101a
01-01 00:00:23.198   307  1541 E QC_WMADEC: unknown param 06000001
01-01 00:00:23.198   307  1541 E OMXNodeInstance: getParameter(100663297) ERROR: 0x8000101a
01-01 00:00:23.200   307  1541 E QC_WMADEC: COMPONENT DEINIT...
01-01 00:00:23.200   307  1541 E QC_WMADEC: OMX WMA component destroyed
01-01 00:00:23.200   307  1541 E QC_WMADEC:  component init: role = OMX.qcom.audio.decoder.wmaLossLess
01-01 00:00:23.203  1326  1326 D PermissionMonitor: Monitoring
01-01 00:00:23.205  1326  1326 D PermissionMonitor: Users: 1, Apps: 60
01-01 00:00:23.208   307  1541 E QC_WMADEC: unknown param 0600000f
01-01 00:00:23.208   307  1541 E OMXNodeInstance: getParameter(100663311) ERROR: 0x8000101a
01-01 00:00:23.208   307  1541 E QC_WMADEC: unknown param 06000001
01-01 00:00:23.208   307  1541 E OMXNodeInstance: getParameter(100663297) ERROR: 0x8000101a
01-01 00:00:23.208  1326  1326 I SystemServiceManager: Starting phase 600
01-01 00:00:23.209   307  1626 E QC_WMADEC: COMMAND_THREAD:message pipe read n=0xffffffff err=0x       9
01-01 00:00:23.210  1326  1326 D ConditionProviders: onServiceAdded ManagedServiceInfo[component=ComponentInfo{android/com.android.server.notification.CountdownConditionProvider},userid=0,isSystem=true,targetSdkVersion=21,connection=null,service=android.service.notification.ConditionProviderService$Provider@10944dd8]
01-01 00:00:23.210  1326  1326 D ConditionProviders: onServiceAdded ManagedServiceInfo[component=ComponentInfo{android/com.android.server.notification.DowntimeConditionProvider},userid=0,isSystem=true,targetSdkVersion=21,connection=null,service=android.service.notification.ConditionProviderService$Provider@bed2531]
01-01 00:00:23.211   307  1541 E QC_WMADEC: COMPONENT DEINIT...
01-01 00:00:23.211   307  1541 E QC_WMADEC: OMX WMA component destroyed
01-01 00:00:23.212  1326  1351 D BluetoothManagerService: Message: 20
01-01 00:00:23.212  1326  1351 D BluetoothManagerService: Added callback: android.bluetooth.BluetoothAdapter$1@a33f416:true
01-01 00:00:23.212   307  1541 E QC_WMADEC:  component init: role = OMX.qcom.audio.decoder.wma10Pro
01-01 00:00:23.214  1326  1351 D BluetoothManagerService: Message: 30
01-01 00:00:23.214  1326  1351 D BluetoothManagerService: Message: 30
01-01 00:00:23.220   307  1541 E QC_WMADEC: unknown param 0600000f
01-01 00:00:23.220   307  1541 E OMXNodeInstance: getParameter(100663311) ERROR: 0x8000101a
01-01 00:00:23.220   307  1541 E QC_WMADEC: unknown param 06000001
01-01 00:00:23.220   307  1541 E OMXNodeInstance: getParameter(100663297) ERROR: 0x8000101a
01-01 00:00:23.222   307  1541 E QC_WMADEC: COMPONENT DEINIT...
01-01 00:00:23.222   307  1541 E QC_WMADEC: OMX WMA component destroyed
01-01 00:00:23.222   248   299 D Vold    : blkid identified as /dev/block/vold/179:65: LABEL="DOUBLE 4K" UUID="13EE-1E60"
01-01 00:00:23.222   248   299 D Vold    : Volume sdcard1 state changing 3 (Checking) -> 4 (Mounted)
01-01 00:00:23.222  1326  1349 D MountService: volume state changed for /storage/sdcard1 (checking -> mounted)
01-01 00:00:23.223  1326  1410 W MountService: Duplicate state transition (mounted -> mounted) for /storage/emulated/0
01-01 00:00:23.223  1326  1349 I PackageManager: Updating external media status from unmounted to mounted
01-01 00:00:23.223  1326  1326 I BackupManagerService: Backup enabled => false
01-01 00:00:23.224  1326  1326 I BackupManagerService: Opting out of backup
01-01 00:00:23.228  1326  1349 D MountService: sendStorageIntent Intent { act=android.intent.action.MEDIA_MOUNTED dat=file:///storage/sdcard1 flg=0x4000000 (has extras) } to UserHandle{-1}
01-01 00:00:23.230  1326  1361 I PackageManager: No secure containers found
01-01 00:00:23.230  1326  1361 W PackageManager: Unknown permission com.google.android.googleapps.permission.GOOGLE_AUTH.mail in package com.android.calendar
01-01 00:00:23.230  1326  1361 W PackageManager: Unknown permission android.permission.MMS_PUSH in package org.codeaurora.bluetooth
01-01 00:00:23.231  1326  1361 W PackageManager: Unknown permission com.google.android.gallery3d.permission.PICASA_STORE in package com.android.dreams.phototable
01-01 00:00:23.231  1326  1361 W PackageManager: Unknown permission com.google.android.googleapps.permission.GOOGLE_AUTH in package com.android.settings
01-01 00:00:23.231   307  1541 E QC_AMRWBPLUSDEC: unknown param 0600000f
01-01 00:00:23.231   307  1541 E OMXNodeInstance: getParameter(100663311) ERROR: 0x8000101a
01-01 00:00:23.231   307  1541 E QC_AMRWBPLUSDEC: unknown param 06000001
01-01 00:00:23.231   307  1541 E OMXNodeInstance: getParameter(100663297) ERROR: 0x8000101a
01-01 00:00:23.232  1326  1361 W PackageManager: Unknown permission com.qualcomm.permission.ACCESS_LOCATION_API in package com.qualcomm.location
01-01 00:00:23.232  1326  1361 W PackageManager: Not granting permission android.permission.DELETE_PACKAGES to package com.svox.pico (protectionLevel=18 flags=0x88be45)
01-01 00:00:23.232  1326  1361 W PackageManager: Unknown permission com.google.android.gallery3d.permission.GALLERY_PROVIDER in package com.android.bluetooth
01-01 00:00:23.232  1326  1361 W PackageManager: Not granting permission android.permission.DEVICE_POWER to package com.android.deskclock (protectionLevel=2 flags=0xc8be45)
01-01 00:00:23.232  1326  1361 W PackageManager: Not granting permission android.permission.GLOBAL_SEARCH to package com.android.quicksearchbox (protectionLevel=18 flags=0xc8be45)
01-01 00:00:23.232  1326  1361 W PackageManager: Unknown permission com.google.android.googleapps.permission.GOOGLE_AUTH in package com.android.providers.calendar
01-01 00:00:23.232  1326  1361 W PackageManager: Unknown permission com.google.android.googleapps.permission.GOOGLE_AUTH.cl in package com.android.providers.calendar
01-01 00:00:23.233  1326  1361 W PackageManager: Unknown permission android.permission.INSTALL_DRM in package com.android.mms
01-01 00:00:23.233  1326  1361 W PackageManager: Not granting permission android.permission.ACCESS_DOWNLOAD_MANAGER to package com.android.browser (protectionLevel=18 flags=0x89be45)
01-01 00:00:23.233  1326  1361 W PackageManager: Not granting permission android.permission.SEND_DOWNLOAD_COMPLETED_INTENTS to package com.android.browser (protectionLevel=2 flags=0x89be45)
01-01 00:00:23.236   307  1541 I OMX_QCELP13_DEC:  Enabling Non-Tunnel mode 
01-01 00:00:23.236   307  1541 I OMX_QCELP13_DEC: MIME type: aud
01-01 00:00:23.236   307  1541 I OMX_QCELP13_DEC:  component init: role = OMX.qcom.audio.decoder.Qcelp13
01-01 00:00:23.236   307  1541 I OMX_QCELP13_DEC: 
01-01 00:00:23.236   307  1541 I OMX_QCELP13_DEC: component_init: Component OMX.qcom.audio.decoder.Qcelp13 LOADED 
01-01 00:00:23.236   307  1541 I OMX_QCELP13_DEC: Created thread for INP 
01-01 00:00:23.236   307  1541 I OMX_QCELP13_DEC: Created thread for CMD 
01-01 00:00:23.236   307  1541 E OMX_QCELP13_DEC: unknown param 0600000f
01-01 00:00:23.236   307  1541 E OMXNodeInstance: getParameter(100663311) ERROR: 0x8000101a
01-01 00:00:23.236   307  1541 E OMX_QCELP13_DEC: unknown param 06000001
01-01 00:00:23.236   307  1541 E OMXNodeInstance: getParameter(100663297) ERROR: 0x8000101a
01-01 00:00:23.236   307  1541 I OMX_QCELP13_DEC: omx_Qcelp13_thread_stop stop server
01-01 00:00:23.237   307  1541 I OMX_QCELP13_DEC: omx_Qcelp13_thread_stop stop server
01-01 00:00:23.237   307   307 D Utils   : printFileName fd(23) -> /system/media/audio/ui/Effect_Tick.ogg
01-01 00:00:23.239   307  1541 E OMX_EVRC_DEC: COMPONENT INIT OMX.qcom.audio.decoder.evrc
01-01 00:00:23.239   307  1541 E OMX_EVRC_DEC: unknown param 0600000f
01-01 00:00:23.239   307  1541 E OMXNodeInstance: getParameter(100663311) ERROR: 0x8000101a
01-01 00:00:23.239   307  1541 E OMX_EVRC_DEC: unknown param 06000001
01-01 00:00:23.239   307  1541 E OMXNodeInstance: getParameter(100663297) ERROR: 0x8000101a
01-01 00:00:23.242   307  1541 E OMX_EVRC_DEC: COMPONENT DEINIT
01-01 00:00:23.253   307  1541 E OMXNodeInstance: getParameter(100663311) ERROR: 0x8000100e
01-01 00:00:23.254   307  1541 E OMX-VDEC-1080P: Extension: OMX.google.android.index.describeColorFormat not implemented
01-01 00:00:23.254   307  1541 W ACodec  : do not know color format 0x7fa30c04 = 2141391876
01-01 00:00:23.254   307  1541 E OMX-VDEC-1080P: Extension: OMX.google.android.index.describeColorFormat not implemented
01-01 00:00:23.254   307  1541 E OMXNodeInstance: getParameter(100663297) ERROR: 0x8000100e
01-01 00:00:23.255   307  1541 E OMX_C2D : Destroy C2D instance
01-01 00:00:23.255   307  1541 E OMX_C2D : Destroy C2D instance
01-01 00:00:23.263   307  1541 E OMXNodeInstance: getParameter(100663311) ERROR: 0x8000100e
01-01 00:00:23.263   307  1541 E OMX-VDEC-1080P: Extension: OMX.google.android.index.describeColorFormat not implemented
01-01 00:00:23.263   307  1541 W ACodec  : do not know color format 0x7fa30c04 = 2141391876
01-01 00:00:23.263   307  1541 E OMX-VDEC-1080P: Extension: OMX.google.android.index.describeColorFormat not implemented
01-01 00:00:23.263   307  1541 E OMXNodeInstance: getParameter(100663297) ERROR: 0x8000100e
01-01 00:00:23.264   307  1541 E OMX_C2D : Destroy C2D instance
01-01 00:00:23.264   307  1541 E OMX_C2D : Destroy C2D instance
01-01 00:00:23.268   307   307 D ExtendedUtils: extended extractor not needed, return default
01-01 00:00:23.268   307  1541 E OMXNodeInstance: getParameter(100663311) ERROR: 0x8000100e
01-01 00:00:23.268   307  1541 E OMX-VDEC-1080P: Extension: OMX.google.android.index.describeColorFormat not implemented
01-01 00:00:23.268   307  1541 W ACodec  : do not know color format 0x7fa30c04 = 2141391876
01-01 00:00:23.268   307  1541 E OMX-VDEC-1080P: Extension: OMX.google.android.index.describeColorFormat not implemented
01-01 00:00:23.268   307  1541 E OMXNodeInstance: getParameter(100663297) ERROR: 0x8000100e
01-01 00:00:23.268   307  1659 D AudioPolicyManager: isOffloadSupported: stream_type != MUSIC, returning false
01-01 00:00:23.269   307  1541 E OMX_C2D : Destroy C2D instance
01-01 00:00:23.269   307  1541 E OMX_C2D : Destroy C2D instance
01-01 00:00:23.272   307  1541 E OMXNodeInstance: getParameter(100663311) ERROR: 0x8000100e
01-01 00:00:23.272   307  1541 E OMX-VDEC-1080P: Extension: OMX.google.android.index.describeColorFormat not implemented
01-01 00:00:23.272   307  1541 W ACodec  : do not know color format 0x7fa30c04 = 2141391876
01-01 00:00:23.272   307  1541 E OMX-VDEC-1080P: Extension: OMX.google.android.index.describeColorFormat not implemented
01-01 00:00:23.272   307  1541 E OMXNodeInstance: getParameter(100663297) ERROR: 0x8000100e
01-01 00:00:23.273   307  1541 E OMX_C2D : Destroy C2D instance
01-01 00:00:23.273   307  1541 E OMX_C2D : Destroy C2D instance
01-01 00:00:23.273   307  1541 E OMX     : FAILED to allocate omx component 'OMX.qcom.video.decoder.mpeg2.secure'
01-01 00:00:23.277   307  1541 E OMXNodeInstance: getParameter(100663311) ERROR: 0x8000100e
01-01 00:00:23.277   307  1541 E OMX-VDEC-1080P: Extension: OMX.google.android.index.describeColorFormat not implemented
01-01 00:00:23.277   307  1541 W ACodec  : do not know color format 0x7fa30c04 = 2141391876
01-01 00:00:23.277   307  1541 E OMX-VDEC-1080P: Extension: OMX.google.android.index.describeColorFormat not implemented
01-01 00:00:23.277   307  1541 E OMXNodeInstance: getParameter(100663297) ERROR: 0x8000100e
01-01 00:00:23.278   307  1541 E OMX_C2D : Destroy C2D instance
01-01 00:00:23.278   307  1541 E OMX_C2D : Destroy C2D instance
01-01 00:00:23.281   307  1541 E OMX-VDEC-1080P: get_parameter: OMX_IndexParamVideoProfileLevelQuerySupported ret NoMore for codec: OMX.qcom.video.decoder.vc1
01-01 00:00:23.281   307  1541 E OMXNodeInstance: getParameter(100663311) ERROR: 0x8000100e
01-01 00:00:23.281   307  1541 E OMX-VDEC-1080P: Extension: OMX.google.android.index.describeColorFormat not implemented
01-01 00:00:23.281   307  1541 W ACodec  : do not know color format 0x7fa30c04 = 2141391876
01-01 00:00:23.281   307  1541 E OMX-VDEC-1080P: Extension: OMX.google.android.index.describeColorFormat not implemented
01-01 00:00:23.281   307  1541 E OMXNodeInstance: getParameter(100663297) ERROR: 0x8000100e
01-01 00:00:23.283   307  1541 E OMX_C2D : Destroy C2D instance
01-01 00:00:23.283   307  1541 E OMX_C2D : Destroy C2D instance
01-01 00:00:23.284   307  1541 E OMX     : FAILED to allocate omx component 'OMX.qcom.video.decoder.vc1.secure'
01-01 00:00:23.285   307  1541 E OMX-VDEC-1080P: DIVX 5/6 Decoder selected
01-01 00:00:23.289   307  1541 E OMX-VDEC-1080P: get_parameter: OMX_IndexParamVideoProfileLevelQuerySupported ret NoMore for codec: OMX.qcom.video.decoder.divx
01-01 00:00:23.289   307  1541 E OMXNodeInstance: getParameter(100663311) ERROR: 0x8000100e
01-01 00:00:23.289   307  1541 E OMX-VDEC-1080P: Extension: OMX.google.android.index.describeColorFormat not implemented
01-01 00:00:23.289   307  1541 W ACodec  : do not know color format 0x7fa30c04 = 2141391876
01-01 00:00:23.289   307  1541 E OMX-VDEC-1080P: Extension: OMX.google.android.index.describeColorFormat not implemented
01-01 00:00:23.289   307  1541 E OMXNodeInstance: getParameter(100663297) ERROR: 0x8000100e
01-01 00:00:23.290   307  1541 E OMX_C2D : Destroy C2D instance
01-01 00:00:23.290   307  1541 E OMX_C2D : Destroy C2D instance
01-01 00:00:23.294   307  1541 E OMX-VDEC-1080P: get_parameter: OMX_IndexParamVideoProfileLevelQuerySupported ret NoMore for codec: OMX.qcom.video.decoder.divx311
01-01 00:00:23.294   307  1541 E OMXNodeInstance: getParameter(100663311) ERROR: 0x8000100e
01-01 00:00:23.294   307  1541 E OMX-VDEC-1080P: Extension: OMX.google.android.index.describeColorFormat not implemented
01-01 00:00:23.294   307  1541 W ACodec  : do not know color format 0x7fa30c04 = 2141391876
01-01 00:00:23.294   307  1541 E OMX-VDEC-1080P: Extension: OMX.google.android.index.describeColorFormat not implemented
01-01 00:00:23.294   307  1541 E OMXNodeInstance: getParameter(100663297) ERROR: 0x8000100e
01-01 00:00:23.295   307  1541 E OMX_C2D : Destroy C2D instance
01-01 00:00:23.295   307  1541 E OMX_C2D : Destroy C2D instance
01-01 00:00:23.296   307  1541 E OMX-VDEC-1080P: DIVX 4 Decoder selected
01-01 00:00:23.299   307  1541 E OMX-VDEC-1080P: get_parameter: OMX_IndexParamVideoProfileLevelQuerySupported ret NoMore for codec: OMX.qcom.video.decoder.divx4
01-01 00:00:23.299   307  1541 E OMXNodeInstance: getParameter(100663311) ERROR: 0x8000100e
01-01 00:00:23.299   307  1541 E OMX-VDEC-1080P: Extension: OMX.google.android.index.describeColorFormat not implemented
01-01 00:00:23.299   307  1541 W ACodec  : do not know color format 0x7fa30c04 = 2141391876
01-01 00:00:23.299   307  1541 E OMX-VDEC-1080P: Extension: OMX.google.android.index.describeColorFormat not implemented
01-01 00:00:23.299   307  1541 E OMXNodeInstance: getParameter(100663297) ERROR: 0x8000100e
01-01 00:00:23.300   307  1541 E OMX_C2D : Destroy C2D instance
01-01 00:00:23.300   307  1541 E OMX_C2D : Destroy C2D instance
01-01 00:00:23.304   307  1541 E OMXNodeInstance: getParameter(100663311) ERROR: 0x8000100e
01-01 00:00:23.304   307  1541 E OMX-VDEC-1080P: Extension: OMX.google.android.index.describeColorFormat not implemented
01-01 00:00:23.304   307  1541 W ACodec  : do not know color format 0x7fa30c04 = 2141391876
01-01 00:00:23.304   307  1541 E OMX-VDEC-1080P: Extension: OMX.google.android.index.describeColorFormat not implemented
01-01 00:00:23.304   307  1541 E OMXNodeInstance: getParameter(100663297) ERROR: 0x8000100e
01-01 00:00:23.305   307  1541 E OMX_C2D : Destroy C2D instance
01-01 00:00:23.305   307  1541 E OMX_C2D : Destroy C2D instance
01-01 00:00:23.309   307  1541 E OMXNodeInstance: getParameter(100663311) ERROR: 0x8000100e
01-01 00:00:23.309   307  1541 E OMX-VDEC-1080P: Extension: OMX.google.android.index.describeColorFormat not implemented
01-01 00:00:23.309   307  1541 W ACodec  : do not know color format 0x7fa30c04 = 2141391876
01-01 00:00:23.309   307  1541 E OMX-VDEC-1080P: Extension: OMX.google.android.index.describeColorFormat not implemented
01-01 00:00:23.309   307  1541 E OMXNodeInstance: getParameter(100663297) ERROR: 0x8000100e
01-01 00:00:23.310   307  1541 E OMX_C2D : Destroy C2D instance
01-01 00:00:23.310   307  1541 E OMX_C2D : Destroy C2D instance
01-01 00:00:23.315   307  1541 E OMXNodeInstance: getParameter(100663311) ERROR: 0x8000100e
01-01 00:00:23.315   307  1541 E OMX-VDEC-1080P: Extension: OMX.google.android.index.describeColorFormat not implemented
01-01 00:00:23.315   307  1541 W ACodec  : do not know color format 0x7fa30c04 = 2141391876
01-01 00:00:23.315   307  1541 E OMX-VDEC-1080P: Extension: OMX.google.android.index.describeColorFormat not implemented
01-01 00:00:23.315   307  1541 E OMXNodeInstance: getParameter(100663297) ERROR: 0x8000100e
01-01 00:00:23.316   307  1541 E OMX_C2D : Destroy C2D instance
01-01 00:00:23.316   307  1541 E OMX_C2D : Destroy C2D instance
01-01 00:00:23.332   307  1541 E OMXNodeInstance: getParameter(100663311) ERROR: 0x8000100e
01-01 00:00:23.332   307  1541 E OMXNodeInstance: getParameter(100663297) ERROR: 0x8000100e
01-01 00:00:23.332   307  1541 E OMXNodeInstance: OMX_GetExtensionIndex OMX.google.android.index.storeMetaDataInBuffers failed
01-01 00:00:23.333   307  1541 E OMXNodeInstance: getParameter(100663311) ERROR: 0x8000100e
01-01 00:00:23.333   307  1541 E OMXNodeInstance: getParameter(100663297) ERROR: 0x8000100e
01-01 00:00:23.333   307  1541 E OMXNodeInstance: OMX_GetExtensionIndex OMX.google.android.index.storeMetaDataInBuffers failed
01-01 00:00:23.334   307  1541 W MediaCodecList: ignoring Limit specified outside of a Type
01-01 00:00:23.334   307  1541 W MediaCodecList: ignoring Limit specified outside of a Type
01-01 00:00:23.334   307  1541 W MediaCodecList: ignoring Limit specified outside of a Type
01-01 00:00:23.334   307  1541 W MediaCodecList: ignoring Limit specified outside of a Type
01-01 00:00:23.334   307  1541 W MediaCodecList: ignoring Limit specified outside of a Type
01-01 00:00:23.334   307  1541 W MediaCodecList: ignoring Feature specified outside of a Type
01-01 00:00:23.335   307  1541 E OMXNodeInstance: getParameter(100663311) ERROR: 0x8000100e
01-01 00:00:23.335   307  1541 E OMXNodeInstance: getParameter(100663297) ERROR: 0x8000100e
01-01 00:00:23.335   307  1541 E OMXNodeInstance: OMX_GetExtensionIndex OMX.google.android.index.storeMetaDataInBuffers failed
01-01 00:00:23.338   307  1541 E OMXNodeInstance: getParameter(100663311) ERROR: 0x8000100e
01-01 00:00:23.338   307  1541 E OMXNodeInstance: getParameter(100663297) ERROR: 0x8000100e
01-01 00:00:23.338   307  1541 E OMXNodeInstance: OMX_GetExtensionIndex OMX.google.android.index.storeMetaDataInBuffers failed
01-01 00:00:23.346   307  1541 D SoftHEVC: Number of CPU cores: 4
01-01 00:00:23.346   307  1541 D SoftHEVC: Initializing decoder
01-01 00:00:23.346   307  1541 D SoftHEVC: Set number of cores to 4
01-01 00:00:23.346   307  1541 D SoftHEVC: Ittiam decoder version number: @(#)Id:HEVCDEC_production Ver:04.01 Released by ITTIAM Build: Nov  9 2015 @ 10:35:06
01-01 00:00:23.346   307  1541 E OMXNodeInstance: getParameter(100663311) ERROR: 0x8000100e
01-01 00:00:23.346   307  1541 E OMXNodeInstance: getParameter(100663297) ERROR: 0x8000100e
01-01 00:00:23.346   307  1541 E OMXNodeInstance: OMX_GetExtensionIndex OMX.google.android.index.storeMetaDataInBuffers failed
01-01 00:00:23.346   307  1541 D SoftHEVC: Freeing codec memory
01-01 00:00:23.347   307  1541 D SoftHEVC: Number of CPU cores: 4
01-01 00:00:23.347   307  1541 D SoftHEVC: Initializing decoder
01-01 00:00:23.347   307  1541 D SoftHEVC: Set number of cores to 4
01-01 00:00:23.347   307  1541 D SoftHEVC: Ittiam decoder version number: @(#)Id:HEVCDEC_production Ver:04.01 Released by ITTIAM Build: Nov  9 2015 @ 10:35:06
01-01 00:00:23.347   307  1541 D SoftHEVC: In SoftHEVC::~SoftHEVC
01-01 00:00:23.347   307  1541 D SoftHEVC: Freeing codec memory
01-01 00:00:23.355   307  1541 E OMXNodeInstance: getParameter(100663311) ERROR: 0x8000100e
01-01 00:00:23.355   307  1541 E OMXNodeInstance: getParameter(100663297) ERROR: 0x8000100e
01-01 00:00:23.355   307  1541 E OMXNodeInstance: OMX_GetExtensionIndex OMX.google.android.index.storeMetaDataInBuffers failed
01-01 00:00:23.356   307  1541 E OMXNodeInstance: getParameter(100663311) ERROR: 0x8000100e
01-01 00:00:23.356   307  1541 E OMXNodeInstance: getParameter(100663297) ERROR: 0x8000100e
01-01 00:00:23.356   307  1541 E OMXNodeInstance: OMX_GetExtensionIndex OMX.google.android.index.storeMetaDataInBuffers failed
01-01 00:00:23.359   307  1541 I SoftMPEG4Encoder: Construct SoftMPEG4Encoder
01-01 00:00:23.360   307  1541 E OMXNodeInstance: getParameter(100663311) ERROR: 0x8000100e
01-01 00:00:23.360   307  1541 W ACodec  : do not know color format 0x7f000789 = 2130708361
01-01 00:00:23.360   307  1541 E OMXNodeInstance: getParameter(100663297) ERROR: 0x8000100e
01-01 00:00:23.362   307  1541 I SoftAVCEncoder: Construct SoftAVCEncoder
01-01 00:00:23.363   307  1541 E OMXNodeInstance: getParameter(100663311) ERROR: 0x8000100e
01-01 00:00:23.363   307  1541 W ACodec  : do not know color format 0x7f000789 = 2130708361
01-01 00:00:23.363   307  1541 E OMXNodeInstance: getParameter(100663297) ERROR: 0x8000100e
01-01 00:00:23.364   307  1541 I SoftMPEG4Encoder: Construct SoftMPEG4Encoder
01-01 00:00:23.364   307  1541 E OMXNodeInstance: getParameter(100663311) ERROR: 0x8000100e
01-01 00:00:23.364   307  1541 W ACodec  : do not know color format 0x7f000789 = 2130708361
01-01 00:00:23.364   307  1541 E OMXNodeInstance: getParameter(100663297) ERROR: 0x8000100e
01-01 00:00:23.371   307  1541 E OMXNodeInstance: getParameter(100663311) ERROR: 0x8000100e
01-01 00:00:23.371   307  1541 W ACodec  : do not know color format 0x7f000789 = 2130708361
01-01 00:00:23.371   307  1541 E OMXNodeInstance: getParameter(100663297) ERROR: 0x8000100e
01-01 00:00:23.372   307  1541 D OMXCodec: Successfully allocated OMX node 'OMX.google.vorbis.decoder'
01-01 00:00:23.373   307  1659 D OMXCodec: Successfully allocated OMX node 'OMX.google.vorbis.decoder'
01-01 00:00:23.373   307  1541 I ExtendedUtils: decision 0 mime 
01-01 00:00:23.373   307  1541 I AwesomePlayer: Could not offload audio decode, try pcm offload
01-01 00:00:23.373   307  1659 I ExtendedUtils: decision 0 mime 
01-01 00:00:23.373   307  1541 D AudioPolicyManager: isOffloadSupported: stream_type != MUSIC, returning false
01-01 00:00:23.373   307  1659 I AwesomePlayer: Could not offload audio decode, try pcm offload
01-01 00:00:23.373   307  1659 D AudioPolicyManager: isOffloadSupported: stream_type != MUSIC, returning false
01-01 00:00:23.374   307  1432 I AudioPlayer: start of Playback, useOffload 0
01-01 00:00:23.374   307   307 I AudioPlayer: start of Playback, useOffload 0
01-01 00:00:23.394  1326  1326 E InputMethodManagerService: Ignoring setImeWindowStatus due to an invalid token. uid:1000 token:null
01-01 00:00:23.413   383  1345 E modemanager: readXMLOp:Couldn't open OEM XML file!
01-01 00:00:23.413   383  1345 E modemanager: retrieveMode: Failed to enumerate modes
01-01 00:00:23.413   383  1345 E modemanager: in applyDefaultMode fail to retrieve default mode!
01-01 00:00:23.413   383  1345 I modemanager: in applyDefaultMode ret = 0 mCurMode = -1
01-01 00:00:23.413   383  1345 E PPDaemon: void* applyDefaultModeThreadFunc(void*) failed applying default mode!
01-01 00:00:23.428  1326  1326 I ActivityManager: Start proc com.android.inputmethod.latin for service com.android.inputmethod.latin/.LatinIME: pid=1717 uid=10036 gids={50036, 9997, 1028, 1015} abi=armeabi-v7a
01-01 00:00:23.428  1326  1326 V InputMethodManagerService: Adding window token: android.os.Binder@2013302
01-01 00:00:23.473   307  1659 I AudioPlayer: Pause Playback at 94000
01-01 00:00:23.474   307   307 I AudioPlayer: reset: mPlaying=0 mReachedEOS=1 useOffload=0
01-01 00:00:23.479   307  1433 D Utils   : printFileName fd(22) -> /system/media/audio/ui/KeypressStandard.ogg
01-01 00:00:23.500   307  1433 D ExtendedUtils: extended extractor not needed, return default
01-01 00:00:23.501   307  1735 D AudioPolicyManager: isOffloadSupported: stream_type != MUSIC, returning false
01-01 00:00:23.501   307  1735 D OMXCodec: Successfully allocated OMX node 'OMX.google.vorbis.decoder'
01-01 00:00:23.501   307  1735 I ExtendedUtils: decision 0 mime 
01-01 00:00:23.501   307  1735 I AwesomePlayer: Could not offload audio decode, try pcm offload
01-01 00:00:23.501   307  1735 D AudioPolicyManager: isOffloadSupported: stream_type != MUSIC, returning false
01-01 00:00:23.502   307  1433 I AudioPlayer: start of Playback, useOffload 0
01-01 00:00:23.506  1489  1489 W TelecomManager: Telecom Service not found.
01-01 00:00:23.507  1489  1489 W TelecomManager: Telecom Service not found.
01-01 00:00:23.508  1489  1489 W Settings: Setting airplane_mode_on has moved from android.provider.Settings.System to android.provider.Settings.Global, returning read-only value.
01-01 00:00:23.511  1489  1489 W Settings: Setting airplane_mode_on has moved from android.provider.Settings.System to android.provider.Settings.Global, returning read-only value.
01-01 00:00:23.511  1489  1489 W TelecomManager: Telecom Service not found.
01-01 00:00:23.547  1717  1717 I LatinIME: Hardware accelerated drawing: true
01-01 00:00:23.613   307  1541 I AudioPlayer: Pause Playback at 226507
01-01 00:00:23.614   307  1432 I AudioPlayer: reset: mPlaying=0 mReachedEOS=1 useOffload=0
01-01 00:00:23.615   307  1735 I AudioPlayer: Pause Playback at 108145
01-01 00:00:23.616   307  1433 I AudioPlayer: reset: mPlaying=0 mReachedEOS=1 useOffload=0
01-01 00:00:23.617  1717  1717 W InputAttributes: No editor info for this field. Bug?
01-01 00:00:23.620   307  1434 D Utils   : printFileName fd(20) -> /system/media/audio/ui/Unlock.ogg
01-01 00:00:23.624   307   307 D Utils   : printFileName fd(21) -> /system/media/audio/ui/KeypressSpacebar.ogg
01-01 00:00:23.634   307  1434 D ExtendedUtils: extended extractor not needed, return default
01-01 00:00:23.635   307  1740 D AudioPolicyManager: isOffloadSupported: stream_type != MUSIC, returning false
01-01 00:00:23.636   307  1740 D OMXCodec: Successfully allocated OMX node 'OMX.google.vorbis.decoder'
01-01 00:00:23.636   307  1740 I ExtendedUtils: decision 0 mime 
01-01 00:00:23.636   307  1740 I AwesomePlayer: Could not offload audio decode, try pcm offload
01-01 00:00:23.636   307  1740 D AudioPolicyManager: isOffloadSupported: stream_type != MUSIC, returning false
01-01 00:00:23.637   307  1434 I AudioPlayer: start of Playback, useOffload 0
01-01 00:00:23.651   307   307 D ExtendedUtils: extended extractor not needed, return default
01-01 00:00:23.652   307  1747 D AudioPolicyManager: isOffloadSupported: stream_type != MUSIC, returning false
01-01 00:00:23.653   307  1747 D OMXCodec: Successfully allocated OMX node 'OMX.google.vorbis.decoder'
01-01 00:00:23.653   307  1747 I ExtendedUtils: decision 0 mime 
01-01 00:00:23.653   307  1747 I AwesomePlayer: Could not offload audio decode, try pcm offload
01-01 00:00:23.653   307  1747 D AudioPolicyManager: isOffloadSupported: stream_type != MUSIC, returning false
01-01 00:00:23.654  1717  1746 I LatinIME:LogUtils: Dictionary info: dictionary = PersonalizationDictionary.en_US ; version = 23 ; date = ?
01-01 00:00:23.654   307   307 I AudioPlayer: start of Playback, useOffload 0
01-01 00:00:23.656  1717  1744 I LatinIME:LogUtils: Dictionary info: dictionary = UserHistoryDictionary.en_US ; version = 23 ; date = 1530110730
01-01 00:00:23.659  1717  1752 I LatinIME:LogUtils: Dictionary info: dictionary = ContextualDictionary.en_US ; version = 23 ; date = ?
01-01 00:00:23.661  1717  1751 I LatinIME:LogUtils: Dictionary info: dictionary = contacts.en_US ; version = 23 ; date = ?
01-01 00:00:23.662  1717  1748 I LatinIME:LogUtils: Dictionary info: dictionary = userunigram.en_US ; version = 23 ; date = ?
01-01 00:00:23.682  1326  1343 I ActivityManager: Start proc android.process.acore for content provider com.android.providers.userdictionary/.UserDictionaryProvider: pid=1754 uid=10003 gids={50003, 9997, 3003, 1028, 1015} abi=armeabi-v7a
01-01 00:00:23.703  1489  1489 W Settings: Setting airplane_mode_on has moved from android.provider.Settings.System to android.provider.Settings.Global, returning read-only value.
01-01 00:00:23.715  1326  1418 D WifiService: New client listening to asynchronous messages
01-01 00:00:23.718  1326  1351 D BluetoothManagerService: Message: 20
01-01 00:00:23.718  1326  1351 D BluetoothManagerService: Added callback: android.bluetooth.IBluetoothManagerCallback$Stub$Proxy@2d3b452d:true
01-01 00:00:23.719  1489  1489 D BluetoothAdapter: 945472153: getState() :  mService = null. Returning STATE_OFF
01-01 00:00:23.719  1489  1489 D BluetoothAdapter: 945472153: getState() :  mService = null. Returning STATE_OFF
01-01 00:00:23.724  1326  1342 D ConnectivityService: listenForNetwork for NetworkRequest [ id=2, legacyType=-1, [] ]
01-01 00:00:23.744  1489  1489 D StatusBar.NetworkController: refreshSignalCluster - setMobileDataIndicators:  mHasMobileDataFeature = false mPhoneSignalIconId = (null) mDataSignalIconId = (null) mMobileActivityIconId = (null) mDataTypeIconId = (null) mNoSimIconId = (null)
01-01 00:00:23.744  1489  1489 D StatusBar.NetworkController: refreshSignalCluster - setMobileDataIndicators:  mHasMobileDataFeature = false mPhoneSignalIconId = (null) mDataSignalIconId = (null) mMobileActivityIconId = (null) mDataTypeIconId = (null) mNoSimIconId = (null)
01-01 00:00:23.744  1489  1489 D StatusBar.NetworkController: refreshSignalCluster - setMobileDataIndicators:  mHasMobileDataFeature = false mPhoneSignalIconId = (null) mDataSignalIconId = (null) mMobileActivityIconId = (null) mDataTypeIconId = (null) mNoSimIconId = (null)
01-01 00:00:23.752   307  1433 I CameraService: getCameraCharacteristics: Switching to HAL1 shim implementation...
01-01 00:00:23.752   307  1433 I AwesomePlayer: setDataSource_l(<no-scheme URI suppressed>)
01-01 00:00:23.752   307  1433 D AwesomePlayer: printFileName /system/media/audio/ui/camera_click.ogg
01-01 00:00:23.769   307  1747 I AudioPlayer: Pause Playback at 108145
01-01 00:00:23.770   307   307 I AudioPlayer: reset: mPlaying=0 mReachedEOS=1 useOffload=0
01-01 00:00:23.773   307  1776 D ExtendedUtils: extended extractor not needed, return default
01-01 00:00:23.773   307  1776 D AudioPolicyManager: isOffloadSupported: stream_type != MUSIC, returning false
01-01 00:00:23.774   307  1776 D OMXCodec: Successfully allocated OMX node 'OMX.google.vorbis.decoder'
01-01 00:00:23.774   307  1776 I ExtendedUtils: decision 0 mime 
01-01 00:00:23.774   307  1776 I AwesomePlayer: Could not offload audio decode, try pcm offload
01-01 00:00:23.774   307  1776 D AudioPolicyManager: isOffloadSupported: stream_type != MUSIC, returning false
01-01 00:00:23.780   307  1432 D Utils   : printFileName fd(21) -> /system/media/audio/ui/KeypressDelete.ogg
01-01 00:00:23.782   307  1433 I AwesomePlayer: setDataSource_l(<no-scheme URI suppressed>)
01-01 00:00:23.782   307  1433 D AwesomePlayer: printFileName /system/media/audio/ui/VideoRecord.ogg
01-01 00:00:23.804   307  1432 D ExtendedUtils: extended extractor not needed, return default
01-01 00:00:23.805   307  1780 D AudioPolicyManager: isOffloadSupported: stream_type != MUSIC, returning false
01-01 00:00:23.805   307  1780 D OMXCodec: Successfully allocated OMX node 'OMX.google.vorbis.decoder'
01-01 00:00:23.805   307  1780 I ExtendedUtils: decision 0 mime 
01-01 00:00:23.805   307  1780 I AwesomePlayer: Could not offload audio decode, try pcm offload
01-01 00:00:23.806   307  1780 D AudioPolicyManager: isOffloadSupported: stream_type != MUSIC, returning false
01-01 00:00:23.806   307  1432 I AudioPlayer: start of Playback, useOffload 0
01-01 00:00:23.810   307  1779 D ExtendedUtils: extended extractor not needed, return default
01-01 00:00:23.810   307  1779 D AudioPolicyManager: isOffloadSupported: stream_type != MUSIC, returning false
01-01 00:00:23.810   307  1779 D OMXCodec: Successfully allocated OMX node 'OMX.google.vorbis.decoder'
01-01 00:00:23.811   307  1779 I ExtendedUtils: decision 0 mime 
01-01 00:00:23.811   307  1779 I AwesomePlayer: Could not offload audio decode, try pcm offload
01-01 00:00:23.811   307  1779 D AudioPolicyManager: isOffloadSupported: stream_type != MUSIC, returning false
01-01 00:00:23.821   307  1433 I CameraClient: Opening camera 0
01-01 00:00:23.834   340  1790 I mm-camera-sensor: module_sensor_start_session:1402 session 2
01-01 00:00:23.835   340  1792 E mm-camera-isp2: isp_module_start_session:166 session id 2
01-01 00:00:23.836   307  1740 I AudioPlayer: Pause Playback at 188866
01-01 00:00:23.836   307  1434 I AudioPlayer: reset: mPlaying=0 mReachedEOS=1 useOffload=0
01-01 00:00:23.842   340  1795 D hdr     : Session id 0x2 started
01-01 00:00:23.847   340  1793 E mm-camera-CORE: af_single_if_link: Link success! 
01-01 00:00:23.848   340  1793 E mm-camera: is_module_start_session: Enter
01-01 00:00:23.850   340  1793 E mm-camera: is_module_start_session: Exit successful
01-01 00:00:23.850   340  1793 E mm-camera: gyro_module_start_session: Enter
01-01 00:00:23.850   340  1793 E mm-camera: gyro_port_init: Init DSPS
01-01 00:00:23.851  1717  1746 I LatinIME:LogUtils: Dictionary info: dictionary = PersonalizationDictionary.en_US ; version = 23 ; date = ?
01-01 00:00:23.852  1717  1746 I LatinIME:LogUtils: Dictionary info: dictionary = PersonalizationDictionary.en_US ; version = 23 ; date = ?
01-01 00:00:23.859  1809  1809 I mkdir   : type=1400 audit(0.0:33): avc: denied { write } for name="/" dev="fuse" ino=1 scontext=u:r:init:s0 tcontext=u:object_r:fuse:s0 tclass=dir permissive=1
01-01 00:00:23.859  1809  1809 I mkdir   : type=1400 audit(0.0:34): avc: denied { add_name } for name="info" scontext=u:r:init:s0 tcontext=u:object_r:fuse:s0 tclass=dir permissive=1
01-01 00:00:23.859  1809  1809 I mkdir   : type=1400 audit(0.0:35): avc: denied { create } for name="info" scontext=u:r:init:s0 tcontext=u:object_r:fuse:s0 tclass=dir permissive=1
01-01 00:00:23.878  1808  1808 I logcat_to_sd: SD card mounted, creating log folder. 
01-01 00:00:23.920   307  1780 I AudioPlayer: Pause Playback at 108145
01-01 00:00:23.920   307  1432 I AudioPlayer: reset: mPlaying=0 mReachedEOS=1 useOffload=0
01-01 00:00:23.927   307   307 D Utils   : printFileName fd(20) -> /system/media/audio/ui/Trusted.ogg
01-01 00:00:23.928  1813  1813 I log_temperatures: SD card mounted, creating log folder. 
01-01 00:00:23.951   307   307 D ExtendedUtils: extended extractor not needed, return default
01-01 00:00:23.951   307  1814 D AudioPolicyManager: isOffloadSupported: stream_type != MUSIC, returning false
01-01 00:00:23.952   307  1814 D OMXCodec: Successfully allocated OMX node 'OMX.google.vorbis.decoder'
01-01 00:00:23.952   307  1814 I ExtendedUtils: decision 0 mime 
01-01 00:00:23.952   307  1814 I AwesomePlayer: Could not offload audio decode, try pcm offload
01-01 00:00:23.952   307  1814 D AudioPolicyManager: isOffloadSupported: stream_type != MUSIC, returning false
01-01 00:00:23.953   307   307 I AudioPlayer: start of Playback, useOffload 0
01-01 00:00:23.981   307  1434 D Utils   : printFileName fd(21) -> /system/media/audio/ui/KeypressReturn.ogg
01-01 00:00:23.985   340  1790 E mm-camera-sensor: module_sensor_init_session:1140 Sensor path (null) name imx377_0
01-01 00:00:23.990   340  1790 I mm-camera-sensor: sensor_set_position:1416 Position ID: 0
01-01 00:00:23.990   340  1790 I mm-camera-sensor: sensor_set_mode:1447 Sensor Mode ID: 1
01-01 00:00:24.004   307  1434 D ExtendedUtils: extended extractor not needed, return default
01-01 00:00:24.004   307  1820 D AudioPolicyManager: isOffloadSupported: stream_type != MUSIC, returning false
01-01 00:00:24.005   307  1820 D OMXCodec: Successfully allocated OMX node 'OMX.google.vorbis.decoder'
01-01 00:00:24.005   307  1820 I ExtendedUtils: decision 0 mime 
01-01 00:00:24.005   307  1820 I AwesomePlayer: Could not offload audio decode, try pcm offload
01-01 00:00:24.005   307  1820 D AudioPolicyManager: isOffloadSupported: stream_type != MUSIC, returning false
01-01 00:00:24.006   307  1434 I AudioPlayer: start of Playback, useOffload 0
01-01 00:00:24.029  1717  1797 I LatinIME:LogUtils: Dictionary info: dictionary = main:en ; version = 47 ; date = 1402373178
01-01 00:00:24.037   307  1814 I AudioPlayer: Pause Playback at 80000
01-01 00:00:24.037   307   307 I AudioPlayer: reset: mPlaying=0 mReachedEOS=1 useOffload=0
01-01 00:00:24.089   338   338 E QC-time-services: Daemon:genoff_modem_qmi_init: qmi_client_get_service_list returned -2num_services 0
01-01 00:00:24.099   406   406 I sh      : type=1400 audit(0.0:36): avc: denied { create } for name="performance_log.csv" scontext=u:r:init:s0 tcontext=u:object_r:fuse:s0 tclass=file permissive=1
01-01 00:00:24.099   406   406 I sh      : type=1400 audit(0.0:37): avc: denied { write open } for path="/storage/sdcard1/info/logs/performance_log.csv" dev="fuse" ino=3062923440 scontext=u:r:init:s0 tcontext=u:object_r:fuse:s0 tclass=file permissive=1
01-01 00:00:24.123  1907  1907 I logcat_to_sd: Starting SDCard logging... 
01-01 00:00:24.126   307  1820 I AudioPlayer: Pause Playback at 108145
01-01 00:00:24.126   307  1434 I AudioPlayer: reset: mPlaying=0 mReachedEOS=1 useOffload=0
01-01 00:00:24.128  1754  1788 I ContactLocale: AddressBook Labels [en-US]: [, A, B, C, D, E, F, G, H, I, J, K, L, M, N, O, P, Q, R, S, T, U, V, W, X, Y, Z, , , , , , , , , , , , , , , , , , , , , , , , , , , , , , , , , , , , , , , , , , , , , , , , , , , , , , , , , , , , , , , , , , , , , , , , , , , , , , , , , , , , , , , , , , , , , , , , , , , , , , , , , , , , , , , , , , , , , , , , , , , , , , , , , , , , , , , , , , , , , , , , , , , , , , , , , , , , , , , , , , , , , , , , , , , , , , , , , , , , , , , , , , , , #, ]
01-01 00:00:24.131   307  1432 D Utils   : printFileName fd(17) -> /system/media/audio/ui/KeypressInvalid.ogg
01-01 00:00:24.155   307  1432 D ExtendedUtils: extended extractor not needed, return default
01-01 00:00:24.155   307  1913 D AudioPolicyManager: isOffloadSupported: stream_type != MUSIC, returning false
01-01 00:00:24.156   307  1913 D OMXCodec: Successfully allocated OMX node 'OMX.google.vorbis.decoder'
01-01 00:00:24.156   307  1913 I ExtendedUtils: decision 0 mime 
01-01 00:00:24.156   307  1913 I AwesomePlayer: Could not offload audio decode, try pcm offload
01-01 00:00:24.156   307  1913 D AudioPolicyManager: isOffloadSupported: stream_type != MUSIC, returning false
01-01 00:00:24.158   340  1790 I mm-camera-sensor: module_sensor_init_session:1301 Success
01-01 00:00:24.158   340  1790 E mm-camera-sensor: module_sensor_start_session:1435 SUCCESS
01-01 00:00:24.163   307  1432 I AudioPlayer: start of Playback, useOffload 0
01-01 00:00:24.355   307  1913 I AudioPlayer: Pause Playback at 182539
01-01 00:00:24.355   307  1432 I AudioPlayer: reset: mPlaying=0 mReachedEOS=1 useOffload=0
01-01 00:00:24.414   383  1345 E modemanager: readXMLOp:Couldn't open OEM XML file!
01-01 00:00:24.414   383  1345 E modemanager: retrieveMode: Failed to enumerate modes
01-01 00:00:24.414   383  1345 E modemanager: in applyDefaultMode fail to retrieve default mode!
01-01 00:00:24.414   383  1345 I modemanager: in applyDefaultMode ret = 0 mCurMode = -1
01-01 00:00:24.414   383  1345 E PPDaemon: void* applyDefaultModeThreadFunc(void*) failed applying default mode!
01-01 00:00:25.199   406   406 I sh      : type=1400 audit(0.0:38): avc: denied { append } for name="performance_log.csv" dev="fuse" ino=3062923440 scontext=u:r:init:s0 tcontext=u:object_r:fuse:s0 tclass=file permissive=1
